-- The C compiler identification is GNU 13.3.0
-- The CXX compiler identification is GNU 13.3.0
-- Detecting C compiler ABI info
-- Detecting C compiler ABI info - done
-- Check for working C compiler: /usr/bin/cc - skipped
-- Detecting C compile features
-- Detecting C compile features - done
-- Detecting CXX compiler ABI info
-- Detecting CXX compiler ABI info - done
-- Check for working CXX compiler: /usr/bin/c++ - skipped
-- Detecting CXX compile features
-- Detecting CXX compile features - done
-- Found ament_cmake: 2.5.4 (/opt/ros/jazzy/share/ament_cmake/cmake)
-- Found Python3: /usr/bin/python3 (found version "3.12.3") found components: Interpreter 
-- Override CMake install command with custom implementation using symlinks instead of copying resources
-- Configuring done (8.7s)
-- Generating done (0.1s)
-- Build files have been written to: /home/erum/solarbot_ws/build/solarbot_description
-- Install configuration: ""
-- Execute custom install script
-- Symlinking: /home/erum/solarbot_ws/install/solarbot_description/share/solarbot_description/launch/display.launch.py
-- Symlinking: /home/erum/solarbot_ws/install/solarbot_description/share/solarbot_description/rviz/display.rviz
-- Symlinking: /home/erum/solarbot_ws/install/solarbot_description/share/solarbot_description/urdf/base/chassis.xacro
-- Symlinking: /home/erum/solarbot_ws/install/solarbot_description/share/solarbot_description/urdf/base/tracks.xacro
-- Symlinking: /home/erum/solarbot_ws/install/solarbot_description/share/solarbot_description/urdf/common/materials.xacro
-- Symlinking: /home/erum/solarbot_ws/install/solarbot_description/share/solarbot_description/urdf/common/properties.xacro
-- Symlinking: /home/erum/solarbot_ws/install/solarbot_description/share/solarbot_description/urdf/control/ros2_control.xacro
-- Symlinking: /home/erum/solarbot_ws/install/solarbot_description/share/solarbot_description/urdf/electronics/electronics.xacro
-- Symlinking: /home/erum/solarbot_ws/install/solarbot_description/share/solarbot_description/urdf/gazebo/gazebo.xacro
-- Symlinking: /home/erum/solarbot_ws/install/solarbot_description/share/solarbot_description/urdf/sensors/sensors.xacro
-- Symlinking: /home/erum/solarbot_ws/install/solarbot_description/share/solarbot_description/urdf/solarbot.urdf.xacro
-- Symlinking: /home/erum/solarbot_ws/install/solarbot_description/share/solarbot_description/config/ros2_controllers.yaml
-- Symlinking: /home/erum/solarbot_ws/install/solarbot_description/share/ament_index/resource_index/package_run_dependencies/solarbot_description
-- Symlinking: /home/erum/solarbot_ws/install/solarbot_description/share/ament_index/resource_index/parent_prefix_path/solarbot_description
-- Symlinking: /home/erum/solarbot_ws/install/solarbot_description/share/solarbot_description/environment/ament_prefix_path.sh
-- Symlinking: /home/erum/solarbot_ws/install/solarbot_description/share/solarbot_description/environment/ament_prefix_path.dsv
-- Symlinking: /home/erum/solarbot_ws/install/solarbot_description/share/solarbot_description/environment/path.sh
-- Symlinking: /home/erum/solarbot_ws/install/solarbot_description/share/solarbot_description/environment/path.dsv
-- Symlinking: /home/erum/solarbot_ws/install/solarbot_description/share/solarbot_description/local_setup.bash
-- Symlinking: /home/erum/solarbot_ws/install/solarbot_description/share/solarbot_description/local_setup.sh
-- Symlinking: /home/erum/solarbot_ws/install/solarbot_description/share/solarbot_description/local_setup.zsh
-- Symlinking: /home/erum/solarbot_ws/install/solarbot_description/share/solarbot_description/local_setup.dsv
-- Symlinking: /home/erum/solarbot_ws/install/solarbot_description/share/solarbot_description/package.dsv
-- Symlinking: /home/erum/solarbot_ws/install/solarbot_description/share/ament_index/resource_index/packages/solarbot_description
-- Symlinking: /home/erum/solarbot_ws/install/solarbot_description/share/solarbot_description/cmake/solarbot_descriptionConfig.cmake
-- Symlinking: /home/erum/solarbot_ws/install/solarbot_description/share/solarbot_description/cmake/solarbot_descriptionConfig-version.cmake
-- Symlinking: /home/erum/solarbot_ws/install/solarbot_description/share/solarbot_description/package.xml
