[0.061s] Invoking command in '/home/erum/solarbot_ws/build/solarbot_gazebo': CMAKE_PREFIX_PATH=/home/erum/solarbot_ws/install/solarbot_description:/home/erum/solarbot_ws/install/solarbot_sim:/home/erum/solarbot_ws/install/solarbot_navigation:/home/erum/solarbot_ws/install/solarbot_msgs:/home/erum/solarbot_ws/install/solarbot_hardware:/home/erum/solarbot_ws/install/solarbot_gazebo:/home/erum/solarbot_ws/install/solarbot_cleaning:/home/erum/solarbot_ws/install/solarbot_bringup:/opt/ros/jazzy/opt/gz_sim_vendor:/opt/ros/jazzy/opt/gz_sensors_vendor:/opt/ros/jazzy/opt/gz_physics_vendor:/opt/ros/jazzy/opt/sdformat_vendor:/opt/ros/jazzy/opt/gz_gui_vendor:/opt/ros/jazzy/opt/gz_transport_vendor:/opt/ros/jazzy/opt/gz_rendering_vendor:/opt/ros/jazzy/opt/gz_plugin_vendor:/opt/ros/jazzy/opt/gz_fuel_tools_vendor:/opt/ros/jazzy/opt/gz_msgs_vendor:/opt/ros/jazzy/opt/gz_common_vendor:/opt/ros/jazzy/opt/gz_math_vendor:/opt/ros/jazzy/opt/gz_utils_vendor:/opt/ros/jazzy/opt/gz_tools_vendor:/opt/ros/jazzy/opt/gz_ogre_next_vendor:/opt/ros/jazzy/opt/gz_dartsim_vendor:/opt/ros/jazzy/opt/gz_cmake_vendor:/opt/ros/jazzy DEBUGINFOD_URLS=https://debuginfod.ubuntu.com /usr/bin/cmake --build /home/erum/solarbot_ws/build/solarbot_gazebo -- -j2 -l2
[0.159s] Invoked command in '/home/erum/solarbot_ws/build/solarbot_gazebo' returned '0': CMAKE_PREFIX_PATH=/home/erum/solarbot_ws/install/solarbot_description:/home/erum/solarbot_ws/install/solarbot_sim:/home/erum/solarbot_ws/install/solarbot_navigation:/home/erum/solarbot_ws/install/solarbot_msgs:/home/erum/solarbot_ws/install/solarbot_hardware:/home/erum/solarbot_ws/install/solarbot_gazebo:/home/erum/solarbot_ws/install/solarbot_cleaning:/home/erum/solarbot_ws/install/solarbot_bringup:/opt/ros/jazzy/opt/gz_sim_vendor:/opt/ros/jazzy/opt/gz_sensors_vendor:/opt/ros/jazzy/opt/gz_physics_vendor:/opt/ros/jazzy/opt/sdformat_vendor:/opt/ros/jazzy/opt/gz_gui_vendor:/opt/ros/jazzy/opt/gz_transport_vendor:/opt/ros/jazzy/opt/gz_rendering_vendor:/opt/ros/jazzy/opt/gz_plugin_vendor:/opt/ros/jazzy/opt/gz_fuel_tools_vendor:/opt/ros/jazzy/opt/gz_msgs_vendor:/opt/ros/jazzy/opt/gz_common_vendor:/opt/ros/jazzy/opt/gz_math_vendor:/opt/ros/jazzy/opt/gz_utils_vendor:/opt/ros/jazzy/opt/gz_tools_vendor:/opt/ros/jazzy/opt/gz_ogre_next_vendor:/opt/ros/jazzy/opt/gz_dartsim_vendor:/opt/ros/jazzy/opt/gz_cmake_vendor:/opt/ros/jazzy DEBUGINFOD_URLS=https://debuginfod.ubuntu.com /usr/bin/cmake --build /home/erum/solarbot_ws/build/solarbot_gazebo -- -j2 -l2
[0.164s] Invoking command in '/home/erum/solarbot_ws/build/solarbot_gazebo': CMAKE_PREFIX_PATH=/home/erum/solarbot_ws/install/solarbot_description:/home/erum/solarbot_ws/install/solarbot_sim:/home/erum/solarbot_ws/install/solarbot_navigation:/home/erum/solarbot_ws/install/solarbot_msgs:/home/erum/solarbot_ws/install/solarbot_hardware:/home/erum/solarbot_ws/install/solarbot_gazebo:/home/erum/solarbot_ws/install/solarbot_cleaning:/home/erum/solarbot_ws/install/solarbot_bringup:/opt/ros/jazzy/opt/gz_sim_vendor:/opt/ros/jazzy/opt/gz_sensors_vendor:/opt/ros/jazzy/opt/gz_physics_vendor:/opt/ros/jazzy/opt/sdformat_vendor:/opt/ros/jazzy/opt/gz_gui_vendor:/opt/ros/jazzy/opt/gz_transport_vendor:/opt/ros/jazzy/opt/gz_rendering_vendor:/opt/ros/jazzy/opt/gz_plugin_vendor:/opt/ros/jazzy/opt/gz_fuel_tools_vendor:/opt/ros/jazzy/opt/gz_msgs_vendor:/opt/ros/jazzy/opt/gz_common_vendor:/opt/ros/jazzy/opt/gz_math_vendor:/opt/ros/jazzy/opt/gz_utils_vendor:/opt/ros/jazzy/opt/gz_tools_vendor:/opt/ros/jazzy/opt/gz_ogre_next_vendor:/opt/ros/jazzy/opt/gz_dartsim_vendor:/opt/ros/jazzy/opt/gz_cmake_vendor:/opt/ros/jazzy DEBUGINFOD_URLS=https://debuginfod.ubuntu.com /usr/bin/cmake --install /home/erum/solarbot_ws/build/solarbot_gazebo
[0.181s] -- Install configuration: ""
[0.184s] -- Execute custom install script
[0.188s] -- Up-to-date symlink: /home/erum/solarbot_ws/install/solarbot_gazebo/share/solarbot_gazebo/launch/gazebo.launch.py
[0.189s] -- Up-to-date symlink: /home/erum/solarbot_ws/install/solarbot_gazebo/share/solarbot_gazebo/worlds/solar_panels.sdf
[0.192s] -- Symlinking: /home/erum/solarbot_ws/install/solarbot_gazebo/share/solarbot_gazebo/worlds/warehouse_rooftop.sdf
[0.226s] -- Up-to-date symlink: /home/erum/solarbot_ws/install/solarbot_gazebo/share/solarbot_gazebo/scripts/make_texture.py
[0.227s] -- Up-to-date symlink: /home/erum/solarbot_ws/install/solarbot_gazebo/share/solarbot_gazebo/config/controllers.yaml
[0.228s] -- Up-to-date symlink: /home/erum/solarbot_ws/install/solarbot_gazebo/share/ament_index/resource_index/package_run_dependencies/solarbot_gazebo
[0.229s] -- Up-to-date symlink: /home/erum/solarbot_ws/install/solarbot_gazebo/share/ament_index/resource_index/parent_prefix_path/solarbot_gazebo
[0.230s] -- Up-to-date symlink: /home/erum/solarbot_ws/install/solarbot_gazebo/share/solarbot_gazebo/environment/ament_prefix_path.sh
[0.231s] -- Up-to-date symlink: /home/erum/solarbot_ws/install/solarbot_gazebo/share/solarbot_gazebo/environment/ament_prefix_path.dsv
[0.232s] -- Up-to-date symlink: /home/erum/solarbot_ws/install/solarbot_gazebo/share/solarbot_gazebo/environment/path.sh
[0.233s] -- Up-to-date symlink: /home/erum/solarbot_ws/install/solarbot_gazebo/share/solarbot_gazebo/environment/path.dsv
[0.233s] -- Up-to-date symlink: /home/erum/solarbot_ws/install/solarbot_gazebo/share/solarbot_gazebo/local_setup.bash
[0.235s] -- Up-to-date symlink: /home/erum/solarbot_ws/install/solarbot_gazebo/share/solarbot_gazebo/local_setup.sh
[0.236s] -- Up-to-date symlink: /home/erum/solarbot_ws/install/solarbot_gazebo/share/solarbot_gazebo/local_setup.zsh
[0.238s] -- Up-to-date symlink: /home/erum/solarbot_ws/install/solarbot_gazebo/share/solarbot_gazebo/local_setup.dsv
[0.239s] -- Symlinking: /home/erum/solarbot_ws/install/solarbot_gazebo/share/solarbot_gazebo/package.dsv
[0.262s] -- Up-to-date symlink: /home/erum/solarbot_ws/install/solarbot_gazebo/share/ament_index/resource_index/packages/solarbot_gazebo
[0.264s] -- Up-to-date symlink: /home/erum/solarbot_ws/install/solarbot_gazebo/share/solarbot_gazebo/cmake/solarbot_gazeboConfig.cmake
[0.264s] -- Up-to-date symlink: /home/erum/solarbot_ws/install/solarbot_gazebo/share/solarbot_gazebo/cmake/solarbot_gazeboConfig-version.cmake
[0.264s] -- Up-to-date symlink: /home/erum/solarbot_ws/install/solarbot_gazebo/share/solarbot_gazebo/package.xml
[0.271s] Invoked command in '/home/erum/solarbot_ws/build/solarbot_gazebo' returned '0': CMAKE_PREFIX_PATH=/home/erum/solarbot_ws/install/solarbot_description:/home/erum/solarbot_ws/install/solarbot_sim:/home/erum/solarbot_ws/install/solarbot_navigation:/home/erum/solarbot_ws/install/solarbot_msgs:/home/erum/solarbot_ws/install/solarbot_hardware:/home/erum/solarbot_ws/install/solarbot_gazebo:/home/erum/solarbot_ws/install/solarbot_cleaning:/home/erum/solarbot_ws/install/solarbot_bringup:/opt/ros/jazzy/opt/gz_sim_vendor:/opt/ros/jazzy/opt/gz_sensors_vendor:/opt/ros/jazzy/opt/gz_physics_vendor:/opt/ros/jazzy/opt/sdformat_vendor:/opt/ros/jazzy/opt/gz_gui_vendor:/opt/ros/jazzy/opt/gz_transport_vendor:/opt/ros/jazzy/opt/gz_rendering_vendor:/opt/ros/jazzy/opt/gz_plugin_vendor:/opt/ros/jazzy/opt/gz_fuel_tools_vendor:/opt/ros/jazzy/opt/gz_msgs_vendor:/opt/ros/jazzy/opt/gz_common_vendor:/opt/ros/jazzy/opt/gz_math_vendor:/opt/ros/jazzy/opt/gz_utils_vendor:/opt/ros/jazzy/opt/gz_tools_vendor:/opt/ros/jazzy/opt/gz_ogre_next_vendor:/opt/ros/jazzy/opt/gz_dartsim_vendor:/opt/ros/jazzy/opt/gz_cmake_vendor:/opt/ros/jazzy DEBUGINFOD_URLS=https://debuginfod.ubuntu.com /usr/bin/cmake --install /home/erum/solarbot_ws/build/solarbot_gazebo
