[0.110s] Invoking command in '/home/erum/solarbot_ws/build/solarbot_msgs': CMAKE_PREFIX_PATH=${CMAKE_PREFIX_PATH}:/opt/ros/jazzy DEBUGINFOD_URLS=https://debuginfod.ubuntu.com /usr/bin/cmake /home/erum/solarbot_ws/src/solarbot_msgs -DAMENT_CMAKE_SYMLINK_INSTALL=1 -DCMAKE_INSTALL_PREFIX=/home/erum/solarbot_ws/install/solarbot_msgs
[0.784s] -- The C compiler identification is GNU 13.3.0
[1.174s] -- The CXX compiler identification is GNU 13.3.0
[1.279s] -- Detecting C compiler ABI info
[2.445s] -- Detecting C compiler ABI info - done
[2.504s] -- Check for working C compiler: /usr/bin/cc - skipped
[2.509s] -- Detecting C compile features
[2.525s] -- Detecting C compile features - done
[2.646s] -- Detecting CXX compiler ABI info
[3.749s] -- Detecting CXX compiler ABI info - done
[3.825s] -- Check for working CXX compiler: /usr/bin/c++ - skipped
[3.839s] -- Detecting CXX compile features
[3.839s] -- Detecting CXX compile features - done
[3.887s] -- Found ament_cmake: 2.5.4 (/opt/ros/jazzy/share/ament_cmake/cmake)
[4.993s] -- Found Python3: /usr/bin/python3 (found version "3.12.3") found components: Interpreter 
[5.341s] -- Override CMake install command with custom implementation using symlinks instead of copying resources
[5.586s] -- Found ament_lint_auto: 0.17.3 (/opt/ros/jazzy/share/ament_lint_auto/cmake)
[6.300s] -- Added test 'lint_cmake' to check CMake code style
[6.300s] -- Added test 'xmllint' to check XML markup files
[6.309s] -- Configuring done (6.1s)
[6.320s] -- Generating done (0.0s)
[6.331s] -- Build files have been written to: /home/erum/solarbot_ws/build/solarbot_msgs
[6.352s] Invoked command in '/home/erum/solarbot_ws/build/solarbot_msgs' returned '0': CMAKE_PREFIX_PATH=${CMAKE_PREFIX_PATH}:/opt/ros/jazzy DEBUGINFOD_URLS=https://debuginfod.ubuntu.com /usr/bin/cmake /home/erum/solarbot_ws/src/solarbot_msgs -DAMENT_CMAKE_SYMLINK_INSTALL=1 -DCMAKE_INSTALL_PREFIX=/home/erum/solarbot_ws/install/solarbot_msgs
[6.353s] Invoking command in '/home/erum/solarbot_ws/build/solarbot_msgs': CMAKE_PREFIX_PATH=${CMAKE_PREFIX_PATH}:/opt/ros/jazzy DEBUGINFOD_URLS=https://debuginfod.ubuntu.com /usr/bin/cmake --build /home/erum/solarbot_ws/build/solarbot_msgs -- -j2 -l2
[6.826s] Invoked command in '/home/erum/solarbot_ws/build/solarbot_msgs' returned '0': CMAKE_PREFIX_PATH=${CMAKE_PREFIX_PATH}:/opt/ros/jazzy DEBUGINFOD_URLS=https://debuginfod.ubuntu.com /usr/bin/cmake --build /home/erum/solarbot_ws/build/solarbot_msgs -- -j2 -l2
[6.833s] Invoking command in '/home/erum/solarbot_ws/build/solarbot_msgs': CMAKE_PREFIX_PATH=${CMAKE_PREFIX_PATH}:/opt/ros/jazzy DEBUGINFOD_URLS=https://debuginfod.ubuntu.com /usr/bin/cmake --install /home/erum/solarbot_ws/build/solarbot_msgs
[7.010s] -- Install configuration: ""
[7.010s] -- Execute custom install script
[7.014s] -- Symlinking: /home/erum/solarbot_ws/install/solarbot_msgs/share/ament_index/resource_index/package_run_dependencies/solarbot_msgs
[7.117s] -- Symlinking: /home/erum/solarbot_ws/install/solarbot_msgs/share/ament_index/resource_index/parent_prefix_path/solarbot_msgs
[7.232s] -- Symlinking: /home/erum/solarbot_ws/install/solarbot_msgs/share/solarbot_msgs/environment/ament_prefix_path.sh
[7.360s] -- Symlinking: /home/erum/solarbot_ws/install/solarbot_msgs/share/solarbot_msgs/environment/ament_prefix_path.dsv
[7.425s] -- Symlinking: /home/erum/solarbot_ws/install/solarbot_msgs/share/solarbot_msgs/environment/path.sh
[7.497s] -- Symlinking: /home/erum/solarbot_ws/install/solarbot_msgs/share/solarbot_msgs/environment/path.dsv
[7.587s] -- Symlinking: /home/erum/solarbot_ws/install/solarbot_msgs/share/solarbot_msgs/local_setup.bash
[7.700s] -- Symlinking: /home/erum/solarbot_ws/install/solarbot_msgs/share/solarbot_msgs/local_setup.sh
[7.785s] -- Symlinking: /home/erum/solarbot_ws/install/solarbot_msgs/share/solarbot_msgs/local_setup.zsh
[7.885s] -- Symlinking: /home/erum/solarbot_ws/install/solarbot_msgs/share/solarbot_msgs/local_setup.dsv
[7.919s] -- Symlinking: /home/erum/solarbot_ws/install/solarbot_msgs/share/solarbot_msgs/package.dsv
[7.980s] -- Symlinking: /home/erum/solarbot_ws/install/solarbot_msgs/share/ament_index/resource_index/packages/solarbot_msgs
[8.123s] -- Symlinking: /home/erum/solarbot_ws/install/solarbot_msgs/share/solarbot_msgs/cmake/solarbot_msgsConfig.cmake
[8.233s] -- Symlinking: /home/erum/solarbot_ws/install/solarbot_msgs/share/solarbot_msgs/cmake/solarbot_msgsConfig-version.cmake
[8.360s] -- Symlinking: /home/erum/solarbot_ws/install/solarbot_msgs/share/solarbot_msgs/package.xml
[8.460s] Invoked command in '/home/erum/solarbot_ws/build/solarbot_msgs' returned '0': CMAKE_PREFIX_PATH=${CMAKE_PREFIX_PATH}:/opt/ros/jazzy DEBUGINFOD_URLS=https://debuginfod.ubuntu.com /usr/bin/cmake --install /home/erum/solarbot_ws/build/solarbot_msgs
