[1.032s] Invoking command in '/home/erum_ifti/solarbot_ws-1/src/build/solarbot_safety': PYTHONPATH=/home/erum_ifti/solarbot_ws-1/src/build/solarbot_safety/prefix_override:/usr/lib/python3/dist-packages/colcon_core/task/python/colcon_distutils_commands:/home/erum_ifti/solarbot_ws-1/src/install/solarbot_safety/lib/python3.12/site-packages:${PYTHONPATH} /usr/bin/python3 -W ignore:setup.py install is deprecated -W ignore:easy_install command is deprecated setup.py develop --editable --build-directory /home/erum_ifti/solarbot_ws-1/src/build/solarbot_safety/build --no-deps symlink_data
[1.247s] running develop
[1.363s] running egg_info
[1.363s] creating solarbot_safety.egg-info
[1.376s] writing solarbot_safety.egg-info/PKG-INFO
[1.376s] writing dependency_links to solarbot_safety.egg-info/dependency_links.txt
[1.377s] writing entry points to solarbot_safety.egg-info/entry_points.txt
[1.377s] writing requirements to solarbot_safety.egg-info/requires.txt
[1.377s] writing top-level names to solarbot_safety.egg-info/top_level.txt
[1.377s] writing manifest file 'solarbot_safety.egg-info/SOURCES.txt'
[1.401s] reading manifest file 'solarbot_safety.egg-info/SOURCES.txt'
[1.401s] writing manifest file 'solarbot_safety.egg-info/SOURCES.txt'
[1.414s] running build_ext
[1.414s] Creating /home/erum_ifti/solarbot_ws-1/src/install/solarbot_safety/lib/python3.12/site-packages/solarbot-safety.egg-link (link to .)
[1.415s] Installing solarbot_perimeter_node script to /home/erum_ifti/solarbot_ws-1/src/install/solarbot_safety/lib/solarbot_safety
[1.415s] 
[1.415s] Installed /home/erum_ifti/solarbot_ws-1/src/build/solarbot_safety
[1.416s] running symlink_data
[1.416s] creating /home/erum_ifti/solarbot_ws-1/src/install/solarbot_safety/share/ament_index
[1.416s] creating /home/erum_ifti/solarbot_ws-1/src/install/solarbot_safety/share/ament_index/resource_index
[1.416s] creating /home/erum_ifti/solarbot_ws-1/src/install/solarbot_safety/share/ament_index/resource_index/packages
[1.417s] symbolically linking /home/erum_ifti/solarbot_ws-1/src/build/solarbot_safety/resource/solarbot_safety -> /home/erum_ifti/solarbot_ws-1/src/install/solarbot_safety/share/ament_index/resource_index/packages
[1.417s] symbolically linking /home/erum_ifti/solarbot_ws-1/src/build/solarbot_safety/package.xml -> /home/erum_ifti/solarbot_ws-1/src/install/solarbot_safety/share/solarbot_safety
[1.417s] creating /home/erum_ifti/solarbot_ws-1/src/install/solarbot_safety/share/solarbot_safety/launch
[1.449s] Invoked command in '/home/erum_ifti/solarbot_ws-1/src/build/solarbot_safety' returned '0': PYTHONPATH=/home/erum_ifti/solarbot_ws-1/src/build/solarbot_safety/prefix_override:/usr/lib/python3/dist-packages/colcon_core/task/python/colcon_distutils_commands:/home/erum_ifti/solarbot_ws-1/src/install/solarbot_safety/lib/python3.12/site-packages:${PYTHONPATH} /usr/bin/python3 -W ignore:setup.py install is deprecated -W ignore:easy_install command is deprecated setup.py develop --editable --build-directory /home/erum_ifti/solarbot_ws-1/src/build/solarbot_safety/build --no-deps symlink_data
