[0.092s] Invoking command in '/home/erum/solarbot_ws/build/solarbot_cleaning': CMAKE_PREFIX_PATH=${CMAKE_PREFIX_PATH}:/opt/ros/jazzy DEBUGINFOD_URLS=https://debuginfod.ubuntu.com /usr/bin/cmake /home/erum/solarbot_ws/src/solarbot_cleaning -DAMENT_CMAKE_SYMLINK_INSTALL=1 -DCMAKE_INSTALL_PREFIX=/home/erum/solarbot_ws/install/solarbot_cleaning
[0.454s] -- The C compiler identification is GNU 13.3.0
[0.854s] -- The CXX compiler identification is GNU 13.3.0
[0.973s] -- Detecting C compiler ABI info
[2.043s] -- Detecting C compiler ABI info - done
[2.133s] -- Check for working C compiler: /usr/bin/cc - skipped
[2.136s] -- Detecting C compile features
[2.146s] -- Detecting C compile features - done
[2.223s] -- Detecting CXX compiler ABI info
[3.416s] -- Detecting CXX compiler ABI info - done
[3.506s] -- Check for working CXX compiler: /usr/bin/c++ - skipped
[3.514s] -- Detecting CXX compile features
[3.516s] -- Detecting CXX compile features - done
[3.576s] -- Found ament_cmake: 2.5.4 (/opt/ros/jazzy/share/ament_cmake/cmake)
[5.318s] -- Found Python3: /usr/bin/python3 (found version "3.12.3") found components: Interpreter 
[6.546s] -- Override CMake install command with custom implementation using symlinks instead of copying resources
[7.009s] -- Found ament_lint_auto: 0.17.3 (/opt/ros/jazzy/share/ament_lint_auto/cmake)
[8.888s] -- Added test 'lint_cmake' to check CMake code style
[8.904s] -- Added test 'xmllint' to check XML markup files
[8.917s] -- Configuring done (8.8s)
[8.964s] -- Generating done (0.0s)
[8.991s] -- Build files have been written to: /home/erum/solarbot_ws/build/solarbot_cleaning
[9.033s] Invoked command in '/home/erum/solarbot_ws/build/solarbot_cleaning' returned '0': CMAKE_PREFIX_PATH=${CMAKE_PREFIX_PATH}:/opt/ros/jazzy DEBUGINFOD_URLS=https://debuginfod.ubuntu.com /usr/bin/cmake /home/erum/solarbot_ws/src/solarbot_cleaning -DAMENT_CMAKE_SYMLINK_INSTALL=1 -DCMAKE_INSTALL_PREFIX=/home/erum/solarbot_ws/install/solarbot_cleaning
[9.034s] Invoking command in '/home/erum/solarbot_ws/build/solarbot_cleaning': CMAKE_PREFIX_PATH=${CMAKE_PREFIX_PATH}:/opt/ros/jazzy DEBUGINFOD_URLS=https://debuginfod.ubuntu.com /usr/bin/cmake --build /home/erum/solarbot_ws/build/solarbot_cleaning -- -j2 -l2
[9.667s] Invoked command in '/home/erum/solarbot_ws/build/solarbot_cleaning' returned '0': CMAKE_PREFIX_PATH=${CMAKE_PREFIX_PATH}:/opt/ros/jazzy DEBUGINFOD_URLS=https://debuginfod.ubuntu.com /usr/bin/cmake --build /home/erum/solarbot_ws/build/solarbot_cleaning -- -j2 -l2
[9.667s] Invoking command in '/home/erum/solarbot_ws/build/solarbot_cleaning': CMAKE_PREFIX_PATH=${CMAKE_PREFIX_PATH}:/opt/ros/jazzy DEBUGINFOD_URLS=https://debuginfod.ubuntu.com /usr/bin/cmake --install /home/erum/solarbot_ws/build/solarbot_cleaning
[9.772s] -- Install configuration: ""
[9.774s] -- Execute custom install script
[9.775s] -- Symlinking: /home/erum/solarbot_ws/install/solarbot_cleaning/share/ament_index/resource_index/package_run_dependencies/solarbot_cleaning
[9.845s] -- Symlinking: /home/erum/solarbot_ws/install/solarbot_cleaning/share/ament_index/resource_index/parent_prefix_path/solarbot_cleaning
[9.977s] -- Symlinking: /home/erum/solarbot_ws/install/solarbot_cleaning/share/solarbot_cleaning/environment/ament_prefix_path.sh
[10.184s] -- Symlinking: /home/erum/solarbot_ws/install/solarbot_cleaning/share/solarbot_cleaning/environment/ament_prefix_path.dsv
[10.291s] -- Symlinking: /home/erum/solarbot_ws/install/solarbot_cleaning/share/solarbot_cleaning/environment/path.sh
[10.335s] -- Symlinking: /home/erum/solarbot_ws/install/solarbot_cleaning/share/solarbot_cleaning/environment/path.dsv
[10.445s] -- Symlinking: /home/erum/solarbot_ws/install/solarbot_cleaning/share/solarbot_cleaning/local_setup.bash
[10.508s] -- Symlinking: /home/erum/solarbot_ws/install/solarbot_cleaning/share/solarbot_cleaning/local_setup.sh
[10.610s] -- Symlinking: /home/erum/solarbot_ws/install/solarbot_cleaning/share/solarbot_cleaning/local_setup.zsh
[10.707s] -- Symlinking: /home/erum/solarbot_ws/install/solarbot_cleaning/share/solarbot_cleaning/local_setup.dsv
[10.796s] -- Symlinking: /home/erum/solarbot_ws/install/solarbot_cleaning/share/solarbot_cleaning/package.dsv
[10.867s] -- Symlinking: /home/erum/solarbot_ws/install/solarbot_cleaning/share/ament_index/resource_index/packages/solarbot_cleaning
[10.907s] -- Symlinking: /home/erum/solarbot_ws/install/solarbot_cleaning/share/solarbot_cleaning/cmake/solarbot_cleaningConfig.cmake
[10.956s] -- Symlinking: /home/erum/solarbot_ws/install/solarbot_cleaning/share/solarbot_cleaning/cmake/solarbot_cleaningConfig-version.cmake
[11.032s] -- Symlinking: /home/erum/solarbot_ws/install/solarbot_cleaning/share/solarbot_cleaning/package.xml
[11.283s] Invoked command in '/home/erum/solarbot_ws/build/solarbot_cleaning' returned '0': CMAKE_PREFIX_PATH=${CMAKE_PREFIX_PATH}:/opt/ros/jazzy DEBUGINFOD_URLS=https://debuginfod.ubuntu.com /usr/bin/cmake --install /home/erum/solarbot_ws/build/solarbot_cleaning
