[0.074s] Invoking command in '/home/erum/solarbot_ws/build/solarbot_description': CMAKE_PREFIX_PATH=${CMAKE_PREFIX_PATH}:/opt/ros/jazzy DEBUGINFOD_URLS=https://debuginfod.ubuntu.com /usr/bin/cmake --build /home/erum/solarbot_ws/build/solarbot_description -- -j2 -l2
[0.147s] Invoked command in '/home/erum/solarbot_ws/build/solarbot_description' returned '0': CMAKE_PREFIX_PATH=${CMAKE_PREFIX_PATH}:/opt/ros/jazzy DEBUGINFOD_URLS=https://debuginfod.ubuntu.com /usr/bin/cmake --build /home/erum/solarbot_ws/build/solarbot_description -- -j2 -l2
[0.149s] Invoking command in '/home/erum/solarbot_ws/build/solarbot_description': CMAKE_PREFIX_PATH=${CMAKE_PREFIX_PATH}:/opt/ros/jazzy DEBUGINFOD_URLS=https://debuginfod.ubuntu.com /usr/bin/cmake --install /home/erum/solarbot_ws/build/solarbot_description
[0.163s] -- Install configuration: ""
[0.165s] -- Execute custom install script
[0.167s] -- Up-to-date symlink: /home/erum/solarbot_ws/install/solarbot_description/share/solarbot_description/launch/display.launch.py
[0.168s] -- Up-to-date symlink: /home/erum/solarbot_ws/install/solarbot_description/share/solarbot_description/rviz/display.rviz
[0.168s] -- Up-to-date symlink: /home/erum/solarbot_ws/install/solarbot_description/share/solarbot_description/urdf/base/chassis.xacro
[0.168s] -- Up-to-date symlink: /home/erum/solarbot_ws/install/solarbot_description/share/solarbot_description/urdf/base/tracks.xacro
[0.169s] -- Up-to-date symlink: /home/erum/solarbot_ws/install/solarbot_description/share/solarbot_description/urdf/common/materials.xacro
[0.169s] -- Up-to-date symlink: /home/erum/solarbot_ws/install/solarbot_description/share/solarbot_description/urdf/common/properties.xacro
[0.172s] -- Symlinking: /home/erum/solarbot_ws/install/solarbot_description/share/solarbot_description/urdf/electronics/battery.xacro
[0.183s] -- Symlinking: /home/erum/solarbot_ws/install/solarbot_description/share/solarbot_description/urdf/electronics/esp32.xacro
[0.197s] -- Symlinking: /home/erum/solarbot_ws/install/solarbot_description/share/solarbot_description/urdf/electronics/imu.xacro
[0.214s] -- Symlinking: /home/erum/solarbot_ws/install/solarbot_description/share/solarbot_description/urdf/electronics/raspberry_pi.xacro
[0.240s] -- Symlinking: /home/erum/solarbot_ws/install/solarbot_description/share/solarbot_description/urdf/electronics/stm32.xacro
[0.255s] -- Up-to-date symlink: /home/erum/solarbot_ws/install/solarbot_description/share/solarbot_description/urdf/sensors/sensors.xacro
[0.266s] -- Up-to-date symlink: /home/erum/solarbot_ws/install/solarbot_description/share/solarbot_description/urdf/solarbot.urdf.xacro
[0.266s] -- Up-to-date symlink: /home/erum/solarbot_ws/install/solarbot_description/share/ament_index/resource_index/package_run_dependencies/solarbot_description
[0.266s] -- Up-to-date symlink: /home/erum/solarbot_ws/install/solarbot_description/share/ament_index/resource_index/parent_prefix_path/solarbot_description
[0.266s] -- Up-to-date symlink: /home/erum/solarbot_ws/install/solarbot_description/share/solarbot_description/environment/ament_prefix_path.sh
[0.267s] -- Up-to-date symlink: /home/erum/solarbot_ws/install/solarbot_description/share/solarbot_description/environment/ament_prefix_path.dsv
[0.267s] -- Up-to-date symlink: /home/erum/solarbot_ws/install/solarbot_description/share/solarbot_description/environment/path.sh
[0.267s] -- Up-to-date symlink: /home/erum/solarbot_ws/install/solarbot_description/share/solarbot_description/environment/path.dsv
[0.267s] -- Up-to-date symlink: /home/erum/solarbot_ws/install/solarbot_description/share/solarbot_description/local_setup.bash
[0.267s] -- Up-to-date symlink: /home/erum/solarbot_ws/install/solarbot_description/share/solarbot_description/local_setup.sh
[0.267s] -- Up-to-date symlink: /home/erum/solarbot_ws/install/solarbot_description/share/solarbot_description/local_setup.zsh
[0.267s] -- Up-to-date symlink: /home/erum/solarbot_ws/install/solarbot_description/share/solarbot_description/local_setup.dsv
[0.267s] -- Symlinking: /home/erum/solarbot_ws/install/solarbot_description/share/solarbot_description/package.dsv
[0.277s] -- Up-to-date symlink: /home/erum/solarbot_ws/install/solarbot_description/share/ament_index/resource_index/packages/solarbot_description
[0.277s] -- Up-to-date symlink: /home/erum/solarbot_ws/install/solarbot_description/share/solarbot_description/cmake/solarbot_descriptionConfig.cmake
[0.278s] -- Up-to-date symlink: /home/erum/solarbot_ws/install/solarbot_description/share/solarbot_description/cmake/solarbot_descriptionConfig-version.cmake
[0.279s] -- Up-to-date symlink: /home/erum/solarbot_ws/install/solarbot_description/share/solarbot_description/package.xml
[0.301s] Invoked command in '/home/erum/solarbot_ws/build/solarbot_description' returned '0': CMAKE_PREFIX_PATH=${CMAKE_PREFIX_PATH}:/opt/ros/jazzy DEBUGINFOD_URLS=https://debuginfod.ubuntu.com /usr/bin/cmake --install /home/erum/solarbot_ws/build/solarbot_description
