[0.049s] Invoking command in '/home/erum_ifti/solarbot_ws-1/src/build/solarbot_bringup': CMAKE_PREFIX_PATH=${CMAKE_PREFIX_PATH}:/home/erum_ifti/solarbot_ws-1/src/install/solarbot_safety:/home/erum_ifti/solarbot_ws-1/src/install/solarbot_localization:/home/erum_ifti/solarbot_ws-1/install/solarbot_safety:/home/erum_ifti/solarbot_ws-1/install/solarbot_mapping:/home/erum_ifti/solarbot_ws-1/install/solarbot_localization:/opt/ros/jazzy /usr/bin/cmake /home/erum_ifti/solarbot_ws-1/src/solarbot_bringup -DAMENT_CMAKE_SYMLINK_INSTALL=1 -DCMAKE_INSTALL_PREFIX=/home/erum_ifti/solarbot_ws-1/src/install/solarbot_bringup
[0.419s] -- The C compiler identification is GNU 13.3.0
[1.584s] -- The CXX compiler identification is GNU 13.3.0
[3.115s] -- Detecting C compiler ABI info
[3.509s] -- Detecting C compiler ABI info - done
[3.517s] -- Check for working C compiler: /usr/bin/cc - skipped
[3.517s] -- Detecting C compile features
[3.517s] -- Detecting C compile features - done
[3.690s] -- Detecting CXX compiler ABI info
[4.201s] -- Detecting CXX compiler ABI info - done
[4.210s] -- Check for working CXX compiler: /usr/bin/c++ - skipped
[4.210s] -- Detecting CXX compile features
[4.211s] -- Detecting CXX compile features - done
[4.216s] -- Found ament_cmake: 2.5.6 (/opt/ros/jazzy/share/ament_cmake/cmake)
[4.405s] -- Found Python3: /usr/bin/python3 (found version "3.12.3") found components: Interpreter 
[4.494s] -- Override CMake install command with custom implementation using symlinks instead of copying resources
[4.545s] -- Found ament_lint_auto: 0.17.5 (/opt/ros/jazzy/share/ament_lint_auto/cmake)
[4.658s] -- Added test 'lint_cmake' to check CMake code style
[4.659s] -- Added test 'xmllint' to check XML markup files
[4.660s] -- Configuring done (4.5s)
[4.664s] -- Generating done (0.0s)
[4.666s] -- Build files have been written to: /home/erum_ifti/solarbot_ws-1/src/build/solarbot_bringup
[4.671s] Invoked command in '/home/erum_ifti/solarbot_ws-1/src/build/solarbot_bringup' returned '0': CMAKE_PREFIX_PATH=${CMAKE_PREFIX_PATH}:/home/erum_ifti/solarbot_ws-1/src/install/solarbot_safety:/home/erum_ifti/solarbot_ws-1/src/install/solarbot_localization:/home/erum_ifti/solarbot_ws-1/install/solarbot_safety:/home/erum_ifti/solarbot_ws-1/install/solarbot_mapping:/home/erum_ifti/solarbot_ws-1/install/solarbot_localization:/opt/ros/jazzy /usr/bin/cmake /home/erum_ifti/solarbot_ws-1/src/solarbot_bringup -DAMENT_CMAKE_SYMLINK_INSTALL=1 -DCMAKE_INSTALL_PREFIX=/home/erum_ifti/solarbot_ws-1/src/install/solarbot_bringup
[4.672s] Invoking command in '/home/erum_ifti/solarbot_ws-1/src/build/solarbot_bringup': CMAKE_PREFIX_PATH=${CMAKE_PREFIX_PATH}:/home/erum_ifti/solarbot_ws-1/src/install/solarbot_safety:/home/erum_ifti/solarbot_ws-1/src/install/solarbot_localization:/home/erum_ifti/solarbot_ws-1/install/solarbot_safety:/home/erum_ifti/solarbot_ws-1/install/solarbot_mapping:/home/erum_ifti/solarbot_ws-1/install/solarbot_localization:/opt/ros/jazzy /usr/bin/cmake --build /home/erum_ifti/solarbot_ws-1/src/build/solarbot_bringup -- -j16 -l16
[4.706s] Invoked command in '/home/erum_ifti/solarbot_ws-1/src/build/solarbot_bringup' returned '0': CMAKE_PREFIX_PATH=${CMAKE_PREFIX_PATH}:/home/erum_ifti/solarbot_ws-1/src/install/solarbot_safety:/home/erum_ifti/solarbot_ws-1/src/install/solarbot_localization:/home/erum_ifti/solarbot_ws-1/install/solarbot_safety:/home/erum_ifti/solarbot_ws-1/install/solarbot_mapping:/home/erum_ifti/solarbot_ws-1/install/solarbot_localization:/opt/ros/jazzy /usr/bin/cmake --build /home/erum_ifti/solarbot_ws-1/src/build/solarbot_bringup -- -j16 -l16
[4.707s] Invoking command in '/home/erum_ifti/solarbot_ws-1/src/build/solarbot_bringup': CMAKE_PREFIX_PATH=${CMAKE_PREFIX_PATH}:/home/erum_ifti/solarbot_ws-1/src/install/solarbot_safety:/home/erum_ifti/solarbot_ws-1/src/install/solarbot_localization:/home/erum_ifti/solarbot_ws-1/install/solarbot_safety:/home/erum_ifti/solarbot_ws-1/install/solarbot_mapping:/home/erum_ifti/solarbot_ws-1/install/solarbot_localization:/opt/ros/jazzy /usr/bin/cmake --install /home/erum_ifti/solarbot_ws-1/src/build/solarbot_bringup
[4.719s] -- Install configuration: ""
[4.719s] -- Execute custom install script
[4.723s] -- Symlinking: /home/erum_ifti/solarbot_ws-1/src/install/solarbot_bringup/share/ament_index/resource_index/package_run_dependencies/solarbot_bringup
[4.731s] -- Symlinking: /home/erum_ifti/solarbot_ws-1/src/install/solarbot_bringup/share/ament_index/resource_index/parent_prefix_path/solarbot_bringup
[4.738s] -- Symlinking: /home/erum_ifti/solarbot_ws-1/src/install/solarbot_bringup/share/solarbot_bringup/environment/ament_prefix_path.sh
[4.745s] -- Symlinking: /home/erum_ifti/solarbot_ws-1/src/install/solarbot_bringup/share/solarbot_bringup/environment/ament_prefix_path.dsv
[4.753s] -- Symlinking: /home/erum_ifti/solarbot_ws-1/src/install/solarbot_bringup/share/solarbot_bringup/environment/path.sh
[4.760s] -- Symlinking: /home/erum_ifti/solarbot_ws-1/src/install/solarbot_bringup/share/solarbot_bringup/environment/path.dsv
[4.770s] -- Symlinking: /home/erum_ifti/solarbot_ws-1/src/install/solarbot_bringup/share/solarbot_bringup/local_setup.bash
[4.787s] -- Symlinking: /home/erum_ifti/solarbot_ws-1/src/install/solarbot_bringup/share/solarbot_bringup/local_setup.sh
[4.804s] -- Symlinking: /home/erum_ifti/solarbot_ws-1/src/install/solarbot_bringup/share/solarbot_bringup/local_setup.zsh
[4.826s] -- Symlinking: /home/erum_ifti/solarbot_ws-1/src/install/solarbot_bringup/share/solarbot_bringup/local_setup.dsv
[4.847s] -- Symlinking: /home/erum_ifti/solarbot_ws-1/src/install/solarbot_bringup/share/solarbot_bringup/package.dsv
[4.860s] -- Symlinking: /home/erum_ifti/solarbot_ws-1/src/install/solarbot_bringup/share/ament_index/resource_index/packages/solarbot_bringup
[4.876s] -- Symlinking: /home/erum_ifti/solarbot_ws-1/src/install/solarbot_bringup/share/solarbot_bringup/cmake/solarbot_bringupConfig.cmake
[4.885s] -- Symlinking: /home/erum_ifti/solarbot_ws-1/src/install/solarbot_bringup/share/solarbot_bringup/cmake/solarbot_bringupConfig-version.cmake
[4.893s] -- Symlinking: /home/erum_ifti/solarbot_ws-1/src/install/solarbot_bringup/share/solarbot_bringup/package.xml
[4.906s] Invoked command in '/home/erum_ifti/solarbot_ws-1/src/build/solarbot_bringup' returned '0': CMAKE_PREFIX_PATH=${CMAKE_PREFIX_PATH}:/home/erum_ifti/solarbot_ws-1/src/install/solarbot_safety:/home/erum_ifti/solarbot_ws-1/src/install/solarbot_localization:/home/erum_ifti/solarbot_ws-1/install/solarbot_safety:/home/erum_ifti/solarbot_ws-1/install/solarbot_mapping:/home/erum_ifti/solarbot_ws-1/install/solarbot_localization:/opt/ros/jazzy /usr/bin/cmake --install /home/erum_ifti/solarbot_ws-1/src/build/solarbot_bringup
