-- Found ament_cmake: 2.5.4 (/opt/ros/jazzy/share/ament_cmake/cmake)
-- Override CMake install command with custom implementation using symlinks instead of copying resources
-- Found ament_lint_auto: 0.17.3 (/opt/ros/jazzy/share/ament_lint_auto/cmake)
-- Added test 'lint_cmake' to check CMake code style
-- Added test 'xmllint' to check XML markup files
-- Configuring done (1.2s)
-- Generating done (0.1s)
-- Build files have been written to: /home/erum/solarbot_ws/build/solarbot_msgs
-- Install configuration: ""
-- Execute custom install script
-- Symlinking: /home/erum/solarbot_ws/install/solarbot_msgs/share/ament_index/resource_index/package_run_dependencies/solarbot_msgs
-- Symlinking: /home/erum/solarbot_ws/install/solarbot_msgs/share/ament_index/resource_index/parent_prefix_path/solarbot_msgs
-- Symlinking: /home/erum/solarbot_ws/install/solarbot_msgs/share/solarbot_msgs/environment/ament_prefix_path.sh
-- Symlinking: /home/erum/solarbot_ws/install/solarbot_msgs/share/solarbot_msgs/environment/ament_prefix_path.dsv
-- Symlinking: /home/erum/solarbot_ws/install/solarbot_msgs/share/solarbot_msgs/environment/path.sh
-- Symlinking: /home/erum/solarbot_ws/install/solarbot_msgs/share/solarbot_msgs/environment/path.dsv
-- Symlinking: /home/erum/solarbot_ws/install/solarbot_msgs/share/solarbot_msgs/local_setup.bash
-- Symlinking: /home/erum/solarbot_ws/install/solarbot_msgs/share/solarbot_msgs/local_setup.sh
-- Symlinking: /home/erum/solarbot_ws/install/solarbot_msgs/share/solarbot_msgs/local_setup.zsh
-- Symlinking: /home/erum/solarbot_ws/install/solarbot_msgs/share/solarbot_msgs/local_setup.dsv
-- Symlinking: /home/erum/solarbot_ws/install/solarbot_msgs/share/solarbot_msgs/package.dsv
-- Symlinking: /home/erum/solarbot_ws/install/solarbot_msgs/share/ament_index/resource_index/packages/solarbot_msgs
-- Symlinking: /home/erum/solarbot_ws/install/solarbot_msgs/share/solarbot_msgs/cmake/solarbot_msgsConfig.cmake
-- Symlinking: /home/erum/solarbot_ws/install/solarbot_msgs/share/solarbot_msgs/cmake/solarbot_msgsConfig-version.cmake
-- Symlinking: /home/erum/solarbot_ws/install/solarbot_msgs/share/solarbot_msgs/package.xml
