[0.051s] Invoking command in '/home/erum/solarbot_ws/build/solarbot_cleaning': CMAKE_PREFIX_PATH=${CMAKE_PREFIX_PATH}:/opt/ros/jazzy DEBUGINFOD_URLS=https://debuginfod.ubuntu.com /usr/bin/cmake --build /home/erum/solarbot_ws/build/solarbot_cleaning -- -j2 -l2
[0.281s] Invoked command in '/home/erum/solarbot_ws/build/solarbot_cleaning' returned '0': CMAKE_PREFIX_PATH=${CMAKE_PREFIX_PATH}:/opt/ros/jazzy DEBUGINFOD_URLS=https://debuginfod.ubuntu.com /usr/bin/cmake --build /home/erum/solarbot_ws/build/solarbot_cleaning -- -j2 -l2
[0.301s] Invoking command in '/home/erum/solarbot_ws/build/solarbot_cleaning': CMAKE_PREFIX_PATH=${CMAKE_PREFIX_PATH}:/opt/ros/jazzy DEBUGINFOD_URLS=https://debuginfod.ubuntu.com /usr/bin/cmake --install /home/erum/solarbot_ws/build/solarbot_cleaning
[0.334s] -- Install configuration: ""
[0.338s] -- Execute custom install script
[0.341s] -- Up-to-date symlink: /home/erum/solarbot_ws/install/solarbot_cleaning/share/ament_index/resource_index/package_run_dependencies/solarbot_cleaning
[0.342s] -- Up-to-date symlink: /home/erum/solarbot_ws/install/solarbot_cleaning/share/ament_index/resource_index/parent_prefix_path/solarbot_cleaning
[0.344s] -- Up-to-date symlink: /home/erum/solarbot_ws/install/solarbot_cleaning/share/solarbot_cleaning/environment/ament_prefix_path.sh
[0.344s] -- Up-to-date symlink: /home/erum/solarbot_ws/install/solarbot_cleaning/share/solarbot_cleaning/environment/ament_prefix_path.dsv
[0.344s] -- Up-to-date symlink: /home/erum/solarbot_ws/install/solarbot_cleaning/share/solarbot_cleaning/environment/path.sh
[0.346s] -- Up-to-date symlink: /home/erum/solarbot_ws/install/solarbot_cleaning/share/solarbot_cleaning/environment/path.dsv
[0.346s] -- Up-to-date symlink: /home/erum/solarbot_ws/install/solarbot_cleaning/share/solarbot_cleaning/local_setup.bash
[0.347s] -- Up-to-date symlink: /home/erum/solarbot_ws/install/solarbot_cleaning/share/solarbot_cleaning/local_setup.sh
[0.348s] -- Up-to-date symlink: /home/erum/solarbot_ws/install/solarbot_cleaning/share/solarbot_cleaning/local_setup.zsh
[0.349s] -- Up-to-date symlink: /home/erum/solarbot_ws/install/solarbot_cleaning/share/solarbot_cleaning/local_setup.dsv
[0.349s] -- Symlinking: /home/erum/solarbot_ws/install/solarbot_cleaning/share/solarbot_cleaning/package.dsv
[0.367s] -- Up-to-date symlink: /home/erum/solarbot_ws/install/solarbot_cleaning/share/ament_index/resource_index/packages/solarbot_cleaning
[0.369s] -- Up-to-date symlink: /home/erum/solarbot_ws/install/solarbot_cleaning/share/solarbot_cleaning/cmake/solarbot_cleaningConfig.cmake
[0.369s] -- Up-to-date symlink: /home/erum/solarbot_ws/install/solarbot_cleaning/share/solarbot_cleaning/cmake/solarbot_cleaningConfig-version.cmake
[0.370s] -- Up-to-date symlink: /home/erum/solarbot_ws/install/solarbot_cleaning/share/solarbot_cleaning/package.xml
[0.406s] Invoked command in '/home/erum/solarbot_ws/build/solarbot_cleaning' returned '0': CMAKE_PREFIX_PATH=${CMAKE_PREFIX_PATH}:/opt/ros/jazzy DEBUGINFOD_URLS=https://debuginfod.ubuntu.com /usr/bin/cmake --install /home/erum/solarbot_ws/build/solarbot_cleaning
