[0.055s] Invoking command in '/home/erum/solarbot_ws/build/solarbot_cleaning': CMAKE_PREFIX_PATH=${CMAKE_PREFIX_PATH}:/opt/ros/jazzy DEBUGINFOD_URLS=https://debuginfod.ubuntu.com /usr/bin/cmake --build /home/erum/solarbot_ws/build/solarbot_cleaning -- -j2 -l2
[0.149s] Invoked command in '/home/erum/solarbot_ws/build/solarbot_cleaning' returned '0': CMAKE_PREFIX_PATH=${CMAKE_PREFIX_PATH}:/opt/ros/jazzy DEBUGINFOD_URLS=https://debuginfod.ubuntu.com /usr/bin/cmake --build /home/erum/solarbot_ws/build/solarbot_cleaning -- -j2 -l2
[0.151s] Invoking command in '/home/erum/solarbot_ws/build/solarbot_cleaning': CMAKE_PREFIX_PATH=${CMAKE_PREFIX_PATH}:/opt/ros/jazzy DEBUGINFOD_URLS=https://debuginfod.ubuntu.com /usr/bin/cmake --install /home/erum/solarbot_ws/build/solarbot_cleaning
[0.347s] -- Install configuration: ""
[0.352s] -- Execute custom install script
[0.352s] -- Up-to-date symlink: /home/erum/solarbot_ws/install/solarbot_cleaning/share/ament_index/resource_index/package_run_dependencies/solarbot_cleaning
[0.353s] -- Up-to-date symlink: /home/erum/solarbot_ws/install/solarbot_cleaning/share/ament_index/resource_index/parent_prefix_path/solarbot_cleaning
[0.353s] -- Up-to-date symlink: /home/erum/solarbot_ws/install/solarbot_cleaning/share/solarbot_cleaning/environment/ament_prefix_path.sh
[0.354s] -- Up-to-date symlink: /home/erum/solarbot_ws/install/solarbot_cleaning/share/solarbot_cleaning/environment/ament_prefix_path.dsv
[0.355s] -- Up-to-date symlink: /home/erum/solarbot_ws/install/solarbot_cleaning/share/solarbot_cleaning/environment/path.sh
[0.357s] -- Up-to-date symlink: /home/erum/solarbot_ws/install/solarbot_cleaning/share/solarbot_cleaning/environment/path.dsv
[0.358s] -- Up-to-date symlink: /home/erum/solarbot_ws/install/solarbot_cleaning/share/solarbot_cleaning/local_setup.bash
[0.359s] -- Up-to-date symlink: /home/erum/solarbot_ws/install/solarbot_cleaning/share/solarbot_cleaning/local_setup.sh
[0.361s] -- Up-to-date symlink: /home/erum/solarbot_ws/install/solarbot_cleaning/share/solarbot_cleaning/local_setup.zsh
[0.361s] -- Up-to-date symlink: /home/erum/solarbot_ws/install/solarbot_cleaning/share/solarbot_cleaning/local_setup.dsv
[0.362s] -- Symlinking: /home/erum/solarbot_ws/install/solarbot_cleaning/share/solarbot_cleaning/package.dsv
[0.382s] -- Up-to-date symlink: /home/erum/solarbot_ws/install/solarbot_cleaning/share/ament_index/resource_index/packages/solarbot_cleaning
[0.385s] -- Up-to-date symlink: /home/erum/solarbot_ws/install/solarbot_cleaning/share/solarbot_cleaning/cmake/solarbot_cleaningConfig.cmake
[0.386s] -- Up-to-date symlink: /home/erum/solarbot_ws/install/solarbot_cleaning/share/solarbot_cleaning/cmake/solarbot_cleaningConfig-version.cmake
[0.387s] -- Up-to-date symlink: /home/erum/solarbot_ws/install/solarbot_cleaning/share/solarbot_cleaning/package.xml
[0.397s] Invoked command in '/home/erum/solarbot_ws/build/solarbot_cleaning' returned '0': CMAKE_PREFIX_PATH=${CMAKE_PREFIX_PATH}:/opt/ros/jazzy DEBUGINFOD_URLS=https://debuginfod.ubuntu.com /usr/bin/cmake --install /home/erum/solarbot_ws/build/solarbot_cleaning
