[0.146s] Invoking command in '/home/erum_ifti/solarbot_ws-1/src/build/solarbot_hardware': CMAKE_PREFIX_PATH=${CMAKE_PREFIX_PATH}:/home/erum_ifti/solarbot_ws-1/src/install/solarbot_safety:/home/erum_ifti/solarbot_ws-1/src/install/solarbot_localization:/home/erum_ifti/solarbot_ws-1/install/solarbot_safety:/home/erum_ifti/solarbot_ws-1/install/solarbot_mapping:/home/erum_ifti/solarbot_ws-1/install/solarbot_localization:/opt/ros/jazzy /usr/bin/cmake --build /home/erum_ifti/solarbot_ws-1/src/build/solarbot_hardware -- -j16 -l16
[1.159s] Invoked command in '/home/erum_ifti/solarbot_ws-1/src/build/solarbot_hardware' returned '0': CMAKE_PREFIX_PATH=${CMAKE_PREFIX_PATH}:/home/erum_ifti/solarbot_ws-1/src/install/solarbot_safety:/home/erum_ifti/solarbot_ws-1/src/install/solarbot_localization:/home/erum_ifti/solarbot_ws-1/install/solarbot_safety:/home/erum_ifti/solarbot_ws-1/install/solarbot_mapping:/home/erum_ifti/solarbot_ws-1/install/solarbot_localization:/opt/ros/jazzy /usr/bin/cmake --build /home/erum_ifti/solarbot_ws-1/src/build/solarbot_hardware -- -j16 -l16
[1.165s] Invoking command in '/home/erum_ifti/solarbot_ws-1/src/build/solarbot_hardware': CMAKE_PREFIX_PATH=${CMAKE_PREFIX_PATH}:/home/erum_ifti/solarbot_ws-1/src/install/solarbot_safety:/home/erum_ifti/solarbot_ws-1/src/install/solarbot_localization:/home/erum_ifti/solarbot_ws-1/install/solarbot_safety:/home/erum_ifti/solarbot_ws-1/install/solarbot_mapping:/home/erum_ifti/solarbot_ws-1/install/solarbot_localization:/opt/ros/jazzy /usr/bin/cmake --install /home/erum_ifti/solarbot_ws-1/src/build/solarbot_hardware
[1.181s] -- Install configuration: ""
[1.184s] -- Execute custom install script
[1.186s] -- Up-to-date symlink: /home/erum_ifti/solarbot_ws-1/src/install/solarbot_hardware/share/ament_index/resource_index/package_run_dependencies/solarbot_hardware
[1.191s] -- Up-to-date symlink: /home/erum_ifti/solarbot_ws-1/src/install/solarbot_hardware/share/ament_index/resource_index/parent_prefix_path/solarbot_hardware
[1.192s] -- Up-to-date symlink: /home/erum_ifti/solarbot_ws-1/src/install/solarbot_hardware/share/solarbot_hardware/environment/ament_prefix_path.sh
[1.193s] -- Up-to-date symlink: /home/erum_ifti/solarbot_ws-1/src/install/solarbot_hardware/share/solarbot_hardware/environment/ament_prefix_path.dsv
[1.194s] -- Up-to-date symlink: /home/erum_ifti/solarbot_ws-1/src/install/solarbot_hardware/share/solarbot_hardware/environment/path.sh
[1.197s] -- Up-to-date symlink: /home/erum_ifti/solarbot_ws-1/src/install/solarbot_hardware/share/solarbot_hardware/environment/path.dsv
[1.198s] -- Up-to-date symlink: /home/erum_ifti/solarbot_ws-1/src/install/solarbot_hardware/share/solarbot_hardware/local_setup.bash
[1.198s] -- Up-to-date symlink: /home/erum_ifti/solarbot_ws-1/src/install/solarbot_hardware/share/solarbot_hardware/local_setup.sh
[1.203s] -- Up-to-date symlink: /home/erum_ifti/solarbot_ws-1/src/install/solarbot_hardware/share/solarbot_hardware/local_setup.zsh
[1.205s] -- Up-to-date symlink: /home/erum_ifti/solarbot_ws-1/src/install/solarbot_hardware/share/solarbot_hardware/local_setup.dsv
[1.206s] -- Symlinking: /home/erum_ifti/solarbot_ws-1/src/install/solarbot_hardware/share/solarbot_hardware/package.dsv
[1.220s] -- Up-to-date symlink: /home/erum_ifti/solarbot_ws-1/src/install/solarbot_hardware/share/ament_index/resource_index/packages/solarbot_hardware
[1.224s] -- Up-to-date symlink: /home/erum_ifti/solarbot_ws-1/src/install/solarbot_hardware/share/solarbot_hardware/cmake/solarbot_hardwareConfig.cmake
[1.224s] -- Up-to-date symlink: /home/erum_ifti/solarbot_ws-1/src/install/solarbot_hardware/share/solarbot_hardware/cmake/solarbot_hardwareConfig-version.cmake
[1.225s] -- Up-to-date symlink: /home/erum_ifti/solarbot_ws-1/src/install/solarbot_hardware/share/solarbot_hardware/package.xml
[1.329s] Invoked command in '/home/erum_ifti/solarbot_ws-1/src/build/solarbot_hardware' returned '0': CMAKE_PREFIX_PATH=${CMAKE_PREFIX_PATH}:/home/erum_ifti/solarbot_ws-1/src/install/solarbot_safety:/home/erum_ifti/solarbot_ws-1/src/install/solarbot_localization:/home/erum_ifti/solarbot_ws-1/install/solarbot_safety:/home/erum_ifti/solarbot_ws-1/install/solarbot_mapping:/home/erum_ifti/solarbot_ws-1/install/solarbot_localization:/opt/ros/jazzy /usr/bin/cmake --install /home/erum_ifti/solarbot_ws-1/src/build/solarbot_hardware
