[0.033s] Invoking command in '/home/erum/solarbot_ws/build/solarbot_gazebo': AMENT_PREFIX_PATH=/home/erum/solarbot_ws/install/solarbot_description:${AMENT_PREFIX_PATH} CMAKE_PREFIX_PATH=/home/erum/solarbot_ws/install/solarbot_description:/opt/ros/jazzy/opt/gz_sim_vendor:/opt/ros/jazzy/opt/gz_sensors_vendor:/opt/ros/jazzy/opt/gz_physics_vendor:/opt/ros/jazzy/opt/sdformat_vendor:/opt/ros/jazzy/opt/gz_gui_vendor:/opt/ros/jazzy/opt/gz_transport_vendor:/opt/ros/jazzy/opt/gz_rendering_vendor:/opt/ros/jazzy/opt/gz_plugin_vendor:/opt/ros/jazzy/opt/gz_fuel_tools_vendor:/opt/ros/jazzy/opt/gz_msgs_vendor:/opt/ros/jazzy/opt/gz_common_vendor:/opt/ros/jazzy/opt/gz_math_vendor:/opt/ros/jazzy/opt/gz_utils_vendor:/opt/ros/jazzy/opt/gz_tools_vendor:/opt/ros/jazzy/opt/gz_ogre_next_vendor:/opt/ros/jazzy/opt/gz_dartsim_vendor:/opt/ros/jazzy/opt/gz_cmake_vendor:/opt/ros/jazzy DEBUGINFOD_URLS=https://debuginfod.ubuntu.com /usr/bin/cmake /home/erum/solarbot_ws/src/solarbot_gazebo -DCMAKE_INSTALL_PREFIX=/home/erum/solarbot_ws/install/solarbot_gazebo
[0.079s] -- Found ament_cmake: 2.5.4 (/opt/ros/jazzy/share/ament_cmake/cmake)
[1.047s] -- Override CMake install command with custom implementation using symlinks instead of copying resources
[2.000s] -- Configuring done (1.9s)
[2.039s] -- Generating done (0.0s)
[2.058s] -- Build files have been written to: /home/erum/solarbot_ws/build/solarbot_gazebo
[2.063s] Invoked command in '/home/erum/solarbot_ws/build/solarbot_gazebo' returned '0': AMENT_PREFIX_PATH=/home/erum/solarbot_ws/install/solarbot_description:${AMENT_PREFIX_PATH} CMAKE_PREFIX_PATH=/home/erum/solarbot_ws/install/solarbot_description:/opt/ros/jazzy/opt/gz_sim_vendor:/opt/ros/jazzy/opt/gz_sensors_vendor:/opt/ros/jazzy/opt/gz_physics_vendor:/opt/ros/jazzy/opt/sdformat_vendor:/opt/ros/jazzy/opt/gz_gui_vendor:/opt/ros/jazzy/opt/gz_transport_vendor:/opt/ros/jazzy/opt/gz_rendering_vendor:/opt/ros/jazzy/opt/gz_plugin_vendor:/opt/ros/jazzy/opt/gz_fuel_tools_vendor:/opt/ros/jazzy/opt/gz_msgs_vendor:/opt/ros/jazzy/opt/gz_common_vendor:/opt/ros/jazzy/opt/gz_math_vendor:/opt/ros/jazzy/opt/gz_utils_vendor:/opt/ros/jazzy/opt/gz_tools_vendor:/opt/ros/jazzy/opt/gz_ogre_next_vendor:/opt/ros/jazzy/opt/gz_dartsim_vendor:/opt/ros/jazzy/opt/gz_cmake_vendor:/opt/ros/jazzy DEBUGINFOD_URLS=https://debuginfod.ubuntu.com /usr/bin/cmake /home/erum/solarbot_ws/src/solarbot_gazebo -DCMAKE_INSTALL_PREFIX=/home/erum/solarbot_ws/install/solarbot_gazebo
[2.065s] Invoking command in '/home/erum/solarbot_ws/build/solarbot_gazebo': AMENT_PREFIX_PATH=/home/erum/solarbot_ws/install/solarbot_description:${AMENT_PREFIX_PATH} CMAKE_PREFIX_PATH=/home/erum/solarbot_ws/install/solarbot_description:/opt/ros/jazzy/opt/gz_sim_vendor:/opt/ros/jazzy/opt/gz_sensors_vendor:/opt/ros/jazzy/opt/gz_physics_vendor:/opt/ros/jazzy/opt/sdformat_vendor:/opt/ros/jazzy/opt/gz_gui_vendor:/opt/ros/jazzy/opt/gz_transport_vendor:/opt/ros/jazzy/opt/gz_rendering_vendor:/opt/ros/jazzy/opt/gz_plugin_vendor:/opt/ros/jazzy/opt/gz_fuel_tools_vendor:/opt/ros/jazzy/opt/gz_msgs_vendor:/opt/ros/jazzy/opt/gz_common_vendor:/opt/ros/jazzy/opt/gz_math_vendor:/opt/ros/jazzy/opt/gz_utils_vendor:/opt/ros/jazzy/opt/gz_tools_vendor:/opt/ros/jazzy/opt/gz_ogre_next_vendor:/opt/ros/jazzy/opt/gz_dartsim_vendor:/opt/ros/jazzy/opt/gz_cmake_vendor:/opt/ros/jazzy DEBUGINFOD_URLS=https://debuginfod.ubuntu.com /usr/bin/cmake --build /home/erum/solarbot_ws/build/solarbot_gazebo -- -j2 -l2
[2.147s] Invoked command in '/home/erum/solarbot_ws/build/solarbot_gazebo' returned '0': AMENT_PREFIX_PATH=/home/erum/solarbot_ws/install/solarbot_description:${AMENT_PREFIX_PATH} CMAKE_PREFIX_PATH=/home/erum/solarbot_ws/install/solarbot_description:/opt/ros/jazzy/opt/gz_sim_vendor:/opt/ros/jazzy/opt/gz_sensors_vendor:/opt/ros/jazzy/opt/gz_physics_vendor:/opt/ros/jazzy/opt/sdformat_vendor:/opt/ros/jazzy/opt/gz_gui_vendor:/opt/ros/jazzy/opt/gz_transport_vendor:/opt/ros/jazzy/opt/gz_rendering_vendor:/opt/ros/jazzy/opt/gz_plugin_vendor:/opt/ros/jazzy/opt/gz_fuel_tools_vendor:/opt/ros/jazzy/opt/gz_msgs_vendor:/opt/ros/jazzy/opt/gz_common_vendor:/opt/ros/jazzy/opt/gz_math_vendor:/opt/ros/jazzy/opt/gz_utils_vendor:/opt/ros/jazzy/opt/gz_tools_vendor:/opt/ros/jazzy/opt/gz_ogre_next_vendor:/opt/ros/jazzy/opt/gz_dartsim_vendor:/opt/ros/jazzy/opt/gz_cmake_vendor:/opt/ros/jazzy DEBUGINFOD_URLS=https://debuginfod.ubuntu.com /usr/bin/cmake --build /home/erum/solarbot_ws/build/solarbot_gazebo -- -j2 -l2
[2.150s] Invoking command in '/home/erum/solarbot_ws/build/solarbot_gazebo': AMENT_PREFIX_PATH=/home/erum/solarbot_ws/install/solarbot_description:${AMENT_PREFIX_PATH} CMAKE_PREFIX_PATH=/home/erum/solarbot_ws/install/solarbot_description:/opt/ros/jazzy/opt/gz_sim_vendor:/opt/ros/jazzy/opt/gz_sensors_vendor:/opt/ros/jazzy/opt/gz_physics_vendor:/opt/ros/jazzy/opt/sdformat_vendor:/opt/ros/jazzy/opt/gz_gui_vendor:/opt/ros/jazzy/opt/gz_transport_vendor:/opt/ros/jazzy/opt/gz_rendering_vendor:/opt/ros/jazzy/opt/gz_plugin_vendor:/opt/ros/jazzy/opt/gz_fuel_tools_vendor:/opt/ros/jazzy/opt/gz_msgs_vendor:/opt/ros/jazzy/opt/gz_common_vendor:/opt/ros/jazzy/opt/gz_math_vendor:/opt/ros/jazzy/opt/gz_utils_vendor:/opt/ros/jazzy/opt/gz_tools_vendor:/opt/ros/jazzy/opt/gz_ogre_next_vendor:/opt/ros/jazzy/opt/gz_dartsim_vendor:/opt/ros/jazzy/opt/gz_cmake_vendor:/opt/ros/jazzy DEBUGINFOD_URLS=https://debuginfod.ubuntu.com /usr/bin/cmake --install /home/erum/solarbot_ws/build/solarbot_gazebo
[2.165s] -- Install configuration: ""
[2.169s] -- Execute custom install script
[2.173s] -- Up-to-date symlink: /home/erum/solarbot_ws/install/solarbot_gazebo/share/solarbot_gazebo/launch/gazebo.launch.py
[2.173s] -- Up-to-date symlink: /home/erum/solarbot_ws/install/solarbot_gazebo/share/solarbot_gazebo/worlds/solar_panels.sdf
[2.180s] -- Up-to-date symlink: /home/erum/solarbot_ws/install/solarbot_gazebo/share/solarbot_gazebo/materials/textures/solar_panel_01_dust.png
[2.181s] -- Up-to-date symlink: /home/erum/solarbot_ws/install/solarbot_gazebo/share/solarbot_gazebo/materials/textures/solar_panel_02_dust.png
[2.181s] -- Up-to-date symlink: /home/erum/solarbot_ws/install/solarbot_gazebo/share/solarbot_gazebo/materials/textures/solar_panel_03_dust.png
[2.182s] -- Up-to-date symlink: /home/erum/solarbot_ws/install/solarbot_gazebo/share/solarbot_gazebo/materials/textures/solar_panel_04_dust.png
[2.185s] -- Up-to-date symlink: /home/erum/solarbot_ws/install/solarbot_gazebo/share/solarbot_gazebo/materials/textures/solar_panel_05_dust.png
[2.185s] -- Up-to-date symlink: /home/erum/solarbot_ws/install/solarbot_gazebo/share/solarbot_gazebo/materials/textures/solar_panel_06_dust.png
[2.186s] -- Up-to-date symlink: /home/erum/solarbot_ws/install/solarbot_gazebo/share/solarbot_gazebo/materials/textures/solar_panel_07_dust.png
[2.186s] -- Up-to-date symlink: /home/erum/solarbot_ws/install/solarbot_gazebo/share/solarbot_gazebo/materials/textures/solar_panel_08_dust.png
[2.186s] -- Up-to-date symlink: /home/erum/solarbot_ws/install/solarbot_gazebo/share/solarbot_gazebo/materials/textures/solar_panel_09_dust.png
[2.187s] -- Up-to-date symlink: /home/erum/solarbot_ws/install/solarbot_gazebo/share/solarbot_gazebo/materials/textures/solar_panel_10_dust.png
[2.189s] -- Up-to-date symlink: /home/erum/solarbot_ws/install/solarbot_gazebo/share/solarbot_gazebo/scripts/make_texture.py
[2.190s] -- Up-to-date symlink: /home/erum/solarbot_ws/install/solarbot_gazebo/share/solarbot_gazebo/config/controllers.yaml
[2.191s] -- Up-to-date symlink: /home/erum/solarbot_ws/install/solarbot_gazebo/share/ament_index/resource_index/package_run_dependencies/solarbot_gazebo
[2.192s] -- Up-to-date symlink: /home/erum/solarbot_ws/install/solarbot_gazebo/share/ament_index/resource_index/parent_prefix_path/solarbot_gazebo
[2.193s] -- Up-to-date symlink: /home/erum/solarbot_ws/install/solarbot_gazebo/share/solarbot_gazebo/environment/ament_prefix_path.sh
[2.194s] -- Up-to-date symlink: /home/erum/solarbot_ws/install/solarbot_gazebo/share/solarbot_gazebo/environment/ament_prefix_path.dsv
[2.195s] -- Up-to-date symlink: /home/erum/solarbot_ws/install/solarbot_gazebo/share/solarbot_gazebo/environment/path.sh
[2.196s] -- Up-to-date symlink: /home/erum/solarbot_ws/install/solarbot_gazebo/share/solarbot_gazebo/environment/path.dsv
[2.197s] -- Up-to-date symlink: /home/erum/solarbot_ws/install/solarbot_gazebo/share/solarbot_gazebo/local_setup.bash
[2.197s] -- Up-to-date symlink: /home/erum/solarbot_ws/install/solarbot_gazebo/share/solarbot_gazebo/local_setup.sh
[2.198s] -- Up-to-date symlink: /home/erum/solarbot_ws/install/solarbot_gazebo/share/solarbot_gazebo/local_setup.zsh
[2.199s] -- Up-to-date symlink: /home/erum/solarbot_ws/install/solarbot_gazebo/share/solarbot_gazebo/local_setup.dsv
[2.199s] -- Symlinking: /home/erum/solarbot_ws/install/solarbot_gazebo/share/solarbot_gazebo/package.dsv
[2.218s] -- Up-to-date symlink: /home/erum/solarbot_ws/install/solarbot_gazebo/share/ament_index/resource_index/packages/solarbot_gazebo
[2.222s] -- Up-to-date symlink: /home/erum/solarbot_ws/install/solarbot_gazebo/share/solarbot_gazebo/cmake/solarbot_gazeboConfig.cmake
[2.222s] -- Up-to-date symlink: /home/erum/solarbot_ws/install/solarbot_gazebo/share/solarbot_gazebo/cmake/solarbot_gazeboConfig-version.cmake
[2.222s] -- Up-to-date symlink: /home/erum/solarbot_ws/install/solarbot_gazebo/share/solarbot_gazebo/package.xml
[2.225s] Invoked command in '/home/erum/solarbot_ws/build/solarbot_gazebo' returned '0': AMENT_PREFIX_PATH=/home/erum/solarbot_ws/install/solarbot_description:${AMENT_PREFIX_PATH} CMAKE_PREFIX_PATH=/home/erum/solarbot_ws/install/solarbot_description:/opt/ros/jazzy/opt/gz_sim_vendor:/opt/ros/jazzy/opt/gz_sensors_vendor:/opt/ros/jazzy/opt/gz_physics_vendor:/opt/ros/jazzy/opt/sdformat_vendor:/opt/ros/jazzy/opt/gz_gui_vendor:/opt/ros/jazzy/opt/gz_transport_vendor:/opt/ros/jazzy/opt/gz_rendering_vendor:/opt/ros/jazzy/opt/gz_plugin_vendor:/opt/ros/jazzy/opt/gz_fuel_tools_vendor:/opt/ros/jazzy/opt/gz_msgs_vendor:/opt/ros/jazzy/opt/gz_common_vendor:/opt/ros/jazzy/opt/gz_math_vendor:/opt/ros/jazzy/opt/gz_utils_vendor:/opt/ros/jazzy/opt/gz_tools_vendor:/opt/ros/jazzy/opt/gz_ogre_next_vendor:/opt/ros/jazzy/opt/gz_dartsim_vendor:/opt/ros/jazzy/opt/gz_cmake_vendor:/opt/ros/jazzy DEBUGINFOD_URLS=https://debuginfod.ubuntu.com /usr/bin/cmake --install /home/erum/solarbot_ws/build/solarbot_gazebo
