[1.032s] Invoking command in '/home/erum_ifti/solarbot_ws-1/src/build/solarbot_localization': PYTHONPATH=/home/erum_ifti/solarbot_ws-1/src/build/solarbot_localization/prefix_override:/usr/lib/python3/dist-packages/colcon_core/task/python/colcon_distutils_commands:/home/erum_ifti/solarbot_ws-1/src/install/solarbot_localization/lib/python3.12/site-packages:${PYTHONPATH} /usr/bin/python3 -W ignore:setup.py install is deprecated -W ignore:easy_install command is deprecated setup.py develop --editable --build-directory /home/erum_ifti/solarbot_ws-1/src/build/solarbot_localization/build --no-deps symlink_data
[1.260s] running develop
[1.378s] running egg_info
[1.378s] creating solarbot_localization.egg-info
[1.392s] writing solarbot_localization.egg-info/PKG-INFO
[1.392s] writing dependency_links to solarbot_localization.egg-info/dependency_links.txt
[1.392s] writing entry points to solarbot_localization.egg-info/entry_points.txt
[1.392s] writing requirements to solarbot_localization.egg-info/requires.txt
[1.392s] writing top-level names to solarbot_localization.egg-info/top_level.txt
[1.393s] writing manifest file 'solarbot_localization.egg-info/SOURCES.txt'
[1.416s] reading manifest file 'solarbot_localization.egg-info/SOURCES.txt'
[1.417s] writing manifest file 'solarbot_localization.egg-info/SOURCES.txt'
[1.428s] running build_ext
[1.428s] Creating /home/erum_ifti/solarbot_ws-1/src/install/solarbot_localization/lib/python3.12/site-packages/solarbot-localization.egg-link (link to .)
[1.429s] Installing odom_logger script to /home/erum_ifti/solarbot_ws-1/src/install/solarbot_localization/lib/solarbot_localization
[1.430s] Installing odom_mapper script to /home/erum_ifti/solarbot_ws-1/src/install/solarbot_localization/lib/solarbot_localization
[1.430s] Installing real_odo script to /home/erum_ifti/solarbot_ws-1/src/install/solarbot_localization/lib/solarbot_localization
[1.431s] Installing transform_detector script to /home/erum_ifti/solarbot_ws-1/src/install/solarbot_localization/lib/solarbot_localization
[1.431s] 
[1.431s] Installed /home/erum_ifti/solarbot_ws-1/src/build/solarbot_localization
[1.431s] running symlink_data
[1.431s] creating /home/erum_ifti/solarbot_ws-1/src/install/solarbot_localization/share/ament_index
[1.432s] creating /home/erum_ifti/solarbot_ws-1/src/install/solarbot_localization/share/ament_index/resource_index
[1.432s] creating /home/erum_ifti/solarbot_ws-1/src/install/solarbot_localization/share/ament_index/resource_index/packages
[1.432s] symbolically linking /home/erum_ifti/solarbot_ws-1/src/build/solarbot_localization/resource/solarbot_localization -> /home/erum_ifti/solarbot_ws-1/src/install/solarbot_localization/share/ament_index/resource_index/packages
[1.432s] symbolically linking /home/erum_ifti/solarbot_ws-1/src/build/solarbot_localization/package.xml -> /home/erum_ifti/solarbot_ws-1/src/install/solarbot_localization/share/solarbot_localization
[1.432s] creating /home/erum_ifti/solarbot_ws-1/src/install/solarbot_localization/share/solarbot_localization/launch
[1.432s] symbolically linking /home/erum_ifti/solarbot_ws-1/src/build/solarbot_localization/launch/odom_vis.launch.py -> /home/erum_ifti/solarbot_ws-1/src/install/solarbot_localization/share/solarbot_localization/launch
[1.432s] symbolically linking /home/erum_ifti/solarbot_ws-1/src/build/solarbot_localization/launch/mapping_view.launch.py -> /home/erum_ifti/solarbot_ws-1/src/install/solarbot_localization/share/solarbot_localization/launch
[1.432s] creating /home/erum_ifti/solarbot_ws-1/src/install/solarbot_localization/share/solarbot_localization/config
[1.433s] symbolically linking /home/erum_ifti/solarbot_ws-1/src/build/solarbot_localization/config/map_2odom.rviz -> /home/erum_ifti/solarbot_ws-1/src/install/solarbot_localization/share/solarbot_localization/config
[1.480s] Invoked command in '/home/erum_ifti/solarbot_ws-1/src/build/solarbot_localization' returned '0': PYTHONPATH=/home/erum_ifti/solarbot_ws-1/src/build/solarbot_localization/prefix_override:/usr/lib/python3/dist-packages/colcon_core/task/python/colcon_distutils_commands:/home/erum_ifti/solarbot_ws-1/src/install/solarbot_localization/lib/python3.12/site-packages:${PYTHONPATH} /usr/bin/python3 -W ignore:setup.py install is deprecated -W ignore:easy_install command is deprecated setup.py develop --editable --build-directory /home/erum_ifti/solarbot_ws-1/src/build/solarbot_localization/build --no-deps symlink_data
