[0.215s] Invoking command in '/home/erum/solarbot_ws/build/solarbot_hardware': CMAKE_PREFIX_PATH=${CMAKE_PREFIX_PATH}:/opt/ros/jazzy DEBUGINFOD_URLS=https://debuginfod.ubuntu.com /usr/bin/cmake --build /home/erum/solarbot_ws/build/solarbot_hardware -- -j2 -l2
[2.283s] Invoked command in '/home/erum/solarbot_ws/build/solarbot_hardware' returned '0': CMAKE_PREFIX_PATH=${CMAKE_PREFIX_PATH}:/opt/ros/jazzy DEBUGINFOD_URLS=https://debuginfod.ubuntu.com /usr/bin/cmake --build /home/erum/solarbot_ws/build/solarbot_hardware -- -j2 -l2
[2.288s] Invoking command in '/home/erum/solarbot_ws/build/solarbot_hardware': CMAKE_PREFIX_PATH=${CMAKE_PREFIX_PATH}:/opt/ros/jazzy DEBUGINFOD_URLS=https://debuginfod.ubuntu.com /usr/bin/cmake --install /home/erum/solarbot_ws/build/solarbot_hardware
[2.370s] -- Install configuration: ""
[2.386s] -- Execute custom install script
[2.386s] -- Up-to-date symlink: /home/erum/solarbot_ws/install/solarbot_hardware/share/ament_index/resource_index/package_run_dependencies/solarbot_hardware
[2.386s] -- Up-to-date symlink: /home/erum/solarbot_ws/install/solarbot_hardware/share/ament_index/resource_index/parent_prefix_path/solarbot_hardware
[2.386s] -- Up-to-date symlink: /home/erum/solarbot_ws/install/solarbot_hardware/share/solarbot_hardware/environment/ament_prefix_path.sh
[2.389s] -- Up-to-date symlink: /home/erum/solarbot_ws/install/solarbot_hardware/share/solarbot_hardware/environment/ament_prefix_path.dsv
[2.393s] -- Up-to-date symlink: /home/erum/solarbot_ws/install/solarbot_hardware/share/solarbot_hardware/environment/path.sh
[2.393s] -- Up-to-date symlink: /home/erum/solarbot_ws/install/solarbot_hardware/share/solarbot_hardware/environment/path.dsv
[2.393s] -- Up-to-date symlink: /home/erum/solarbot_ws/install/solarbot_hardware/share/solarbot_hardware/local_setup.bash
[2.395s] -- Up-to-date symlink: /home/erum/solarbot_ws/install/solarbot_hardware/share/solarbot_hardware/local_setup.sh
[2.395s] -- Up-to-date symlink: /home/erum/solarbot_ws/install/solarbot_hardware/share/solarbot_hardware/local_setup.zsh
[2.399s] -- Up-to-date symlink: /home/erum/solarbot_ws/install/solarbot_hardware/share/solarbot_hardware/local_setup.dsv
[2.399s] -- Symlinking: /home/erum/solarbot_ws/install/solarbot_hardware/share/solarbot_hardware/package.dsv
[2.541s] -- Up-to-date symlink: /home/erum/solarbot_ws/install/solarbot_hardware/share/ament_index/resource_index/packages/solarbot_hardware
[2.543s] -- Up-to-date symlink: /home/erum/solarbot_ws/install/solarbot_hardware/share/solarbot_hardware/cmake/solarbot_hardwareConfig.cmake
[2.545s] -- Up-to-date symlink: /home/erum/solarbot_ws/install/solarbot_hardware/share/solarbot_hardware/cmake/solarbot_hardwareConfig-version.cmake
[2.549s] -- Up-to-date symlink: /home/erum/solarbot_ws/install/solarbot_hardware/share/solarbot_hardware/package.xml
[2.554s] Invoked command in '/home/erum/solarbot_ws/build/solarbot_hardware' returned '0': CMAKE_PREFIX_PATH=${CMAKE_PREFIX_PATH}:/opt/ros/jazzy DEBUGINFOD_URLS=https://debuginfod.ubuntu.com /usr/bin/cmake --install /home/erum/solarbot_ws/build/solarbot_hardware
