[0.213s] Invoking command in '/home/erum/solarbot_ws/build/solarbot_sim': CMAKE_PREFIX_PATH=${CMAKE_PREFIX_PATH}:/opt/ros/jazzy DEBUGINFOD_URLS=https://debuginfod.ubuntu.com /usr/bin/cmake --build /home/erum/solarbot_ws/build/solarbot_sim -- -j2 -l2
[0.885s] Invoked command in '/home/erum/solarbot_ws/build/solarbot_sim' returned '0': CMAKE_PREFIX_PATH=${CMAKE_PREFIX_PATH}:/opt/ros/jazzy DEBUGINFOD_URLS=https://debuginfod.ubuntu.com /usr/bin/cmake --build /home/erum/solarbot_ws/build/solarbot_sim -- -j2 -l2
[0.908s] Invoking command in '/home/erum/solarbot_ws/build/solarbot_sim': CMAKE_PREFIX_PATH=${CMAKE_PREFIX_PATH}:/opt/ros/jazzy DEBUGINFOD_URLS=https://debuginfod.ubuntu.com /usr/bin/cmake --install /home/erum/solarbot_ws/build/solarbot_sim
[1.225s] -- Install configuration: ""
[1.225s] -- Execute custom install script
[1.251s] -- Up-to-date symlink: /home/erum/solarbot_ws/install/solarbot_sim/share/solarbot_sim/launch/gazebo.launch.py
[1.271s] -- Up-to-date symlink: /home/erum/solarbot_ws/install/solarbot_sim/share/solarbot_sim/launch/simulation.launch.py
[1.276s] -- Up-to-date symlink: /home/erum/solarbot_ws/install/solarbot_sim/share/solarbot_sim/worlds/rooftop.world.sdf
[1.321s] -- Up-to-date symlink: /home/erum/solarbot_ws/install/solarbot_sim/share/ament_index/resource_index/package_run_dependencies/solarbot_sim
[1.332s] -- Up-to-date symlink: /home/erum/solarbot_ws/install/solarbot_sim/share/ament_index/resource_index/parent_prefix_path/solarbot_sim
[1.343s] -- Up-to-date symlink: /home/erum/solarbot_ws/install/solarbot_sim/share/solarbot_sim/environment/ament_prefix_path.sh
[1.359s] -- Up-to-date symlink: /home/erum/solarbot_ws/install/solarbot_sim/share/solarbot_sim/environment/ament_prefix_path.dsv
[1.374s] -- Up-to-date symlink: /home/erum/solarbot_ws/install/solarbot_sim/share/solarbot_sim/environment/path.sh
[1.374s] -- Up-to-date symlink: /home/erum/solarbot_ws/install/solarbot_sim/share/solarbot_sim/environment/path.dsv
[1.383s] -- Up-to-date symlink: /home/erum/solarbot_ws/install/solarbot_sim/share/solarbot_sim/local_setup.bash
[1.387s] -- Up-to-date symlink: /home/erum/solarbot_ws/install/solarbot_sim/share/solarbot_sim/local_setup.sh
[1.392s] -- Up-to-date symlink: /home/erum/solarbot_ws/install/solarbot_sim/share/solarbot_sim/local_setup.zsh
[1.408s] -- Up-to-date symlink: /home/erum/solarbot_ws/install/solarbot_sim/share/solarbot_sim/local_setup.dsv
[1.409s] -- Symlinking: /home/erum/solarbot_ws/install/solarbot_sim/share/solarbot_sim/package.dsv
[1.857s] -- Up-to-date symlink: /home/erum/solarbot_ws/install/solarbot_sim/share/ament_index/resource_index/packages/solarbot_sim
[1.864s] -- Up-to-date symlink: /home/erum/solarbot_ws/install/solarbot_sim/share/solarbot_sim/cmake/solarbot_simConfig.cmake
[1.989s] -- Up-to-date symlink: /home/erum/solarbot_ws/install/solarbot_sim/share/solarbot_sim/cmake/solarbot_simConfig-version.cmake
[1.989s] -- Up-to-date symlink: /home/erum/solarbot_ws/install/solarbot_sim/share/solarbot_sim/package.xml
[2.014s] Invoked command in '/home/erum/solarbot_ws/build/solarbot_sim' returned '0': CMAKE_PREFIX_PATH=${CMAKE_PREFIX_PATH}:/opt/ros/jazzy DEBUGINFOD_URLS=https://debuginfod.ubuntu.com /usr/bin/cmake --install /home/erum/solarbot_ws/build/solarbot_sim
