[0.349s] Invoking command in '/home/erum/solarbot_ws/build/solarbot_navigation': CMAKE_PREFIX_PATH=${CMAKE_PREFIX_PATH}:/opt/ros/jazzy DEBUGINFOD_URLS=https://debuginfod.ubuntu.com /usr/bin/cmake --build /home/erum/solarbot_ws/build/solarbot_navigation -- -j2 -l2
[0.720s] Invoked command in '/home/erum/solarbot_ws/build/solarbot_navigation' returned '0': CMAKE_PREFIX_PATH=${CMAKE_PREFIX_PATH}:/opt/ros/jazzy DEBUGINFOD_URLS=https://debuginfod.ubuntu.com /usr/bin/cmake --build /home/erum/solarbot_ws/build/solarbot_navigation -- -j2 -l2
[0.726s] Invoking command in '/home/erum/solarbot_ws/build/solarbot_navigation': CMAKE_PREFIX_PATH=${CMAKE_PREFIX_PATH}:/opt/ros/jazzy DEBUGINFOD_URLS=https://debuginfod.ubuntu.com /usr/bin/cmake --install /home/erum/solarbot_ws/build/solarbot_navigation
[0.805s] -- Install configuration: ""
[0.815s] -- Execute custom install script
[0.815s] -- Up-to-date symlink: /home/erum/solarbot_ws/install/solarbot_navigation/share/ament_index/resource_index/package_run_dependencies/solarbot_navigation
[0.815s] -- Up-to-date symlink: /home/erum/solarbot_ws/install/solarbot_navigation/share/ament_index/resource_index/parent_prefix_path/solarbot_navigation
[0.823s] -- Up-to-date symlink: /home/erum/solarbot_ws/install/solarbot_navigation/share/solarbot_navigation/environment/ament_prefix_path.sh
[0.826s] -- Up-to-date symlink: /home/erum/solarbot_ws/install/solarbot_navigation/share/solarbot_navigation/environment/ament_prefix_path.dsv
[0.831s] -- Up-to-date symlink: /home/erum/solarbot_ws/install/solarbot_navigation/share/solarbot_navigation/environment/path.sh
[0.836s] -- Up-to-date symlink: /home/erum/solarbot_ws/install/solarbot_navigation/share/solarbot_navigation/environment/path.dsv
[0.837s] -- Up-to-date symlink: /home/erum/solarbot_ws/install/solarbot_navigation/share/solarbot_navigation/local_setup.bash
[0.839s] -- Up-to-date symlink: /home/erum/solarbot_ws/install/solarbot_navigation/share/solarbot_navigation/local_setup.sh
[0.840s] -- Up-to-date symlink: /home/erum/solarbot_ws/install/solarbot_navigation/share/solarbot_navigation/local_setup.zsh
[0.841s] -- Up-to-date symlink: /home/erum/solarbot_ws/install/solarbot_navigation/share/solarbot_navigation/local_setup.dsv
[0.841s] -- Symlinking: /home/erum/solarbot_ws/install/solarbot_navigation/share/solarbot_navigation/package.dsv
[0.908s] -- Up-to-date symlink: /home/erum/solarbot_ws/install/solarbot_navigation/share/ament_index/resource_index/packages/solarbot_navigation
[0.911s] -- Up-to-date symlink: /home/erum/solarbot_ws/install/solarbot_navigation/share/solarbot_navigation/cmake/solarbot_navigationConfig.cmake
[0.912s] -- Up-to-date symlink: /home/erum/solarbot_ws/install/solarbot_navigation/share/solarbot_navigation/cmake/solarbot_navigationConfig-version.cmake
[0.915s] -- Up-to-date symlink: /home/erum/solarbot_ws/install/solarbot_navigation/share/solarbot_navigation/package.xml
[0.920s] Invoked command in '/home/erum/solarbot_ws/build/solarbot_navigation' returned '0': CMAKE_PREFIX_PATH=${CMAKE_PREFIX_PATH}:/opt/ros/jazzy DEBUGINFOD_URLS=https://debuginfod.ubuntu.com /usr/bin/cmake --install /home/erum/solarbot_ws/build/solarbot_navigation
