[0.019s] Invoking command in '/home/erum/solarbot_ws/build/solarbot_gazebo': AMENT_PREFIX_PATH=/home/erum/solarbot_ws/install/solarbot_description:${AMENT_PREFIX_PATH} CMAKE_PREFIX_PATH=/home/erum/solarbot_ws/install/solarbot_description:/opt/ros/jazzy/opt/gz_sim_vendor:/opt/ros/jazzy/opt/gz_sensors_vendor:/opt/ros/jazzy/opt/gz_physics_vendor:/opt/ros/jazzy/opt/sdformat_vendor:/opt/ros/jazzy/opt/gz_gui_vendor:/opt/ros/jazzy/opt/gz_transport_vendor:/opt/ros/jazzy/opt/gz_rendering_vendor:/opt/ros/jazzy/opt/gz_plugin_vendor:/opt/ros/jazzy/opt/gz_fuel_tools_vendor:/opt/ros/jazzy/opt/gz_msgs_vendor:/opt/ros/jazzy/opt/gz_common_vendor:/opt/ros/jazzy/opt/gz_math_vendor:/opt/ros/jazzy/opt/gz_utils_vendor:/opt/ros/jazzy/opt/gz_tools_vendor:/opt/ros/jazzy/opt/gz_ogre_next_vendor:/opt/ros/jazzy/opt/gz_dartsim_vendor:/opt/ros/jazzy/opt/gz_cmake_vendor:/opt/ros/jazzy DEBUGINFOD_URLS=https://debuginfod.ubuntu.com /usr/bin/cmake /home/erum/solarbot_ws/src/solarbot_gazebo -DAMENT_CMAKE_SYMLINK_INSTALL=1 -DCMAKE_INSTALL_PREFIX=/home/erum/solarbot_ws/install/solarbot_gazebo
[0.132s] -- The C compiler identification is GNU 13.3.0
[0.350s] -- The CXX compiler identification is GNU 13.3.0
[0.411s] -- Detecting C compiler ABI info
[0.568s] -- Detecting C compiler ABI info - done
[0.579s] -- Check for working C compiler: /usr/bin/cc - skipped
[0.580s] -- Detecting C compile features
[0.580s] -- Detecting C compile features - done
[0.599s] -- Detecting CXX compiler ABI info
[0.804s] -- Detecting CXX compiler ABI info - done
[0.840s] -- Check for working CXX compiler: /usr/bin/c++ - skipped
[0.840s] -- Detecting CXX compile features
[0.840s] -- Detecting CXX compile features - done
[0.858s] -- Found ament_cmake: 2.5.4 (/opt/ros/jazzy/share/ament_cmake/cmake)
[1.489s] -- Found Python3: /usr/bin/python3 (found version "3.12.3") found components: Interpreter 
[1.624s] -- Override CMake install command with custom implementation using symlinks instead of copying resources
[1.847s] -- Configuring incomplete, errors occurred!
[1.849s] [31mCMake Error at /opt/ros/jazzy/share/ament_cmake_core/cmake/core/ament_package_xml.cmake:53 (message):
[1.849s]   ament_package_xml() package name 'solarbot_gazebo' in '/package.xml' does
[1.849s]   not match current PROJECT_NAME 'solarbot_sim'.  You must call project()
[1.849s]   with the same package name before.
[1.849s] Call Stack (most recent call first):
[1.849s]   /opt/ros/jazzy/share/ament_cmake_core/cmake/core/ament_package.cmake:63 (ament_package_xml)
[1.849s]   CMakeLists.txt:16 (ament_package)
[1.849s] 
[1.849s] [0m
[1.858s] Invoked command in '/home/erum/solarbot_ws/build/solarbot_gazebo' returned '1': AMENT_PREFIX_PATH=/home/erum/solarbot_ws/install/solarbot_description:${AMENT_PREFIX_PATH} CMAKE_PREFIX_PATH=/home/erum/solarbot_ws/install/solarbot_description:/opt/ros/jazzy/opt/gz_sim_vendor:/opt/ros/jazzy/opt/gz_sensors_vendor:/opt/ros/jazzy/opt/gz_physics_vendor:/opt/ros/jazzy/opt/sdformat_vendor:/opt/ros/jazzy/opt/gz_gui_vendor:/opt/ros/jazzy/opt/gz_transport_vendor:/opt/ros/jazzy/opt/gz_rendering_vendor:/opt/ros/jazzy/opt/gz_plugin_vendor:/opt/ros/jazzy/opt/gz_fuel_tools_vendor:/opt/ros/jazzy/opt/gz_msgs_vendor:/opt/ros/jazzy/opt/gz_common_vendor:/opt/ros/jazzy/opt/gz_math_vendor:/opt/ros/jazzy/opt/gz_utils_vendor:/opt/ros/jazzy/opt/gz_tools_vendor:/opt/ros/jazzy/opt/gz_ogre_next_vendor:/opt/ros/jazzy/opt/gz_dartsim_vendor:/opt/ros/jazzy/opt/gz_cmake_vendor:/opt/ros/jazzy DEBUGINFOD_URLS=https://debuginfod.ubuntu.com /usr/bin/cmake /home/erum/solarbot_ws/src/solarbot_gazebo -DAMENT_CMAKE_SYMLINK_INSTALL=1 -DCMAKE_INSTALL_PREFIX=/home/erum/solarbot_ws/install/solarbot_gazebo
