[0.142s] Invoking command in '/home/erum_ifti/solarbot_ws-1/src/build/solarbot_cleaning': CMAKE_PREFIX_PATH=${CMAKE_PREFIX_PATH}:/home/erum_ifti/solarbot_ws-1/src/install/solarbot_safety:/home/erum_ifti/solarbot_ws-1/src/install/solarbot_localization:/home/erum_ifti/solarbot_ws-1/install/solarbot_safety:/home/erum_ifti/solarbot_ws-1/install/solarbot_mapping:/home/erum_ifti/solarbot_ws-1/install/solarbot_localization:/opt/ros/jazzy /usr/bin/cmake --build /home/erum_ifti/solarbot_ws-1/src/build/solarbot_cleaning -- -j16 -l16
[1.165s] Invoked command in '/home/erum_ifti/solarbot_ws-1/src/build/solarbot_cleaning' returned '0': CMAKE_PREFIX_PATH=${CMAKE_PREFIX_PATH}:/home/erum_ifti/solarbot_ws-1/src/install/solarbot_safety:/home/erum_ifti/solarbot_ws-1/src/install/solarbot_localization:/home/erum_ifti/solarbot_ws-1/install/solarbot_safety:/home/erum_ifti/solarbot_ws-1/install/solarbot_mapping:/home/erum_ifti/solarbot_ws-1/install/solarbot_localization:/opt/ros/jazzy /usr/bin/cmake --build /home/erum_ifti/solarbot_ws-1/src/build/solarbot_cleaning -- -j16 -l16
[1.171s] Invoking command in '/home/erum_ifti/solarbot_ws-1/src/build/solarbot_cleaning': CMAKE_PREFIX_PATH=${CMAKE_PREFIX_PATH}:/home/erum_ifti/solarbot_ws-1/src/install/solarbot_safety:/home/erum_ifti/solarbot_ws-1/src/install/solarbot_localization:/home/erum_ifti/solarbot_ws-1/install/solarbot_safety:/home/erum_ifti/solarbot_ws-1/install/solarbot_mapping:/home/erum_ifti/solarbot_ws-1/install/solarbot_localization:/opt/ros/jazzy /usr/bin/cmake --install /home/erum_ifti/solarbot_ws-1/src/build/solarbot_cleaning
[1.191s] -- Install configuration: ""
[1.193s] -- Execute custom install script
[1.197s] -- Up-to-date symlink: /home/erum_ifti/solarbot_ws-1/src/install/solarbot_cleaning/share/ament_index/resource_index/package_run_dependencies/solarbot_cleaning
[1.199s] -- Up-to-date symlink: /home/erum_ifti/solarbot_ws-1/src/install/solarbot_cleaning/share/ament_index/resource_index/parent_prefix_path/solarbot_cleaning
[1.201s] -- Up-to-date symlink: /home/erum_ifti/solarbot_ws-1/src/install/solarbot_cleaning/share/solarbot_cleaning/environment/ament_prefix_path.sh
[1.204s] -- Up-to-date symlink: /home/erum_ifti/solarbot_ws-1/src/install/solarbot_cleaning/share/solarbot_cleaning/environment/ament_prefix_path.dsv
[1.204s] -- Up-to-date symlink: /home/erum_ifti/solarbot_ws-1/src/install/solarbot_cleaning/share/solarbot_cleaning/environment/path.sh
[1.207s] -- Up-to-date symlink: /home/erum_ifti/solarbot_ws-1/src/install/solarbot_cleaning/share/solarbot_cleaning/environment/path.dsv
[1.208s] -- Up-to-date symlink: /home/erum_ifti/solarbot_ws-1/src/install/solarbot_cleaning/share/solarbot_cleaning/local_setup.bash
[1.210s] -- Up-to-date symlink: /home/erum_ifti/solarbot_ws-1/src/install/solarbot_cleaning/share/solarbot_cleaning/local_setup.sh
[1.213s] -- Up-to-date symlink: /home/erum_ifti/solarbot_ws-1/src/install/solarbot_cleaning/share/solarbot_cleaning/local_setup.zsh
[1.213s] -- Up-to-date symlink: /home/erum_ifti/solarbot_ws-1/src/install/solarbot_cleaning/share/solarbot_cleaning/local_setup.dsv
[1.213s] -- Symlinking: /home/erum_ifti/solarbot_ws-1/src/install/solarbot_cleaning/share/solarbot_cleaning/package.dsv
[1.235s] -- Up-to-date symlink: /home/erum_ifti/solarbot_ws-1/src/install/solarbot_cleaning/share/ament_index/resource_index/packages/solarbot_cleaning
[1.237s] -- Up-to-date symlink: /home/erum_ifti/solarbot_ws-1/src/install/solarbot_cleaning/share/solarbot_cleaning/cmake/solarbot_cleaningConfig.cmake
[1.239s] -- Up-to-date symlink: /home/erum_ifti/solarbot_ws-1/src/install/solarbot_cleaning/share/solarbot_cleaning/cmake/solarbot_cleaningConfig-version.cmake
[1.239s] -- Up-to-date symlink: /home/erum_ifti/solarbot_ws-1/src/install/solarbot_cleaning/share/solarbot_cleaning/package.xml
[1.306s] Invoked command in '/home/erum_ifti/solarbot_ws-1/src/build/solarbot_cleaning' returned '0': CMAKE_PREFIX_PATH=${CMAKE_PREFIX_PATH}:/home/erum_ifti/solarbot_ws-1/src/install/solarbot_safety:/home/erum_ifti/solarbot_ws-1/src/install/solarbot_localization:/home/erum_ifti/solarbot_ws-1/install/solarbot_safety:/home/erum_ifti/solarbot_ws-1/install/solarbot_mapping:/home/erum_ifti/solarbot_ws-1/install/solarbot_localization:/opt/ros/jazzy /usr/bin/cmake --install /home/erum_ifti/solarbot_ws-1/src/build/solarbot_cleaning
