[0.135s] Invoking command in '/home/erum/solarbot_ws/build/solarbot_description': CMAKE_PREFIX_PATH=${CMAKE_PREFIX_PATH}:/opt/ros/jazzy DEBUGINFOD_URLS=https://debuginfod.ubuntu.com /usr/bin/cmake /home/erum/solarbot_ws/src/solarbot_description -DCMAKE_INSTALL_PREFIX=/home/erum/solarbot_ws/install/solarbot_description
[0.448s] -- The C compiler identification is GNU 13.3.0
[0.714s] -- The CXX compiler identification is GNU 13.3.0
[0.819s] -- Detecting C compiler ABI info
[1.349s] -- Detecting C compiler ABI info - done
[1.365s] -- Check for working C compiler: /usr/bin/cc - skipped
[1.370s] -- Detecting C compile features
[1.370s] -- Detecting C compile features - done
[1.454s] -- Detecting CXX compiler ABI info
[1.922s] -- Detecting CXX compiler ABI info - done
[1.942s] -- Check for working CXX compiler: /usr/bin/c++ - skipped
[1.943s] -- Detecting CXX compile features
[1.944s] -- Detecting CXX compile features - done
[1.966s] -- Found ament_cmake: 2.5.4 (/opt/ros/jazzy/share/ament_cmake/cmake)
[2.630s] -- Found Python3: /usr/bin/python3 (found version "3.12.3") found components: Interpreter 
[3.160s] -- Found ament_lint_auto: 0.17.3 (/opt/ros/jazzy/share/ament_lint_auto/cmake)
[3.573s] -- Added test 'lint_cmake' to check CMake code style
[3.583s] -- Added test 'xmllint' to check XML markup files
[3.599s] -- Configuring done (3.4s)
[3.648s] -- Generating done (0.0s)
[3.658s] -- Build files have been written to: /home/erum/solarbot_ws/build/solarbot_description
[3.676s] Invoked command in '/home/erum/solarbot_ws/build/solarbot_description' returned '0': CMAKE_PREFIX_PATH=${CMAKE_PREFIX_PATH}:/opt/ros/jazzy DEBUGINFOD_URLS=https://debuginfod.ubuntu.com /usr/bin/cmake /home/erum/solarbot_ws/src/solarbot_description -DCMAKE_INSTALL_PREFIX=/home/erum/solarbot_ws/install/solarbot_description
[3.677s] Invoking command in '/home/erum/solarbot_ws/build/solarbot_description': CMAKE_PREFIX_PATH=${CMAKE_PREFIX_PATH}:/opt/ros/jazzy DEBUGINFOD_URLS=https://debuginfod.ubuntu.com /usr/bin/cmake --build /home/erum/solarbot_ws/build/solarbot_description -- -j2 -l2
[3.947s] Invoked command in '/home/erum/solarbot_ws/build/solarbot_description' returned '0': CMAKE_PREFIX_PATH=${CMAKE_PREFIX_PATH}:/opt/ros/jazzy DEBUGINFOD_URLS=https://debuginfod.ubuntu.com /usr/bin/cmake --build /home/erum/solarbot_ws/build/solarbot_description -- -j2 -l2
[3.949s] Invoking command in '/home/erum/solarbot_ws/build/solarbot_description': CMAKE_PREFIX_PATH=${CMAKE_PREFIX_PATH}:/opt/ros/jazzy DEBUGINFOD_URLS=https://debuginfod.ubuntu.com /usr/bin/cmake --install /home/erum/solarbot_ws/build/solarbot_description
[3.988s] -- Install configuration: ""
[3.991s] -- Installing: /home/erum/solarbot_ws/install/solarbot_description/share/ament_index/resource_index/package_run_dependencies/solarbot_description
[3.993s] -- Installing: /home/erum/solarbot_ws/install/solarbot_description/share/ament_index/resource_index/parent_prefix_path/solarbot_description
[3.995s] -- Installing: /home/erum/solarbot_ws/install/solarbot_description/share/solarbot_description/environment/ament_prefix_path.sh
[3.996s] -- Installing: /home/erum/solarbot_ws/install/solarbot_description/share/solarbot_description/environment/ament_prefix_path.dsv
[3.996s] -- Installing: /home/erum/solarbot_ws/install/solarbot_description/share/solarbot_description/environment/path.sh
[3.999s] -- Installing: /home/erum/solarbot_ws/install/solarbot_description/share/solarbot_description/environment/path.dsv
[4.003s] -- Installing: /home/erum/solarbot_ws/install/solarbot_description/share/solarbot_description/local_setup.bash
[4.004s] -- Installing: /home/erum/solarbot_ws/install/solarbot_description/share/solarbot_description/local_setup.sh
[4.004s] -- Installing: /home/erum/solarbot_ws/install/solarbot_description/share/solarbot_description/local_setup.zsh
[4.004s] -- Installing: /home/erum/solarbot_ws/install/solarbot_description/share/solarbot_description/local_setup.dsv
[4.004s] -- Installing: /home/erum/solarbot_ws/install/solarbot_description/share/solarbot_description/package.dsv
[4.005s] -- Installing: /home/erum/solarbot_ws/install/solarbot_description/share/ament_index/resource_index/packages/solarbot_description
[4.008s] -- Installing: /home/erum/solarbot_ws/install/solarbot_description/share/solarbot_description/cmake/solarbot_descriptionConfig.cmake
[4.012s] -- Installing: /home/erum/solarbot_ws/install/solarbot_description/share/solarbot_description/cmake/solarbot_descriptionConfig-version.cmake
[4.017s] -- Installing: /home/erum/solarbot_ws/install/solarbot_description/share/solarbot_description/package.xml
[4.031s] Invoked command in '/home/erum/solarbot_ws/build/solarbot_description' returned '0': CMAKE_PREFIX_PATH=${CMAKE_PREFIX_PATH}:/opt/ros/jazzy DEBUGINFOD_URLS=https://debuginfod.ubuntu.com /usr/bin/cmake --install /home/erum/solarbot_ws/build/solarbot_description
