-- The C compiler identification is GNU 13.3.0
-- The CXX compiler identification is GNU 13.3.0
-- Detecting C compiler ABI info
-- Detecting C compiler ABI info - done
-- Check for working C compiler: /usr/bin/cc - skipped
-- Detecting C compile features
-- Detecting C compile features - done
-- Detecting CXX compiler ABI info
-- Detecting CXX compiler ABI info - done
-- Check for working CXX compiler: /usr/bin/c++ - skipped
-- Detecting CXX compile features
-- Detecting CXX compile features - done
-- Found ament_cmake: 2.5.4 (/opt/ros/jazzy/share/ament_cmake/cmake)
-- Found Python3: /usr/bin/python3 (found version "3.12.3") found components: Interpreter 
-- Override CMake install command with custom implementation using symlinks instead of copying resources
-- Configuring done (4.0s)
-- Generating done (0.0s)
-- Build files have been written to: /home/erum/solarbot_ws/build/solarbot_sim
-- Install configuration: ""
-- Execute custom install script
-- Symlinking: /home/erum/solarbot_ws/install/solarbot_sim/share/ament_index/resource_index/package_run_dependencies/solarbot_sim
-- Symlinking: /home/erum/solarbot_ws/install/solarbot_sim/share/ament_index/resource_index/parent_prefix_path/solarbot_sim
-- Symlinking: /home/erum/solarbot_ws/install/solarbot_sim/share/solarbot_sim/environment/ament_prefix_path.sh
-- Symlinking: /home/erum/solarbot_ws/install/solarbot_sim/share/solarbot_sim/environment/ament_prefix_path.dsv
-- Symlinking: /home/erum/solarbot_ws/install/solarbot_sim/share/solarbot_sim/environment/path.sh
-- Symlinking: /home/erum/solarbot_ws/install/solarbot_sim/share/solarbot_sim/environment/path.dsv
-- Symlinking: /home/erum/solarbot_ws/install/solarbot_sim/share/solarbot_sim/local_setup.bash
-- Symlinking: /home/erum/solarbot_ws/install/solarbot_sim/share/solarbot_sim/local_setup.sh
-- Symlinking: /home/erum/solarbot_ws/install/solarbot_sim/share/solarbot_sim/local_setup.zsh
-- Symlinking: /home/erum/solarbot_ws/install/solarbot_sim/share/solarbot_sim/local_setup.dsv
-- Symlinking: /home/erum/solarbot_ws/install/solarbot_sim/share/solarbot_sim/package.dsv
-- Symlinking: /home/erum/solarbot_ws/install/solarbot_sim/share/ament_index/resource_index/packages/solarbot_sim
-- Symlinking: /home/erum/solarbot_ws/install/solarbot_sim/share/solarbot_sim/cmake/solarbot_simConfig.cmake
-- Symlinking: /home/erum/solarbot_ws/install/solarbot_sim/share/solarbot_sim/cmake/solarbot_simConfig-version.cmake
-- Symlinking: /home/erum/solarbot_ws/install/solarbot_sim/share/solarbot_sim/package.xml
