[0.044s] Invoking command in '/home/erum/solarbot_ws/build/solarbot_hardware': CMAKE_PREFIX_PATH=${CMAKE_PREFIX_PATH}:/opt/ros/jazzy DEBUGINFOD_URLS=https://debuginfod.ubuntu.com /usr/bin/cmake --build /home/erum/solarbot_ws/build/solarbot_hardware -- -j2 -l2
[0.162s] Invoked command in '/home/erum/solarbot_ws/build/solarbot_hardware' returned '0': CMAKE_PREFIX_PATH=${CMAKE_PREFIX_PATH}:/opt/ros/jazzy DEBUGINFOD_URLS=https://debuginfod.ubuntu.com /usr/bin/cmake --build /home/erum/solarbot_ws/build/solarbot_hardware -- -j2 -l2
[0.164s] Invoking command in '/home/erum/solarbot_ws/build/solarbot_hardware': CMAKE_PREFIX_PATH=${CMAKE_PREFIX_PATH}:/opt/ros/jazzy DEBUGINFOD_URLS=https://debuginfod.ubuntu.com /usr/bin/cmake --install /home/erum/solarbot_ws/build/solarbot_hardware
[0.178s] -- Install configuration: ""
[0.180s] -- Execute custom install script
[0.182s] -- Up-to-date symlink: /home/erum/solarbot_ws/install/solarbot_hardware/share/ament_index/resource_index/package_run_dependencies/solarbot_hardware
[0.182s] -- Up-to-date symlink: /home/erum/solarbot_ws/install/solarbot_hardware/share/ament_index/resource_index/parent_prefix_path/solarbot_hardware
[0.182s] -- Up-to-date symlink: /home/erum/solarbot_ws/install/solarbot_hardware/share/solarbot_hardware/environment/ament_prefix_path.sh
[0.183s] -- Up-to-date symlink: /home/erum/solarbot_ws/install/solarbot_hardware/share/solarbot_hardware/environment/ament_prefix_path.dsv
[0.184s] -- Up-to-date symlink: /home/erum/solarbot_ws/install/solarbot_hardware/share/solarbot_hardware/environment/path.sh
[0.185s] -- Up-to-date symlink: /home/erum/solarbot_ws/install/solarbot_hardware/share/solarbot_hardware/environment/path.dsv
[0.187s] -- Up-to-date symlink: /home/erum/solarbot_ws/install/solarbot_hardware/share/solarbot_hardware/local_setup.bash
[0.188s] -- Up-to-date symlink: /home/erum/solarbot_ws/install/solarbot_hardware/share/solarbot_hardware/local_setup.sh
[0.188s] -- Up-to-date symlink: /home/erum/solarbot_ws/install/solarbot_hardware/share/solarbot_hardware/local_setup.zsh
[0.189s] -- Up-to-date symlink: /home/erum/solarbot_ws/install/solarbot_hardware/share/solarbot_hardware/local_setup.dsv
[0.190s] -- Symlinking: /home/erum/solarbot_ws/install/solarbot_hardware/share/solarbot_hardware/package.dsv
[0.224s] -- Up-to-date symlink: /home/erum/solarbot_ws/install/solarbot_hardware/share/ament_index/resource_index/packages/solarbot_hardware
[0.228s] -- Up-to-date symlink: /home/erum/solarbot_ws/install/solarbot_hardware/share/solarbot_hardware/cmake/solarbot_hardwareConfig.cmake
[0.229s] -- Up-to-date symlink: /home/erum/solarbot_ws/install/solarbot_hardware/share/solarbot_hardware/cmake/solarbot_hardwareConfig-version.cmake
[0.230s] -- Up-to-date symlink: /home/erum/solarbot_ws/install/solarbot_hardware/share/solarbot_hardware/package.xml
[0.252s] Invoked command in '/home/erum/solarbot_ws/build/solarbot_hardware' returned '0': CMAKE_PREFIX_PATH=${CMAKE_PREFIX_PATH}:/opt/ros/jazzy DEBUGINFOD_URLS=https://debuginfod.ubuntu.com /usr/bin/cmake --install /home/erum/solarbot_ws/build/solarbot_hardware
