-- Found ament_cmake: 2.5.4 (/opt/ros/jazzy/share/ament_cmake/cmake)
-- Override CMake install command with custom implementation using symlinks instead of copying resources
-- Found ament_lint_auto: 0.17.3 (/opt/ros/jazzy/share/ament_lint_auto/cmake)
-- Added test 'lint_cmake' to check CMake code style
-- Added test 'xmllint' to check XML markup files
-- Configuring done (2.0s)
-- Generating done (0.1s)
-- Build files have been written to: /home/erum/solarbot_ws/build/solarbot_bringup
-- Install configuration: ""
-- Execute custom install script
-- Symlinking: /home/erum/solarbot_ws/install/solarbot_bringup/share/ament_index/resource_index/package_run_dependencies/solarbot_bringup
-- Symlinking: /home/erum/solarbot_ws/install/solarbot_bringup/share/ament_index/resource_index/parent_prefix_path/solarbot_bringup
-- Symlinking: /home/erum/solarbot_ws/install/solarbot_bringup/share/solarbot_bringup/environment/ament_prefix_path.sh
-- Symlinking: /home/erum/solarbot_ws/install/solarbot_bringup/share/solarbot_bringup/environment/ament_prefix_path.dsv
-- Symlinking: /home/erum/solarbot_ws/install/solarbot_bringup/share/solarbot_bringup/environment/path.sh
-- Symlinking: /home/erum/solarbot_ws/install/solarbot_bringup/share/solarbot_bringup/environment/path.dsv
-- Symlinking: /home/erum/solarbot_ws/install/solarbot_bringup/share/solarbot_bringup/local_setup.bash
-- Symlinking: /home/erum/solarbot_ws/install/solarbot_bringup/share/solarbot_bringup/local_setup.sh
-- Symlinking: /home/erum/solarbot_ws/install/solarbot_bringup/share/solarbot_bringup/local_setup.zsh
-- Symlinking: /home/erum/solarbot_ws/install/solarbot_bringup/share/solarbot_bringup/local_setup.dsv
-- Symlinking: /home/erum/solarbot_ws/install/solarbot_bringup/share/solarbot_bringup/package.dsv
-- Symlinking: /home/erum/solarbot_ws/install/solarbot_bringup/share/ament_index/resource_index/packages/solarbot_bringup
-- Symlinking: /home/erum/solarbot_ws/install/solarbot_bringup/share/solarbot_bringup/cmake/solarbot_bringupConfig.cmake
-- Symlinking: /home/erum/solarbot_ws/install/solarbot_bringup/share/solarbot_bringup/cmake/solarbot_bringupConfig-version.cmake
-- Symlinking: /home/erum/solarbot_ws/install/solarbot_bringup/share/solarbot_bringup/package.xml
