[0.048s] Invoking command in '/home/erum_ifti/solarbot_ws-1/src/build/solarbot_hardware': CMAKE_PREFIX_PATH=${CMAKE_PREFIX_PATH}:/home/erum_ifti/solarbot_ws-1/src/install/solarbot_safety:/home/erum_ifti/solarbot_ws-1/src/install/solarbot_localization:/home/erum_ifti/solarbot_ws-1/install/solarbot_safety:/home/erum_ifti/solarbot_ws-1/install/solarbot_mapping:/home/erum_ifti/solarbot_ws-1/install/solarbot_localization:/opt/ros/jazzy /usr/bin/cmake --build /home/erum_ifti/solarbot_ws-1/src/build/solarbot_hardware -- -j16 -l16
[0.264s] Invoked command in '/home/erum_ifti/solarbot_ws-1/src/build/solarbot_hardware' returned '0': CMAKE_PREFIX_PATH=${CMAKE_PREFIX_PATH}:/home/erum_ifti/solarbot_ws-1/src/install/solarbot_safety:/home/erum_ifti/solarbot_ws-1/src/install/solarbot_localization:/home/erum_ifti/solarbot_ws-1/install/solarbot_safety:/home/erum_ifti/solarbot_ws-1/install/solarbot_mapping:/home/erum_ifti/solarbot_ws-1/install/solarbot_localization:/opt/ros/jazzy /usr/bin/cmake --build /home/erum_ifti/solarbot_ws-1/src/build/solarbot_hardware -- -j16 -l16
[0.267s] Invoking command in '/home/erum_ifti/solarbot_ws-1/src/build/solarbot_hardware': CMAKE_PREFIX_PATH=${CMAKE_PREFIX_PATH}:/home/erum_ifti/solarbot_ws-1/src/install/solarbot_safety:/home/erum_ifti/solarbot_ws-1/src/install/solarbot_localization:/home/erum_ifti/solarbot_ws-1/install/solarbot_safety:/home/erum_ifti/solarbot_ws-1/install/solarbot_mapping:/home/erum_ifti/solarbot_ws-1/install/solarbot_localization:/opt/ros/jazzy /usr/bin/cmake --install /home/erum_ifti/solarbot_ws-1/src/build/solarbot_hardware
[0.433s] -- Install configuration: ""
[0.434s] -- Execute custom install script
[0.434s] -- Up-to-date symlink: /home/erum_ifti/solarbot_ws-1/src/install/solarbot_hardware/share/ament_index/resource_index/package_run_dependencies/solarbot_hardware
[0.434s] -- Up-to-date symlink: /home/erum_ifti/solarbot_ws-1/src/install/solarbot_hardware/share/ament_index/resource_index/parent_prefix_path/solarbot_hardware
[0.434s] -- Up-to-date symlink: /home/erum_ifti/solarbot_ws-1/src/install/solarbot_hardware/share/solarbot_hardware/environment/ament_prefix_path.sh
[0.434s] -- Up-to-date symlink: /home/erum_ifti/solarbot_ws-1/src/install/solarbot_hardware/share/solarbot_hardware/environment/ament_prefix_path.dsv
[0.434s] -- Up-to-date symlink: /home/erum_ifti/solarbot_ws-1/src/install/solarbot_hardware/share/solarbot_hardware/environment/path.sh
[0.434s] -- Up-to-date symlink: /home/erum_ifti/solarbot_ws-1/src/install/solarbot_hardware/share/solarbot_hardware/environment/path.dsv
[0.434s] -- Up-to-date symlink: /home/erum_ifti/solarbot_ws-1/src/install/solarbot_hardware/share/solarbot_hardware/local_setup.bash
[0.434s] -- Up-to-date symlink: /home/erum_ifti/solarbot_ws-1/src/install/solarbot_hardware/share/solarbot_hardware/local_setup.sh
[0.434s] -- Up-to-date symlink: /home/erum_ifti/solarbot_ws-1/src/install/solarbot_hardware/share/solarbot_hardware/local_setup.zsh
[0.434s] -- Up-to-date symlink: /home/erum_ifti/solarbot_ws-1/src/install/solarbot_hardware/share/solarbot_hardware/local_setup.dsv
[0.435s] -- Symlinking: /home/erum_ifti/solarbot_ws-1/src/install/solarbot_hardware/share/solarbot_hardware/package.dsv
[0.435s] -- Up-to-date symlink: /home/erum_ifti/solarbot_ws-1/src/install/solarbot_hardware/share/ament_index/resource_index/packages/solarbot_hardware
[0.435s] -- Up-to-date symlink: /home/erum_ifti/solarbot_ws-1/src/install/solarbot_hardware/share/solarbot_hardware/cmake/solarbot_hardwareConfig.cmake
[0.435s] -- Up-to-date symlink: /home/erum_ifti/solarbot_ws-1/src/install/solarbot_hardware/share/solarbot_hardware/cmake/solarbot_hardwareConfig-version.cmake
[0.435s] -- Up-to-date symlink: /home/erum_ifti/solarbot_ws-1/src/install/solarbot_hardware/share/solarbot_hardware/package.xml
[0.475s] Invoked command in '/home/erum_ifti/solarbot_ws-1/src/build/solarbot_hardware' returned '0': CMAKE_PREFIX_PATH=${CMAKE_PREFIX_PATH}:/home/erum_ifti/solarbot_ws-1/src/install/solarbot_safety:/home/erum_ifti/solarbot_ws-1/src/install/solarbot_localization:/home/erum_ifti/solarbot_ws-1/install/solarbot_safety:/home/erum_ifti/solarbot_ws-1/install/solarbot_mapping:/home/erum_ifti/solarbot_ws-1/install/solarbot_localization:/opt/ros/jazzy /usr/bin/cmake --install /home/erum_ifti/solarbot_ws-1/src/build/solarbot_hardware
