[0.144s] Invoking command in '/home/erum/solarbot_ws/build/solarbot_sim': CMAKE_PREFIX_PATH=${CMAKE_PREFIX_PATH}:/opt/ros/jazzy DEBUGINFOD_URLS=https://debuginfod.ubuntu.com /usr/bin/cmake --build /home/erum/solarbot_ws/build/solarbot_sim -- -j2 -l2
[0.524s] Invoked command in '/home/erum/solarbot_ws/build/solarbot_sim' returned '0': CMAKE_PREFIX_PATH=${CMAKE_PREFIX_PATH}:/opt/ros/jazzy DEBUGINFOD_URLS=https://debuginfod.ubuntu.com /usr/bin/cmake --build /home/erum/solarbot_ws/build/solarbot_sim -- -j2 -l2
[0.542s] Invoking command in '/home/erum/solarbot_ws/build/solarbot_sim': CMAKE_PREFIX_PATH=${CMAKE_PREFIX_PATH}:/opt/ros/jazzy DEBUGINFOD_URLS=https://debuginfod.ubuntu.com /usr/bin/cmake --install /home/erum/solarbot_ws/build/solarbot_sim
[0.589s] -- Install configuration: ""
[0.599s] -- Execute custom install script
[0.602s] -- Up-to-date symlink: /home/erum/solarbot_ws/install/solarbot_sim/share/solarbot_sim/launch/gazebo.launch.py
[0.606s] -- Up-to-date symlink: /home/erum/solarbot_ws/install/solarbot_sim/share/solarbot_sim/launch/simulation.launch.py
[0.607s] -- Up-to-date symlink: /home/erum/solarbot_ws/install/solarbot_sim/share/solarbot_sim/worlds/rooftop.world.sdf
[0.611s] -- Up-to-date symlink: /home/erum/solarbot_ws/install/solarbot_sim/share/ament_index/resource_index/package_run_dependencies/solarbot_sim
[0.615s] -- Up-to-date symlink: /home/erum/solarbot_ws/install/solarbot_sim/share/ament_index/resource_index/parent_prefix_path/solarbot_sim
[0.616s] -- Up-to-date symlink: /home/erum/solarbot_ws/install/solarbot_sim/share/solarbot_sim/environment/ament_prefix_path.sh
[0.618s] -- Up-to-date symlink: /home/erum/solarbot_ws/install/solarbot_sim/share/solarbot_sim/environment/ament_prefix_path.dsv
[0.619s] -- Up-to-date symlink: /home/erum/solarbot_ws/install/solarbot_sim/share/solarbot_sim/environment/path.sh
[0.621s] -- Up-to-date symlink: /home/erum/solarbot_ws/install/solarbot_sim/share/solarbot_sim/environment/path.dsv
[0.625s] -- Up-to-date symlink: /home/erum/solarbot_ws/install/solarbot_sim/share/solarbot_sim/local_setup.bash
[0.628s] -- Up-to-date symlink: /home/erum/solarbot_ws/install/solarbot_sim/share/solarbot_sim/local_setup.sh
[0.629s] -- Up-to-date symlink: /home/erum/solarbot_ws/install/solarbot_sim/share/solarbot_sim/local_setup.zsh
[0.629s] -- Up-to-date symlink: /home/erum/solarbot_ws/install/solarbot_sim/share/solarbot_sim/local_setup.dsv
[0.630s] -- Symlinking: /home/erum/solarbot_ws/install/solarbot_sim/share/solarbot_sim/package.dsv
[0.702s] -- Up-to-date symlink: /home/erum/solarbot_ws/install/solarbot_sim/share/ament_index/resource_index/packages/solarbot_sim
[0.706s] -- Up-to-date symlink: /home/erum/solarbot_ws/install/solarbot_sim/share/solarbot_sim/cmake/solarbot_simConfig.cmake
[0.707s] -- Up-to-date symlink: /home/erum/solarbot_ws/install/solarbot_sim/share/solarbot_sim/cmake/solarbot_simConfig-version.cmake
[0.707s] -- Up-to-date symlink: /home/erum/solarbot_ws/install/solarbot_sim/share/solarbot_sim/package.xml
[0.769s] Invoked command in '/home/erum/solarbot_ws/build/solarbot_sim' returned '0': CMAKE_PREFIX_PATH=${CMAKE_PREFIX_PATH}:/opt/ros/jazzy DEBUGINFOD_URLS=https://debuginfod.ubuntu.com /usr/bin/cmake --install /home/erum/solarbot_ws/build/solarbot_sim
