[0.044s] Invoking command in '/home/erum/solarbot_ws/build/solarbot_msgs': CMAKE_PREFIX_PATH=${CMAKE_PREFIX_PATH}:/opt/ros/jazzy DEBUGINFOD_URLS=https://debuginfod.ubuntu.com /usr/bin/cmake --build /home/erum/solarbot_ws/build/solarbot_msgs -- -j2 -l2
[0.128s] Invoked command in '/home/erum/solarbot_ws/build/solarbot_msgs' returned '0': CMAKE_PREFIX_PATH=${CMAKE_PREFIX_PATH}:/opt/ros/jazzy DEBUGINFOD_URLS=https://debuginfod.ubuntu.com /usr/bin/cmake --build /home/erum/solarbot_ws/build/solarbot_msgs -- -j2 -l2
[0.129s] Invoking command in '/home/erum/solarbot_ws/build/solarbot_msgs': CMAKE_PREFIX_PATH=${CMAKE_PREFIX_PATH}:/opt/ros/jazzy DEBUGINFOD_URLS=https://debuginfod.ubuntu.com /usr/bin/cmake --install /home/erum/solarbot_ws/build/solarbot_msgs
[0.148s] -- Install configuration: ""
[0.152s] -- Execute custom install script
[0.153s] -- Up-to-date symlink: /home/erum/solarbot_ws/install/solarbot_msgs/share/ament_index/resource_index/package_run_dependencies/solarbot_msgs
[0.154s] -- Up-to-date symlink: /home/erum/solarbot_ws/install/solarbot_msgs/share/ament_index/resource_index/parent_prefix_path/solarbot_msgs
[0.156s] -- Up-to-date symlink: /home/erum/solarbot_ws/install/solarbot_msgs/share/solarbot_msgs/environment/ament_prefix_path.sh
[0.156s] -- Up-to-date symlink: /home/erum/solarbot_ws/install/solarbot_msgs/share/solarbot_msgs/environment/ament_prefix_path.dsv
[0.158s] -- Up-to-date symlink: /home/erum/solarbot_ws/install/solarbot_msgs/share/solarbot_msgs/environment/path.sh
[0.159s] -- Up-to-date symlink: /home/erum/solarbot_ws/install/solarbot_msgs/share/solarbot_msgs/environment/path.dsv
[0.160s] -- Up-to-date symlink: /home/erum/solarbot_ws/install/solarbot_msgs/share/solarbot_msgs/local_setup.bash
[0.161s] -- Up-to-date symlink: /home/erum/solarbot_ws/install/solarbot_msgs/share/solarbot_msgs/local_setup.sh
[0.162s] -- Up-to-date symlink: /home/erum/solarbot_ws/install/solarbot_msgs/share/solarbot_msgs/local_setup.zsh
[0.163s] -- Up-to-date symlink: /home/erum/solarbot_ws/install/solarbot_msgs/share/solarbot_msgs/local_setup.dsv
[0.164s] -- Symlinking: /home/erum/solarbot_ws/install/solarbot_msgs/share/solarbot_msgs/package.dsv
[0.186s] -- Up-to-date symlink: /home/erum/solarbot_ws/install/solarbot_msgs/share/ament_index/resource_index/packages/solarbot_msgs
[0.187s] -- Up-to-date symlink: /home/erum/solarbot_ws/install/solarbot_msgs/share/solarbot_msgs/cmake/solarbot_msgsConfig.cmake
[0.188s] -- Up-to-date symlink: /home/erum/solarbot_ws/install/solarbot_msgs/share/solarbot_msgs/cmake/solarbot_msgsConfig-version.cmake
[0.188s] -- Up-to-date symlink: /home/erum/solarbot_ws/install/solarbot_msgs/share/solarbot_msgs/package.xml
[0.193s] Invoked command in '/home/erum/solarbot_ws/build/solarbot_msgs' returned '0': CMAKE_PREFIX_PATH=${CMAKE_PREFIX_PATH}:/opt/ros/jazzy DEBUGINFOD_URLS=https://debuginfod.ubuntu.com /usr/bin/cmake --install /home/erum/solarbot_ws/build/solarbot_msgs
