[0.486s] DEBUG:colcon:Command line arguments: ['/usr/bin/colcon', 'build', '--packages-select', 'solarbot_localization', 'solarbot_safety', '--symlink-install']
[0.487s] DEBUG:colcon:Parsed command line arguments: Namespace(log_base=None, log_level=None, verb_name='build', build_base='build', install_base='install', merge_install=False, symlink_install=True, test_result_base=None, continue_on_error=False, executor='parallel', parallel_workers=16, event_handlers=None, ignore_user_meta=False, metas=['./colcon.meta'], base_paths=['.'], packages_ignore=None, packages_ignore_regex=None, paths=None, packages_up_to=None, packages_up_to_regex=None, packages_above=None, packages_above_and_dependencies=None, packages_above_depth=None, packages_select_by_dep=None, packages_skip_by_dep=None, packages_skip_up_to=None, packages_select_build_failed=False, packages_skip_build_finished=False, packages_select_test_failures=False, packages_skip_test_passed=False, packages_select=['solarbot_localization', 'solarbot_safety'], packages_skip=None, packages_select_regex=None, packages_skip_regex=None, packages_start=None, packages_end=None, allow_overriding=[], cmake_args=None, cmake_target=None, cmake_target_skip_unavailable=False, cmake_clean_cache=False, cmake_clean_first=False, cmake_force_configure=False, ament_cmake_args=None, catkin_cmake_args=None, catkin_skip_building_tests=False, verb_parser=<colcon_defaults.argument_parser.defaults.DefaultArgumentsDecorator object at 0x793e41e79880>, verb_extension=<colcon_core.verb.build.BuildVerb object at 0x793e41e79970>, main=<bound method BuildVerb.main of <colcon_core.verb.build.BuildVerb object at 0x793e41e79970>>)
[0.578s] Level 1:colcon.colcon_core.package_discovery:discover_packages(colcon_meta) check parameters
[0.578s] Level 1:colcon.colcon_core.package_discovery:discover_packages(recursive) check parameters
[0.578s] Level 1:colcon.colcon_core.package_discovery:discover_packages(ignore) check parameters
[0.578s] Level 1:colcon.colcon_core.package_discovery:discover_packages(path) check parameters
[0.578s] Level 1:colcon.colcon_core.package_discovery:discover_packages(colcon_meta) discover
[0.578s] Level 1:colcon.colcon_core.package_discovery:discover_packages(recursive) discover
[0.578s] INFO:colcon.colcon_core.package_discovery:Crawling recursively for packages in '/home/erum_ifti/solarbot_ws-1/src'
[0.579s] Level 1:colcon.colcon_core.package_identification:_identify(.) by extensions ['ignore', 'ignore_ament_install']
[0.579s] Level 1:colcon.colcon_core.package_identification:_identify(.) by extension 'ignore'
[0.579s] Level 1:colcon.colcon_core.package_identification:_identify(.) by extension 'ignore_ament_install'
[0.579s] Level 1:colcon.colcon_core.package_identification:_identify(.) by extensions ['colcon_pkg']
[0.579s] Level 1:colcon.colcon_core.package_identification:_identify(.) by extension 'colcon_pkg'
[0.579s] Level 1:colcon.colcon_core.package_identification:_identify(.) by extensions ['colcon_meta']
[0.579s] Level 1:colcon.colcon_core.package_identification:_identify(.) by extension 'colcon_meta'
[0.579s] Level 1:colcon.colcon_core.package_identification:_identify(.) by extensions ['ros']
[0.579s] Level 1:colcon.colcon_core.package_identification:_identify(.) by extension 'ros'
[0.622s] Level 1:colcon.colcon_core.package_identification:_identify(.) by extensions ['cmake', 'python']
[0.622s] Level 1:colcon.colcon_core.package_identification:_identify(.) by extension 'cmake'
[0.622s] Level 1:colcon.colcon_core.package_identification:_identify(.) by extension 'python'
[0.622s] Level 1:colcon.colcon_core.package_identification:_identify(.) by extensions ['python_setup_py']
[0.622s] Level 1:colcon.colcon_core.package_identification:_identify(.) by extension 'python_setup_py'
[0.622s] Level 1:colcon.colcon_core.package_identification:_identify(build) by extensions ['ignore', 'ignore_ament_install']
[0.623s] Level 1:colcon.colcon_core.package_identification:_identify(build) by extension 'ignore'
[0.623s] Level 1:colcon.colcon_core.package_identification:_identify(build) ignored
[0.623s] Level 1:colcon.colcon_core.package_identification:_identify(install) by extensions ['ignore', 'ignore_ament_install']
[0.623s] Level 1:colcon.colcon_core.package_identification:_identify(install) by extension 'ignore'
[0.623s] Level 1:colcon.colcon_core.package_identification:_identify(install) ignored
[0.623s] Level 1:colcon.colcon_core.package_identification:_identify(log) by extensions ['ignore', 'ignore_ament_install']
[0.623s] Level 1:colcon.colcon_core.package_identification:_identify(log) by extension 'ignore'
[0.623s] Level 1:colcon.colcon_core.package_identification:_identify(log) ignored
[0.625s] Level 1:colcon.colcon_core.package_identification:_identify(solarbot_bringup) by extensions ['ignore', 'ignore_ament_install']
[0.625s] Level 1:colcon.colcon_core.package_identification:_identify(solarbot_bringup) by extension 'ignore'
[0.625s] Level 1:colcon.colcon_core.package_identification:_identify(solarbot_bringup) by extension 'ignore_ament_install'
[0.625s] Level 1:colcon.colcon_core.package_identification:_identify(solarbot_bringup) by extensions ['colcon_pkg']
[0.625s] Level 1:colcon.colcon_core.package_identification:_identify(solarbot_bringup) by extension 'colcon_pkg'
[0.625s] Level 1:colcon.colcon_core.package_identification:_identify(solarbot_bringup) by extensions ['colcon_meta']
[0.625s] Level 1:colcon.colcon_core.package_identification:_identify(solarbot_bringup) by extension 'colcon_meta'
[0.625s] Level 1:colcon.colcon_core.package_identification:_identify(solarbot_bringup) by extensions ['ros']
[0.625s] Level 1:colcon.colcon_core.package_identification:_identify(solarbot_bringup) by extension 'ros'
[0.630s] DEBUG:colcon.colcon_core.package_identification:Package 'solarbot_bringup' with type 'ros.ament_cmake' and name 'solarbot_bringup'
[0.632s] Level 1:colcon.colcon_core.package_identification:_identify(solarbot_cleaning) by extensions ['ignore', 'ignore_ament_install']
[0.632s] Level 1:colcon.colcon_core.package_identification:_identify(solarbot_cleaning) by extension 'ignore'
[0.632s] Level 1:colcon.colcon_core.package_identification:_identify(solarbot_cleaning) by extension 'ignore_ament_install'
[0.632s] Level 1:colcon.colcon_core.package_identification:_identify(solarbot_cleaning) by extensions ['colcon_pkg']
[0.632s] Level 1:colcon.colcon_core.package_identification:_identify(solarbot_cleaning) by extension 'colcon_pkg'
[0.632s] Level 1:colcon.colcon_core.package_identification:_identify(solarbot_cleaning) by extensions ['colcon_meta']
[0.632s] Level 1:colcon.colcon_core.package_identification:_identify(solarbot_cleaning) by extension 'colcon_meta'
[0.632s] Level 1:colcon.colcon_core.package_identification:_identify(solarbot_cleaning) by extensions ['ros']
[0.632s] Level 1:colcon.colcon_core.package_identification:_identify(solarbot_cleaning) by extension 'ros'
[0.633s] DEBUG:colcon.colcon_core.package_identification:Package 'solarbot_cleaning' with type 'ros.ament_cmake' and name 'solarbot_cleaning'
[0.633s] Level 1:colcon.colcon_core.package_identification:_identify(solarbot_description) by extensions ['ignore', 'ignore_ament_install']
[0.633s] Level 1:colcon.colcon_core.package_identification:_identify(solarbot_description) by extension 'ignore'
[0.634s] Level 1:colcon.colcon_core.package_identification:_identify(solarbot_description) by extension 'ignore_ament_install'
[0.634s] Level 1:colcon.colcon_core.package_identification:_identify(solarbot_description) by extensions ['colcon_pkg']
[0.634s] Level 1:colcon.colcon_core.package_identification:_identify(solarbot_description) by extension 'colcon_pkg'
[0.634s] Level 1:colcon.colcon_core.package_identification:_identify(solarbot_description) by extensions ['colcon_meta']
[0.634s] Level 1:colcon.colcon_core.package_identification:_identify(solarbot_description) by extension 'colcon_meta'
[0.634s] Level 1:colcon.colcon_core.package_identification:_identify(solarbot_description) by extensions ['ros']
[0.634s] Level 1:colcon.colcon_core.package_identification:_identify(solarbot_description) by extension 'ros'
[0.634s] DEBUG:colcon.colcon_core.package_identification:Package 'solarbot_description' with type 'ros.ament_cmake' and name 'solarbot_description'
[0.635s] Level 1:colcon.colcon_core.package_identification:_identify(solarbot_gazebo) by extensions ['ignore', 'ignore_ament_install']
[0.635s] Level 1:colcon.colcon_core.package_identification:_identify(solarbot_gazebo) by extension 'ignore'
[0.635s] Level 1:colcon.colcon_core.package_identification:_identify(solarbot_gazebo) by extension 'ignore_ament_install'
[0.635s] Level 1:colcon.colcon_core.package_identification:_identify(solarbot_gazebo) by extensions ['colcon_pkg']
[0.635s] Level 1:colcon.colcon_core.package_identification:_identify(solarbot_gazebo) by extension 'colcon_pkg'
[0.635s] Level 1:colcon.colcon_core.package_identification:_identify(solarbot_gazebo) by extensions ['colcon_meta']
[0.635s] Level 1:colcon.colcon_core.package_identification:_identify(solarbot_gazebo) by extension 'colcon_meta'
[0.635s] Level 1:colcon.colcon_core.package_identification:_identify(solarbot_gazebo) by extensions ['ros']
[0.635s] Level 1:colcon.colcon_core.package_identification:_identify(solarbot_gazebo) by extension 'ros'
[0.636s] DEBUG:colcon.colcon_core.package_identification:Package 'solarbot_gazebo' with type 'ros.ament_cmake' and name 'solarbot_gazebo'
[0.637s] Level 1:colcon.colcon_core.package_identification:_identify(solarbot_hardware) by extensions ['ignore', 'ignore_ament_install']
[0.637s] Level 1:colcon.colcon_core.package_identification:_identify(solarbot_hardware) by extension 'ignore'
[0.637s] Level 1:colcon.colcon_core.package_identification:_identify(solarbot_hardware) by extension 'ignore_ament_install'
[0.637s] Level 1:colcon.colcon_core.package_identification:_identify(solarbot_hardware) by extensions ['colcon_pkg']
[0.637s] Level 1:colcon.colcon_core.package_identification:_identify(solarbot_hardware) by extension 'colcon_pkg'
[0.637s] Level 1:colcon.colcon_core.package_identification:_identify(solarbot_hardware) by extensions ['colcon_meta']
[0.637s] Level 1:colcon.colcon_core.package_identification:_identify(solarbot_hardware) by extension 'colcon_meta'
[0.637s] Level 1:colcon.colcon_core.package_identification:_identify(solarbot_hardware) by extensions ['ros']
[0.637s] Level 1:colcon.colcon_core.package_identification:_identify(solarbot_hardware) by extension 'ros'
[0.638s] DEBUG:colcon.colcon_core.package_identification:Package 'solarbot_hardware' with type 'ros.ament_cmake' and name 'solarbot_hardware'
[0.639s] Level 1:colcon.colcon_core.package_identification:_identify(solarbot_msgs) by extensions ['ignore', 'ignore_ament_install']
[0.639s] Level 1:colcon.colcon_core.package_identification:_identify(solarbot_msgs) by extension 'ignore'
[0.639s] Level 1:colcon.colcon_core.package_identification:_identify(solarbot_msgs) by extension 'ignore_ament_install'
[0.639s] Level 1:colcon.colcon_core.package_identification:_identify(solarbot_msgs) by extensions ['colcon_pkg']
[0.639s] Level 1:colcon.colcon_core.package_identification:_identify(solarbot_msgs) by extension 'colcon_pkg'
[0.639s] Level 1:colcon.colcon_core.package_identification:_identify(solarbot_msgs) by extensions ['colcon_meta']
[0.639s] Level 1:colcon.colcon_core.package_identification:_identify(solarbot_msgs) by extension 'colcon_meta'
[0.639s] Level 1:colcon.colcon_core.package_identification:_identify(solarbot_msgs) by extensions ['ros']
[0.639s] Level 1:colcon.colcon_core.package_identification:_identify(solarbot_msgs) by extension 'ros'
[0.640s] DEBUG:colcon.colcon_core.package_identification:Package 'solarbot_msgs' with type 'ros.ament_cmake' and name 'solarbot_msgs'
[0.640s] Level 1:colcon.colcon_core.package_identification:_identify(solarbot_navigation) by extensions ['ignore', 'ignore_ament_install']
[0.640s] Level 1:colcon.colcon_core.package_identification:_identify(solarbot_navigation) by extension 'ignore'
[0.641s] Level 1:colcon.colcon_core.package_identification:_identify(solarbot_navigation) by extension 'ignore_ament_install'
[0.641s] Level 1:colcon.colcon_core.package_identification:_identify(solarbot_navigation) by extensions ['colcon_pkg']
[0.641s] Level 1:colcon.colcon_core.package_identification:_identify(solarbot_navigation) by extension 'colcon_pkg'
[0.641s] Level 1:colcon.colcon_core.package_identification:_identify(solarbot_navigation) by extensions ['colcon_meta']
[0.641s] Level 1:colcon.colcon_core.package_identification:_identify(solarbot_navigation) by extension 'colcon_meta'
[0.641s] Level 1:colcon.colcon_core.package_identification:_identify(solarbot_navigation) by extensions ['ros']
[0.641s] Level 1:colcon.colcon_core.package_identification:_identify(solarbot_navigation) by extension 'ros'
[0.641s] DEBUG:colcon.colcon_core.package_identification:Package 'solarbot_navigation' with type 'ros.ament_cmake' and name 'solarbot_navigation'
[0.642s] Level 1:colcon.colcon_core.package_identification:_identify(solarbot_safety) by extensions ['ignore', 'ignore_ament_install']
[0.642s] Level 1:colcon.colcon_core.package_identification:_identify(solarbot_safety) by extension 'ignore'
[0.642s] Level 1:colcon.colcon_core.package_identification:_identify(solarbot_safety) by extension 'ignore_ament_install'
[0.642s] Level 1:colcon.colcon_core.package_identification:_identify(solarbot_safety) by extensions ['colcon_pkg']
[0.642s] Level 1:colcon.colcon_core.package_identification:_identify(solarbot_safety) by extension 'colcon_pkg'
[0.642s] Level 1:colcon.colcon_core.package_identification:_identify(solarbot_safety) by extensions ['colcon_meta']
[0.642s] Level 1:colcon.colcon_core.package_identification:_identify(solarbot_safety) by extension 'colcon_meta'
[0.642s] Level 1:colcon.colcon_core.package_identification:_identify(solarbot_safety) by extensions ['ros']
[0.642s] Level 1:colcon.colcon_core.package_identification:_identify(solarbot_safety) by extension 'ros'
[0.643s] DEBUG:colcon.colcon_core.package_identification:Package 'solarbot_safety' with type 'ros.ament_python' and name 'solarbot_safety'
[0.644s] Level 1:colcon.colcon_core.package_discovery:discover_packages(recursive) using defaults
[0.644s] Level 1:colcon.colcon_core.package_discovery:discover_packages(ignore) discover
[0.644s] Level 1:colcon.colcon_core.package_discovery:discover_packages(ignore) using defaults
[0.644s] Level 1:colcon.colcon_core.package_discovery:discover_packages(path) discover
[0.644s] Level 1:colcon.colcon_core.package_discovery:discover_packages(path) using defaults
[0.644s] WARNING:colcon.colcon_core.package_selection:ignoring unknown package 'solarbot_localization' in --packages-select
[0.684s] INFO:colcon.colcon_core.package_selection:Skipping not selected package 'solarbot_bringup' in 'solarbot_bringup'
[0.684s] INFO:colcon.colcon_core.package_selection:Skipping not selected package 'solarbot_cleaning' in 'solarbot_cleaning'
[0.684s] INFO:colcon.colcon_core.package_selection:Skipping not selected package 'solarbot_description' in 'solarbot_description'
[0.684s] INFO:colcon.colcon_core.package_selection:Skipping not selected package 'solarbot_hardware' in 'solarbot_hardware'
[0.684s] INFO:colcon.colcon_core.package_selection:Skipping not selected package 'solarbot_msgs' in 'solarbot_msgs'
[0.684s] INFO:colcon.colcon_core.package_selection:Skipping not selected package 'solarbot_navigation' in 'solarbot_navigation'
[0.684s] INFO:colcon.colcon_core.package_selection:Skipping not selected package 'solarbot_gazebo' in 'solarbot_gazebo'
[0.684s] Level 1:colcon.colcon_core.package_discovery:discover_packages(prefix_path) check parameters
[0.684s] Level 1:colcon.colcon_core.package_discovery:discover_packages(prefix_path) discover
[0.694s] DEBUG:colcon.colcon_installed_package_information.package_discovery:Found 2 installed packages in /home/erum_ifti/solarbot_ws-1/src/install
[0.694s] DEBUG:colcon.colcon_installed_package_information.package_discovery:Found 11 installed packages in /home/erum_ifti/solarbot_ws-1/install
[0.696s] DEBUG:colcon.colcon_installed_package_information.package_discovery:Found 426 installed packages in /opt/ros/jazzy
[0.698s] Level 1:colcon.colcon_core.package_discovery:discover_packages(prefix_path) using defaults
[0.765s] Level 5:colcon.colcon_core.verb:set package 'solarbot_safety' build argument 'cmake_args' from command line to 'None'
[0.765s] Level 5:colcon.colcon_core.verb:set package 'solarbot_safety' build argument 'cmake_target' from command line to 'None'
[0.765s] Level 5:colcon.colcon_core.verb:set package 'solarbot_safety' build argument 'cmake_target_skip_unavailable' from command line to 'False'
[0.765s] Level 5:colcon.colcon_core.verb:set package 'solarbot_safety' build argument 'cmake_clean_cache' from command line to 'False'
[0.765s] Level 5:colcon.colcon_core.verb:set package 'solarbot_safety' build argument 'cmake_clean_first' from command line to 'False'
[0.765s] Level 5:colcon.colcon_core.verb:set package 'solarbot_safety' build argument 'cmake_force_configure' from command line to 'False'
[0.765s] Level 5:colcon.colcon_core.verb:set package 'solarbot_safety' build argument 'ament_cmake_args' from command line to 'None'
[0.765s] Level 5:colcon.colcon_core.verb:set package 'solarbot_safety' build argument 'catkin_cmake_args' from command line to 'None'
[0.765s] Level 5:colcon.colcon_core.verb:set package 'solarbot_safety' build argument 'catkin_skip_building_tests' from command line to 'False'
[0.765s] DEBUG:colcon.colcon_core.verb:Building package 'solarbot_safety' with the following arguments: {'ament_cmake_args': None, 'build_base': '/home/erum_ifti/solarbot_ws-1/src/build/solarbot_safety', 'catkin_cmake_args': None, 'catkin_skip_building_tests': False, 'cmake_args': None, 'cmake_clean_cache': False, 'cmake_clean_first': False, 'cmake_force_configure': False, 'cmake_target': None, 'cmake_target_skip_unavailable': False, 'install_base': '/home/erum_ifti/solarbot_ws-1/src/install/solarbot_safety', 'merge_install': False, 'path': '/home/erum_ifti/solarbot_ws-1/src/solarbot_safety', 'symlink_install': True, 'test_result_base': None}
[0.765s] INFO:colcon.colcon_core.executor:Executing jobs using 'parallel' executor
[0.767s] DEBUG:colcon.colcon_parallel_executor.executor.parallel:run_until_complete
[0.767s] INFO:colcon.colcon_ros.task.ament_python.build:Building ROS package in '/home/erum_ifti/solarbot_ws-1/src/solarbot_safety' with build type 'ament_python'
[0.767s] Level 1:colcon.colcon_core.shell:create_environment_hook('solarbot_safety', 'ament_prefix_path')
[0.774s] INFO:colcon.colcon_core.plugin_system:Skipping extension 'colcon_core.shell.bat': Not used on non-Windows systems
[0.775s] INFO:colcon.colcon_core.shell:Creating environment hook '/home/erum_ifti/solarbot_ws-1/src/install/solarbot_safety/share/solarbot_safety/hook/ament_prefix_path.ps1'
[0.776s] INFO:colcon.colcon_core.shell:Creating environment descriptor '/home/erum_ifti/solarbot_ws-1/src/install/solarbot_safety/share/solarbot_safety/hook/ament_prefix_path.dsv'
[0.777s] INFO:colcon.colcon_core.shell:Creating environment hook '/home/erum_ifti/solarbot_ws-1/src/install/solarbot_safety/share/solarbot_safety/hook/ament_prefix_path.sh'
[0.778s] INFO:colcon.colcon_core.shell:Skip shell extension 'powershell' for command environment: Not usable outside of PowerShell
[0.778s] DEBUG:colcon.colcon_core.shell:Skip shell extension 'dsv' for command environment
[0.983s] INFO:colcon.colcon_core.task.python.build:Building Python package in '/home/erum_ifti/solarbot_ws-1/src/solarbot_safety'
[0.983s] INFO:colcon.colcon_core.shell:Skip shell extension 'powershell' for command environment: Not usable outside of PowerShell
[0.983s] DEBUG:colcon.colcon_core.shell:Skip shell extension 'dsv' for command environment
[1.781s] DEBUG:colcon.colcon_core.event_handler.log_command:Invoking command in '/home/erum_ifti/solarbot_ws-1/src/build/solarbot_safety': PYTHONPATH=/home/erum_ifti/solarbot_ws-1/src/build/solarbot_safety/prefix_override:/usr/lib/python3/dist-packages/colcon_core/task/python/colcon_distutils_commands:/home/erum_ifti/solarbot_ws-1/src/install/solarbot_safety/lib/python3.12/site-packages:${PYTHONPATH} /usr/bin/python3 -W ignore:setup.py install is deprecated -W ignore:easy_install command is deprecated setup.py develop --editable --build-directory /home/erum_ifti/solarbot_ws-1/src/build/solarbot_safety/build --no-deps symlink_data
[2.244s] Level 1:colcon.colcon_core.shell:create_environment_hook('solarbot_safety', 'pythonpath_develop')
[2.244s] DEBUG:colcon.colcon_core.event_handler.log_command:Invoked command in '/home/erum_ifti/solarbot_ws-1/src/build/solarbot_safety' returned '0': PYTHONPATH=/home/erum_ifti/solarbot_ws-1/src/build/solarbot_safety/prefix_override:/usr/lib/python3/dist-packages/colcon_core/task/python/colcon_distutils_commands:/home/erum_ifti/solarbot_ws-1/src/install/solarbot_safety/lib/python3.12/site-packages:${PYTHONPATH} /usr/bin/python3 -W ignore:setup.py install is deprecated -W ignore:easy_install command is deprecated setup.py develop --editable --build-directory /home/erum_ifti/solarbot_ws-1/src/build/solarbot_safety/build --no-deps symlink_data
[2.244s] INFO:colcon.colcon_core.shell:Creating environment hook '/home/erum_ifti/solarbot_ws-1/src/build/solarbot_safety/share/solarbot_safety/hook/pythonpath_develop.ps1'
[2.246s] INFO:colcon.colcon_core.shell:Creating environment descriptor '/home/erum_ifti/solarbot_ws-1/src/build/solarbot_safety/share/solarbot_safety/hook/pythonpath_develop.dsv'
[2.247s] INFO:colcon.colcon_core.shell:Creating environment hook '/home/erum_ifti/solarbot_ws-1/src/build/solarbot_safety/share/solarbot_safety/hook/pythonpath_develop.sh'
[2.257s] Level 1:colcon.colcon_core.environment:checking '/home/erum_ifti/solarbot_ws-1/src/install/solarbot_safety' for CMake module files
[2.257s] Level 1:colcon.colcon_core.environment:checking '/home/erum_ifti/solarbot_ws-1/src/install/solarbot_safety' for CMake config files
[2.259s] Level 1:colcon.colcon_core.environment:checking '/home/erum_ifti/solarbot_ws-1/src/install/solarbot_safety/lib'
[2.259s] Level 1:colcon.colcon_core.environment:checking '/home/erum_ifti/solarbot_ws-1/src/install/solarbot_safety/bin'
[2.259s] Level 1:colcon.colcon_core.environment:checking '/home/erum_ifti/solarbot_ws-1/src/install/solarbot_safety/lib/pkgconfig/solarbot_safety.pc'
[2.260s] Level 1:colcon.colcon_core.environment:checking '/home/erum_ifti/solarbot_ws-1/src/install/solarbot_safety/lib/python3.12/site-packages'
[2.260s] Level 1:colcon.colcon_core.shell:create_environment_hook('solarbot_safety', 'pythonpath')
[2.260s] INFO:colcon.colcon_core.shell:Creating environment hook '/home/erum_ifti/solarbot_ws-1/src/install/solarbot_safety/share/solarbot_safety/hook/pythonpath.ps1'
[2.260s] INFO:colcon.colcon_core.shell:Creating environment descriptor '/home/erum_ifti/solarbot_ws-1/src/install/solarbot_safety/share/solarbot_safety/hook/pythonpath.dsv'
[2.260s] INFO:colcon.colcon_core.shell:Creating environment hook '/home/erum_ifti/solarbot_ws-1/src/install/solarbot_safety/share/solarbot_safety/hook/pythonpath.sh'
[2.261s] Level 1:colcon.colcon_core.environment:checking '/home/erum_ifti/solarbot_ws-1/src/install/solarbot_safety/bin'
[2.261s] Level 1:colcon.colcon_core.environment:create_environment_scripts_only(solarbot_safety)
[2.261s] INFO:colcon.colcon_core.shell:Creating package script '/home/erum_ifti/solarbot_ws-1/src/install/solarbot_safety/share/solarbot_safety/package.ps1'
[2.262s] INFO:colcon.colcon_core.shell:Creating package descriptor '/home/erum_ifti/solarbot_ws-1/src/install/solarbot_safety/share/solarbot_safety/package.dsv'
[2.263s] INFO:colcon.colcon_core.shell:Creating package script '/home/erum_ifti/solarbot_ws-1/src/install/solarbot_safety/share/solarbot_safety/package.sh'
[2.264s] INFO:colcon.colcon_core.shell:Creating package script '/home/erum_ifti/solarbot_ws-1/src/install/solarbot_safety/share/solarbot_safety/package.bash'
[2.265s] INFO:colcon.colcon_core.shell:Creating package script '/home/erum_ifti/solarbot_ws-1/src/install/solarbot_safety/share/solarbot_safety/package.zsh'
[2.265s] Level 1:colcon.colcon_core.environment:create_file_with_runtime_dependencies(/home/erum_ifti/solarbot_ws-1/src/install/solarbot_safety/share/colcon-core/packages/solarbot_safety)
[2.266s] DEBUG:colcon.colcon_parallel_executor.executor.parallel:closing loop
[2.267s] DEBUG:colcon.colcon_parallel_executor.executor.parallel:loop closed
[2.267s] DEBUG:colcon.colcon_parallel_executor.executor.parallel:run_until_complete finished with '0'
[2.267s] DEBUG:colcon.colcon_core.event_reactor:joining thread
[2.435s] INFO:colcon.colcon_core.plugin_system:Skipping extension 'colcon_notification.desktop_notification.notify_send': Could not find 'notify-send'
[2.435s] INFO:colcon.colcon_core.plugin_system:Skipping extension 'colcon_notification.desktop_notification.terminal_notifier': Not used on non-Darwin systems
[2.435s] INFO:colcon.colcon_core.plugin_system:Skipping extension 'colcon_notification.desktop_notification.win32': Not used on non-Windows systems
[2.435s] INFO:colcon.colcon_notification.desktop_notification:Sending desktop notification using 'notify2'
[2.452s] DEBUG:colcon.colcon_notification.desktop_notification.notify2:Failed to initialize notify2: org.freedesktop.DBus.Error.ServiceUnknown: The name org.freedesktop.Notifications was not provided by any .service files
[2.453s] DEBUG:colcon.colcon_core.event_reactor:joined thread
[2.453s] INFO:colcon.colcon_core.shell:Creating prefix script '/home/erum_ifti/solarbot_ws-1/src/install/local_setup.ps1'
[2.455s] INFO:colcon.colcon_core.shell:Creating prefix util module '/home/erum_ifti/solarbot_ws-1/src/install/_local_setup_util_ps1.py'
[2.458s] INFO:colcon.colcon_core.shell:Creating prefix chain script '/home/erum_ifti/solarbot_ws-1/src/install/setup.ps1'
[2.460s] INFO:colcon.colcon_core.shell:Creating prefix script '/home/erum_ifti/solarbot_ws-1/src/install/local_setup.sh'
[2.461s] INFO:colcon.colcon_core.shell:Creating prefix util module '/home/erum_ifti/solarbot_ws-1/src/install/_local_setup_util_sh.py'
[2.462s] INFO:colcon.colcon_core.shell:Creating prefix chain script '/home/erum_ifti/solarbot_ws-1/src/install/setup.sh'
[2.465s] INFO:colcon.colcon_core.shell:Creating prefix script '/home/erum_ifti/solarbot_ws-1/src/install/local_setup.bash'
[2.467s] INFO:colcon.colcon_core.shell:Creating prefix chain script '/home/erum_ifti/solarbot_ws-1/src/install/setup.bash'
[2.470s] INFO:colcon.colcon_core.shell:Creating prefix script '/home/erum_ifti/solarbot_ws-1/src/install/local_setup.zsh'
[2.471s] INFO:colcon.colcon_core.shell:Creating prefix chain script '/home/erum_ifti/solarbot_ws-1/src/install/setup.zsh'
