[0.047s] Invoking command in '/home/erum_ifti/solarbot_ws-1/src/build/solarbot_cleaning': CMAKE_PREFIX_PATH=${CMAKE_PREFIX_PATH}:/home/erum_ifti/solarbot_ws-1/src/install/solarbot_safety:/home/erum_ifti/solarbot_ws-1/src/install/solarbot_localization:/home/erum_ifti/solarbot_ws-1/install/solarbot_safety:/home/erum_ifti/solarbot_ws-1/install/solarbot_mapping:/home/erum_ifti/solarbot_ws-1/install/solarbot_localization:/opt/ros/jazzy /usr/bin/cmake /home/erum_ifti/solarbot_ws-1/src/solarbot_cleaning -DAMENT_CMAKE_SYMLINK_INSTALL=1 -DCMAKE_INSTALL_PREFIX=/home/erum_ifti/solarbot_ws-1/src/install/solarbot_cleaning
[0.416s] -- The C compiler identification is GNU 13.3.0
[1.560s] -- The CXX compiler identification is GNU 13.3.0
[2.985s] -- Detecting C compiler ABI info
[3.300s] -- Detecting C compiler ABI info - done
[3.309s] -- Check for working C compiler: /usr/bin/cc - skipped
[3.309s] -- Detecting C compile features
[3.310s] -- Detecting C compile features - done
[3.447s] -- Detecting CXX compiler ABI info
[3.862s] -- Detecting CXX compiler ABI info - done
[3.869s] -- Check for working CXX compiler: /usr/bin/c++ - skipped
[3.870s] -- Detecting CXX compile features
[3.870s] -- Detecting CXX compile features - done
[3.876s] -- Found ament_cmake: 2.5.6 (/opt/ros/jazzy/share/ament_cmake/cmake)
[4.064s] -- Found Python3: /usr/bin/python3 (found version "3.12.3") found components: Interpreter 
[4.153s] -- Override CMake install command with custom implementation using symlinks instead of copying resources
[4.208s] -- Found ament_lint_auto: 0.17.5 (/opt/ros/jazzy/share/ament_lint_auto/cmake)
[4.353s] -- Added test 'lint_cmake' to check CMake code style
[4.355s] -- Added test 'xmllint' to check XML markup files
[4.360s] -- Configuring done (4.3s)
[4.364s] -- Generating done (0.0s)
[4.366s] -- Build files have been written to: /home/erum_ifti/solarbot_ws-1/src/build/solarbot_cleaning
[4.371s] Invoked command in '/home/erum_ifti/solarbot_ws-1/src/build/solarbot_cleaning' returned '0': CMAKE_PREFIX_PATH=${CMAKE_PREFIX_PATH}:/home/erum_ifti/solarbot_ws-1/src/install/solarbot_safety:/home/erum_ifti/solarbot_ws-1/src/install/solarbot_localization:/home/erum_ifti/solarbot_ws-1/install/solarbot_safety:/home/erum_ifti/solarbot_ws-1/install/solarbot_mapping:/home/erum_ifti/solarbot_ws-1/install/solarbot_localization:/opt/ros/jazzy /usr/bin/cmake /home/erum_ifti/solarbot_ws-1/src/solarbot_cleaning -DAMENT_CMAKE_SYMLINK_INSTALL=1 -DCMAKE_INSTALL_PREFIX=/home/erum_ifti/solarbot_ws-1/src/install/solarbot_cleaning
[4.374s] Invoking command in '/home/erum_ifti/solarbot_ws-1/src/build/solarbot_cleaning': CMAKE_PREFIX_PATH=${CMAKE_PREFIX_PATH}:/home/erum_ifti/solarbot_ws-1/src/install/solarbot_safety:/home/erum_ifti/solarbot_ws-1/src/install/solarbot_localization:/home/erum_ifti/solarbot_ws-1/install/solarbot_safety:/home/erum_ifti/solarbot_ws-1/install/solarbot_mapping:/home/erum_ifti/solarbot_ws-1/install/solarbot_localization:/opt/ros/jazzy /usr/bin/cmake --build /home/erum_ifti/solarbot_ws-1/src/build/solarbot_cleaning -- -j16 -l16
[4.420s] Invoked command in '/home/erum_ifti/solarbot_ws-1/src/build/solarbot_cleaning' returned '0': CMAKE_PREFIX_PATH=${CMAKE_PREFIX_PATH}:/home/erum_ifti/solarbot_ws-1/src/install/solarbot_safety:/home/erum_ifti/solarbot_ws-1/src/install/solarbot_localization:/home/erum_ifti/solarbot_ws-1/install/solarbot_safety:/home/erum_ifti/solarbot_ws-1/install/solarbot_mapping:/home/erum_ifti/solarbot_ws-1/install/solarbot_localization:/opt/ros/jazzy /usr/bin/cmake --build /home/erum_ifti/solarbot_ws-1/src/build/solarbot_cleaning -- -j16 -l16
[4.421s] Invoking command in '/home/erum_ifti/solarbot_ws-1/src/build/solarbot_cleaning': CMAKE_PREFIX_PATH=${CMAKE_PREFIX_PATH}:/home/erum_ifti/solarbot_ws-1/src/install/solarbot_safety:/home/erum_ifti/solarbot_ws-1/src/install/solarbot_localization:/home/erum_ifti/solarbot_ws-1/install/solarbot_safety:/home/erum_ifti/solarbot_ws-1/install/solarbot_mapping:/home/erum_ifti/solarbot_ws-1/install/solarbot_localization:/opt/ros/jazzy /usr/bin/cmake --install /home/erum_ifti/solarbot_ws-1/src/build/solarbot_cleaning
[4.429s] -- Install configuration: ""
[4.429s] -- Execute custom install script
[4.430s] -- Symlinking: /home/erum_ifti/solarbot_ws-1/src/install/solarbot_cleaning/share/ament_index/resource_index/package_run_dependencies/solarbot_cleaning
[4.444s] -- Symlinking: /home/erum_ifti/solarbot_ws-1/src/install/solarbot_cleaning/share/ament_index/resource_index/parent_prefix_path/solarbot_cleaning
[4.459s] -- Symlinking: /home/erum_ifti/solarbot_ws-1/src/install/solarbot_cleaning/share/solarbot_cleaning/environment/ament_prefix_path.sh
[4.468s] -- Symlinking: /home/erum_ifti/solarbot_ws-1/src/install/solarbot_cleaning/share/solarbot_cleaning/environment/ament_prefix_path.dsv
[4.478s] -- Symlinking: /home/erum_ifti/solarbot_ws-1/src/install/solarbot_cleaning/share/solarbot_cleaning/environment/path.sh
[4.488s] -- Symlinking: /home/erum_ifti/solarbot_ws-1/src/install/solarbot_cleaning/share/solarbot_cleaning/environment/path.dsv
[4.499s] -- Symlinking: /home/erum_ifti/solarbot_ws-1/src/install/solarbot_cleaning/share/solarbot_cleaning/local_setup.bash
[4.504s] -- Symlinking: /home/erum_ifti/solarbot_ws-1/src/install/solarbot_cleaning/share/solarbot_cleaning/local_setup.sh
[4.513s] -- Symlinking: /home/erum_ifti/solarbot_ws-1/src/install/solarbot_cleaning/share/solarbot_cleaning/local_setup.zsh
[4.521s] -- Symlinking: /home/erum_ifti/solarbot_ws-1/src/install/solarbot_cleaning/share/solarbot_cleaning/local_setup.dsv
[4.528s] -- Symlinking: /home/erum_ifti/solarbot_ws-1/src/install/solarbot_cleaning/share/solarbot_cleaning/package.dsv
[4.540s] -- Symlinking: /home/erum_ifti/solarbot_ws-1/src/install/solarbot_cleaning/share/ament_index/resource_index/packages/solarbot_cleaning
[4.556s] -- Symlinking: /home/erum_ifti/solarbot_ws-1/src/install/solarbot_cleaning/share/solarbot_cleaning/cmake/solarbot_cleaningConfig.cmake
[4.568s] -- Symlinking: /home/erum_ifti/solarbot_ws-1/src/install/solarbot_cleaning/share/solarbot_cleaning/cmake/solarbot_cleaningConfig-version.cmake
[4.578s] -- Symlinking: /home/erum_ifti/solarbot_ws-1/src/install/solarbot_cleaning/share/solarbot_cleaning/package.xml
[4.598s] Invoked command in '/home/erum_ifti/solarbot_ws-1/src/build/solarbot_cleaning' returned '0': CMAKE_PREFIX_PATH=${CMAKE_PREFIX_PATH}:/home/erum_ifti/solarbot_ws-1/src/install/solarbot_safety:/home/erum_ifti/solarbot_ws-1/src/install/solarbot_localization:/home/erum_ifti/solarbot_ws-1/install/solarbot_safety:/home/erum_ifti/solarbot_ws-1/install/solarbot_mapping:/home/erum_ifti/solarbot_ws-1/install/solarbot_localization:/opt/ros/jazzy /usr/bin/cmake --install /home/erum_ifti/solarbot_ws-1/src/build/solarbot_cleaning
