[0.036s] Invoking command in '/home/erum/solarbot_ws/build/solarbot_description': CMAKE_PREFIX_PATH=${CMAKE_PREFIX_PATH}:/opt/ros/jazzy DEBUGINFOD_URLS=https://debuginfod.ubuntu.com /usr/bin/cmake /home/erum/solarbot_ws/src/solarbot_description -DCMAKE_INSTALL_PREFIX=/home/erum/solarbot_ws/install/solarbot_description
[0.247s] -- Found ament_cmake: 2.5.4 (/opt/ros/jazzy/share/ament_cmake/cmake)
[1.414s] -- Override CMake install command with custom implementation using symlinks instead of copying resources
[2.041s] -- Configuring done (1.9s)
[2.159s] -- Generating done (0.1s)
[2.204s] -- Build files have been written to: /home/erum/solarbot_ws/build/solarbot_description
[2.225s] Invoked command in '/home/erum/solarbot_ws/build/solarbot_description' returned '0': CMAKE_PREFIX_PATH=${CMAKE_PREFIX_PATH}:/opt/ros/jazzy DEBUGINFOD_URLS=https://debuginfod.ubuntu.com /usr/bin/cmake /home/erum/solarbot_ws/src/solarbot_description -DCMAKE_INSTALL_PREFIX=/home/erum/solarbot_ws/install/solarbot_description
[2.226s] Invoking command in '/home/erum/solarbot_ws/build/solarbot_description': CMAKE_PREFIX_PATH=${CMAKE_PREFIX_PATH}:/opt/ros/jazzy DEBUGINFOD_URLS=https://debuginfod.ubuntu.com /usr/bin/cmake --build /home/erum/solarbot_ws/build/solarbot_description -- -j2 -l2
[2.411s] Invoked command in '/home/erum/solarbot_ws/build/solarbot_description' returned '0': CMAKE_PREFIX_PATH=${CMAKE_PREFIX_PATH}:/opt/ros/jazzy DEBUGINFOD_URLS=https://debuginfod.ubuntu.com /usr/bin/cmake --build /home/erum/solarbot_ws/build/solarbot_description -- -j2 -l2
[2.432s] Invoking command in '/home/erum/solarbot_ws/build/solarbot_description': CMAKE_PREFIX_PATH=${CMAKE_PREFIX_PATH}:/opt/ros/jazzy DEBUGINFOD_URLS=https://debuginfod.ubuntu.com /usr/bin/cmake --install /home/erum/solarbot_ws/build/solarbot_description
[2.445s] -- Install configuration: ""
[2.446s] -- Execute custom install script
[2.450s] -- Up-to-date symlink: /home/erum/solarbot_ws/install/solarbot_description/share/solarbot_description/launch/display.launch.py
[2.454s] -- Up-to-date symlink: /home/erum/solarbot_ws/install/solarbot_description/share/solarbot_description/rviz/display.rviz
[2.460s] -- Up-to-date symlink: /home/erum/solarbot_ws/install/solarbot_description/share/solarbot_description/urdf/base/chassis.xacro
[2.462s] -- Up-to-date symlink: /home/erum/solarbot_ws/install/solarbot_description/share/solarbot_description/urdf/base/tracks.xacro
[2.463s] -- Up-to-date symlink: /home/erum/solarbot_ws/install/solarbot_description/share/solarbot_description/urdf/common/materials.xacro
[2.465s] -- Up-to-date symlink: /home/erum/solarbot_ws/install/solarbot_description/share/solarbot_description/urdf/common/properties.xacro
[2.466s] -- Up-to-date symlink: /home/erum/solarbot_ws/install/solarbot_description/share/solarbot_description/urdf/control/ros2_control.xacro
[2.468s] -- Up-to-date symlink: /home/erum/solarbot_ws/install/solarbot_description/share/solarbot_description/urdf/electronics/electronics.xacro
[2.469s] -- Up-to-date symlink: /home/erum/solarbot_ws/install/solarbot_description/share/solarbot_description/urdf/gazebo/gazebo.xacro
[2.470s] -- Up-to-date symlink: /home/erum/solarbot_ws/install/solarbot_description/share/solarbot_description/urdf/sensors/sensors.xacro
[2.472s] -- Up-to-date symlink: /home/erum/solarbot_ws/install/solarbot_description/share/solarbot_description/urdf/solarbot.urdf.xacro
[2.476s] -- Up-to-date symlink: /home/erum/solarbot_ws/install/solarbot_description/share/solarbot_description/config/ros2_controllers.yaml
[2.476s] -- Up-to-date symlink: /home/erum/solarbot_ws/install/solarbot_description/share/ament_index/resource_index/package_run_dependencies/solarbot_description
[2.478s] -- Up-to-date symlink: /home/erum/solarbot_ws/install/solarbot_description/share/ament_index/resource_index/parent_prefix_path/solarbot_description
[2.480s] -- Up-to-date symlink: /home/erum/solarbot_ws/install/solarbot_description/share/solarbot_description/environment/ament_prefix_path.sh
[2.482s] -- Up-to-date symlink: /home/erum/solarbot_ws/install/solarbot_description/share/solarbot_description/environment/ament_prefix_path.dsv
[2.483s] -- Up-to-date symlink: /home/erum/solarbot_ws/install/solarbot_description/share/solarbot_description/environment/path.sh
[2.483s] -- Up-to-date symlink: /home/erum/solarbot_ws/install/solarbot_description/share/solarbot_description/environment/path.dsv
[2.484s] -- Up-to-date symlink: /home/erum/solarbot_ws/install/solarbot_description/share/solarbot_description/local_setup.bash
[2.485s] -- Up-to-date symlink: /home/erum/solarbot_ws/install/solarbot_description/share/solarbot_description/local_setup.sh
[2.486s] -- Up-to-date symlink: /home/erum/solarbot_ws/install/solarbot_description/share/solarbot_description/local_setup.zsh
[2.486s] -- Up-to-date symlink: /home/erum/solarbot_ws/install/solarbot_description/share/solarbot_description/local_setup.dsv
[2.486s] -- Symlinking: /home/erum/solarbot_ws/install/solarbot_description/share/solarbot_description/package.dsv
[2.509s] -- Up-to-date symlink: /home/erum/solarbot_ws/install/solarbot_description/share/ament_index/resource_index/packages/solarbot_description
[2.510s] -- Up-to-date symlink: /home/erum/solarbot_ws/install/solarbot_description/share/solarbot_description/cmake/solarbot_descriptionConfig.cmake
[2.512s] -- Up-to-date symlink: /home/erum/solarbot_ws/install/solarbot_description/share/solarbot_description/cmake/solarbot_descriptionConfig-version.cmake
[2.513s] -- Up-to-date symlink: /home/erum/solarbot_ws/install/solarbot_description/share/solarbot_description/package.xml
[2.517s] Invoked command in '/home/erum/solarbot_ws/build/solarbot_description' returned '0': CMAKE_PREFIX_PATH=${CMAKE_PREFIX_PATH}:/opt/ros/jazzy DEBUGINFOD_URLS=https://debuginfod.ubuntu.com /usr/bin/cmake --install /home/erum/solarbot_ws/build/solarbot_description
