[0.041s] Invoking command in '/home/erum/solarbot_ws/build/solarbot_bringup': CMAKE_PREFIX_PATH=${CMAKE_PREFIX_PATH}:/opt/ros/jazzy DEBUGINFOD_URLS=https://debuginfod.ubuntu.com /usr/bin/cmake --build /home/erum/solarbot_ws/build/solarbot_bringup -- -j2 -l2
[0.153s] Invoked command in '/home/erum/solarbot_ws/build/solarbot_bringup' returned '0': CMAKE_PREFIX_PATH=${CMAKE_PREFIX_PATH}:/opt/ros/jazzy DEBUGINFOD_URLS=https://debuginfod.ubuntu.com /usr/bin/cmake --build /home/erum/solarbot_ws/build/solarbot_bringup -- -j2 -l2
[0.175s] Invoking command in '/home/erum/solarbot_ws/build/solarbot_bringup': CMAKE_PREFIX_PATH=${CMAKE_PREFIX_PATH}:/opt/ros/jazzy DEBUGINFOD_URLS=https://debuginfod.ubuntu.com /usr/bin/cmake --install /home/erum/solarbot_ws/build/solarbot_bringup
[0.196s] -- Install configuration: ""
[0.201s] -- Execute custom install script
[0.202s] -- Up-to-date symlink: /home/erum/solarbot_ws/install/solarbot_bringup/share/ament_index/resource_index/package_run_dependencies/solarbot_bringup
[0.202s] -- Up-to-date symlink: /home/erum/solarbot_ws/install/solarbot_bringup/share/ament_index/resource_index/parent_prefix_path/solarbot_bringup
[0.202s] -- Up-to-date symlink: /home/erum/solarbot_ws/install/solarbot_bringup/share/solarbot_bringup/environment/ament_prefix_path.sh
[0.210s] -- Up-to-date symlink: /home/erum/solarbot_ws/install/solarbot_bringup/share/solarbot_bringup/environment/ament_prefix_path.dsv
[0.210s] -- Up-to-date symlink: /home/erum/solarbot_ws/install/solarbot_bringup/share/solarbot_bringup/environment/path.sh
[0.219s] -- Up-to-date symlink: /home/erum/solarbot_ws/install/solarbot_bringup/share/solarbot_bringup/environment/path.dsv
[0.219s] -- Up-to-date symlink: /home/erum/solarbot_ws/install/solarbot_bringup/share/solarbot_bringup/local_setup.bash
[0.219s] -- Up-to-date symlink: /home/erum/solarbot_ws/install/solarbot_bringup/share/solarbot_bringup/local_setup.sh
[0.219s] -- Up-to-date symlink: /home/erum/solarbot_ws/install/solarbot_bringup/share/solarbot_bringup/local_setup.zsh
[0.220s] -- Up-to-date symlink: /home/erum/solarbot_ws/install/solarbot_bringup/share/solarbot_bringup/local_setup.dsv
[0.220s] -- Symlinking: /home/erum/solarbot_ws/install/solarbot_bringup/share/solarbot_bringup/package.dsv
[0.259s] -- Up-to-date symlink: /home/erum/solarbot_ws/install/solarbot_bringup/share/ament_index/resource_index/packages/solarbot_bringup
[0.260s] -- Up-to-date symlink: /home/erum/solarbot_ws/install/solarbot_bringup/share/solarbot_bringup/cmake/solarbot_bringupConfig.cmake
[0.261s] -- Up-to-date symlink: /home/erum/solarbot_ws/install/solarbot_bringup/share/solarbot_bringup/cmake/solarbot_bringupConfig-version.cmake
[0.261s] -- Up-to-date symlink: /home/erum/solarbot_ws/install/solarbot_bringup/share/solarbot_bringup/package.xml
[0.262s] Invoked command in '/home/erum/solarbot_ws/build/solarbot_bringup' returned '0': CMAKE_PREFIX_PATH=${CMAKE_PREFIX_PATH}:/opt/ros/jazzy DEBUGINFOD_URLS=https://debuginfod.ubuntu.com /usr/bin/cmake --install /home/erum/solarbot_ws/build/solarbot_bringup
