[0.105s] Invoking command in '/home/erum/solarbot_ws/build/solarbot_description': CMAKE_PREFIX_PATH=${CMAKE_PREFIX_PATH}:/opt/ros/jazzy DEBUGINFOD_URLS=https://debuginfod.ubuntu.com /usr/bin/cmake --build /home/erum/solarbot_ws/build/solarbot_description -- -j2 -l2
[0.336s] Invoked command in '/home/erum/solarbot_ws/build/solarbot_description' returned '0': CMAKE_PREFIX_PATH=${CMAKE_PREFIX_PATH}:/opt/ros/jazzy DEBUGINFOD_URLS=https://debuginfod.ubuntu.com /usr/bin/cmake --build /home/erum/solarbot_ws/build/solarbot_description -- -j2 -l2
[0.342s] Invoking command in '/home/erum/solarbot_ws/build/solarbot_description': CMAKE_PREFIX_PATH=${CMAKE_PREFIX_PATH}:/opt/ros/jazzy DEBUGINFOD_URLS=https://debuginfod.ubuntu.com /usr/bin/cmake --install /home/erum/solarbot_ws/build/solarbot_description
[0.400s] -- Install configuration: ""
[0.401s] -- Execute custom install script
[0.403s] -- Up-to-date symlink: /home/erum/solarbot_ws/install/solarbot_description/share/solarbot_description/urdf/base.xacro
[0.403s] -- Up-to-date symlink: /home/erum/solarbot_ws/install/solarbot_description/share/solarbot_description/urdf/materials.xacro
[0.406s] -- Up-to-date symlink: /home/erum/solarbot_ws/install/solarbot_description/share/solarbot_description/urdf/properties.xacro
[0.407s] -- Up-to-date symlink: /home/erum/solarbot_ws/install/solarbot_description/share/solarbot_description/urdf/sensors.xacro
[0.409s] -- Up-to-date symlink: /home/erum/solarbot_ws/install/solarbot_description/share/solarbot_description/urdf/solarbot.urdf.xacro
[0.409s] -- Up-to-date symlink: /home/erum/solarbot_ws/install/solarbot_description/share/solarbot_description/urdf/tracks.xacro
[0.410s] -- Up-to-date symlink: /home/erum/solarbot_ws/install/solarbot_description/share/ament_index/resource_index/package_run_dependencies/solarbot_description
[0.410s] -- Up-to-date symlink: /home/erum/solarbot_ws/install/solarbot_description/share/ament_index/resource_index/parent_prefix_path/solarbot_description
[0.415s] -- Up-to-date symlink: /home/erum/solarbot_ws/install/solarbot_description/share/solarbot_description/environment/ament_prefix_path.sh
[0.415s] -- Up-to-date symlink: /home/erum/solarbot_ws/install/solarbot_description/share/solarbot_description/environment/ament_prefix_path.dsv
[0.417s] -- Up-to-date symlink: /home/erum/solarbot_ws/install/solarbot_description/share/solarbot_description/environment/path.sh
[0.419s] -- Up-to-date symlink: /home/erum/solarbot_ws/install/solarbot_description/share/solarbot_description/environment/path.dsv
[0.419s] -- Up-to-date symlink: /home/erum/solarbot_ws/install/solarbot_description/share/solarbot_description/local_setup.bash
[0.419s] -- Up-to-date symlink: /home/erum/solarbot_ws/install/solarbot_description/share/solarbot_description/local_setup.sh
[0.421s] -- Up-to-date symlink: /home/erum/solarbot_ws/install/solarbot_description/share/solarbot_description/local_setup.zsh
[0.422s] -- Up-to-date symlink: /home/erum/solarbot_ws/install/solarbot_description/share/solarbot_description/local_setup.dsv
[0.422s] -- Symlinking: /home/erum/solarbot_ws/install/solarbot_description/share/solarbot_description/package.dsv
[0.460s] -- Up-to-date symlink: /home/erum/solarbot_ws/install/solarbot_description/share/ament_index/resource_index/packages/solarbot_description
[0.462s] -- Up-to-date symlink: /home/erum/solarbot_ws/install/solarbot_description/share/solarbot_description/cmake/solarbot_descriptionConfig.cmake
[0.464s] -- Up-to-date symlink: /home/erum/solarbot_ws/install/solarbot_description/share/solarbot_description/cmake/solarbot_descriptionConfig-version.cmake
[0.467s] -- Up-to-date symlink: /home/erum/solarbot_ws/install/solarbot_description/share/solarbot_description/package.xml
[0.478s] Invoked command in '/home/erum/solarbot_ws/build/solarbot_description' returned '0': CMAKE_PREFIX_PATH=${CMAKE_PREFIX_PATH}:/opt/ros/jazzy DEBUGINFOD_URLS=https://debuginfod.ubuntu.com /usr/bin/cmake --install /home/erum/solarbot_ws/build/solarbot_description
