[0.171s] Invoking command in '/home/erum/solarbot_ws/build/solarbot_description': CMAKE_PREFIX_PATH=${CMAKE_PREFIX_PATH}:/opt/ros/jazzy DEBUGINFOD_URLS=https://debuginfod.ubuntu.com /usr/bin/cmake --build /home/erum/solarbot_ws/build/solarbot_description -- -j2 -l2
[0.581s] Invoked command in '/home/erum/solarbot_ws/build/solarbot_description' returned '0': CMAKE_PREFIX_PATH=${CMAKE_PREFIX_PATH}:/opt/ros/jazzy DEBUGINFOD_URLS=https://debuginfod.ubuntu.com /usr/bin/cmake --build /home/erum/solarbot_ws/build/solarbot_description -- -j2 -l2
[0.589s] Invoking command in '/home/erum/solarbot_ws/build/solarbot_description': CMAKE_PREFIX_PATH=${CMAKE_PREFIX_PATH}:/opt/ros/jazzy DEBUGINFOD_URLS=https://debuginfod.ubuntu.com /usr/bin/cmake --install /home/erum/solarbot_ws/build/solarbot_description
[0.641s] -- Install configuration: ""
[0.645s] -- Execute custom install script
[0.654s] -- Symlinking: /home/erum/solarbot_ws/install/solarbot_description/share/solarbot_description/launch/display.launch.py
[0.746s] -- Symlinking: /home/erum/solarbot_ws/install/solarbot_description/share/solarbot_description/rviz/display.rviz
[0.787s] -- Symlinking: /home/erum/solarbot_ws/install/solarbot_description/share/solarbot_description/urdf/base/chassis.xacro
[0.840s] -- Symlinking: /home/erum/solarbot_ws/install/solarbot_description/share/solarbot_description/urdf/base/tracks.xacro
[0.945s] -- Symlinking: /home/erum/solarbot_ws/install/solarbot_description/share/solarbot_description/urdf/common/materials.xacro
[1.024s] -- Symlinking: /home/erum/solarbot_ws/install/solarbot_description/share/solarbot_description/urdf/common/properties.xacro
[1.069s] -- Symlinking: /home/erum/solarbot_ws/install/solarbot_description/share/solarbot_description/urdf/sensors/sensors.xacro
[1.146s] -- Up-to-date symlink: /home/erum/solarbot_ws/install/solarbot_description/share/solarbot_description/urdf/solarbot.urdf.xacro
[1.153s] -- Up-to-date symlink: /home/erum/solarbot_ws/install/solarbot_description/share/ament_index/resource_index/package_run_dependencies/solarbot_description
[1.155s] -- Up-to-date symlink: /home/erum/solarbot_ws/install/solarbot_description/share/ament_index/resource_index/parent_prefix_path/solarbot_description
[1.157s] -- Up-to-date symlink: /home/erum/solarbot_ws/install/solarbot_description/share/solarbot_description/environment/ament_prefix_path.sh
[1.158s] -- Up-to-date symlink: /home/erum/solarbot_ws/install/solarbot_description/share/solarbot_description/environment/ament_prefix_path.dsv
[1.160s] -- Up-to-date symlink: /home/erum/solarbot_ws/install/solarbot_description/share/solarbot_description/environment/path.sh
[1.161s] -- Up-to-date symlink: /home/erum/solarbot_ws/install/solarbot_description/share/solarbot_description/environment/path.dsv
[1.163s] -- Up-to-date symlink: /home/erum/solarbot_ws/install/solarbot_description/share/solarbot_description/local_setup.bash
[1.164s] -- Up-to-date symlink: /home/erum/solarbot_ws/install/solarbot_description/share/solarbot_description/local_setup.sh
[1.170s] -- Up-to-date symlink: /home/erum/solarbot_ws/install/solarbot_description/share/solarbot_description/local_setup.zsh
[1.171s] -- Up-to-date symlink: /home/erum/solarbot_ws/install/solarbot_description/share/solarbot_description/local_setup.dsv
[1.171s] -- Symlinking: /home/erum/solarbot_ws/install/solarbot_description/share/solarbot_description/package.dsv
[1.264s] -- Up-to-date symlink: /home/erum/solarbot_ws/install/solarbot_description/share/ament_index/resource_index/packages/solarbot_description
[1.264s] -- Up-to-date symlink: /home/erum/solarbot_ws/install/solarbot_description/share/solarbot_description/cmake/solarbot_descriptionConfig.cmake
[1.271s] -- Up-to-date symlink: /home/erum/solarbot_ws/install/solarbot_description/share/solarbot_description/cmake/solarbot_descriptionConfig-version.cmake
[1.271s] -- Up-to-date symlink: /home/erum/solarbot_ws/install/solarbot_description/share/solarbot_description/package.xml
[1.274s] Invoked command in '/home/erum/solarbot_ws/build/solarbot_description' returned '0': CMAKE_PREFIX_PATH=${CMAKE_PREFIX_PATH}:/opt/ros/jazzy DEBUGINFOD_URLS=https://debuginfod.ubuntu.com /usr/bin/cmake --install /home/erum/solarbot_ws/build/solarbot_description
