[0.053s] Invoking command in '/home/erum/solarbot_ws/build/solarbot_gazebo': CMAKE_PREFIX_PATH=/home/erum/solarbot_ws/install/solarbot_description:/home/erum/solarbot_ws/install/solarbot_sim:/home/erum/solarbot_ws/install/solarbot_navigation:/home/erum/solarbot_ws/install/solarbot_msgs:/home/erum/solarbot_ws/install/solarbot_hardware:/home/erum/solarbot_ws/install/solarbot_gazebo:/home/erum/solarbot_ws/install/solarbot_cleaning:/home/erum/solarbot_ws/install/solarbot_bringup:/opt/ros/jazzy/opt/gz_sim_vendor:/opt/ros/jazzy/opt/gz_sensors_vendor:/opt/ros/jazzy/opt/gz_physics_vendor:/opt/ros/jazzy/opt/sdformat_vendor:/opt/ros/jazzy/opt/gz_gui_vendor:/opt/ros/jazzy/opt/gz_transport_vendor:/opt/ros/jazzy/opt/gz_rendering_vendor:/opt/ros/jazzy/opt/gz_plugin_vendor:/opt/ros/jazzy/opt/gz_fuel_tools_vendor:/opt/ros/jazzy/opt/gz_msgs_vendor:/opt/ros/jazzy/opt/gz_common_vendor:/opt/ros/jazzy/opt/gz_math_vendor:/opt/ros/jazzy/opt/gz_utils_vendor:/opt/ros/jazzy/opt/gz_tools_vendor:/opt/ros/jazzy/opt/gz_ogre_next_vendor:/opt/ros/jazzy/opt/gz_dartsim_vendor:/opt/ros/jazzy/opt/gz_cmake_vendor:/opt/ros/jazzy DEBUGINFOD_URLS=https://debuginfod.ubuntu.com /usr/bin/cmake --build /home/erum/solarbot_ws/build/solarbot_gazebo -- -j2 -l2
[0.225s] Invoked command in '/home/erum/solarbot_ws/build/solarbot_gazebo' returned '0': CMAKE_PREFIX_PATH=/home/erum/solarbot_ws/install/solarbot_description:/home/erum/solarbot_ws/install/solarbot_sim:/home/erum/solarbot_ws/install/solarbot_navigation:/home/erum/solarbot_ws/install/solarbot_msgs:/home/erum/solarbot_ws/install/solarbot_hardware:/home/erum/solarbot_ws/install/solarbot_gazebo:/home/erum/solarbot_ws/install/solarbot_cleaning:/home/erum/solarbot_ws/install/solarbot_bringup:/opt/ros/jazzy/opt/gz_sim_vendor:/opt/ros/jazzy/opt/gz_sensors_vendor:/opt/ros/jazzy/opt/gz_physics_vendor:/opt/ros/jazzy/opt/sdformat_vendor:/opt/ros/jazzy/opt/gz_gui_vendor:/opt/ros/jazzy/opt/gz_transport_vendor:/opt/ros/jazzy/opt/gz_rendering_vendor:/opt/ros/jazzy/opt/gz_plugin_vendor:/opt/ros/jazzy/opt/gz_fuel_tools_vendor:/opt/ros/jazzy/opt/gz_msgs_vendor:/opt/ros/jazzy/opt/gz_common_vendor:/opt/ros/jazzy/opt/gz_math_vendor:/opt/ros/jazzy/opt/gz_utils_vendor:/opt/ros/jazzy/opt/gz_tools_vendor:/opt/ros/jazzy/opt/gz_ogre_next_vendor:/opt/ros/jazzy/opt/gz_dartsim_vendor:/opt/ros/jazzy/opt/gz_cmake_vendor:/opt/ros/jazzy DEBUGINFOD_URLS=https://debuginfod.ubuntu.com /usr/bin/cmake --build /home/erum/solarbot_ws/build/solarbot_gazebo -- -j2 -l2
[0.234s] Invoking command in '/home/erum/solarbot_ws/build/solarbot_gazebo': CMAKE_PREFIX_PATH=/home/erum/solarbot_ws/install/solarbot_description:/home/erum/solarbot_ws/install/solarbot_sim:/home/erum/solarbot_ws/install/solarbot_navigation:/home/erum/solarbot_ws/install/solarbot_msgs:/home/erum/solarbot_ws/install/solarbot_hardware:/home/erum/solarbot_ws/install/solarbot_gazebo:/home/erum/solarbot_ws/install/solarbot_cleaning:/home/erum/solarbot_ws/install/solarbot_bringup:/opt/ros/jazzy/opt/gz_sim_vendor:/opt/ros/jazzy/opt/gz_sensors_vendor:/opt/ros/jazzy/opt/gz_physics_vendor:/opt/ros/jazzy/opt/sdformat_vendor:/opt/ros/jazzy/opt/gz_gui_vendor:/opt/ros/jazzy/opt/gz_transport_vendor:/opt/ros/jazzy/opt/gz_rendering_vendor:/opt/ros/jazzy/opt/gz_plugin_vendor:/opt/ros/jazzy/opt/gz_fuel_tools_vendor:/opt/ros/jazzy/opt/gz_msgs_vendor:/opt/ros/jazzy/opt/gz_common_vendor:/opt/ros/jazzy/opt/gz_math_vendor:/opt/ros/jazzy/opt/gz_utils_vendor:/opt/ros/jazzy/opt/gz_tools_vendor:/opt/ros/jazzy/opt/gz_ogre_next_vendor:/opt/ros/jazzy/opt/gz_dartsim_vendor:/opt/ros/jazzy/opt/gz_cmake_vendor:/opt/ros/jazzy DEBUGINFOD_URLS=https://debuginfod.ubuntu.com /usr/bin/cmake --install /home/erum/solarbot_ws/build/solarbot_gazebo
[0.260s] -- Install configuration: ""
[0.263s] -- Execute custom install script
[0.284s] -- Up-to-date symlink: /home/erum/solarbot_ws/install/solarbot_gazebo/share/solarbot_gazebo/launch/gazebo.launch.py
[0.287s] -- Up-to-date symlink: /home/erum/solarbot_ws/install/solarbot_gazebo/share/solarbot_gazebo/worlds/solar_panels.sdf
[0.296s] -- Up-to-date symlink: /home/erum/solarbot_ws/install/solarbot_gazebo/share/solarbot_gazebo/materials/textures/solar_panel_01_dust.png
[0.297s] -- Up-to-date symlink: /home/erum/solarbot_ws/install/solarbot_gazebo/share/solarbot_gazebo/materials/textures/solar_panel_02_dust.png
[0.300s] -- Up-to-date symlink: /home/erum/solarbot_ws/install/solarbot_gazebo/share/solarbot_gazebo/materials/textures/solar_panel_03_dust.png
[0.300s] -- Up-to-date symlink: /home/erum/solarbot_ws/install/solarbot_gazebo/share/solarbot_gazebo/materials/textures/solar_panel_04_dust.png
[0.301s] -- Up-to-date symlink: /home/erum/solarbot_ws/install/solarbot_gazebo/share/solarbot_gazebo/materials/textures/solar_panel_05_dust.png
[0.303s] -- Up-to-date symlink: /home/erum/solarbot_ws/install/solarbot_gazebo/share/solarbot_gazebo/materials/textures/solar_panel_06_dust.png
[0.304s] -- Up-to-date symlink: /home/erum/solarbot_ws/install/solarbot_gazebo/share/solarbot_gazebo/materials/textures/solar_panel_07_dust.png
[0.306s] -- Up-to-date symlink: /home/erum/solarbot_ws/install/solarbot_gazebo/share/solarbot_gazebo/materials/textures/solar_panel_08_dust.png
[0.308s] -- Up-to-date symlink: /home/erum/solarbot_ws/install/solarbot_gazebo/share/solarbot_gazebo/materials/textures/solar_panel_09_dust.png
[0.309s] -- Up-to-date symlink: /home/erum/solarbot_ws/install/solarbot_gazebo/share/solarbot_gazebo/materials/textures/solar_panel_10_dust.png
[0.312s] -- Up-to-date symlink: /home/erum/solarbot_ws/install/solarbot_gazebo/share/solarbot_gazebo/scripts/make_texture.py
[0.315s] -- Up-to-date symlink: /home/erum/solarbot_ws/install/solarbot_gazebo/share/solarbot_gazebo/config/controllers.yaml
[0.316s] -- Up-to-date symlink: /home/erum/solarbot_ws/install/solarbot_gazebo/share/ament_index/resource_index/package_run_dependencies/solarbot_gazebo
[0.316s] -- Up-to-date symlink: /home/erum/solarbot_ws/install/solarbot_gazebo/share/ament_index/resource_index/parent_prefix_path/solarbot_gazebo
[0.318s] -- Up-to-date symlink: /home/erum/solarbot_ws/install/solarbot_gazebo/share/solarbot_gazebo/environment/ament_prefix_path.sh
[0.319s] -- Up-to-date symlink: /home/erum/solarbot_ws/install/solarbot_gazebo/share/solarbot_gazebo/environment/ament_prefix_path.dsv
[0.322s] -- Up-to-date symlink: /home/erum/solarbot_ws/install/solarbot_gazebo/share/solarbot_gazebo/environment/path.sh
[0.322s] -- Up-to-date symlink: /home/erum/solarbot_ws/install/solarbot_gazebo/share/solarbot_gazebo/environment/path.dsv
[0.324s] -- Up-to-date symlink: /home/erum/solarbot_ws/install/solarbot_gazebo/share/solarbot_gazebo/local_setup.bash
[0.325s] -- Up-to-date symlink: /home/erum/solarbot_ws/install/solarbot_gazebo/share/solarbot_gazebo/local_setup.sh
[0.326s] -- Up-to-date symlink: /home/erum/solarbot_ws/install/solarbot_gazebo/share/solarbot_gazebo/local_setup.zsh
[0.328s] -- Up-to-date symlink: /home/erum/solarbot_ws/install/solarbot_gazebo/share/solarbot_gazebo/local_setup.dsv
[0.330s] -- Symlinking: /home/erum/solarbot_ws/install/solarbot_gazebo/share/solarbot_gazebo/package.dsv
[0.359s] -- Up-to-date symlink: /home/erum/solarbot_ws/install/solarbot_gazebo/share/ament_index/resource_index/packages/solarbot_gazebo
[0.362s] -- Up-to-date symlink: /home/erum/solarbot_ws/install/solarbot_gazebo/share/solarbot_gazebo/cmake/solarbot_gazeboConfig.cmake
[0.363s] -- Up-to-date symlink: /home/erum/solarbot_ws/install/solarbot_gazebo/share/solarbot_gazebo/cmake/solarbot_gazeboConfig-version.cmake
[0.365s] -- Up-to-date symlink: /home/erum/solarbot_ws/install/solarbot_gazebo/share/solarbot_gazebo/package.xml
[0.375s] Invoked command in '/home/erum/solarbot_ws/build/solarbot_gazebo' returned '0': CMAKE_PREFIX_PATH=/home/erum/solarbot_ws/install/solarbot_description:/home/erum/solarbot_ws/install/solarbot_sim:/home/erum/solarbot_ws/install/solarbot_navigation:/home/erum/solarbot_ws/install/solarbot_msgs:/home/erum/solarbot_ws/install/solarbot_hardware:/home/erum/solarbot_ws/install/solarbot_gazebo:/home/erum/solarbot_ws/install/solarbot_cleaning:/home/erum/solarbot_ws/install/solarbot_bringup:/opt/ros/jazzy/opt/gz_sim_vendor:/opt/ros/jazzy/opt/gz_sensors_vendor:/opt/ros/jazzy/opt/gz_physics_vendor:/opt/ros/jazzy/opt/sdformat_vendor:/opt/ros/jazzy/opt/gz_gui_vendor:/opt/ros/jazzy/opt/gz_transport_vendor:/opt/ros/jazzy/opt/gz_rendering_vendor:/opt/ros/jazzy/opt/gz_plugin_vendor:/opt/ros/jazzy/opt/gz_fuel_tools_vendor:/opt/ros/jazzy/opt/gz_msgs_vendor:/opt/ros/jazzy/opt/gz_common_vendor:/opt/ros/jazzy/opt/gz_math_vendor:/opt/ros/jazzy/opt/gz_utils_vendor:/opt/ros/jazzy/opt/gz_tools_vendor:/opt/ros/jazzy/opt/gz_ogre_next_vendor:/opt/ros/jazzy/opt/gz_dartsim_vendor:/opt/ros/jazzy/opt/gz_cmake_vendor:/opt/ros/jazzy DEBUGINFOD_URLS=https://debuginfod.ubuntu.com /usr/bin/cmake --install /home/erum/solarbot_ws/build/solarbot_gazebo
