[0.654s] DEBUG:colcon:Command line arguments: ['/usr/bin/colcon', 'build', '--symlink-install']
[0.656s] DEBUG:colcon:Parsed command line arguments: Namespace(log_base=None, log_level=None, verb_name='build', build_base='build', install_base='install', merge_install=False, symlink_install=True, test_result_base=None, continue_on_error=False, executor='parallel', parallel_workers=2, event_handlers=None, ignore_user_meta=False, metas=['./colcon.meta'], base_paths=['.'], packages_ignore=None, packages_ignore_regex=None, paths=None, packages_up_to=None, packages_up_to_regex=None, packages_above=None, packages_above_and_dependencies=None, packages_above_depth=None, packages_select_by_dep=None, packages_skip_by_dep=None, packages_skip_up_to=None, packages_select_build_failed=False, packages_skip_build_finished=False, packages_select_test_failures=False, packages_skip_test_passed=False, packages_select=None, packages_skip=None, packages_select_regex=None, packages_skip_regex=None, packages_start=None, packages_end=None, allow_overriding=[], cmake_args=None, cmake_target=None, cmake_target_skip_unavailable=False, cmake_clean_cache=False, cmake_clean_first=False, cmake_force_configure=False, ament_cmake_args=None, catkin_cmake_args=None, catkin_skip_building_tests=False, mixin_files=None, mixin=None, verb_parser=<colcon_mixin.mixin.mixin_argument.MixinArgumentDecorator object at 0x7bfd62179280>, verb_extension=<colcon_core.verb.build.BuildVerb object at 0x7bfd622cdb20>, main=<bound method BuildVerb.main of <colcon_core.verb.build.BuildVerb object at 0x7bfd622cdb20>>, mixin_verb=('build',))
[0.887s] Level 1:colcon.colcon_core.package_discovery:discover_packages(colcon_meta) check parameters
[0.888s] Level 1:colcon.colcon_core.package_discovery:discover_packages(recursive) check parameters
[0.888s] Level 1:colcon.colcon_core.package_discovery:discover_packages(ignore) check parameters
[0.888s] Level 1:colcon.colcon_core.package_discovery:discover_packages(path) check parameters
[0.888s] Level 1:colcon.colcon_core.package_discovery:discover_packages(colcon_meta) discover
[0.888s] Level 1:colcon.colcon_core.package_discovery:discover_packages(recursive) discover
[0.888s] INFO:colcon.colcon_core.package_discovery:Crawling recursively for packages in '/home/erum/solarbot_ws'
[0.889s] Level 1:colcon.colcon_core.package_identification:_identify(.) by extensions ['ignore', 'ignore_ament_install']
[0.889s] Level 1:colcon.colcon_core.package_identification:_identify(.) by extension 'ignore'
[0.889s] Level 1:colcon.colcon_core.package_identification:_identify(.) by extension 'ignore_ament_install'
[0.889s] Level 1:colcon.colcon_core.package_identification:_identify(.) by extensions ['colcon_pkg']
[0.889s] Level 1:colcon.colcon_core.package_identification:_identify(.) by extension 'colcon_pkg'
[0.889s] Level 1:colcon.colcon_core.package_identification:_identify(.) by extensions ['colcon_meta']
[0.889s] Level 1:colcon.colcon_core.package_identification:_identify(.) by extension 'colcon_meta'
[0.889s] Level 1:colcon.colcon_core.package_identification:_identify(.) by extensions ['ros']
[0.889s] Level 1:colcon.colcon_core.package_identification:_identify(.) by extension 'ros'
[0.934s] Level 1:colcon.colcon_core.package_identification:_identify(.) by extensions ['cmake', 'python']
[0.934s] Level 1:colcon.colcon_core.package_identification:_identify(.) by extension 'cmake'
[0.935s] Level 1:colcon.colcon_core.package_identification:_identify(.) by extension 'python'
[0.935s] Level 1:colcon.colcon_core.package_identification:_identify(.) by extensions ['python_setup_py']
[0.935s] Level 1:colcon.colcon_core.package_identification:_identify(.) by extension 'python_setup_py'
[0.935s] Level 1:colcon.colcon_core.package_identification:_identify(build) by extensions ['ignore', 'ignore_ament_install']
[0.935s] Level 1:colcon.colcon_core.package_identification:_identify(build) by extension 'ignore'
[0.935s] Level 1:colcon.colcon_core.package_identification:_identify(build) ignored
[0.935s] Level 1:colcon.colcon_core.package_identification:_identify(install) by extensions ['ignore', 'ignore_ament_install']
[0.936s] Level 1:colcon.colcon_core.package_identification:_identify(install) by extension 'ignore'
[0.936s] Level 1:colcon.colcon_core.package_identification:_identify(install) ignored
[0.936s] Level 1:colcon.colcon_core.package_identification:_identify(log) by extensions ['ignore', 'ignore_ament_install']
[0.936s] Level 1:colcon.colcon_core.package_identification:_identify(log) by extension 'ignore'
[0.936s] Level 1:colcon.colcon_core.package_identification:_identify(log) ignored
[0.936s] Level 1:colcon.colcon_core.package_identification:_identify(src) by extensions ['ignore', 'ignore_ament_install']
[0.936s] Level 1:colcon.colcon_core.package_identification:_identify(src) by extension 'ignore'
[0.936s] Level 1:colcon.colcon_core.package_identification:_identify(src) by extension 'ignore_ament_install'
[0.936s] Level 1:colcon.colcon_core.package_identification:_identify(src) by extensions ['colcon_pkg']
[0.936s] Level 1:colcon.colcon_core.package_identification:_identify(src) by extension 'colcon_pkg'
[0.937s] Level 1:colcon.colcon_core.package_identification:_identify(src) by extensions ['colcon_meta']
[0.937s] Level 1:colcon.colcon_core.package_identification:_identify(src) by extension 'colcon_meta'
[0.937s] Level 1:colcon.colcon_core.package_identification:_identify(src) by extensions ['ros']
[0.937s] Level 1:colcon.colcon_core.package_identification:_identify(src) by extension 'ros'
[0.937s] Level 1:colcon.colcon_core.package_identification:_identify(src) by extensions ['cmake', 'python']
[0.937s] Level 1:colcon.colcon_core.package_identification:_identify(src) by extension 'cmake'
[0.937s] Level 1:colcon.colcon_core.package_identification:_identify(src) by extension 'python'
[0.938s] Level 1:colcon.colcon_core.package_identification:_identify(src) by extensions ['python_setup_py']
[0.938s] Level 1:colcon.colcon_core.package_identification:_identify(src) by extension 'python_setup_py'
[0.938s] Level 1:colcon.colcon_core.package_identification:_identify(src/solarbot_bringup) by extensions ['ignore', 'ignore_ament_install']
[0.938s] Level 1:colcon.colcon_core.package_identification:_identify(src/solarbot_bringup) by extension 'ignore'
[0.938s] Level 1:colcon.colcon_core.package_identification:_identify(src/solarbot_bringup) by extension 'ignore_ament_install'
[0.938s] Level 1:colcon.colcon_core.package_identification:_identify(src/solarbot_bringup) by extensions ['colcon_pkg']
[0.938s] Level 1:colcon.colcon_core.package_identification:_identify(src/solarbot_bringup) by extension 'colcon_pkg'
[0.939s] Level 1:colcon.colcon_core.package_identification:_identify(src/solarbot_bringup) by extensions ['colcon_meta']
[0.939s] Level 1:colcon.colcon_core.package_identification:_identify(src/solarbot_bringup) by extension 'colcon_meta'
[0.939s] Level 1:colcon.colcon_core.package_identification:_identify(src/solarbot_bringup) by extensions ['ros']
[0.939s] Level 1:colcon.colcon_core.package_identification:_identify(src/solarbot_bringup) by extension 'ros'
[0.947s] DEBUG:colcon.colcon_core.package_identification:Package 'src/solarbot_bringup' with type 'ros.ament_cmake' and name 'solarbot_bringup'
[0.947s] Level 1:colcon.colcon_core.package_identification:_identify(src/solarbot_cleaning) by extensions ['ignore', 'ignore_ament_install']
[0.947s] Level 1:colcon.colcon_core.package_identification:_identify(src/solarbot_cleaning) by extension 'ignore'
[0.947s] Level 1:colcon.colcon_core.package_identification:_identify(src/solarbot_cleaning) by extension 'ignore_ament_install'
[0.947s] Level 1:colcon.colcon_core.package_identification:_identify(src/solarbot_cleaning) by extensions ['colcon_pkg']
[0.948s] Level 1:colcon.colcon_core.package_identification:_identify(src/solarbot_cleaning) by extension 'colcon_pkg'
[0.948s] Level 1:colcon.colcon_core.package_identification:_identify(src/solarbot_cleaning) by extensions ['colcon_meta']
[0.948s] Level 1:colcon.colcon_core.package_identification:_identify(src/solarbot_cleaning) by extension 'colcon_meta'
[0.948s] Level 1:colcon.colcon_core.package_identification:_identify(src/solarbot_cleaning) by extensions ['ros']
[0.948s] Level 1:colcon.colcon_core.package_identification:_identify(src/solarbot_cleaning) by extension 'ros'
[0.949s] DEBUG:colcon.colcon_core.package_identification:Package 'src/solarbot_cleaning' with type 'ros.ament_cmake' and name 'solarbot_cleaning'
[0.950s] Level 1:colcon.colcon_core.package_identification:_identify(src/solarbot_description) by extensions ['ignore', 'ignore_ament_install']
[0.950s] Level 1:colcon.colcon_core.package_identification:_identify(src/solarbot_description) by extension 'ignore'
[0.950s] Level 1:colcon.colcon_core.package_identification:_identify(src/solarbot_description) by extension 'ignore_ament_install'
[0.950s] Level 1:colcon.colcon_core.package_identification:_identify(src/solarbot_description) by extensions ['colcon_pkg']
[0.950s] Level 1:colcon.colcon_core.package_identification:_identify(src/solarbot_description) by extension 'colcon_pkg'
[0.950s] Level 1:colcon.colcon_core.package_identification:_identify(src/solarbot_description) by extensions ['colcon_meta']
[0.950s] Level 1:colcon.colcon_core.package_identification:_identify(src/solarbot_description) by extension 'colcon_meta'
[0.950s] Level 1:colcon.colcon_core.package_identification:_identify(src/solarbot_description) by extensions ['ros']
[0.950s] Level 1:colcon.colcon_core.package_identification:_identify(src/solarbot_description) by extension 'ros'
[0.952s] DEBUG:colcon.colcon_core.package_identification:Package 'src/solarbot_description' with type 'ros.ament_cmake' and name 'solarbot_description'
[0.952s] Level 1:colcon.colcon_core.package_identification:_identify(src/solarbot_hardware) by extensions ['ignore', 'ignore_ament_install']
[0.952s] Level 1:colcon.colcon_core.package_identification:_identify(src/solarbot_hardware) by extension 'ignore'
[0.952s] Level 1:colcon.colcon_core.package_identification:_identify(src/solarbot_hardware) by extension 'ignore_ament_install'
[0.952s] Level 1:colcon.colcon_core.package_identification:_identify(src/solarbot_hardware) by extensions ['colcon_pkg']
[0.952s] Level 1:colcon.colcon_core.package_identification:_identify(src/solarbot_hardware) by extension 'colcon_pkg'
[0.953s] Level 1:colcon.colcon_core.package_identification:_identify(src/solarbot_hardware) by extensions ['colcon_meta']
[0.953s] Level 1:colcon.colcon_core.package_identification:_identify(src/solarbot_hardware) by extension 'colcon_meta'
[0.953s] Level 1:colcon.colcon_core.package_identification:_identify(src/solarbot_hardware) by extensions ['ros']
[0.953s] Level 1:colcon.colcon_core.package_identification:_identify(src/solarbot_hardware) by extension 'ros'
[0.954s] DEBUG:colcon.colcon_core.package_identification:Package 'src/solarbot_hardware' with type 'ros.ament_cmake' and name 'solarbot_hardware'
[0.955s] Level 1:colcon.colcon_core.package_identification:_identify(src/solarbot_msgs) by extensions ['ignore', 'ignore_ament_install']
[0.955s] Level 1:colcon.colcon_core.package_identification:_identify(src/solarbot_msgs) by extension 'ignore'
[0.955s] Level 1:colcon.colcon_core.package_identification:_identify(src/solarbot_msgs) by extension 'ignore_ament_install'
[0.955s] Level 1:colcon.colcon_core.package_identification:_identify(src/solarbot_msgs) by extensions ['colcon_pkg']
[0.955s] Level 1:colcon.colcon_core.package_identification:_identify(src/solarbot_msgs) by extension 'colcon_pkg'
[0.955s] Level 1:colcon.colcon_core.package_identification:_identify(src/solarbot_msgs) by extensions ['colcon_meta']
[0.956s] Level 1:colcon.colcon_core.package_identification:_identify(src/solarbot_msgs) by extension 'colcon_meta'
[0.956s] Level 1:colcon.colcon_core.package_identification:_identify(src/solarbot_msgs) by extensions ['ros']
[0.956s] Level 1:colcon.colcon_core.package_identification:_identify(src/solarbot_msgs) by extension 'ros'
[0.957s] DEBUG:colcon.colcon_core.package_identification:Package 'src/solarbot_msgs' with type 'ros.ament_cmake' and name 'solarbot_msgs'
[0.957s] Level 1:colcon.colcon_core.package_identification:_identify(src/solarbot_navigation) by extensions ['ignore', 'ignore_ament_install']
[0.957s] Level 1:colcon.colcon_core.package_identification:_identify(src/solarbot_navigation) by extension 'ignore'
[0.957s] Level 1:colcon.colcon_core.package_identification:_identify(src/solarbot_navigation) by extension 'ignore_ament_install'
[0.957s] Level 1:colcon.colcon_core.package_identification:_identify(src/solarbot_navigation) by extensions ['colcon_pkg']
[0.957s] Level 1:colcon.colcon_core.package_identification:_identify(src/solarbot_navigation) by extension 'colcon_pkg'
[0.957s] Level 1:colcon.colcon_core.package_identification:_identify(src/solarbot_navigation) by extensions ['colcon_meta']
[0.958s] Level 1:colcon.colcon_core.package_identification:_identify(src/solarbot_navigation) by extension 'colcon_meta'
[0.958s] Level 1:colcon.colcon_core.package_identification:_identify(src/solarbot_navigation) by extensions ['ros']
[0.958s] Level 1:colcon.colcon_core.package_identification:_identify(src/solarbot_navigation) by extension 'ros'
[0.958s] DEBUG:colcon.colcon_core.package_identification:Package 'src/solarbot_navigation' with type 'ros.ament_cmake' and name 'solarbot_navigation'
[0.959s] Level 1:colcon.colcon_core.package_identification:_identify(src/solarbot_sim) by extensions ['ignore', 'ignore_ament_install']
[0.959s] Level 1:colcon.colcon_core.package_identification:_identify(src/solarbot_sim) by extension 'ignore'
[0.959s] Level 1:colcon.colcon_core.package_identification:_identify(src/solarbot_sim) by extension 'ignore_ament_install'
[0.959s] Level 1:colcon.colcon_core.package_identification:_identify(src/solarbot_sim) by extensions ['colcon_pkg']
[0.959s] Level 1:colcon.colcon_core.package_identification:_identify(src/solarbot_sim) by extension 'colcon_pkg'
[0.959s] Level 1:colcon.colcon_core.package_identification:_identify(src/solarbot_sim) by extensions ['colcon_meta']
[0.959s] Level 1:colcon.colcon_core.package_identification:_identify(src/solarbot_sim) by extension 'colcon_meta'
[0.959s] Level 1:colcon.colcon_core.package_identification:_identify(src/solarbot_sim) by extensions ['ros']
[0.959s] Level 1:colcon.colcon_core.package_identification:_identify(src/solarbot_sim) by extension 'ros'
[0.960s] DEBUG:colcon.colcon_core.package_identification:Package 'src/solarbot_sim' with type 'ros.ament_cmake' and name 'solarbot_sim'
[0.960s] Level 1:colcon.colcon_core.package_discovery:discover_packages(recursive) using defaults
[0.961s] Level 1:colcon.colcon_core.package_discovery:discover_packages(ignore) discover
[0.961s] Level 1:colcon.colcon_core.package_discovery:discover_packages(ignore) using defaults
[0.961s] Level 1:colcon.colcon_core.package_discovery:discover_packages(path) discover
[0.961s] Level 1:colcon.colcon_core.package_discovery:discover_packages(path) using defaults
[1.052s] Level 1:colcon.colcon_core.package_discovery:discover_packages(prefix_path) check parameters
[1.052s] Level 1:colcon.colcon_core.package_discovery:discover_packages(prefix_path) discover
[1.060s] DEBUG:colcon.colcon_installed_package_information.package_discovery:Found 6 installed packages in /home/erum/solarbot_ws/install
[1.064s] DEBUG:colcon.colcon_installed_package_information.package_discovery:Found 533 installed packages in /opt/ros/jazzy
[1.072s] Level 1:colcon.colcon_core.package_discovery:discover_packages(prefix_path) using defaults
[1.504s] Level 5:colcon.colcon_core.verb:set package 'solarbot_bringup' build argument 'cmake_args' from command line to 'None'
[1.504s] Level 5:colcon.colcon_core.verb:set package 'solarbot_bringup' build argument 'cmake_target' from command line to 'None'
[1.505s] Level 5:colcon.colcon_core.verb:set package 'solarbot_bringup' build argument 'cmake_target_skip_unavailable' from command line to 'False'
[1.505s] Level 5:colcon.colcon_core.verb:set package 'solarbot_bringup' build argument 'cmake_clean_cache' from command line to 'False'
[1.505s] Level 5:colcon.colcon_core.verb:set package 'solarbot_bringup' build argument 'cmake_clean_first' from command line to 'False'
[1.505s] Level 5:colcon.colcon_core.verb:set package 'solarbot_bringup' build argument 'cmake_force_configure' from command line to 'False'
[1.505s] Level 5:colcon.colcon_core.verb:set package 'solarbot_bringup' build argument 'ament_cmake_args' from command line to 'None'
[1.505s] Level 5:colcon.colcon_core.verb:set package 'solarbot_bringup' build argument 'catkin_cmake_args' from command line to 'None'
[1.505s] Level 5:colcon.colcon_core.verb:set package 'solarbot_bringup' build argument 'catkin_skip_building_tests' from command line to 'False'
[1.505s] DEBUG:colcon.colcon_core.verb:Building package 'solarbot_bringup' with the following arguments: {'ament_cmake_args': None, 'build_base': '/home/erum/solarbot_ws/build/solarbot_bringup', 'catkin_cmake_args': None, 'catkin_skip_building_tests': False, 'cmake_args': None, 'cmake_clean_cache': False, 'cmake_clean_first': False, 'cmake_force_configure': False, 'cmake_target': None, 'cmake_target_skip_unavailable': False, 'install_base': '/home/erum/solarbot_ws/install/solarbot_bringup', 'merge_install': False, 'path': '/home/erum/solarbot_ws/src/solarbot_bringup', 'symlink_install': True, 'test_result_base': None}
[1.505s] Level 5:colcon.colcon_core.verb:set package 'solarbot_cleaning' build argument 'cmake_args' from command line to 'None'
[1.505s] Level 5:colcon.colcon_core.verb:set package 'solarbot_cleaning' build argument 'cmake_target' from command line to 'None'
[1.505s] Level 5:colcon.colcon_core.verb:set package 'solarbot_cleaning' build argument 'cmake_target_skip_unavailable' from command line to 'False'
[1.505s] Level 5:colcon.colcon_core.verb:set package 'solarbot_cleaning' build argument 'cmake_clean_cache' from command line to 'False'
[1.505s] Level 5:colcon.colcon_core.verb:set package 'solarbot_cleaning' build argument 'cmake_clean_first' from command line to 'False'
[1.505s] Level 5:colcon.colcon_core.verb:set package 'solarbot_cleaning' build argument 'cmake_force_configure' from command line to 'False'
[1.505s] Level 5:colcon.colcon_core.verb:set package 'solarbot_cleaning' build argument 'ament_cmake_args' from command line to 'None'
[1.505s] Level 5:colcon.colcon_core.verb:set package 'solarbot_cleaning' build argument 'catkin_cmake_args' from command line to 'None'
[1.505s] Level 5:colcon.colcon_core.verb:set package 'solarbot_cleaning' build argument 'catkin_skip_building_tests' from command line to 'False'
[1.505s] DEBUG:colcon.colcon_core.verb:Building package 'solarbot_cleaning' with the following arguments: {'ament_cmake_args': None, 'build_base': '/home/erum/solarbot_ws/build/solarbot_cleaning', 'catkin_cmake_args': None, 'catkin_skip_building_tests': False, 'cmake_args': None, 'cmake_clean_cache': False, 'cmake_clean_first': False, 'cmake_force_configure': False, 'cmake_target': None, 'cmake_target_skip_unavailable': False, 'install_base': '/home/erum/solarbot_ws/install/solarbot_cleaning', 'merge_install': False, 'path': '/home/erum/solarbot_ws/src/solarbot_cleaning', 'symlink_install': True, 'test_result_base': None}
[1.506s] Level 5:colcon.colcon_core.verb:set package 'solarbot_description' build argument 'cmake_args' from command line to 'None'
[1.506s] Level 5:colcon.colcon_core.verb:set package 'solarbot_description' build argument 'cmake_target' from command line to 'None'
[1.506s] Level 5:colcon.colcon_core.verb:set package 'solarbot_description' build argument 'cmake_target_skip_unavailable' from command line to 'False'
[1.506s] Level 5:colcon.colcon_core.verb:set package 'solarbot_description' build argument 'cmake_clean_cache' from command line to 'False'
[1.506s] Level 5:colcon.colcon_core.verb:set package 'solarbot_description' build argument 'cmake_clean_first' from command line to 'False'
[1.506s] Level 5:colcon.colcon_core.verb:set package 'solarbot_description' build argument 'cmake_force_configure' from command line to 'False'
[1.506s] Level 5:colcon.colcon_core.verb:set package 'solarbot_description' build argument 'ament_cmake_args' from command line to 'None'
[1.506s] Level 5:colcon.colcon_core.verb:set package 'solarbot_description' build argument 'catkin_cmake_args' from command line to 'None'
[1.506s] Level 5:colcon.colcon_core.verb:set package 'solarbot_description' build argument 'catkin_skip_building_tests' from command line to 'False'
[1.506s] DEBUG:colcon.colcon_core.verb:Building package 'solarbot_description' with the following arguments: {'ament_cmake_args': None, 'build_base': '/home/erum/solarbot_ws/build/solarbot_description', 'catkin_cmake_args': None, 'catkin_skip_building_tests': False, 'cmake_args': None, 'cmake_clean_cache': False, 'cmake_clean_first': False, 'cmake_force_configure': False, 'cmake_target': None, 'cmake_target_skip_unavailable': False, 'install_base': '/home/erum/solarbot_ws/install/solarbot_description', 'merge_install': False, 'path': '/home/erum/solarbot_ws/src/solarbot_description', 'symlink_install': True, 'test_result_base': None}
[1.506s] Level 5:colcon.colcon_core.verb:set package 'solarbot_hardware' build argument 'cmake_args' from command line to 'None'
[1.506s] Level 5:colcon.colcon_core.verb:set package 'solarbot_hardware' build argument 'cmake_target' from command line to 'None'
[1.506s] Level 5:colcon.colcon_core.verb:set package 'solarbot_hardware' build argument 'cmake_target_skip_unavailable' from command line to 'False'
[1.506s] Level 5:colcon.colcon_core.verb:set package 'solarbot_hardware' build argument 'cmake_clean_cache' from command line to 'False'
[1.506s] Level 5:colcon.colcon_core.verb:set package 'solarbot_hardware' build argument 'cmake_clean_first' from command line to 'False'
[1.506s] Level 5:colcon.colcon_core.verb:set package 'solarbot_hardware' build argument 'cmake_force_configure' from command line to 'False'
[1.506s] Level 5:colcon.colcon_core.verb:set package 'solarbot_hardware' build argument 'ament_cmake_args' from command line to 'None'
[1.506s] Level 5:colcon.colcon_core.verb:set package 'solarbot_hardware' build argument 'catkin_cmake_args' from command line to 'None'
[1.506s] Level 5:colcon.colcon_core.verb:set package 'solarbot_hardware' build argument 'catkin_skip_building_tests' from command line to 'False'
[1.507s] DEBUG:colcon.colcon_core.verb:Building package 'solarbot_hardware' with the following arguments: {'ament_cmake_args': None, 'build_base': '/home/erum/solarbot_ws/build/solarbot_hardware', 'catkin_cmake_args': None, 'catkin_skip_building_tests': False, 'cmake_args': None, 'cmake_clean_cache': False, 'cmake_clean_first': False, 'cmake_force_configure': False, 'cmake_target': None, 'cmake_target_skip_unavailable': False, 'install_base': '/home/erum/solarbot_ws/install/solarbot_hardware', 'merge_install': False, 'path': '/home/erum/solarbot_ws/src/solarbot_hardware', 'symlink_install': True, 'test_result_base': None}
[1.507s] Level 5:colcon.colcon_core.verb:set package 'solarbot_msgs' build argument 'cmake_args' from command line to 'None'
[1.507s] Level 5:colcon.colcon_core.verb:set package 'solarbot_msgs' build argument 'cmake_target' from command line to 'None'
[1.507s] Level 5:colcon.colcon_core.verb:set package 'solarbot_msgs' build argument 'cmake_target_skip_unavailable' from command line to 'False'
[1.507s] Level 5:colcon.colcon_core.verb:set package 'solarbot_msgs' build argument 'cmake_clean_cache' from command line to 'False'
[1.507s] Level 5:colcon.colcon_core.verb:set package 'solarbot_msgs' build argument 'cmake_clean_first' from command line to 'False'
[1.507s] Level 5:colcon.colcon_core.verb:set package 'solarbot_msgs' build argument 'cmake_force_configure' from command line to 'False'
[1.507s] Level 5:colcon.colcon_core.verb:set package 'solarbot_msgs' build argument 'ament_cmake_args' from command line to 'None'
[1.507s] Level 5:colcon.colcon_core.verb:set package 'solarbot_msgs' build argument 'catkin_cmake_args' from command line to 'None'
[1.507s] Level 5:colcon.colcon_core.verb:set package 'solarbot_msgs' build argument 'catkin_skip_building_tests' from command line to 'False'
[1.507s] DEBUG:colcon.colcon_core.verb:Building package 'solarbot_msgs' with the following arguments: {'ament_cmake_args': None, 'build_base': '/home/erum/solarbot_ws/build/solarbot_msgs', 'catkin_cmake_args': None, 'catkin_skip_building_tests': False, 'cmake_args': None, 'cmake_clean_cache': False, 'cmake_clean_first': False, 'cmake_force_configure': False, 'cmake_target': None, 'cmake_target_skip_unavailable': False, 'install_base': '/home/erum/solarbot_ws/install/solarbot_msgs', 'merge_install': False, 'path': '/home/erum/solarbot_ws/src/solarbot_msgs', 'symlink_install': True, 'test_result_base': None}
[1.507s] Level 5:colcon.colcon_core.verb:set package 'solarbot_navigation' build argument 'cmake_args' from command line to 'None'
[1.507s] Level 5:colcon.colcon_core.verb:set package 'solarbot_navigation' build argument 'cmake_target' from command line to 'None'
[1.507s] Level 5:colcon.colcon_core.verb:set package 'solarbot_navigation' build argument 'cmake_target_skip_unavailable' from command line to 'False'
[1.507s] Level 5:colcon.colcon_core.verb:set package 'solarbot_navigation' build argument 'cmake_clean_cache' from command line to 'False'
[1.507s] Level 5:colcon.colcon_core.verb:set package 'solarbot_navigation' build argument 'cmake_clean_first' from command line to 'False'
[1.507s] Level 5:colcon.colcon_core.verb:set package 'solarbot_navigation' build argument 'cmake_force_configure' from command line to 'False'
[1.507s] Level 5:colcon.colcon_core.verb:set package 'solarbot_navigation' build argument 'ament_cmake_args' from command line to 'None'
[1.507s] Level 5:colcon.colcon_core.verb:set package 'solarbot_navigation' build argument 'catkin_cmake_args' from command line to 'None'
[1.508s] Level 5:colcon.colcon_core.verb:set package 'solarbot_navigation' build argument 'catkin_skip_building_tests' from command line to 'False'
[1.508s] DEBUG:colcon.colcon_core.verb:Building package 'solarbot_navigation' with the following arguments: {'ament_cmake_args': None, 'build_base': '/home/erum/solarbot_ws/build/solarbot_navigation', 'catkin_cmake_args': None, 'catkin_skip_building_tests': False, 'cmake_args': None, 'cmake_clean_cache': False, 'cmake_clean_first': False, 'cmake_force_configure': False, 'cmake_target': None, 'cmake_target_skip_unavailable': False, 'install_base': '/home/erum/solarbot_ws/install/solarbot_navigation', 'merge_install': False, 'path': '/home/erum/solarbot_ws/src/solarbot_navigation', 'symlink_install': True, 'test_result_base': None}
[1.508s] Level 5:colcon.colcon_core.verb:set package 'solarbot_sim' build argument 'cmake_args' from command line to 'None'
[1.508s] Level 5:colcon.colcon_core.verb:set package 'solarbot_sim' build argument 'cmake_target' from command line to 'None'
[1.508s] Level 5:colcon.colcon_core.verb:set package 'solarbot_sim' build argument 'cmake_target_skip_unavailable' from command line to 'False'
[1.508s] Level 5:colcon.colcon_core.verb:set package 'solarbot_sim' build argument 'cmake_clean_cache' from command line to 'False'
[1.508s] Level 5:colcon.colcon_core.verb:set package 'solarbot_sim' build argument 'cmake_clean_first' from command line to 'False'
[1.508s] Level 5:colcon.colcon_core.verb:set package 'solarbot_sim' build argument 'cmake_force_configure' from command line to 'False'
[1.508s] Level 5:colcon.colcon_core.verb:set package 'solarbot_sim' build argument 'ament_cmake_args' from command line to 'None'
[1.508s] Level 5:colcon.colcon_core.verb:set package 'solarbot_sim' build argument 'catkin_cmake_args' from command line to 'None'
[1.508s] Level 5:colcon.colcon_core.verb:set package 'solarbot_sim' build argument 'catkin_skip_building_tests' from command line to 'False'
[1.508s] DEBUG:colcon.colcon_core.verb:Building package 'solarbot_sim' with the following arguments: {'ament_cmake_args': None, 'build_base': '/home/erum/solarbot_ws/build/solarbot_sim', 'catkin_cmake_args': None, 'catkin_skip_building_tests': False, 'cmake_args': None, 'cmake_clean_cache': False, 'cmake_clean_first': False, 'cmake_force_configure': False, 'cmake_target': None, 'cmake_target_skip_unavailable': False, 'install_base': '/home/erum/solarbot_ws/install/solarbot_sim', 'merge_install': False, 'path': '/home/erum/solarbot_ws/src/solarbot_sim', 'symlink_install': True, 'test_result_base': None}
[1.508s] INFO:colcon.colcon_core.executor:Executing jobs using 'parallel' executor
[1.513s] DEBUG:colcon.colcon_parallel_executor.executor.parallel:run_until_complete
[1.515s] INFO:colcon.colcon_ros.task.ament_cmake.build:Building ROS package in '/home/erum/solarbot_ws/src/solarbot_bringup' with build type 'ament_cmake'
[1.515s] INFO:colcon.colcon_cmake.task.cmake.build:Building CMake package in '/home/erum/solarbot_ws/src/solarbot_bringup'
[1.537s] INFO:colcon.colcon_core.plugin_system:Skipping extension 'colcon_core.shell.bat': Not used on non-Windows systems
[1.541s] INFO:colcon.colcon_core.shell:Skip shell extension 'powershell' for command environment: Not usable outside of PowerShell
[1.541s] DEBUG:colcon.colcon_core.shell:Skip shell extension 'dsv' for command environment
[1.557s] INFO:colcon.colcon_ros.task.ament_cmake.build:Building ROS package in '/home/erum/solarbot_ws/src/solarbot_cleaning' with build type 'ament_cmake'
[1.557s] INFO:colcon.colcon_cmake.task.cmake.build:Building CMake package in '/home/erum/solarbot_ws/src/solarbot_cleaning'
[1.559s] INFO:colcon.colcon_core.shell:Skip shell extension 'powershell' for command environment: Not usable outside of PowerShell
[1.559s] DEBUG:colcon.colcon_core.shell:Skip shell extension 'dsv' for command environment
[1.635s] DEBUG:colcon.colcon_core.event_handler.log_command:Invoking command in '/home/erum/solarbot_ws/build/solarbot_bringup': CMAKE_PREFIX_PATH=${CMAKE_PREFIX_PATH}:/opt/ros/jazzy DEBUGINFOD_URLS=https://debuginfod.ubuntu.com /usr/bin/cmake --build /home/erum/solarbot_ws/build/solarbot_bringup -- -j2 -l2
[1.659s] DEBUG:colcon.colcon_core.event_handler.log_command:Invoking command in '/home/erum/solarbot_ws/build/solarbot_cleaning': CMAKE_PREFIX_PATH=${CMAKE_PREFIX_PATH}:/opt/ros/jazzy DEBUGINFOD_URLS=https://debuginfod.ubuntu.com /usr/bin/cmake --build /home/erum/solarbot_ws/build/solarbot_cleaning -- -j2 -l2
[1.887s] DEBUG:colcon.colcon_core.event_handler.log_command:Invoked command in '/home/erum/solarbot_ws/build/solarbot_bringup' returned '0': CMAKE_PREFIX_PATH=${CMAKE_PREFIX_PATH}:/opt/ros/jazzy DEBUGINFOD_URLS=https://debuginfod.ubuntu.com /usr/bin/cmake --build /home/erum/solarbot_ws/build/solarbot_bringup -- -j2 -l2
[1.913s] DEBUG:colcon.colcon_core.event_handler.log_command:Invoking command in '/home/erum/solarbot_ws/build/solarbot_bringup': CMAKE_PREFIX_PATH=${CMAKE_PREFIX_PATH}:/opt/ros/jazzy DEBUGINFOD_URLS=https://debuginfod.ubuntu.com /usr/bin/cmake --install /home/erum/solarbot_ws/build/solarbot_bringup
[1.914s] DEBUG:colcon.colcon_core.event_handler.log_command:Invoked command in '/home/erum/solarbot_ws/build/solarbot_cleaning' returned '0': CMAKE_PREFIX_PATH=${CMAKE_PREFIX_PATH}:/opt/ros/jazzy DEBUGINFOD_URLS=https://debuginfod.ubuntu.com /usr/bin/cmake --build /home/erum/solarbot_ws/build/solarbot_cleaning -- -j2 -l2
[1.917s] DEBUG:colcon.colcon_core.event_handler.log_command:Invoking command in '/home/erum/solarbot_ws/build/solarbot_cleaning': CMAKE_PREFIX_PATH=${CMAKE_PREFIX_PATH}:/opt/ros/jazzy DEBUGINFOD_URLS=https://debuginfod.ubuntu.com /usr/bin/cmake --install /home/erum/solarbot_ws/build/solarbot_cleaning
[2.012s] Level 1:colcon.colcon_core.environment:create_environment_scripts_only(solarbot_cleaning)
[2.014s] DEBUG:colcon.colcon_core.event_handler.log_command:Invoked command in '/home/erum/solarbot_ws/build/solarbot_cleaning' returned '0': CMAKE_PREFIX_PATH=${CMAKE_PREFIX_PATH}:/opt/ros/jazzy DEBUGINFOD_URLS=https://debuginfod.ubuntu.com /usr/bin/cmake --install /home/erum/solarbot_ws/build/solarbot_cleaning
[2.036s] Level 1:colcon.colcon_core.environment:checking '/home/erum/solarbot_ws/install/solarbot_cleaning' for CMake module files
[2.041s] Level 1:colcon.colcon_core.environment:checking '/home/erum/solarbot_ws/install/solarbot_cleaning' for CMake config files
[2.043s] Level 1:colcon.colcon_core.shell:create_environment_hook('solarbot_cleaning', 'cmake_prefix_path')
[2.044s] INFO:colcon.colcon_core.shell:Creating environment hook '/home/erum/solarbot_ws/install/solarbot_cleaning/share/solarbot_cleaning/hook/cmake_prefix_path.ps1'
[2.054s] INFO:colcon.colcon_core.shell:Creating environment descriptor '/home/erum/solarbot_ws/install/solarbot_cleaning/share/solarbot_cleaning/hook/cmake_prefix_path.dsv'
[2.060s] INFO:colcon.colcon_core.shell:Creating environment hook '/home/erum/solarbot_ws/install/solarbot_cleaning/share/solarbot_cleaning/hook/cmake_prefix_path.sh'
[2.066s] Level 1:colcon.colcon_core.environment:checking '/home/erum/solarbot_ws/install/solarbot_cleaning/bin'
[2.069s] Level 1:colcon.colcon_core.environment:checking '/home/erum/solarbot_ws/install/solarbot_cleaning/lib/pkgconfig/solarbot_cleaning.pc'
[2.070s] Level 1:colcon.colcon_core.environment:checking '/home/erum/solarbot_ws/install/solarbot_cleaning/lib/python3.12/site-packages'
[2.071s] Level 1:colcon.colcon_core.environment:checking '/home/erum/solarbot_ws/install/solarbot_cleaning/bin'
[2.072s] INFO:colcon.colcon_core.shell:Creating package script '/home/erum/solarbot_ws/install/solarbot_cleaning/share/solarbot_cleaning/package.ps1'
[2.076s] INFO:colcon.colcon_core.shell:Creating package descriptor '/home/erum/solarbot_ws/install/solarbot_cleaning/share/solarbot_cleaning/package.dsv'
[2.078s] INFO:colcon.colcon_core.shell:Creating package script '/home/erum/solarbot_ws/install/solarbot_cleaning/share/solarbot_cleaning/package.sh'
[2.083s] INFO:colcon.colcon_core.shell:Creating package script '/home/erum/solarbot_ws/install/solarbot_cleaning/share/solarbot_cleaning/package.bash'
[2.086s] INFO:colcon.colcon_core.shell:Creating package script '/home/erum/solarbot_ws/install/solarbot_cleaning/share/solarbot_cleaning/package.zsh'
[2.089s] Level 1:colcon.colcon_core.environment:create_file_with_runtime_dependencies(/home/erum/solarbot_ws/install/solarbot_cleaning/share/colcon-core/packages/solarbot_cleaning)
[2.092s] Level 1:colcon.colcon_core.environment:create_environment_scripts_only(solarbot_cleaning)
[2.093s] Level 1:colcon.colcon_core.environment:checking '/home/erum/solarbot_ws/install/solarbot_cleaning' for CMake module files
[2.095s] Level 1:colcon.colcon_core.environment:checking '/home/erum/solarbot_ws/install/solarbot_cleaning' for CMake config files
[2.096s] Level 1:colcon.colcon_core.shell:create_environment_hook('solarbot_cleaning', 'cmake_prefix_path')
[2.097s] INFO:colcon.colcon_core.shell:Creating environment hook '/home/erum/solarbot_ws/install/solarbot_cleaning/share/solarbot_cleaning/hook/cmake_prefix_path.ps1'
[2.098s] INFO:colcon.colcon_core.shell:Creating environment descriptor '/home/erum/solarbot_ws/install/solarbot_cleaning/share/solarbot_cleaning/hook/cmake_prefix_path.dsv'
[2.099s] INFO:colcon.colcon_core.shell:Creating environment hook '/home/erum/solarbot_ws/install/solarbot_cleaning/share/solarbot_cleaning/hook/cmake_prefix_path.sh'
[2.101s] Level 1:colcon.colcon_core.environment:checking '/home/erum/solarbot_ws/install/solarbot_cleaning/bin'
[2.101s] Level 1:colcon.colcon_core.environment:checking '/home/erum/solarbot_ws/install/solarbot_cleaning/lib/pkgconfig/solarbot_cleaning.pc'
[2.101s] Level 1:colcon.colcon_core.environment:checking '/home/erum/solarbot_ws/install/solarbot_cleaning/lib/python3.12/site-packages'
[2.102s] Level 1:colcon.colcon_core.environment:checking '/home/erum/solarbot_ws/install/solarbot_cleaning/bin'
[2.102s] INFO:colcon.colcon_core.shell:Creating package script '/home/erum/solarbot_ws/install/solarbot_cleaning/share/solarbot_cleaning/package.ps1'
[2.103s] INFO:colcon.colcon_core.shell:Creating package descriptor '/home/erum/solarbot_ws/install/solarbot_cleaning/share/solarbot_cleaning/package.dsv'
[2.104s] INFO:colcon.colcon_core.shell:Creating package script '/home/erum/solarbot_ws/install/solarbot_cleaning/share/solarbot_cleaning/package.sh'
[2.105s] INFO:colcon.colcon_core.shell:Creating package script '/home/erum/solarbot_ws/install/solarbot_cleaning/share/solarbot_cleaning/package.bash'
[2.106s] INFO:colcon.colcon_core.shell:Creating package script '/home/erum/solarbot_ws/install/solarbot_cleaning/share/solarbot_cleaning/package.zsh'
[2.107s] Level 1:colcon.colcon_core.environment:create_file_with_runtime_dependencies(/home/erum/solarbot_ws/install/solarbot_cleaning/share/colcon-core/packages/solarbot_cleaning)
[2.109s] INFO:colcon.colcon_ros.task.ament_cmake.build:Building ROS package in '/home/erum/solarbot_ws/src/solarbot_description' with build type 'ament_cmake'
[2.109s] INFO:colcon.colcon_cmake.task.cmake.build:Building CMake package in '/home/erum/solarbot_ws/src/solarbot_description'
[2.110s] INFO:colcon.colcon_core.shell:Skip shell extension 'powershell' for command environment: Not usable outside of PowerShell
[2.110s] DEBUG:colcon.colcon_core.shell:Skip shell extension 'dsv' for command environment
[2.125s] Level 1:colcon.colcon_core.environment:create_environment_scripts_only(solarbot_bringup)
[2.125s] Level 1:colcon.colcon_core.environment:checking '/home/erum/solarbot_ws/install/solarbot_bringup' for CMake module files
[2.126s] Level 1:colcon.colcon_core.environment:checking '/home/erum/solarbot_ws/install/solarbot_bringup' for CMake config files
[2.126s] Level 1:colcon.colcon_core.shell:create_environment_hook('solarbot_bringup', 'cmake_prefix_path')
[2.127s] INFO:colcon.colcon_core.shell:Creating environment hook '/home/erum/solarbot_ws/install/solarbot_bringup/share/solarbot_bringup/hook/cmake_prefix_path.ps1'
[2.131s] DEBUG:colcon.colcon_core.event_handler.log_command:Invoked command in '/home/erum/solarbot_ws/build/solarbot_bringup' returned '0': CMAKE_PREFIX_PATH=${CMAKE_PREFIX_PATH}:/opt/ros/jazzy DEBUGINFOD_URLS=https://debuginfod.ubuntu.com /usr/bin/cmake --install /home/erum/solarbot_ws/build/solarbot_bringup
[2.132s] INFO:colcon.colcon_core.shell:Creating environment descriptor '/home/erum/solarbot_ws/install/solarbot_bringup/share/solarbot_bringup/hook/cmake_prefix_path.dsv'
[2.135s] INFO:colcon.colcon_core.shell:Creating environment hook '/home/erum/solarbot_ws/install/solarbot_bringup/share/solarbot_bringup/hook/cmake_prefix_path.sh'
[2.137s] Level 1:colcon.colcon_core.environment:checking '/home/erum/solarbot_ws/install/solarbot_bringup/bin'
[2.137s] Level 1:colcon.colcon_core.environment:checking '/home/erum/solarbot_ws/install/solarbot_bringup/lib/pkgconfig/solarbot_bringup.pc'
[2.137s] Level 1:colcon.colcon_core.environment:checking '/home/erum/solarbot_ws/install/solarbot_bringup/lib/python3.12/site-packages'
[2.137s] Level 1:colcon.colcon_core.environment:checking '/home/erum/solarbot_ws/install/solarbot_bringup/bin'
[2.138s] INFO:colcon.colcon_core.shell:Creating package script '/home/erum/solarbot_ws/install/solarbot_bringup/share/solarbot_bringup/package.ps1'
[2.139s] INFO:colcon.colcon_core.shell:Creating package descriptor '/home/erum/solarbot_ws/install/solarbot_bringup/share/solarbot_bringup/package.dsv'
[2.140s] INFO:colcon.colcon_core.shell:Creating package script '/home/erum/solarbot_ws/install/solarbot_bringup/share/solarbot_bringup/package.sh'
[2.142s] INFO:colcon.colcon_core.shell:Creating package script '/home/erum/solarbot_ws/install/solarbot_bringup/share/solarbot_bringup/package.bash'
[2.145s] INFO:colcon.colcon_core.shell:Creating package script '/home/erum/solarbot_ws/install/solarbot_bringup/share/solarbot_bringup/package.zsh'
[2.147s] Level 1:colcon.colcon_core.environment:create_file_with_runtime_dependencies(/home/erum/solarbot_ws/install/solarbot_bringup/share/colcon-core/packages/solarbot_bringup)
[2.149s] Level 1:colcon.colcon_core.environment:create_environment_scripts_only(solarbot_bringup)
[2.149s] Level 1:colcon.colcon_core.environment:checking '/home/erum/solarbot_ws/install/solarbot_bringup' for CMake module files
[2.150s] Level 1:colcon.colcon_core.environment:checking '/home/erum/solarbot_ws/install/solarbot_bringup' for CMake config files
[2.151s] Level 1:colcon.colcon_core.shell:create_environment_hook('solarbot_bringup', 'cmake_prefix_path')
[2.151s] INFO:colcon.colcon_core.shell:Creating environment hook '/home/erum/solarbot_ws/install/solarbot_bringup/share/solarbot_bringup/hook/cmake_prefix_path.ps1'
[2.153s] INFO:colcon.colcon_core.shell:Creating environment descriptor '/home/erum/solarbot_ws/install/solarbot_bringup/share/solarbot_bringup/hook/cmake_prefix_path.dsv'
[2.154s] INFO:colcon.colcon_core.shell:Creating environment hook '/home/erum/solarbot_ws/install/solarbot_bringup/share/solarbot_bringup/hook/cmake_prefix_path.sh'
[2.155s] Level 1:colcon.colcon_core.environment:checking '/home/erum/solarbot_ws/install/solarbot_bringup/bin'
[2.155s] Level 1:colcon.colcon_core.environment:checking '/home/erum/solarbot_ws/install/solarbot_bringup/lib/pkgconfig/solarbot_bringup.pc'
[2.156s] Level 1:colcon.colcon_core.environment:checking '/home/erum/solarbot_ws/install/solarbot_bringup/lib/python3.12/site-packages'
[2.156s] Level 1:colcon.colcon_core.environment:checking '/home/erum/solarbot_ws/install/solarbot_bringup/bin'
[2.156s] INFO:colcon.colcon_core.shell:Creating package script '/home/erum/solarbot_ws/install/solarbot_bringup/share/solarbot_bringup/package.ps1'
[2.157s] INFO:colcon.colcon_core.shell:Creating package descriptor '/home/erum/solarbot_ws/install/solarbot_bringup/share/solarbot_bringup/package.dsv'
[2.159s] INFO:colcon.colcon_core.shell:Creating package script '/home/erum/solarbot_ws/install/solarbot_bringup/share/solarbot_bringup/package.sh'
[2.160s] INFO:colcon.colcon_core.shell:Creating package script '/home/erum/solarbot_ws/install/solarbot_bringup/share/solarbot_bringup/package.bash'
[2.161s] INFO:colcon.colcon_core.shell:Creating package script '/home/erum/solarbot_ws/install/solarbot_bringup/share/solarbot_bringup/package.zsh'
[2.161s] Level 1:colcon.colcon_core.environment:create_file_with_runtime_dependencies(/home/erum/solarbot_ws/install/solarbot_bringup/share/colcon-core/packages/solarbot_bringup)
[2.163s] INFO:colcon.colcon_ros.task.ament_cmake.build:Building ROS package in '/home/erum/solarbot_ws/src/solarbot_hardware' with build type 'ament_cmake'
[2.164s] INFO:colcon.colcon_cmake.task.cmake.build:Building CMake package in '/home/erum/solarbot_ws/src/solarbot_hardware'
[2.164s] INFO:colcon.colcon_core.shell:Skip shell extension 'powershell' for command environment: Not usable outside of PowerShell
[2.164s] DEBUG:colcon.colcon_core.shell:Skip shell extension 'dsv' for command environment
[2.193s] DEBUG:colcon.colcon_core.event_handler.log_command:Invoking command in '/home/erum/solarbot_ws/build/solarbot_description': CMAKE_PREFIX_PATH=${CMAKE_PREFIX_PATH}:/opt/ros/jazzy DEBUGINFOD_URLS=https://debuginfod.ubuntu.com /usr/bin/cmake --build /home/erum/solarbot_ws/build/solarbot_description -- -j2 -l2
[2.206s] DEBUG:colcon.colcon_core.event_handler.log_command:Invoking command in '/home/erum/solarbot_ws/build/solarbot_hardware': CMAKE_PREFIX_PATH=${CMAKE_PREFIX_PATH}:/opt/ros/jazzy DEBUGINFOD_URLS=https://debuginfod.ubuntu.com /usr/bin/cmake --build /home/erum/solarbot_ws/build/solarbot_hardware -- -j2 -l2
[2.340s] DEBUG:colcon.colcon_core.event_handler.log_command:Invoked command in '/home/erum/solarbot_ws/build/solarbot_hardware' returned '0': CMAKE_PREFIX_PATH=${CMAKE_PREFIX_PATH}:/opt/ros/jazzy DEBUGINFOD_URLS=https://debuginfod.ubuntu.com /usr/bin/cmake --build /home/erum/solarbot_ws/build/solarbot_hardware -- -j2 -l2
[2.343s] DEBUG:colcon.colcon_core.event_handler.log_command:Invoking command in '/home/erum/solarbot_ws/build/solarbot_hardware': CMAKE_PREFIX_PATH=${CMAKE_PREFIX_PATH}:/opt/ros/jazzy DEBUGINFOD_URLS=https://debuginfod.ubuntu.com /usr/bin/cmake --install /home/erum/solarbot_ws/build/solarbot_hardware
[2.362s] DEBUG:colcon.colcon_core.event_handler.log_command:Invoked command in '/home/erum/solarbot_ws/build/solarbot_description' returned '0': CMAKE_PREFIX_PATH=${CMAKE_PREFIX_PATH}:/opt/ros/jazzy DEBUGINFOD_URLS=https://debuginfod.ubuntu.com /usr/bin/cmake --build /home/erum/solarbot_ws/build/solarbot_description -- -j2 -l2
[2.363s] DEBUG:colcon.colcon_core.event_handler.log_command:Invoking command in '/home/erum/solarbot_ws/build/solarbot_description': CMAKE_PREFIX_PATH=${CMAKE_PREFIX_PATH}:/opt/ros/jazzy DEBUGINFOD_URLS=https://debuginfod.ubuntu.com /usr/bin/cmake --install /home/erum/solarbot_ws/build/solarbot_description
[2.450s] Level 1:colcon.colcon_core.environment:create_environment_scripts_only(solarbot_hardware)
[2.450s] Level 1:colcon.colcon_core.environment:checking '/home/erum/solarbot_ws/install/solarbot_hardware' for CMake module files
[2.463s] DEBUG:colcon.colcon_core.event_handler.log_command:Invoked command in '/home/erum/solarbot_ws/build/solarbot_hardware' returned '0': CMAKE_PREFIX_PATH=${CMAKE_PREFIX_PATH}:/opt/ros/jazzy DEBUGINFOD_URLS=https://debuginfod.ubuntu.com /usr/bin/cmake --install /home/erum/solarbot_ws/build/solarbot_hardware
[2.464s] Level 1:colcon.colcon_core.environment:checking '/home/erum/solarbot_ws/install/solarbot_hardware' for CMake config files
[2.466s] Level 1:colcon.colcon_core.shell:create_environment_hook('solarbot_hardware', 'cmake_prefix_path')
[2.467s] INFO:colcon.colcon_core.shell:Creating environment hook '/home/erum/solarbot_ws/install/solarbot_hardware/share/solarbot_hardware/hook/cmake_prefix_path.ps1'
[2.471s] INFO:colcon.colcon_core.shell:Creating environment descriptor '/home/erum/solarbot_ws/install/solarbot_hardware/share/solarbot_hardware/hook/cmake_prefix_path.dsv'
[2.475s] INFO:colcon.colcon_core.shell:Creating environment hook '/home/erum/solarbot_ws/install/solarbot_hardware/share/solarbot_hardware/hook/cmake_prefix_path.sh'
[2.477s] Level 1:colcon.colcon_core.environment:checking '/home/erum/solarbot_ws/install/solarbot_hardware/bin'
[2.477s] Level 1:colcon.colcon_core.environment:checking '/home/erum/solarbot_ws/install/solarbot_hardware/lib/pkgconfig/solarbot_hardware.pc'
[2.477s] Level 1:colcon.colcon_core.environment:checking '/home/erum/solarbot_ws/install/solarbot_hardware/lib/python3.12/site-packages'
[2.478s] Level 1:colcon.colcon_core.environment:checking '/home/erum/solarbot_ws/install/solarbot_hardware/bin'
[2.478s] INFO:colcon.colcon_core.shell:Creating package script '/home/erum/solarbot_ws/install/solarbot_hardware/share/solarbot_hardware/package.ps1'
[2.479s] INFO:colcon.colcon_core.shell:Creating package descriptor '/home/erum/solarbot_ws/install/solarbot_hardware/share/solarbot_hardware/package.dsv'
[2.480s] INFO:colcon.colcon_core.shell:Creating package script '/home/erum/solarbot_ws/install/solarbot_hardware/share/solarbot_hardware/package.sh'
[2.481s] INFO:colcon.colcon_core.shell:Creating package script '/home/erum/solarbot_ws/install/solarbot_hardware/share/solarbot_hardware/package.bash'
[2.482s] INFO:colcon.colcon_core.shell:Creating package script '/home/erum/solarbot_ws/install/solarbot_hardware/share/solarbot_hardware/package.zsh'
[2.484s] Level 1:colcon.colcon_core.environment:create_file_with_runtime_dependencies(/home/erum/solarbot_ws/install/solarbot_hardware/share/colcon-core/packages/solarbot_hardware)
[2.485s] Level 1:colcon.colcon_core.environment:create_environment_scripts_only(solarbot_hardware)
[2.486s] Level 1:colcon.colcon_core.environment:checking '/home/erum/solarbot_ws/install/solarbot_hardware' for CMake module files
[2.487s] Level 1:colcon.colcon_core.environment:checking '/home/erum/solarbot_ws/install/solarbot_hardware' for CMake config files
[2.487s] Level 1:colcon.colcon_core.shell:create_environment_hook('solarbot_hardware', 'cmake_prefix_path')
[2.488s] INFO:colcon.colcon_core.shell:Creating environment hook '/home/erum/solarbot_ws/install/solarbot_hardware/share/solarbot_hardware/hook/cmake_prefix_path.ps1'
[2.490s] INFO:colcon.colcon_core.shell:Creating environment descriptor '/home/erum/solarbot_ws/install/solarbot_hardware/share/solarbot_hardware/hook/cmake_prefix_path.dsv'
[2.491s] INFO:colcon.colcon_core.shell:Creating environment hook '/home/erum/solarbot_ws/install/solarbot_hardware/share/solarbot_hardware/hook/cmake_prefix_path.sh'
[2.493s] Level 1:colcon.colcon_core.environment:checking '/home/erum/solarbot_ws/install/solarbot_hardware/bin'
[2.493s] Level 1:colcon.colcon_core.environment:checking '/home/erum/solarbot_ws/install/solarbot_hardware/lib/pkgconfig/solarbot_hardware.pc'
[2.494s] Level 1:colcon.colcon_core.environment:checking '/home/erum/solarbot_ws/install/solarbot_hardware/lib/python3.12/site-packages'
[2.495s] Level 1:colcon.colcon_core.environment:checking '/home/erum/solarbot_ws/install/solarbot_hardware/bin'
[2.496s] INFO:colcon.colcon_core.shell:Creating package script '/home/erum/solarbot_ws/install/solarbot_hardware/share/solarbot_hardware/package.ps1'
[2.503s] INFO:colcon.colcon_core.shell:Creating package descriptor '/home/erum/solarbot_ws/install/solarbot_hardware/share/solarbot_hardware/package.dsv'
[2.504s] INFO:colcon.colcon_core.shell:Creating package script '/home/erum/solarbot_ws/install/solarbot_hardware/share/solarbot_hardware/package.sh'
[2.506s] INFO:colcon.colcon_core.shell:Creating package script '/home/erum/solarbot_ws/install/solarbot_hardware/share/solarbot_hardware/package.bash'
[2.507s] INFO:colcon.colcon_core.shell:Creating package script '/home/erum/solarbot_ws/install/solarbot_hardware/share/solarbot_hardware/package.zsh'
[2.509s] Level 1:colcon.colcon_core.environment:create_file_with_runtime_dependencies(/home/erum/solarbot_ws/install/solarbot_hardware/share/colcon-core/packages/solarbot_hardware)
[2.509s] INFO:colcon.colcon_ros.task.ament_cmake.build:Building ROS package in '/home/erum/solarbot_ws/src/solarbot_msgs' with build type 'ament_cmake'
[2.511s] INFO:colcon.colcon_cmake.task.cmake.build:Building CMake package in '/home/erum/solarbot_ws/src/solarbot_msgs'
[2.514s] INFO:colcon.colcon_core.shell:Skip shell extension 'powershell' for command environment: Not usable outside of PowerShell
[2.517s] DEBUG:colcon.colcon_core.shell:Skip shell extension 'dsv' for command environment
[2.547s] Level 1:colcon.colcon_core.environment:create_environment_scripts_only(solarbot_description)
[2.548s] Level 1:colcon.colcon_core.environment:checking '/home/erum/solarbot_ws/install/solarbot_description' for CMake module files
[2.549s] DEBUG:colcon.colcon_core.event_handler.log_command:Invoked command in '/home/erum/solarbot_ws/build/solarbot_description' returned '0': CMAKE_PREFIX_PATH=${CMAKE_PREFIX_PATH}:/opt/ros/jazzy DEBUGINFOD_URLS=https://debuginfod.ubuntu.com /usr/bin/cmake --install /home/erum/solarbot_ws/build/solarbot_description
[2.551s] Level 1:colcon.colcon_core.environment:checking '/home/erum/solarbot_ws/install/solarbot_description' for CMake config files
[2.555s] Level 1:colcon.colcon_core.shell:create_environment_hook('solarbot_description', 'cmake_prefix_path')
[2.556s] INFO:colcon.colcon_core.shell:Creating environment hook '/home/erum/solarbot_ws/install/solarbot_description/share/solarbot_description/hook/cmake_prefix_path.ps1'
[2.557s] INFO:colcon.colcon_core.shell:Creating environment descriptor '/home/erum/solarbot_ws/install/solarbot_description/share/solarbot_description/hook/cmake_prefix_path.dsv'
[2.559s] INFO:colcon.colcon_core.shell:Creating environment hook '/home/erum/solarbot_ws/install/solarbot_description/share/solarbot_description/hook/cmake_prefix_path.sh'
[2.561s] Level 1:colcon.colcon_core.environment:checking '/home/erum/solarbot_ws/install/solarbot_description/bin'
[2.561s] Level 1:colcon.colcon_core.environment:checking '/home/erum/solarbot_ws/install/solarbot_description/lib/pkgconfig/solarbot_description.pc'
[2.561s] Level 1:colcon.colcon_core.environment:checking '/home/erum/solarbot_ws/install/solarbot_description/lib/python3.12/site-packages'
[2.562s] Level 1:colcon.colcon_core.environment:checking '/home/erum/solarbot_ws/install/solarbot_description/bin'
[2.562s] INFO:colcon.colcon_core.shell:Creating package script '/home/erum/solarbot_ws/install/solarbot_description/share/solarbot_description/package.ps1'
[2.563s] INFO:colcon.colcon_core.shell:Creating package descriptor '/home/erum/solarbot_ws/install/solarbot_description/share/solarbot_description/package.dsv'
[2.564s] INFO:colcon.colcon_core.shell:Creating package script '/home/erum/solarbot_ws/install/solarbot_description/share/solarbot_description/package.sh'
[2.566s] INFO:colcon.colcon_core.shell:Creating package script '/home/erum/solarbot_ws/install/solarbot_description/share/solarbot_description/package.bash'
[2.571s] INFO:colcon.colcon_core.shell:Creating package script '/home/erum/solarbot_ws/install/solarbot_description/share/solarbot_description/package.zsh'
[2.574s] Level 1:colcon.colcon_core.environment:create_file_with_runtime_dependencies(/home/erum/solarbot_ws/install/solarbot_description/share/colcon-core/packages/solarbot_description)
[2.576s] Level 1:colcon.colcon_core.environment:create_environment_scripts_only(solarbot_description)
[2.576s] Level 1:colcon.colcon_core.environment:checking '/home/erum/solarbot_ws/install/solarbot_description' for CMake module files
[2.578s] Level 1:colcon.colcon_core.environment:checking '/home/erum/solarbot_ws/install/solarbot_description' for CMake config files
[2.578s] Level 1:colcon.colcon_core.shell:create_environment_hook('solarbot_description', 'cmake_prefix_path')
[2.579s] INFO:colcon.colcon_core.shell:Creating environment hook '/home/erum/solarbot_ws/install/solarbot_description/share/solarbot_description/hook/cmake_prefix_path.ps1'
[2.580s] INFO:colcon.colcon_core.shell:Creating environment descriptor '/home/erum/solarbot_ws/install/solarbot_description/share/solarbot_description/hook/cmake_prefix_path.dsv'
[2.583s] INFO:colcon.colcon_core.shell:Creating environment hook '/home/erum/solarbot_ws/install/solarbot_description/share/solarbot_description/hook/cmake_prefix_path.sh'
[2.584s] Level 1:colcon.colcon_core.environment:checking '/home/erum/solarbot_ws/install/solarbot_description/bin'
[2.584s] Level 1:colcon.colcon_core.environment:checking '/home/erum/solarbot_ws/install/solarbot_description/lib/pkgconfig/solarbot_description.pc'
[2.584s] Level 1:colcon.colcon_core.environment:checking '/home/erum/solarbot_ws/install/solarbot_description/lib/python3.12/site-packages'
[2.585s] Level 1:colcon.colcon_core.environment:checking '/home/erum/solarbot_ws/install/solarbot_description/bin'
[2.585s] INFO:colcon.colcon_core.shell:Creating package script '/home/erum/solarbot_ws/install/solarbot_description/share/solarbot_description/package.ps1'
[2.586s] INFO:colcon.colcon_core.shell:Creating package descriptor '/home/erum/solarbot_ws/install/solarbot_description/share/solarbot_description/package.dsv'
[2.587s] INFO:colcon.colcon_core.shell:Creating package script '/home/erum/solarbot_ws/install/solarbot_description/share/solarbot_description/package.sh'
[2.588s] INFO:colcon.colcon_core.shell:Creating package script '/home/erum/solarbot_ws/install/solarbot_description/share/solarbot_description/package.bash'
[2.589s] INFO:colcon.colcon_core.shell:Creating package script '/home/erum/solarbot_ws/install/solarbot_description/share/solarbot_description/package.zsh'
[2.589s] Level 1:colcon.colcon_core.environment:create_file_with_runtime_dependencies(/home/erum/solarbot_ws/install/solarbot_description/share/colcon-core/packages/solarbot_description)
[2.591s] INFO:colcon.colcon_ros.task.ament_cmake.build:Building ROS package in '/home/erum/solarbot_ws/src/solarbot_navigation' with build type 'ament_cmake'
[2.591s] INFO:colcon.colcon_cmake.task.cmake.build:Building CMake package in '/home/erum/solarbot_ws/src/solarbot_navigation'
[2.592s] INFO:colcon.colcon_core.shell:Skip shell extension 'powershell' for command environment: Not usable outside of PowerShell
[2.592s] DEBUG:colcon.colcon_core.shell:Skip shell extension 'dsv' for command environment
[2.623s] DEBUG:colcon.colcon_core.event_handler.log_command:Invoking command in '/home/erum/solarbot_ws/build/solarbot_msgs': CMAKE_PREFIX_PATH=${CMAKE_PREFIX_PATH}:/opt/ros/jazzy DEBUGINFOD_URLS=https://debuginfod.ubuntu.com /usr/bin/cmake --build /home/erum/solarbot_ws/build/solarbot_msgs -- -j2 -l2
[2.645s] DEBUG:colcon.colcon_core.event_handler.log_command:Invoking command in '/home/erum/solarbot_ws/build/solarbot_navigation': CMAKE_PREFIX_PATH=${CMAKE_PREFIX_PATH}:/opt/ros/jazzy DEBUGINFOD_URLS=https://debuginfod.ubuntu.com /usr/bin/cmake --build /home/erum/solarbot_ws/build/solarbot_navigation -- -j2 -l2
[2.841s] DEBUG:colcon.colcon_core.event_handler.log_command:Invoked command in '/home/erum/solarbot_ws/build/solarbot_navigation' returned '0': CMAKE_PREFIX_PATH=${CMAKE_PREFIX_PATH}:/opt/ros/jazzy DEBUGINFOD_URLS=https://debuginfod.ubuntu.com /usr/bin/cmake --build /home/erum/solarbot_ws/build/solarbot_navigation -- -j2 -l2
[2.852s] DEBUG:colcon.colcon_core.event_handler.log_command:Invoking command in '/home/erum/solarbot_ws/build/solarbot_navigation': CMAKE_PREFIX_PATH=${CMAKE_PREFIX_PATH}:/opt/ros/jazzy DEBUGINFOD_URLS=https://debuginfod.ubuntu.com /usr/bin/cmake --install /home/erum/solarbot_ws/build/solarbot_navigation
[2.879s] DEBUG:colcon.colcon_core.event_handler.log_command:Invoked command in '/home/erum/solarbot_ws/build/solarbot_msgs' returned '0': CMAKE_PREFIX_PATH=${CMAKE_PREFIX_PATH}:/opt/ros/jazzy DEBUGINFOD_URLS=https://debuginfod.ubuntu.com /usr/bin/cmake --build /home/erum/solarbot_ws/build/solarbot_msgs -- -j2 -l2
[2.880s] DEBUG:colcon.colcon_core.event_handler.log_command:Invoking command in '/home/erum/solarbot_ws/build/solarbot_msgs': CMAKE_PREFIX_PATH=${CMAKE_PREFIX_PATH}:/opt/ros/jazzy DEBUGINFOD_URLS=https://debuginfod.ubuntu.com /usr/bin/cmake --install /home/erum/solarbot_ws/build/solarbot_msgs
[2.949s] Level 1:colcon.colcon_core.environment:create_environment_scripts_only(solarbot_msgs)
[2.950s] Level 1:colcon.colcon_core.environment:checking '/home/erum/solarbot_ws/install/solarbot_msgs' for CMake module files
[2.951s] Level 1:colcon.colcon_core.environment:checking '/home/erum/solarbot_ws/install/solarbot_msgs' for CMake config files
[2.949s] DEBUG:colcon.colcon_core.event_handler.log_command:Invoked command in '/home/erum/solarbot_ws/build/solarbot_msgs' returned '0': CMAKE_PREFIX_PATH=${CMAKE_PREFIX_PATH}:/opt/ros/jazzy DEBUGINFOD_URLS=https://debuginfod.ubuntu.com /usr/bin/cmake --install /home/erum/solarbot_ws/build/solarbot_msgs
[2.951s] Level 1:colcon.colcon_core.shell:create_environment_hook('solarbot_msgs', 'cmake_prefix_path')
[2.952s] INFO:colcon.colcon_core.shell:Creating environment hook '/home/erum/solarbot_ws/install/solarbot_msgs/share/solarbot_msgs/hook/cmake_prefix_path.ps1'
[2.953s] INFO:colcon.colcon_core.shell:Creating environment descriptor '/home/erum/solarbot_ws/install/solarbot_msgs/share/solarbot_msgs/hook/cmake_prefix_path.dsv'
[2.954s] INFO:colcon.colcon_core.shell:Creating environment hook '/home/erum/solarbot_ws/install/solarbot_msgs/share/solarbot_msgs/hook/cmake_prefix_path.sh'
[2.961s] Level 1:colcon.colcon_core.environment:checking '/home/erum/solarbot_ws/install/solarbot_msgs/bin'
[2.962s] Level 1:colcon.colcon_core.environment:checking '/home/erum/solarbot_ws/install/solarbot_msgs/lib/pkgconfig/solarbot_msgs.pc'
[2.962s] Level 1:colcon.colcon_core.environment:checking '/home/erum/solarbot_ws/install/solarbot_msgs/lib/python3.12/site-packages'
[2.963s] Level 1:colcon.colcon_core.environment:checking '/home/erum/solarbot_ws/install/solarbot_msgs/bin'
[2.963s] INFO:colcon.colcon_core.shell:Creating package script '/home/erum/solarbot_ws/install/solarbot_msgs/share/solarbot_msgs/package.ps1'
[2.969s] INFO:colcon.colcon_core.shell:Creating package descriptor '/home/erum/solarbot_ws/install/solarbot_msgs/share/solarbot_msgs/package.dsv'
[2.973s] INFO:colcon.colcon_core.shell:Creating package script '/home/erum/solarbot_ws/install/solarbot_msgs/share/solarbot_msgs/package.sh'
[2.976s] INFO:colcon.colcon_core.shell:Creating package script '/home/erum/solarbot_ws/install/solarbot_msgs/share/solarbot_msgs/package.bash'
[2.977s] INFO:colcon.colcon_core.shell:Creating package script '/home/erum/solarbot_ws/install/solarbot_msgs/share/solarbot_msgs/package.zsh'
[2.979s] Level 1:colcon.colcon_core.environment:create_file_with_runtime_dependencies(/home/erum/solarbot_ws/install/solarbot_msgs/share/colcon-core/packages/solarbot_msgs)
[2.981s] Level 1:colcon.colcon_core.environment:create_environment_scripts_only(solarbot_msgs)
[2.982s] Level 1:colcon.colcon_core.environment:checking '/home/erum/solarbot_ws/install/solarbot_msgs' for CMake module files
[2.986s] Level 1:colcon.colcon_core.environment:checking '/home/erum/solarbot_ws/install/solarbot_msgs' for CMake config files
[2.987s] Level 1:colcon.colcon_core.shell:create_environment_hook('solarbot_msgs', 'cmake_prefix_path')
[2.987s] INFO:colcon.colcon_core.shell:Creating environment hook '/home/erum/solarbot_ws/install/solarbot_msgs/share/solarbot_msgs/hook/cmake_prefix_path.ps1'
[2.998s] INFO:colcon.colcon_core.shell:Creating environment descriptor '/home/erum/solarbot_ws/install/solarbot_msgs/share/solarbot_msgs/hook/cmake_prefix_path.dsv'
[2.999s] INFO:colcon.colcon_core.shell:Creating environment hook '/home/erum/solarbot_ws/install/solarbot_msgs/share/solarbot_msgs/hook/cmake_prefix_path.sh'
[3.004s] Level 1:colcon.colcon_core.environment:checking '/home/erum/solarbot_ws/install/solarbot_msgs/bin'
[3.006s] Level 1:colcon.colcon_core.environment:checking '/home/erum/solarbot_ws/install/solarbot_msgs/lib/pkgconfig/solarbot_msgs.pc'
[3.006s] Level 1:colcon.colcon_core.environment:checking '/home/erum/solarbot_ws/install/solarbot_msgs/lib/python3.12/site-packages'
[3.007s] Level 1:colcon.colcon_core.environment:checking '/home/erum/solarbot_ws/install/solarbot_msgs/bin'
[3.007s] INFO:colcon.colcon_core.shell:Creating package script '/home/erum/solarbot_ws/install/solarbot_msgs/share/solarbot_msgs/package.ps1'
[3.012s] INFO:colcon.colcon_core.shell:Creating package descriptor '/home/erum/solarbot_ws/install/solarbot_msgs/share/solarbot_msgs/package.dsv'
[3.013s] INFO:colcon.colcon_core.shell:Creating package script '/home/erum/solarbot_ws/install/solarbot_msgs/share/solarbot_msgs/package.sh'
[3.017s] INFO:colcon.colcon_core.shell:Creating package script '/home/erum/solarbot_ws/install/solarbot_msgs/share/solarbot_msgs/package.bash'
[3.018s] INFO:colcon.colcon_core.shell:Creating package script '/home/erum/solarbot_ws/install/solarbot_msgs/share/solarbot_msgs/package.zsh'
[3.020s] Level 1:colcon.colcon_core.environment:create_file_with_runtime_dependencies(/home/erum/solarbot_ws/install/solarbot_msgs/share/colcon-core/packages/solarbot_msgs)
[3.021s] INFO:colcon.colcon_ros.task.ament_cmake.build:Building ROS package in '/home/erum/solarbot_ws/src/solarbot_sim' with build type 'ament_cmake'
[3.021s] INFO:colcon.colcon_cmake.task.cmake.build:Building CMake package in '/home/erum/solarbot_ws/src/solarbot_sim'
[3.021s] INFO:colcon.colcon_core.shell:Skip shell extension 'powershell' for command environment: Not usable outside of PowerShell
[3.022s] DEBUG:colcon.colcon_core.shell:Skip shell extension 'dsv' for command environment
[3.053s] Level 1:colcon.colcon_core.environment:create_environment_scripts_only(solarbot_navigation)
[3.054s] Level 1:colcon.colcon_core.environment:checking '/home/erum/solarbot_ws/install/solarbot_navigation' for CMake module files
[3.054s] DEBUG:colcon.colcon_core.event_handler.log_command:Invoked command in '/home/erum/solarbot_ws/build/solarbot_navigation' returned '0': CMAKE_PREFIX_PATH=${CMAKE_PREFIX_PATH}:/opt/ros/jazzy DEBUGINFOD_URLS=https://debuginfod.ubuntu.com /usr/bin/cmake --install /home/erum/solarbot_ws/build/solarbot_navigation
[3.063s] Level 1:colcon.colcon_core.environment:checking '/home/erum/solarbot_ws/install/solarbot_navigation' for CMake config files
[3.064s] Level 1:colcon.colcon_core.shell:create_environment_hook('solarbot_navigation', 'cmake_prefix_path')
[3.064s] INFO:colcon.colcon_core.shell:Creating environment hook '/home/erum/solarbot_ws/install/solarbot_navigation/share/solarbot_navigation/hook/cmake_prefix_path.ps1'
[3.071s] INFO:colcon.colcon_core.shell:Creating environment descriptor '/home/erum/solarbot_ws/install/solarbot_navigation/share/solarbot_navigation/hook/cmake_prefix_path.dsv'
[3.074s] INFO:colcon.colcon_core.shell:Creating environment hook '/home/erum/solarbot_ws/install/solarbot_navigation/share/solarbot_navigation/hook/cmake_prefix_path.sh'
[3.078s] Level 1:colcon.colcon_core.environment:checking '/home/erum/solarbot_ws/install/solarbot_navigation/bin'
[3.079s] Level 1:colcon.colcon_core.environment:checking '/home/erum/solarbot_ws/install/solarbot_navigation/lib/pkgconfig/solarbot_navigation.pc'
[3.080s] Level 1:colcon.colcon_core.environment:checking '/home/erum/solarbot_ws/install/solarbot_navigation/lib/python3.12/site-packages'
[3.080s] Level 1:colcon.colcon_core.environment:checking '/home/erum/solarbot_ws/install/solarbot_navigation/bin'
[3.082s] INFO:colcon.colcon_core.shell:Creating package script '/home/erum/solarbot_ws/install/solarbot_navigation/share/solarbot_navigation/package.ps1'
[3.083s] INFO:colcon.colcon_core.shell:Creating package descriptor '/home/erum/solarbot_ws/install/solarbot_navigation/share/solarbot_navigation/package.dsv'
[3.086s] INFO:colcon.colcon_core.shell:Creating package script '/home/erum/solarbot_ws/install/solarbot_navigation/share/solarbot_navigation/package.sh'
[3.091s] INFO:colcon.colcon_core.shell:Creating package script '/home/erum/solarbot_ws/install/solarbot_navigation/share/solarbot_navigation/package.bash'
[3.097s] INFO:colcon.colcon_core.shell:Creating package script '/home/erum/solarbot_ws/install/solarbot_navigation/share/solarbot_navigation/package.zsh'
[3.101s] Level 1:colcon.colcon_core.environment:create_file_with_runtime_dependencies(/home/erum/solarbot_ws/install/solarbot_navigation/share/colcon-core/packages/solarbot_navigation)
[3.104s] Level 1:colcon.colcon_core.environment:create_environment_scripts_only(solarbot_navigation)
[3.105s] Level 1:colcon.colcon_core.environment:checking '/home/erum/solarbot_ws/install/solarbot_navigation' for CMake module files
[3.105s] Level 1:colcon.colcon_core.environment:checking '/home/erum/solarbot_ws/install/solarbot_navigation' for CMake config files
[3.107s] Level 1:colcon.colcon_core.shell:create_environment_hook('solarbot_navigation', 'cmake_prefix_path')
[3.108s] INFO:colcon.colcon_core.shell:Creating environment hook '/home/erum/solarbot_ws/install/solarbot_navigation/share/solarbot_navigation/hook/cmake_prefix_path.ps1'
[3.111s] INFO:colcon.colcon_core.shell:Creating environment descriptor '/home/erum/solarbot_ws/install/solarbot_navigation/share/solarbot_navigation/hook/cmake_prefix_path.dsv'
[3.112s] INFO:colcon.colcon_core.shell:Creating environment hook '/home/erum/solarbot_ws/install/solarbot_navigation/share/solarbot_navigation/hook/cmake_prefix_path.sh'
[3.114s] Level 1:colcon.colcon_core.environment:checking '/home/erum/solarbot_ws/install/solarbot_navigation/bin'
[3.115s] Level 1:colcon.colcon_core.environment:checking '/home/erum/solarbot_ws/install/solarbot_navigation/lib/pkgconfig/solarbot_navigation.pc'
[3.116s] Level 1:colcon.colcon_core.environment:checking '/home/erum/solarbot_ws/install/solarbot_navigation/lib/python3.12/site-packages'
[3.118s] Level 1:colcon.colcon_core.environment:checking '/home/erum/solarbot_ws/install/solarbot_navigation/bin'
[3.118s] INFO:colcon.colcon_core.shell:Creating package script '/home/erum/solarbot_ws/install/solarbot_navigation/share/solarbot_navigation/package.ps1'
[3.122s] INFO:colcon.colcon_core.shell:Creating package descriptor '/home/erum/solarbot_ws/install/solarbot_navigation/share/solarbot_navigation/package.dsv'
[3.127s] INFO:colcon.colcon_core.shell:Creating package script '/home/erum/solarbot_ws/install/solarbot_navigation/share/solarbot_navigation/package.sh'
[3.128s] INFO:colcon.colcon_core.shell:Creating package script '/home/erum/solarbot_ws/install/solarbot_navigation/share/solarbot_navigation/package.bash'
[3.134s] INFO:colcon.colcon_core.shell:Creating package script '/home/erum/solarbot_ws/install/solarbot_navigation/share/solarbot_navigation/package.zsh'
[3.141s] Level 1:colcon.colcon_core.environment:create_file_with_runtime_dependencies(/home/erum/solarbot_ws/install/solarbot_navigation/share/colcon-core/packages/solarbot_navigation)
[3.185s] DEBUG:colcon.colcon_core.event_handler.log_command:Invoking command in '/home/erum/solarbot_ws/build/solarbot_sim': CMAKE_PREFIX_PATH=${CMAKE_PREFIX_PATH}:/opt/ros/jazzy DEBUGINFOD_URLS=https://debuginfod.ubuntu.com /usr/bin/cmake /home/erum/solarbot_ws/src/solarbot_sim -DAMENT_CMAKE_SYMLINK_INSTALL=1 -DCMAKE_INSTALL_PREFIX=/home/erum/solarbot_ws/install/solarbot_sim
[7.255s] DEBUG:colcon.colcon_core.event_handler.log_command:Invoked command in '/home/erum/solarbot_ws/build/solarbot_sim' returned '0': CMAKE_PREFIX_PATH=${CMAKE_PREFIX_PATH}:/opt/ros/jazzy DEBUGINFOD_URLS=https://debuginfod.ubuntu.com /usr/bin/cmake /home/erum/solarbot_ws/src/solarbot_sim -DAMENT_CMAKE_SYMLINK_INSTALL=1 -DCMAKE_INSTALL_PREFIX=/home/erum/solarbot_ws/install/solarbot_sim
[7.258s] DEBUG:colcon.colcon_core.event_handler.log_command:Invoking command in '/home/erum/solarbot_ws/build/solarbot_sim': CMAKE_PREFIX_PATH=${CMAKE_PREFIX_PATH}:/opt/ros/jazzy DEBUGINFOD_URLS=https://debuginfod.ubuntu.com /usr/bin/cmake --build /home/erum/solarbot_ws/build/solarbot_sim -- -j2 -l2
[7.360s] DEBUG:colcon.colcon_core.event_handler.log_command:Invoked command in '/home/erum/solarbot_ws/build/solarbot_sim' returned '0': CMAKE_PREFIX_PATH=${CMAKE_PREFIX_PATH}:/opt/ros/jazzy DEBUGINFOD_URLS=https://debuginfod.ubuntu.com /usr/bin/cmake --build /home/erum/solarbot_ws/build/solarbot_sim -- -j2 -l2
[7.364s] DEBUG:colcon.colcon_core.event_handler.log_command:Invoking command in '/home/erum/solarbot_ws/build/solarbot_sim': CMAKE_PREFIX_PATH=${CMAKE_PREFIX_PATH}:/opt/ros/jazzy DEBUGINFOD_URLS=https://debuginfod.ubuntu.com /usr/bin/cmake --install /home/erum/solarbot_ws/build/solarbot_sim
[7.743s] Level 1:colcon.colcon_core.environment:create_environment_scripts_only(solarbot_sim)
[7.743s] Level 1:colcon.colcon_core.environment:checking '/home/erum/solarbot_ws/install/solarbot_sim' for CMake module files
[7.744s] DEBUG:colcon.colcon_core.event_handler.log_command:Invoked command in '/home/erum/solarbot_ws/build/solarbot_sim' returned '0': CMAKE_PREFIX_PATH=${CMAKE_PREFIX_PATH}:/opt/ros/jazzy DEBUGINFOD_URLS=https://debuginfod.ubuntu.com /usr/bin/cmake --install /home/erum/solarbot_ws/build/solarbot_sim
[7.745s] Level 1:colcon.colcon_core.environment:checking '/home/erum/solarbot_ws/install/solarbot_sim' for CMake config files
[7.745s] Level 1:colcon.colcon_core.shell:create_environment_hook('solarbot_sim', 'cmake_prefix_path')
[7.745s] INFO:colcon.colcon_core.shell:Creating environment hook '/home/erum/solarbot_ws/install/solarbot_sim/share/solarbot_sim/hook/cmake_prefix_path.ps1'
[7.746s] INFO:colcon.colcon_core.shell:Creating environment descriptor '/home/erum/solarbot_ws/install/solarbot_sim/share/solarbot_sim/hook/cmake_prefix_path.dsv'
[7.747s] INFO:colcon.colcon_core.shell:Creating environment hook '/home/erum/solarbot_ws/install/solarbot_sim/share/solarbot_sim/hook/cmake_prefix_path.sh'
[7.748s] Level 1:colcon.colcon_core.environment:checking '/home/erum/solarbot_ws/install/solarbot_sim/bin'
[7.748s] Level 1:colcon.colcon_core.environment:checking '/home/erum/solarbot_ws/install/solarbot_sim/lib/pkgconfig/solarbot_sim.pc'
[7.748s] Level 1:colcon.colcon_core.environment:checking '/home/erum/solarbot_ws/install/solarbot_sim/lib/python3.12/site-packages'
[7.749s] Level 1:colcon.colcon_core.environment:checking '/home/erum/solarbot_ws/install/solarbot_sim/bin'
[7.749s] INFO:colcon.colcon_core.shell:Creating package script '/home/erum/solarbot_ws/install/solarbot_sim/share/solarbot_sim/package.ps1'
[7.750s] INFO:colcon.colcon_core.shell:Creating package descriptor '/home/erum/solarbot_ws/install/solarbot_sim/share/solarbot_sim/package.dsv'
[7.750s] INFO:colcon.colcon_core.shell:Creating package script '/home/erum/solarbot_ws/install/solarbot_sim/share/solarbot_sim/package.sh'
[7.752s] INFO:colcon.colcon_core.shell:Creating package script '/home/erum/solarbot_ws/install/solarbot_sim/share/solarbot_sim/package.bash'
[7.752s] INFO:colcon.colcon_core.shell:Creating package script '/home/erum/solarbot_ws/install/solarbot_sim/share/solarbot_sim/package.zsh'
[7.752s] Level 1:colcon.colcon_core.environment:create_file_with_runtime_dependencies(/home/erum/solarbot_ws/install/solarbot_sim/share/colcon-core/packages/solarbot_sim)
[7.754s] Level 1:colcon.colcon_core.environment:create_environment_scripts_only(solarbot_sim)
[7.754s] Level 1:colcon.colcon_core.environment:checking '/home/erum/solarbot_ws/install/solarbot_sim' for CMake module files
[7.755s] Level 1:colcon.colcon_core.environment:checking '/home/erum/solarbot_ws/install/solarbot_sim' for CMake config files
[7.755s] Level 1:colcon.colcon_core.shell:create_environment_hook('solarbot_sim', 'cmake_prefix_path')
[7.755s] INFO:colcon.colcon_core.shell:Creating environment hook '/home/erum/solarbot_ws/install/solarbot_sim/share/solarbot_sim/hook/cmake_prefix_path.ps1'
[7.757s] INFO:colcon.colcon_core.shell:Creating environment descriptor '/home/erum/solarbot_ws/install/solarbot_sim/share/solarbot_sim/hook/cmake_prefix_path.dsv'
[7.757s] INFO:colcon.colcon_core.shell:Creating environment hook '/home/erum/solarbot_ws/install/solarbot_sim/share/solarbot_sim/hook/cmake_prefix_path.sh'
[7.758s] Level 1:colcon.colcon_core.environment:checking '/home/erum/solarbot_ws/install/solarbot_sim/bin'
[7.758s] Level 1:colcon.colcon_core.environment:checking '/home/erum/solarbot_ws/install/solarbot_sim/lib/pkgconfig/solarbot_sim.pc'
[7.759s] Level 1:colcon.colcon_core.environment:checking '/home/erum/solarbot_ws/install/solarbot_sim/lib/python3.12/site-packages'
[7.759s] Level 1:colcon.colcon_core.environment:checking '/home/erum/solarbot_ws/install/solarbot_sim/bin'
[7.759s] INFO:colcon.colcon_core.shell:Creating package script '/home/erum/solarbot_ws/install/solarbot_sim/share/solarbot_sim/package.ps1'
[7.760s] INFO:colcon.colcon_core.shell:Creating package descriptor '/home/erum/solarbot_ws/install/solarbot_sim/share/solarbot_sim/package.dsv'
[7.761s] INFO:colcon.colcon_core.shell:Creating package script '/home/erum/solarbot_ws/install/solarbot_sim/share/solarbot_sim/package.sh'
[7.762s] INFO:colcon.colcon_core.shell:Creating package script '/home/erum/solarbot_ws/install/solarbot_sim/share/solarbot_sim/package.bash'
[7.762s] INFO:colcon.colcon_core.shell:Creating package script '/home/erum/solarbot_ws/install/solarbot_sim/share/solarbot_sim/package.zsh'
[7.764s] Level 1:colcon.colcon_core.environment:create_file_with_runtime_dependencies(/home/erum/solarbot_ws/install/solarbot_sim/share/colcon-core/packages/solarbot_sim)
[7.766s] DEBUG:colcon.colcon_parallel_executor.executor.parallel:closing loop
[7.766s] DEBUG:colcon.colcon_parallel_executor.executor.parallel:loop closed
[7.766s] DEBUG:colcon.colcon_parallel_executor.executor.parallel:run_until_complete finished with '0'
[7.767s] DEBUG:colcon.colcon_core.event_reactor:joining thread
[7.860s] INFO:colcon.colcon_core.plugin_system:Skipping extension 'colcon_notification.desktop_notification.terminal_notifier': Not used on non-Darwin systems
[7.860s] INFO:colcon.colcon_core.plugin_system:Skipping extension 'colcon_notification.desktop_notification.win32': Not used on non-Windows systems
[7.861s] INFO:colcon.colcon_notification.desktop_notification:Sending desktop notification using 'notify2'
[8.213s] DEBUG:colcon.colcon_core.event_reactor:joined thread
[8.214s] INFO:colcon.colcon_core.shell:Creating prefix script '/home/erum/solarbot_ws/install/local_setup.ps1'
[8.217s] INFO:colcon.colcon_core.shell:Creating prefix util module '/home/erum/solarbot_ws/install/_local_setup_util_ps1.py'
[8.222s] INFO:colcon.colcon_core.shell:Creating prefix chain script '/home/erum/solarbot_ws/install/setup.ps1'
[8.226s] INFO:colcon.colcon_core.shell:Creating prefix script '/home/erum/solarbot_ws/install/local_setup.sh'
[8.229s] INFO:colcon.colcon_core.shell:Creating prefix util module '/home/erum/solarbot_ws/install/_local_setup_util_sh.py'
[8.232s] INFO:colcon.colcon_core.shell:Creating prefix chain script '/home/erum/solarbot_ws/install/setup.sh'
[8.236s] INFO:colcon.colcon_core.shell:Creating prefix script '/home/erum/solarbot_ws/install/local_setup.bash'
[8.238s] INFO:colcon.colcon_core.shell:Creating prefix chain script '/home/erum/solarbot_ws/install/setup.bash'
[8.240s] INFO:colcon.colcon_core.shell:Creating prefix script '/home/erum/solarbot_ws/install/local_setup.zsh'
[8.243s] INFO:colcon.colcon_core.shell:Creating prefix chain script '/home/erum/solarbot_ws/install/setup.zsh'
