[0.188s] DEBUG:colcon:Command line arguments: ['/usr/bin/colcon', 'build', '--symlink-install']
[0.188s] DEBUG:colcon:Parsed command line arguments: Namespace(log_base=None, log_level=None, verb_name='build', build_base='build', install_base='install', merge_install=False, symlink_install=True, test_result_base=None, continue_on_error=False, executor='parallel', parallel_workers=2, event_handlers=None, ignore_user_meta=False, metas=['./colcon.meta'], base_paths=['.'], packages_ignore=None, packages_ignore_regex=None, paths=None, packages_up_to=None, packages_up_to_regex=None, packages_above=None, packages_above_and_dependencies=None, packages_above_depth=None, packages_select_by_dep=None, packages_skip_by_dep=None, packages_skip_up_to=None, packages_select_build_failed=False, packages_skip_build_finished=False, packages_select_test_failures=False, packages_skip_test_passed=False, packages_select=None, packages_skip=None, packages_select_regex=None, packages_skip_regex=None, packages_start=None, packages_end=None, allow_overriding=[], cmake_args=None, cmake_target=None, cmake_target_skip_unavailable=False, cmake_clean_cache=False, cmake_clean_first=False, cmake_force_configure=False, ament_cmake_args=None, catkin_cmake_args=None, catkin_skip_building_tests=False, mixin_files=None, mixin=None, verb_parser=<colcon_mixin.mixin.mixin_argument.MixinArgumentDecorator object at 0x7cc3badb1400>, verb_extension=<colcon_core.verb.build.BuildVerb object at 0x7cc3baecdd90>, main=<bound method BuildVerb.main of <colcon_core.verb.build.BuildVerb object at 0x7cc3baecdd90>>, mixin_verb=('build',))
[0.289s] Level 1:colcon.colcon_core.package_discovery:discover_packages(colcon_meta) check parameters
[0.289s] Level 1:colcon.colcon_core.package_discovery:discover_packages(recursive) check parameters
[0.290s] Level 1:colcon.colcon_core.package_discovery:discover_packages(ignore) check parameters
[0.290s] Level 1:colcon.colcon_core.package_discovery:discover_packages(path) check parameters
[0.290s] Level 1:colcon.colcon_core.package_discovery:discover_packages(colcon_meta) discover
[0.290s] Level 1:colcon.colcon_core.package_discovery:discover_packages(recursive) discover
[0.290s] INFO:colcon.colcon_core.package_discovery:Crawling recursively for packages in '/home/erum/solarbot_ws'
[0.290s] Level 1:colcon.colcon_core.package_identification:_identify(.) by extensions ['ignore', 'ignore_ament_install']
[0.290s] Level 1:colcon.colcon_core.package_identification:_identify(.) by extension 'ignore'
[0.290s] Level 1:colcon.colcon_core.package_identification:_identify(.) by extension 'ignore_ament_install'
[0.291s] Level 1:colcon.colcon_core.package_identification:_identify(.) by extensions ['colcon_pkg']
[0.291s] Level 1:colcon.colcon_core.package_identification:_identify(.) by extension 'colcon_pkg'
[0.291s] Level 1:colcon.colcon_core.package_identification:_identify(.) by extensions ['colcon_meta']
[0.291s] Level 1:colcon.colcon_core.package_identification:_identify(.) by extension 'colcon_meta'
[0.291s] Level 1:colcon.colcon_core.package_identification:_identify(.) by extensions ['ros']
[0.291s] Level 1:colcon.colcon_core.package_identification:_identify(.) by extension 'ros'
[0.358s] Level 1:colcon.colcon_core.package_identification:_identify(.) by extensions ['cmake', 'python']
[0.358s] Level 1:colcon.colcon_core.package_identification:_identify(.) by extension 'cmake'
[0.359s] Level 1:colcon.colcon_core.package_identification:_identify(.) by extension 'python'
[0.359s] Level 1:colcon.colcon_core.package_identification:_identify(.) by extensions ['python_setup_py']
[0.359s] Level 1:colcon.colcon_core.package_identification:_identify(.) by extension 'python_setup_py'
[0.359s] Level 1:colcon.colcon_core.package_identification:_identify(build) by extensions ['ignore', 'ignore_ament_install']
[0.359s] Level 1:colcon.colcon_core.package_identification:_identify(build) by extension 'ignore'
[0.359s] Level 1:colcon.colcon_core.package_identification:_identify(build) ignored
[0.359s] Level 1:colcon.colcon_core.package_identification:_identify(install) by extensions ['ignore', 'ignore_ament_install']
[0.359s] Level 1:colcon.colcon_core.package_identification:_identify(install) by extension 'ignore'
[0.360s] Level 1:colcon.colcon_core.package_identification:_identify(install) ignored
[0.360s] Level 1:colcon.colcon_core.package_identification:_identify(log) by extensions ['ignore', 'ignore_ament_install']
[0.360s] Level 1:colcon.colcon_core.package_identification:_identify(log) by extension 'ignore'
[0.360s] Level 1:colcon.colcon_core.package_identification:_identify(log) ignored
[0.360s] Level 1:colcon.colcon_core.package_identification:_identify(src) by extensions ['ignore', 'ignore_ament_install']
[0.360s] Level 1:colcon.colcon_core.package_identification:_identify(src) by extension 'ignore'
[0.360s] Level 1:colcon.colcon_core.package_identification:_identify(src) by extension 'ignore_ament_install'
[0.360s] Level 1:colcon.colcon_core.package_identification:_identify(src) by extensions ['colcon_pkg']
[0.360s] Level 1:colcon.colcon_core.package_identification:_identify(src) by extension 'colcon_pkg'
[0.360s] Level 1:colcon.colcon_core.package_identification:_identify(src) by extensions ['colcon_meta']
[0.360s] Level 1:colcon.colcon_core.package_identification:_identify(src) by extension 'colcon_meta'
[0.360s] Level 1:colcon.colcon_core.package_identification:_identify(src) by extensions ['ros']
[0.360s] Level 1:colcon.colcon_core.package_identification:_identify(src) by extension 'ros'
[0.360s] Level 1:colcon.colcon_core.package_identification:_identify(src) by extensions ['cmake', 'python']
[0.361s] Level 1:colcon.colcon_core.package_identification:_identify(src) by extension 'cmake'
[0.361s] Level 1:colcon.colcon_core.package_identification:_identify(src) by extension 'python'
[0.361s] Level 1:colcon.colcon_core.package_identification:_identify(src) by extensions ['python_setup_py']
[0.361s] Level 1:colcon.colcon_core.package_identification:_identify(src) by extension 'python_setup_py'
[0.361s] Level 1:colcon.colcon_core.package_identification:_identify(src/solarbot_bringup) by extensions ['ignore', 'ignore_ament_install']
[0.361s] Level 1:colcon.colcon_core.package_identification:_identify(src/solarbot_bringup) by extension 'ignore'
[0.361s] Level 1:colcon.colcon_core.package_identification:_identify(src/solarbot_bringup) by extension 'ignore_ament_install'
[0.361s] Level 1:colcon.colcon_core.package_identification:_identify(src/solarbot_bringup) by extensions ['colcon_pkg']
[0.361s] Level 1:colcon.colcon_core.package_identification:_identify(src/solarbot_bringup) by extension 'colcon_pkg'
[0.361s] Level 1:colcon.colcon_core.package_identification:_identify(src/solarbot_bringup) by extensions ['colcon_meta']
[0.361s] Level 1:colcon.colcon_core.package_identification:_identify(src/solarbot_bringup) by extension 'colcon_meta'
[0.361s] Level 1:colcon.colcon_core.package_identification:_identify(src/solarbot_bringup) by extensions ['ros']
[0.361s] Level 1:colcon.colcon_core.package_identification:_identify(src/solarbot_bringup) by extension 'ros'
[0.365s] DEBUG:colcon.colcon_core.package_identification:Package 'src/solarbot_bringup' with type 'ros.ament_cmake' and name 'solarbot_bringup'
[0.365s] Level 1:colcon.colcon_core.package_identification:_identify(src/solarbot_cleaning) by extensions ['ignore', 'ignore_ament_install']
[0.366s] Level 1:colcon.colcon_core.package_identification:_identify(src/solarbot_cleaning) by extension 'ignore'
[0.366s] Level 1:colcon.colcon_core.package_identification:_identify(src/solarbot_cleaning) by extension 'ignore_ament_install'
[0.366s] Level 1:colcon.colcon_core.package_identification:_identify(src/solarbot_cleaning) by extensions ['colcon_pkg']
[0.366s] Level 1:colcon.colcon_core.package_identification:_identify(src/solarbot_cleaning) by extension 'colcon_pkg'
[0.366s] Level 1:colcon.colcon_core.package_identification:_identify(src/solarbot_cleaning) by extensions ['colcon_meta']
[0.366s] Level 1:colcon.colcon_core.package_identification:_identify(src/solarbot_cleaning) by extension 'colcon_meta'
[0.366s] Level 1:colcon.colcon_core.package_identification:_identify(src/solarbot_cleaning) by extensions ['ros']
[0.366s] Level 1:colcon.colcon_core.package_identification:_identify(src/solarbot_cleaning) by extension 'ros'
[0.367s] DEBUG:colcon.colcon_core.package_identification:Package 'src/solarbot_cleaning' with type 'ros.ament_cmake' and name 'solarbot_cleaning'
[0.367s] Level 1:colcon.colcon_core.package_identification:_identify(src/solarbot_description) by extensions ['ignore', 'ignore_ament_install']
[0.367s] Level 1:colcon.colcon_core.package_identification:_identify(src/solarbot_description) by extension 'ignore'
[0.367s] Level 1:colcon.colcon_core.package_identification:_identify(src/solarbot_description) by extension 'ignore_ament_install'
[0.367s] Level 1:colcon.colcon_core.package_identification:_identify(src/solarbot_description) by extensions ['colcon_pkg']
[0.367s] Level 1:colcon.colcon_core.package_identification:_identify(src/solarbot_description) by extension 'colcon_pkg'
[0.367s] Level 1:colcon.colcon_core.package_identification:_identify(src/solarbot_description) by extensions ['colcon_meta']
[0.367s] Level 1:colcon.colcon_core.package_identification:_identify(src/solarbot_description) by extension 'colcon_meta'
[0.367s] Level 1:colcon.colcon_core.package_identification:_identify(src/solarbot_description) by extensions ['ros']
[0.367s] Level 1:colcon.colcon_core.package_identification:_identify(src/solarbot_description) by extension 'ros'
[0.369s] DEBUG:colcon.colcon_core.package_identification:Package 'src/solarbot_description' with type 'ros.ament_cmake' and name 'solarbot_description'
[0.369s] Level 1:colcon.colcon_core.package_identification:_identify(src/solarbot_hardware) by extensions ['ignore', 'ignore_ament_install']
[0.369s] Level 1:colcon.colcon_core.package_identification:_identify(src/solarbot_hardware) by extension 'ignore'
[0.369s] Level 1:colcon.colcon_core.package_identification:_identify(src/solarbot_hardware) by extension 'ignore_ament_install'
[0.369s] Level 1:colcon.colcon_core.package_identification:_identify(src/solarbot_hardware) by extensions ['colcon_pkg']
[0.369s] Level 1:colcon.colcon_core.package_identification:_identify(src/solarbot_hardware) by extension 'colcon_pkg'
[0.369s] Level 1:colcon.colcon_core.package_identification:_identify(src/solarbot_hardware) by extensions ['colcon_meta']
[0.369s] Level 1:colcon.colcon_core.package_identification:_identify(src/solarbot_hardware) by extension 'colcon_meta'
[0.369s] Level 1:colcon.colcon_core.package_identification:_identify(src/solarbot_hardware) by extensions ['ros']
[0.369s] Level 1:colcon.colcon_core.package_identification:_identify(src/solarbot_hardware) by extension 'ros'
[0.370s] DEBUG:colcon.colcon_core.package_identification:Package 'src/solarbot_hardware' with type 'ros.ament_cmake' and name 'solarbot_hardware'
[0.370s] Level 1:colcon.colcon_core.package_identification:_identify(src/solarbot_msgs) by extensions ['ignore', 'ignore_ament_install']
[0.371s] Level 1:colcon.colcon_core.package_identification:_identify(src/solarbot_msgs) by extension 'ignore'
[0.371s] Level 1:colcon.colcon_core.package_identification:_identify(src/solarbot_msgs) by extension 'ignore_ament_install'
[0.371s] Level 1:colcon.colcon_core.package_identification:_identify(src/solarbot_msgs) by extensions ['colcon_pkg']
[0.371s] Level 1:colcon.colcon_core.package_identification:_identify(src/solarbot_msgs) by extension 'colcon_pkg'
[0.371s] Level 1:colcon.colcon_core.package_identification:_identify(src/solarbot_msgs) by extensions ['colcon_meta']
[0.371s] Level 1:colcon.colcon_core.package_identification:_identify(src/solarbot_msgs) by extension 'colcon_meta'
[0.371s] Level 1:colcon.colcon_core.package_identification:_identify(src/solarbot_msgs) by extensions ['ros']
[0.371s] Level 1:colcon.colcon_core.package_identification:_identify(src/solarbot_msgs) by extension 'ros'
[0.372s] DEBUG:colcon.colcon_core.package_identification:Package 'src/solarbot_msgs' with type 'ros.ament_cmake' and name 'solarbot_msgs'
[0.372s] Level 1:colcon.colcon_core.package_identification:_identify(src/solarbot_navigation) by extensions ['ignore', 'ignore_ament_install']
[0.372s] Level 1:colcon.colcon_core.package_identification:_identify(src/solarbot_navigation) by extension 'ignore'
[0.372s] Level 1:colcon.colcon_core.package_identification:_identify(src/solarbot_navigation) by extension 'ignore_ament_install'
[0.372s] Level 1:colcon.colcon_core.package_identification:_identify(src/solarbot_navigation) by extensions ['colcon_pkg']
[0.372s] Level 1:colcon.colcon_core.package_identification:_identify(src/solarbot_navigation) by extension 'colcon_pkg'
[0.372s] Level 1:colcon.colcon_core.package_identification:_identify(src/solarbot_navigation) by extensions ['colcon_meta']
[0.372s] Level 1:colcon.colcon_core.package_identification:_identify(src/solarbot_navigation) by extension 'colcon_meta'
[0.372s] Level 1:colcon.colcon_core.package_identification:_identify(src/solarbot_navigation) by extensions ['ros']
[0.372s] Level 1:colcon.colcon_core.package_identification:_identify(src/solarbot_navigation) by extension 'ros'
[0.373s] DEBUG:colcon.colcon_core.package_identification:Package 'src/solarbot_navigation' with type 'ros.ament_cmake' and name 'solarbot_navigation'
[0.373s] Level 1:colcon.colcon_core.package_discovery:discover_packages(recursive) using defaults
[0.373s] Level 1:colcon.colcon_core.package_discovery:discover_packages(ignore) discover
[0.373s] Level 1:colcon.colcon_core.package_discovery:discover_packages(ignore) using defaults
[0.373s] Level 1:colcon.colcon_core.package_discovery:discover_packages(path) discover
[0.373s] Level 1:colcon.colcon_core.package_discovery:discover_packages(path) using defaults
[0.413s] Level 1:colcon.colcon_core.package_discovery:discover_packages(prefix_path) check parameters
[0.413s] Level 1:colcon.colcon_core.package_discovery:discover_packages(prefix_path) discover
[0.417s] DEBUG:colcon.colcon_installed_package_information.package_discovery:Found 6 installed packages in /home/erum/solarbot_ws/install
[0.420s] DEBUG:colcon.colcon_installed_package_information.package_discovery:Found 532 installed packages in /opt/ros/jazzy
[0.426s] Level 1:colcon.colcon_core.package_discovery:discover_packages(prefix_path) using defaults
[0.569s] Level 5:colcon.colcon_core.verb:set package 'solarbot_bringup' build argument 'cmake_args' from command line to 'None'
[0.570s] Level 5:colcon.colcon_core.verb:set package 'solarbot_bringup' build argument 'cmake_target' from command line to 'None'
[0.570s] Level 5:colcon.colcon_core.verb:set package 'solarbot_bringup' build argument 'cmake_target_skip_unavailable' from command line to 'False'
[0.570s] Level 5:colcon.colcon_core.verb:set package 'solarbot_bringup' build argument 'cmake_clean_cache' from command line to 'False'
[0.570s] Level 5:colcon.colcon_core.verb:set package 'solarbot_bringup' build argument 'cmake_clean_first' from command line to 'False'
[0.570s] Level 5:colcon.colcon_core.verb:set package 'solarbot_bringup' build argument 'cmake_force_configure' from command line to 'False'
[0.570s] Level 5:colcon.colcon_core.verb:set package 'solarbot_bringup' build argument 'ament_cmake_args' from command line to 'None'
[0.570s] Level 5:colcon.colcon_core.verb:set package 'solarbot_bringup' build argument 'catkin_cmake_args' from command line to 'None'
[0.570s] Level 5:colcon.colcon_core.verb:set package 'solarbot_bringup' build argument 'catkin_skip_building_tests' from command line to 'False'
[0.570s] DEBUG:colcon.colcon_core.verb:Building package 'solarbot_bringup' with the following arguments: {'ament_cmake_args': None, 'build_base': '/home/erum/solarbot_ws/build/solarbot_bringup', 'catkin_cmake_args': None, 'catkin_skip_building_tests': False, 'cmake_args': None, 'cmake_clean_cache': False, 'cmake_clean_first': False, 'cmake_force_configure': False, 'cmake_target': None, 'cmake_target_skip_unavailable': False, 'install_base': '/home/erum/solarbot_ws/install/solarbot_bringup', 'merge_install': False, 'path': '/home/erum/solarbot_ws/src/solarbot_bringup', 'symlink_install': True, 'test_result_base': None}
[0.570s] Level 5:colcon.colcon_core.verb:set package 'solarbot_cleaning' build argument 'cmake_args' from command line to 'None'
[0.570s] Level 5:colcon.colcon_core.verb:set package 'solarbot_cleaning' build argument 'cmake_target' from command line to 'None'
[0.570s] Level 5:colcon.colcon_core.verb:set package 'solarbot_cleaning' build argument 'cmake_target_skip_unavailable' from command line to 'False'
[0.570s] Level 5:colcon.colcon_core.verb:set package 'solarbot_cleaning' build argument 'cmake_clean_cache' from command line to 'False'
[0.570s] Level 5:colcon.colcon_core.verb:set package 'solarbot_cleaning' build argument 'cmake_clean_first' from command line to 'False'
[0.570s] Level 5:colcon.colcon_core.verb:set package 'solarbot_cleaning' build argument 'cmake_force_configure' from command line to 'False'
[0.570s] Level 5:colcon.colcon_core.verb:set package 'solarbot_cleaning' build argument 'ament_cmake_args' from command line to 'None'
[0.570s] Level 5:colcon.colcon_core.verb:set package 'solarbot_cleaning' build argument 'catkin_cmake_args' from command line to 'None'
[0.570s] Level 5:colcon.colcon_core.verb:set package 'solarbot_cleaning' build argument 'catkin_skip_building_tests' from command line to 'False'
[0.570s] DEBUG:colcon.colcon_core.verb:Building package 'solarbot_cleaning' with the following arguments: {'ament_cmake_args': None, 'build_base': '/home/erum/solarbot_ws/build/solarbot_cleaning', 'catkin_cmake_args': None, 'catkin_skip_building_tests': False, 'cmake_args': None, 'cmake_clean_cache': False, 'cmake_clean_first': False, 'cmake_force_configure': False, 'cmake_target': None, 'cmake_target_skip_unavailable': False, 'install_base': '/home/erum/solarbot_ws/install/solarbot_cleaning', 'merge_install': False, 'path': '/home/erum/solarbot_ws/src/solarbot_cleaning', 'symlink_install': True, 'test_result_base': None}
[0.571s] Level 5:colcon.colcon_core.verb:set package 'solarbot_description' build argument 'cmake_args' from command line to 'None'
[0.571s] Level 5:colcon.colcon_core.verb:set package 'solarbot_description' build argument 'cmake_target' from command line to 'None'
[0.571s] Level 5:colcon.colcon_core.verb:set package 'solarbot_description' build argument 'cmake_target_skip_unavailable' from command line to 'False'
[0.571s] Level 5:colcon.colcon_core.verb:set package 'solarbot_description' build argument 'cmake_clean_cache' from command line to 'False'
[0.571s] Level 5:colcon.colcon_core.verb:set package 'solarbot_description' build argument 'cmake_clean_first' from command line to 'False'
[0.571s] Level 5:colcon.colcon_core.verb:set package 'solarbot_description' build argument 'cmake_force_configure' from command line to 'False'
[0.571s] Level 5:colcon.colcon_core.verb:set package 'solarbot_description' build argument 'ament_cmake_args' from command line to 'None'
[0.571s] Level 5:colcon.colcon_core.verb:set package 'solarbot_description' build argument 'catkin_cmake_args' from command line to 'None'
[0.571s] Level 5:colcon.colcon_core.verb:set package 'solarbot_description' build argument 'catkin_skip_building_tests' from command line to 'False'
[0.571s] DEBUG:colcon.colcon_core.verb:Building package 'solarbot_description' with the following arguments: {'ament_cmake_args': None, 'build_base': '/home/erum/solarbot_ws/build/solarbot_description', 'catkin_cmake_args': None, 'catkin_skip_building_tests': False, 'cmake_args': None, 'cmake_clean_cache': False, 'cmake_clean_first': False, 'cmake_force_configure': False, 'cmake_target': None, 'cmake_target_skip_unavailable': False, 'install_base': '/home/erum/solarbot_ws/install/solarbot_description', 'merge_install': False, 'path': '/home/erum/solarbot_ws/src/solarbot_description', 'symlink_install': True, 'test_result_base': None}
[0.572s] Level 5:colcon.colcon_core.verb:set package 'solarbot_hardware' build argument 'cmake_args' from command line to 'None'
[0.572s] Level 5:colcon.colcon_core.verb:set package 'solarbot_hardware' build argument 'cmake_target' from command line to 'None'
[0.572s] Level 5:colcon.colcon_core.verb:set package 'solarbot_hardware' build argument 'cmake_target_skip_unavailable' from command line to 'False'
[0.572s] Level 5:colcon.colcon_core.verb:set package 'solarbot_hardware' build argument 'cmake_clean_cache' from command line to 'False'
[0.572s] Level 5:colcon.colcon_core.verb:set package 'solarbot_hardware' build argument 'cmake_clean_first' from command line to 'False'
[0.572s] Level 5:colcon.colcon_core.verb:set package 'solarbot_hardware' build argument 'cmake_force_configure' from command line to 'False'
[0.572s] Level 5:colcon.colcon_core.verb:set package 'solarbot_hardware' build argument 'ament_cmake_args' from command line to 'None'
[0.572s] Level 5:colcon.colcon_core.verb:set package 'solarbot_hardware' build argument 'catkin_cmake_args' from command line to 'None'
[0.572s] Level 5:colcon.colcon_core.verb:set package 'solarbot_hardware' build argument 'catkin_skip_building_tests' from command line to 'False'
[0.572s] DEBUG:colcon.colcon_core.verb:Building package 'solarbot_hardware' with the following arguments: {'ament_cmake_args': None, 'build_base': '/home/erum/solarbot_ws/build/solarbot_hardware', 'catkin_cmake_args': None, 'catkin_skip_building_tests': False, 'cmake_args': None, 'cmake_clean_cache': False, 'cmake_clean_first': False, 'cmake_force_configure': False, 'cmake_target': None, 'cmake_target_skip_unavailable': False, 'install_base': '/home/erum/solarbot_ws/install/solarbot_hardware', 'merge_install': False, 'path': '/home/erum/solarbot_ws/src/solarbot_hardware', 'symlink_install': True, 'test_result_base': None}
[0.572s] Level 5:colcon.colcon_core.verb:set package 'solarbot_msgs' build argument 'cmake_args' from command line to 'None'
[0.572s] Level 5:colcon.colcon_core.verb:set package 'solarbot_msgs' build argument 'cmake_target' from command line to 'None'
[0.573s] Level 5:colcon.colcon_core.verb:set package 'solarbot_msgs' build argument 'cmake_target_skip_unavailable' from command line to 'False'
[0.573s] Level 5:colcon.colcon_core.verb:set package 'solarbot_msgs' build argument 'cmake_clean_cache' from command line to 'False'
[0.573s] Level 5:colcon.colcon_core.verb:set package 'solarbot_msgs' build argument 'cmake_clean_first' from command line to 'False'
[0.573s] Level 5:colcon.colcon_core.verb:set package 'solarbot_msgs' build argument 'cmake_force_configure' from command line to 'False'
[0.573s] Level 5:colcon.colcon_core.verb:set package 'solarbot_msgs' build argument 'ament_cmake_args' from command line to 'None'
[0.573s] Level 5:colcon.colcon_core.verb:set package 'solarbot_msgs' build argument 'catkin_cmake_args' from command line to 'None'
[0.573s] Level 5:colcon.colcon_core.verb:set package 'solarbot_msgs' build argument 'catkin_skip_building_tests' from command line to 'False'
[0.573s] DEBUG:colcon.colcon_core.verb:Building package 'solarbot_msgs' with the following arguments: {'ament_cmake_args': None, 'build_base': '/home/erum/solarbot_ws/build/solarbot_msgs', 'catkin_cmake_args': None, 'catkin_skip_building_tests': False, 'cmake_args': None, 'cmake_clean_cache': False, 'cmake_clean_first': False, 'cmake_force_configure': False, 'cmake_target': None, 'cmake_target_skip_unavailable': False, 'install_base': '/home/erum/solarbot_ws/install/solarbot_msgs', 'merge_install': False, 'path': '/home/erum/solarbot_ws/src/solarbot_msgs', 'symlink_install': True, 'test_result_base': None}
[0.573s] Level 5:colcon.colcon_core.verb:set package 'solarbot_navigation' build argument 'cmake_args' from command line to 'None'
[0.573s] Level 5:colcon.colcon_core.verb:set package 'solarbot_navigation' build argument 'cmake_target' from command line to 'None'
[0.573s] Level 5:colcon.colcon_core.verb:set package 'solarbot_navigation' build argument 'cmake_target_skip_unavailable' from command line to 'False'
[0.573s] Level 5:colcon.colcon_core.verb:set package 'solarbot_navigation' build argument 'cmake_clean_cache' from command line to 'False'
[0.573s] Level 5:colcon.colcon_core.verb:set package 'solarbot_navigation' build argument 'cmake_clean_first' from command line to 'False'
[0.573s] Level 5:colcon.colcon_core.verb:set package 'solarbot_navigation' build argument 'cmake_force_configure' from command line to 'False'
[0.573s] Level 5:colcon.colcon_core.verb:set package 'solarbot_navigation' build argument 'ament_cmake_args' from command line to 'None'
[0.573s] Level 5:colcon.colcon_core.verb:set package 'solarbot_navigation' build argument 'catkin_cmake_args' from command line to 'None'
[0.573s] Level 5:colcon.colcon_core.verb:set package 'solarbot_navigation' build argument 'catkin_skip_building_tests' from command line to 'False'
[0.573s] DEBUG:colcon.colcon_core.verb:Building package 'solarbot_navigation' with the following arguments: {'ament_cmake_args': None, 'build_base': '/home/erum/solarbot_ws/build/solarbot_navigation', 'catkin_cmake_args': None, 'catkin_skip_building_tests': False, 'cmake_args': None, 'cmake_clean_cache': False, 'cmake_clean_first': False, 'cmake_force_configure': False, 'cmake_target': None, 'cmake_target_skip_unavailable': False, 'install_base': '/home/erum/solarbot_ws/install/solarbot_navigation', 'merge_install': False, 'path': '/home/erum/solarbot_ws/src/solarbot_navigation', 'symlink_install': True, 'test_result_base': None}
[0.574s] INFO:colcon.colcon_core.executor:Executing jobs using 'parallel' executor
[0.575s] DEBUG:colcon.colcon_parallel_executor.executor.parallel:run_until_complete
[0.576s] INFO:colcon.colcon_ros.task.ament_cmake.build:Building ROS package in '/home/erum/solarbot_ws/src/solarbot_bringup' with build type 'ament_cmake'
[0.576s] INFO:colcon.colcon_cmake.task.cmake.build:Building CMake package in '/home/erum/solarbot_ws/src/solarbot_bringup'
[0.580s] INFO:colcon.colcon_core.plugin_system:Skipping extension 'colcon_core.shell.bat': Not used on non-Windows systems
[0.580s] INFO:colcon.colcon_core.shell:Skip shell extension 'powershell' for command environment: Not usable outside of PowerShell
[0.580s] DEBUG:colcon.colcon_core.shell:Skip shell extension 'dsv' for command environment
[0.593s] INFO:colcon.colcon_ros.task.ament_cmake.build:Building ROS package in '/home/erum/solarbot_ws/src/solarbot_cleaning' with build type 'ament_cmake'
[0.594s] INFO:colcon.colcon_cmake.task.cmake.build:Building CMake package in '/home/erum/solarbot_ws/src/solarbot_cleaning'
[0.594s] INFO:colcon.colcon_core.shell:Skip shell extension 'powershell' for command environment: Not usable outside of PowerShell
[0.594s] DEBUG:colcon.colcon_core.shell:Skip shell extension 'dsv' for command environment
[0.610s] DEBUG:colcon.colcon_core.event_handler.log_command:Invoking command in '/home/erum/solarbot_ws/build/solarbot_bringup': CMAKE_PREFIX_PATH=${CMAKE_PREFIX_PATH}:/opt/ros/jazzy DEBUGINFOD_URLS=https://debuginfod.ubuntu.com /usr/bin/cmake --build /home/erum/solarbot_ws/build/solarbot_bringup -- -j2 -l2
[0.633s] DEBUG:colcon.colcon_core.event_handler.log_command:Invoking command in '/home/erum/solarbot_ws/build/solarbot_cleaning': CMAKE_PREFIX_PATH=${CMAKE_PREFIX_PATH}:/opt/ros/jazzy DEBUGINFOD_URLS=https://debuginfod.ubuntu.com /usr/bin/cmake --build /home/erum/solarbot_ws/build/solarbot_cleaning -- -j2 -l2
[0.716s] DEBUG:colcon.colcon_core.event_handler.log_command:Invoked command in '/home/erum/solarbot_ws/build/solarbot_bringup' returned '0': CMAKE_PREFIX_PATH=${CMAKE_PREFIX_PATH}:/opt/ros/jazzy DEBUGINFOD_URLS=https://debuginfod.ubuntu.com /usr/bin/cmake --build /home/erum/solarbot_ws/build/solarbot_bringup -- -j2 -l2
[0.736s] DEBUG:colcon.colcon_core.event_handler.log_command:Invoking command in '/home/erum/solarbot_ws/build/solarbot_bringup': CMAKE_PREFIX_PATH=${CMAKE_PREFIX_PATH}:/opt/ros/jazzy DEBUGINFOD_URLS=https://debuginfod.ubuntu.com /usr/bin/cmake --install /home/erum/solarbot_ws/build/solarbot_bringup
[0.741s] DEBUG:colcon.colcon_core.event_handler.log_command:Invoked command in '/home/erum/solarbot_ws/build/solarbot_cleaning' returned '0': CMAKE_PREFIX_PATH=${CMAKE_PREFIX_PATH}:/opt/ros/jazzy DEBUGINFOD_URLS=https://debuginfod.ubuntu.com /usr/bin/cmake --build /home/erum/solarbot_ws/build/solarbot_cleaning -- -j2 -l2
[0.741s] DEBUG:colcon.colcon_core.event_handler.log_command:Invoking command in '/home/erum/solarbot_ws/build/solarbot_cleaning': CMAKE_PREFIX_PATH=${CMAKE_PREFIX_PATH}:/opt/ros/jazzy DEBUGINFOD_URLS=https://debuginfod.ubuntu.com /usr/bin/cmake --install /home/erum/solarbot_ws/build/solarbot_cleaning
[0.788s] Level 1:colcon.colcon_core.environment:create_environment_scripts_only(solarbot_bringup)
[0.793s] DEBUG:colcon.colcon_core.event_handler.log_command:Invoked command in '/home/erum/solarbot_ws/build/solarbot_bringup' returned '0': CMAKE_PREFIX_PATH=${CMAKE_PREFIX_PATH}:/opt/ros/jazzy DEBUGINFOD_URLS=https://debuginfod.ubuntu.com /usr/bin/cmake --install /home/erum/solarbot_ws/build/solarbot_bringup
[0.801s] Level 1:colcon.colcon_core.environment:checking '/home/erum/solarbot_ws/install/solarbot_bringup' for CMake module files
[0.803s] Level 1:colcon.colcon_core.environment:checking '/home/erum/solarbot_ws/install/solarbot_bringup' for CMake config files
[0.804s] Level 1:colcon.colcon_core.shell:create_environment_hook('solarbot_bringup', 'cmake_prefix_path')
[0.804s] INFO:colcon.colcon_core.shell:Creating environment hook '/home/erum/solarbot_ws/install/solarbot_bringup/share/solarbot_bringup/hook/cmake_prefix_path.ps1'
[0.806s] INFO:colcon.colcon_core.shell:Creating environment descriptor '/home/erum/solarbot_ws/install/solarbot_bringup/share/solarbot_bringup/hook/cmake_prefix_path.dsv'
[0.807s] INFO:colcon.colcon_core.shell:Creating environment hook '/home/erum/solarbot_ws/install/solarbot_bringup/share/solarbot_bringup/hook/cmake_prefix_path.sh'
[0.809s] Level 1:colcon.colcon_core.environment:checking '/home/erum/solarbot_ws/install/solarbot_bringup/bin'
[0.809s] Level 1:colcon.colcon_core.environment:checking '/home/erum/solarbot_ws/install/solarbot_bringup/lib/pkgconfig/solarbot_bringup.pc'
[0.809s] Level 1:colcon.colcon_core.environment:checking '/home/erum/solarbot_ws/install/solarbot_bringup/lib/python3.12/site-packages'
[0.811s] Level 1:colcon.colcon_core.environment:checking '/home/erum/solarbot_ws/install/solarbot_bringup/bin'
[0.812s] INFO:colcon.colcon_core.shell:Creating package script '/home/erum/solarbot_ws/install/solarbot_bringup/share/solarbot_bringup/package.ps1'
[0.814s] INFO:colcon.colcon_core.shell:Creating package descriptor '/home/erum/solarbot_ws/install/solarbot_bringup/share/solarbot_bringup/package.dsv'
[0.817s] INFO:colcon.colcon_core.shell:Creating package script '/home/erum/solarbot_ws/install/solarbot_bringup/share/solarbot_bringup/package.sh'
[0.819s] INFO:colcon.colcon_core.shell:Creating package script '/home/erum/solarbot_ws/install/solarbot_bringup/share/solarbot_bringup/package.bash'
[0.821s] INFO:colcon.colcon_core.shell:Creating package script '/home/erum/solarbot_ws/install/solarbot_bringup/share/solarbot_bringup/package.zsh'
[0.822s] Level 1:colcon.colcon_core.environment:create_file_with_runtime_dependencies(/home/erum/solarbot_ws/install/solarbot_bringup/share/colcon-core/packages/solarbot_bringup)
[0.824s] Level 1:colcon.colcon_core.environment:create_environment_scripts_only(solarbot_bringup)
[0.824s] Level 1:colcon.colcon_core.environment:checking '/home/erum/solarbot_ws/install/solarbot_bringup' for CMake module files
[0.826s] Level 1:colcon.colcon_core.environment:checking '/home/erum/solarbot_ws/install/solarbot_bringup' for CMake config files
[0.826s] Level 1:colcon.colcon_core.shell:create_environment_hook('solarbot_bringup', 'cmake_prefix_path')
[0.826s] INFO:colcon.colcon_core.shell:Creating environment hook '/home/erum/solarbot_ws/install/solarbot_bringup/share/solarbot_bringup/hook/cmake_prefix_path.ps1'
[0.828s] INFO:colcon.colcon_core.shell:Creating environment descriptor '/home/erum/solarbot_ws/install/solarbot_bringup/share/solarbot_bringup/hook/cmake_prefix_path.dsv'
[0.829s] INFO:colcon.colcon_core.shell:Creating environment hook '/home/erum/solarbot_ws/install/solarbot_bringup/share/solarbot_bringup/hook/cmake_prefix_path.sh'
[0.830s] Level 1:colcon.colcon_core.environment:checking '/home/erum/solarbot_ws/install/solarbot_bringup/bin'
[0.830s] Level 1:colcon.colcon_core.environment:checking '/home/erum/solarbot_ws/install/solarbot_bringup/lib/pkgconfig/solarbot_bringup.pc'
[0.831s] Level 1:colcon.colcon_core.environment:checking '/home/erum/solarbot_ws/install/solarbot_bringup/lib/python3.12/site-packages'
[0.831s] Level 1:colcon.colcon_core.environment:checking '/home/erum/solarbot_ws/install/solarbot_bringup/bin'
[0.831s] INFO:colcon.colcon_core.shell:Creating package script '/home/erum/solarbot_ws/install/solarbot_bringup/share/solarbot_bringup/package.ps1'
[0.832s] INFO:colcon.colcon_core.shell:Creating package descriptor '/home/erum/solarbot_ws/install/solarbot_bringup/share/solarbot_bringup/package.dsv'
[0.834s] INFO:colcon.colcon_core.shell:Creating package script '/home/erum/solarbot_ws/install/solarbot_bringup/share/solarbot_bringup/package.sh'
[0.835s] INFO:colcon.colcon_core.shell:Creating package script '/home/erum/solarbot_ws/install/solarbot_bringup/share/solarbot_bringup/package.bash'
[0.835s] INFO:colcon.colcon_core.shell:Creating package script '/home/erum/solarbot_ws/install/solarbot_bringup/share/solarbot_bringup/package.zsh'
[0.837s] Level 1:colcon.colcon_core.environment:create_file_with_runtime_dependencies(/home/erum/solarbot_ws/install/solarbot_bringup/share/colcon-core/packages/solarbot_bringup)
[0.837s] INFO:colcon.colcon_ros.task.ament_cmake.build:Building ROS package in '/home/erum/solarbot_ws/src/solarbot_description' with build type 'ament_cmake'
[0.838s] INFO:colcon.colcon_cmake.task.cmake.build:Building CMake package in '/home/erum/solarbot_ws/src/solarbot_description'
[0.838s] INFO:colcon.colcon_core.shell:Skip shell extension 'powershell' for command environment: Not usable outside of PowerShell
[0.838s] DEBUG:colcon.colcon_core.shell:Skip shell extension 'dsv' for command environment
[0.850s] Level 1:colcon.colcon_core.environment:create_environment_scripts_only(solarbot_cleaning)
[0.851s] Level 1:colcon.colcon_core.environment:checking '/home/erum/solarbot_ws/install/solarbot_cleaning' for CMake module files
[0.853s] Level 1:colcon.colcon_core.environment:checking '/home/erum/solarbot_ws/install/solarbot_cleaning' for CMake config files
[0.851s] DEBUG:colcon.colcon_core.event_handler.log_command:Invoked command in '/home/erum/solarbot_ws/build/solarbot_cleaning' returned '0': CMAKE_PREFIX_PATH=${CMAKE_PREFIX_PATH}:/opt/ros/jazzy DEBUGINFOD_URLS=https://debuginfod.ubuntu.com /usr/bin/cmake --install /home/erum/solarbot_ws/build/solarbot_cleaning
[0.854s] Level 1:colcon.colcon_core.shell:create_environment_hook('solarbot_cleaning', 'cmake_prefix_path')
[0.854s] INFO:colcon.colcon_core.shell:Creating environment hook '/home/erum/solarbot_ws/install/solarbot_cleaning/share/solarbot_cleaning/hook/cmake_prefix_path.ps1'
[0.856s] INFO:colcon.colcon_core.shell:Creating environment descriptor '/home/erum/solarbot_ws/install/solarbot_cleaning/share/solarbot_cleaning/hook/cmake_prefix_path.dsv'
[0.857s] INFO:colcon.colcon_core.shell:Creating environment hook '/home/erum/solarbot_ws/install/solarbot_cleaning/share/solarbot_cleaning/hook/cmake_prefix_path.sh'
[0.859s] Level 1:colcon.colcon_core.environment:checking '/home/erum/solarbot_ws/install/solarbot_cleaning/bin'
[0.859s] Level 1:colcon.colcon_core.environment:checking '/home/erum/solarbot_ws/install/solarbot_cleaning/lib/pkgconfig/solarbot_cleaning.pc'
[0.859s] Level 1:colcon.colcon_core.environment:checking '/home/erum/solarbot_ws/install/solarbot_cleaning/lib/python3.12/site-packages'
[0.860s] Level 1:colcon.colcon_core.environment:checking '/home/erum/solarbot_ws/install/solarbot_cleaning/bin'
[0.861s] INFO:colcon.colcon_core.shell:Creating package script '/home/erum/solarbot_ws/install/solarbot_cleaning/share/solarbot_cleaning/package.ps1'
[0.864s] INFO:colcon.colcon_core.shell:Creating package descriptor '/home/erum/solarbot_ws/install/solarbot_cleaning/share/solarbot_cleaning/package.dsv'
[0.866s] INFO:colcon.colcon_core.shell:Creating package script '/home/erum/solarbot_ws/install/solarbot_cleaning/share/solarbot_cleaning/package.sh'
[0.868s] INFO:colcon.colcon_core.shell:Creating package script '/home/erum/solarbot_ws/install/solarbot_cleaning/share/solarbot_cleaning/package.bash'
[0.869s] INFO:colcon.colcon_core.shell:Creating package script '/home/erum/solarbot_ws/install/solarbot_cleaning/share/solarbot_cleaning/package.zsh'
[0.870s] Level 1:colcon.colcon_core.environment:create_file_with_runtime_dependencies(/home/erum/solarbot_ws/install/solarbot_cleaning/share/colcon-core/packages/solarbot_cleaning)
[0.871s] Level 1:colcon.colcon_core.environment:create_environment_scripts_only(solarbot_cleaning)
[0.871s] Level 1:colcon.colcon_core.environment:checking '/home/erum/solarbot_ws/install/solarbot_cleaning' for CMake module files
[0.872s] Level 1:colcon.colcon_core.environment:checking '/home/erum/solarbot_ws/install/solarbot_cleaning' for CMake config files
[0.872s] Level 1:colcon.colcon_core.shell:create_environment_hook('solarbot_cleaning', 'cmake_prefix_path')
[0.872s] INFO:colcon.colcon_core.shell:Creating environment hook '/home/erum/solarbot_ws/install/solarbot_cleaning/share/solarbot_cleaning/hook/cmake_prefix_path.ps1'
[0.873s] INFO:colcon.colcon_core.shell:Creating environment descriptor '/home/erum/solarbot_ws/install/solarbot_cleaning/share/solarbot_cleaning/hook/cmake_prefix_path.dsv'
[0.874s] INFO:colcon.colcon_core.shell:Creating environment hook '/home/erum/solarbot_ws/install/solarbot_cleaning/share/solarbot_cleaning/hook/cmake_prefix_path.sh'
[0.875s] Level 1:colcon.colcon_core.environment:checking '/home/erum/solarbot_ws/install/solarbot_cleaning/bin'
[0.876s] Level 1:colcon.colcon_core.environment:checking '/home/erum/solarbot_ws/install/solarbot_cleaning/lib/pkgconfig/solarbot_cleaning.pc'
[0.876s] Level 1:colcon.colcon_core.environment:checking '/home/erum/solarbot_ws/install/solarbot_cleaning/lib/python3.12/site-packages'
[0.877s] Level 1:colcon.colcon_core.environment:checking '/home/erum/solarbot_ws/install/solarbot_cleaning/bin'
[0.877s] INFO:colcon.colcon_core.shell:Creating package script '/home/erum/solarbot_ws/install/solarbot_cleaning/share/solarbot_cleaning/package.ps1'
[0.878s] INFO:colcon.colcon_core.shell:Creating package descriptor '/home/erum/solarbot_ws/install/solarbot_cleaning/share/solarbot_cleaning/package.dsv'
[0.879s] INFO:colcon.colcon_core.shell:Creating package script '/home/erum/solarbot_ws/install/solarbot_cleaning/share/solarbot_cleaning/package.sh'
[0.880s] INFO:colcon.colcon_core.shell:Creating package script '/home/erum/solarbot_ws/install/solarbot_cleaning/share/solarbot_cleaning/package.bash'
[0.881s] INFO:colcon.colcon_core.shell:Creating package script '/home/erum/solarbot_ws/install/solarbot_cleaning/share/solarbot_cleaning/package.zsh'
[0.883s] Level 1:colcon.colcon_core.environment:create_file_with_runtime_dependencies(/home/erum/solarbot_ws/install/solarbot_cleaning/share/colcon-core/packages/solarbot_cleaning)
[0.883s] INFO:colcon.colcon_ros.task.ament_cmake.build:Building ROS package in '/home/erum/solarbot_ws/src/solarbot_hardware' with build type 'ament_cmake'
[0.884s] INFO:colcon.colcon_cmake.task.cmake.build:Building CMake package in '/home/erum/solarbot_ws/src/solarbot_hardware'
[0.885s] INFO:colcon.colcon_core.shell:Skip shell extension 'powershell' for command environment: Not usable outside of PowerShell
[0.885s] DEBUG:colcon.colcon_core.shell:Skip shell extension 'dsv' for command environment
[0.903s] DEBUG:colcon.colcon_core.event_handler.log_command:Invoking command in '/home/erum/solarbot_ws/build/solarbot_description': CMAKE_PREFIX_PATH=${CMAKE_PREFIX_PATH}:/opt/ros/jazzy DEBUGINFOD_URLS=https://debuginfod.ubuntu.com /usr/bin/cmake --build /home/erum/solarbot_ws/build/solarbot_description -- -j2 -l2
[0.913s] DEBUG:colcon.colcon_core.event_handler.log_command:Invoking command in '/home/erum/solarbot_ws/build/solarbot_hardware': CMAKE_PREFIX_PATH=${CMAKE_PREFIX_PATH}:/opt/ros/jazzy DEBUGINFOD_URLS=https://debuginfod.ubuntu.com /usr/bin/cmake --build /home/erum/solarbot_ws/build/solarbot_hardware -- -j2 -l2
[1.053s] DEBUG:colcon.colcon_core.event_handler.log_command:Invoked command in '/home/erum/solarbot_ws/build/solarbot_hardware' returned '0': CMAKE_PREFIX_PATH=${CMAKE_PREFIX_PATH}:/opt/ros/jazzy DEBUGINFOD_URLS=https://debuginfod.ubuntu.com /usr/bin/cmake --build /home/erum/solarbot_ws/build/solarbot_hardware -- -j2 -l2
[1.054s] DEBUG:colcon.colcon_core.event_handler.log_command:Invoking command in '/home/erum/solarbot_ws/build/solarbot_hardware': CMAKE_PREFIX_PATH=${CMAKE_PREFIX_PATH}:/opt/ros/jazzy DEBUGINFOD_URLS=https://debuginfod.ubuntu.com /usr/bin/cmake --install /home/erum/solarbot_ws/build/solarbot_hardware
[1.074s] DEBUG:colcon.colcon_core.event_handler.log_command:Invoked command in '/home/erum/solarbot_ws/build/solarbot_description' returned '0': CMAKE_PREFIX_PATH=${CMAKE_PREFIX_PATH}:/opt/ros/jazzy DEBUGINFOD_URLS=https://debuginfod.ubuntu.com /usr/bin/cmake --build /home/erum/solarbot_ws/build/solarbot_description -- -j2 -l2
[1.080s] DEBUG:colcon.colcon_core.event_handler.log_command:Invoking command in '/home/erum/solarbot_ws/build/solarbot_description': CMAKE_PREFIX_PATH=${CMAKE_PREFIX_PATH}:/opt/ros/jazzy DEBUGINFOD_URLS=https://debuginfod.ubuntu.com /usr/bin/cmake --install /home/erum/solarbot_ws/build/solarbot_description
[1.137s] Level 1:colcon.colcon_core.environment:create_environment_scripts_only(solarbot_description)
[1.138s] Level 1:colcon.colcon_core.environment:checking '/home/erum/solarbot_ws/install/solarbot_description' for CMake module files
[1.138s] DEBUG:colcon.colcon_core.event_handler.log_command:Invoked command in '/home/erum/solarbot_ws/build/solarbot_description' returned '0': CMAKE_PREFIX_PATH=${CMAKE_PREFIX_PATH}:/opt/ros/jazzy DEBUGINFOD_URLS=https://debuginfod.ubuntu.com /usr/bin/cmake --install /home/erum/solarbot_ws/build/solarbot_description
[1.140s] Level 1:colcon.colcon_core.environment:checking '/home/erum/solarbot_ws/install/solarbot_description' for CMake config files
[1.144s] Level 1:colcon.colcon_core.shell:create_environment_hook('solarbot_description', 'cmake_prefix_path')
[1.144s] INFO:colcon.colcon_core.shell:Creating environment hook '/home/erum/solarbot_ws/install/solarbot_description/share/solarbot_description/hook/cmake_prefix_path.ps1'
[1.148s] INFO:colcon.colcon_core.shell:Creating environment descriptor '/home/erum/solarbot_ws/install/solarbot_description/share/solarbot_description/hook/cmake_prefix_path.dsv'
[1.149s] INFO:colcon.colcon_core.shell:Creating environment hook '/home/erum/solarbot_ws/install/solarbot_description/share/solarbot_description/hook/cmake_prefix_path.sh'
[1.152s] Level 1:colcon.colcon_core.environment:checking '/home/erum/solarbot_ws/install/solarbot_description/bin'
[1.152s] Level 1:colcon.colcon_core.environment:checking '/home/erum/solarbot_ws/install/solarbot_description/lib/pkgconfig/solarbot_description.pc'
[1.153s] Level 1:colcon.colcon_core.environment:checking '/home/erum/solarbot_ws/install/solarbot_description/lib/python3.12/site-packages'
[1.153s] Level 1:colcon.colcon_core.environment:checking '/home/erum/solarbot_ws/install/solarbot_description/bin'
[1.153s] INFO:colcon.colcon_core.shell:Creating package script '/home/erum/solarbot_ws/install/solarbot_description/share/solarbot_description/package.ps1'
[1.154s] INFO:colcon.colcon_core.shell:Creating package descriptor '/home/erum/solarbot_ws/install/solarbot_description/share/solarbot_description/package.dsv'
[1.158s] INFO:colcon.colcon_core.shell:Creating package script '/home/erum/solarbot_ws/install/solarbot_description/share/solarbot_description/package.sh'
[1.159s] INFO:colcon.colcon_core.shell:Creating package script '/home/erum/solarbot_ws/install/solarbot_description/share/solarbot_description/package.bash'
[1.160s] INFO:colcon.colcon_core.shell:Creating package script '/home/erum/solarbot_ws/install/solarbot_description/share/solarbot_description/package.zsh'
[1.161s] Level 1:colcon.colcon_core.environment:create_file_with_runtime_dependencies(/home/erum/solarbot_ws/install/solarbot_description/share/colcon-core/packages/solarbot_description)
[1.162s] Level 1:colcon.colcon_core.environment:create_environment_scripts_only(solarbot_description)
[1.162s] Level 1:colcon.colcon_core.environment:checking '/home/erum/solarbot_ws/install/solarbot_description' for CMake module files
[1.163s] Level 1:colcon.colcon_core.environment:checking '/home/erum/solarbot_ws/install/solarbot_description' for CMake config files
[1.164s] Level 1:colcon.colcon_core.shell:create_environment_hook('solarbot_description', 'cmake_prefix_path')
[1.164s] INFO:colcon.colcon_core.shell:Creating environment hook '/home/erum/solarbot_ws/install/solarbot_description/share/solarbot_description/hook/cmake_prefix_path.ps1'
[1.165s] INFO:colcon.colcon_core.shell:Creating environment descriptor '/home/erum/solarbot_ws/install/solarbot_description/share/solarbot_description/hook/cmake_prefix_path.dsv'
[1.166s] INFO:colcon.colcon_core.shell:Creating environment hook '/home/erum/solarbot_ws/install/solarbot_description/share/solarbot_description/hook/cmake_prefix_path.sh'
[1.167s] Level 1:colcon.colcon_core.environment:checking '/home/erum/solarbot_ws/install/solarbot_description/bin'
[1.167s] Level 1:colcon.colcon_core.environment:checking '/home/erum/solarbot_ws/install/solarbot_description/lib/pkgconfig/solarbot_description.pc'
[1.168s] Level 1:colcon.colcon_core.environment:checking '/home/erum/solarbot_ws/install/solarbot_description/lib/python3.12/site-packages'
[1.168s] Level 1:colcon.colcon_core.environment:checking '/home/erum/solarbot_ws/install/solarbot_description/bin'
[1.168s] INFO:colcon.colcon_core.shell:Creating package script '/home/erum/solarbot_ws/install/solarbot_description/share/solarbot_description/package.ps1'
[1.169s] INFO:colcon.colcon_core.shell:Creating package descriptor '/home/erum/solarbot_ws/install/solarbot_description/share/solarbot_description/package.dsv'
[1.170s] INFO:colcon.colcon_core.shell:Creating package script '/home/erum/solarbot_ws/install/solarbot_description/share/solarbot_description/package.sh'
[1.171s] INFO:colcon.colcon_core.shell:Creating package script '/home/erum/solarbot_ws/install/solarbot_description/share/solarbot_description/package.bash'
[1.172s] INFO:colcon.colcon_core.shell:Creating package script '/home/erum/solarbot_ws/install/solarbot_description/share/solarbot_description/package.zsh'
[1.173s] Level 1:colcon.colcon_core.environment:create_file_with_runtime_dependencies(/home/erum/solarbot_ws/install/solarbot_description/share/colcon-core/packages/solarbot_description)
[1.174s] INFO:colcon.colcon_ros.task.ament_cmake.build:Building ROS package in '/home/erum/solarbot_ws/src/solarbot_msgs' with build type 'ament_cmake'
[1.174s] INFO:colcon.colcon_cmake.task.cmake.build:Building CMake package in '/home/erum/solarbot_ws/src/solarbot_msgs'
[1.174s] INFO:colcon.colcon_core.shell:Skip shell extension 'powershell' for command environment: Not usable outside of PowerShell
[1.174s] DEBUG:colcon.colcon_core.shell:Skip shell extension 'dsv' for command environment
[1.185s] Level 1:colcon.colcon_core.environment:create_environment_scripts_only(solarbot_hardware)
[1.186s] Level 1:colcon.colcon_core.environment:checking '/home/erum/solarbot_ws/install/solarbot_hardware' for CMake module files
[1.188s] Level 1:colcon.colcon_core.environment:checking '/home/erum/solarbot_ws/install/solarbot_hardware' for CMake config files
[1.189s] Level 1:colcon.colcon_core.shell:create_environment_hook('solarbot_hardware', 'cmake_prefix_path')
[1.189s] INFO:colcon.colcon_core.shell:Creating environment hook '/home/erum/solarbot_ws/install/solarbot_hardware/share/solarbot_hardware/hook/cmake_prefix_path.ps1'
[1.190s] INFO:colcon.colcon_core.shell:Creating environment descriptor '/home/erum/solarbot_ws/install/solarbot_hardware/share/solarbot_hardware/hook/cmake_prefix_path.dsv'
[1.191s] DEBUG:colcon.colcon_core.event_handler.log_command:Invoked command in '/home/erum/solarbot_ws/build/solarbot_hardware' returned '0': CMAKE_PREFIX_PATH=${CMAKE_PREFIX_PATH}:/opt/ros/jazzy DEBUGINFOD_URLS=https://debuginfod.ubuntu.com /usr/bin/cmake --install /home/erum/solarbot_ws/build/solarbot_hardware
[1.192s] INFO:colcon.colcon_core.shell:Creating environment hook '/home/erum/solarbot_ws/install/solarbot_hardware/share/solarbot_hardware/hook/cmake_prefix_path.sh'
[1.193s] Level 1:colcon.colcon_core.environment:checking '/home/erum/solarbot_ws/install/solarbot_hardware/bin'
[1.193s] Level 1:colcon.colcon_core.environment:checking '/home/erum/solarbot_ws/install/solarbot_hardware/lib/pkgconfig/solarbot_hardware.pc'
[1.193s] Level 1:colcon.colcon_core.environment:checking '/home/erum/solarbot_ws/install/solarbot_hardware/lib/python3.12/site-packages'
[1.194s] Level 1:colcon.colcon_core.environment:checking '/home/erum/solarbot_ws/install/solarbot_hardware/bin'
[1.194s] INFO:colcon.colcon_core.shell:Creating package script '/home/erum/solarbot_ws/install/solarbot_hardware/share/solarbot_hardware/package.ps1'
[1.195s] INFO:colcon.colcon_core.shell:Creating package descriptor '/home/erum/solarbot_ws/install/solarbot_hardware/share/solarbot_hardware/package.dsv'
[1.196s] INFO:colcon.colcon_core.shell:Creating package script '/home/erum/solarbot_ws/install/solarbot_hardware/share/solarbot_hardware/package.sh'
[1.197s] INFO:colcon.colcon_core.shell:Creating package script '/home/erum/solarbot_ws/install/solarbot_hardware/share/solarbot_hardware/package.bash'
[1.197s] INFO:colcon.colcon_core.shell:Creating package script '/home/erum/solarbot_ws/install/solarbot_hardware/share/solarbot_hardware/package.zsh'
[1.198s] Level 1:colcon.colcon_core.environment:create_file_with_runtime_dependencies(/home/erum/solarbot_ws/install/solarbot_hardware/share/colcon-core/packages/solarbot_hardware)
[1.199s] Level 1:colcon.colcon_core.environment:create_environment_scripts_only(solarbot_hardware)
[1.199s] Level 1:colcon.colcon_core.environment:checking '/home/erum/solarbot_ws/install/solarbot_hardware' for CMake module files
[1.200s] Level 1:colcon.colcon_core.environment:checking '/home/erum/solarbot_ws/install/solarbot_hardware' for CMake config files
[1.200s] Level 1:colcon.colcon_core.shell:create_environment_hook('solarbot_hardware', 'cmake_prefix_path')
[1.201s] INFO:colcon.colcon_core.shell:Creating environment hook '/home/erum/solarbot_ws/install/solarbot_hardware/share/solarbot_hardware/hook/cmake_prefix_path.ps1'
[1.202s] INFO:colcon.colcon_core.shell:Creating environment descriptor '/home/erum/solarbot_ws/install/solarbot_hardware/share/solarbot_hardware/hook/cmake_prefix_path.dsv'
[1.203s] INFO:colcon.colcon_core.shell:Creating environment hook '/home/erum/solarbot_ws/install/solarbot_hardware/share/solarbot_hardware/hook/cmake_prefix_path.sh'
[1.203s] Level 1:colcon.colcon_core.environment:checking '/home/erum/solarbot_ws/install/solarbot_hardware/bin'
[1.204s] Level 1:colcon.colcon_core.environment:checking '/home/erum/solarbot_ws/install/solarbot_hardware/lib/pkgconfig/solarbot_hardware.pc'
[1.204s] Level 1:colcon.colcon_core.environment:checking '/home/erum/solarbot_ws/install/solarbot_hardware/lib/python3.12/site-packages'
[1.204s] Level 1:colcon.colcon_core.environment:checking '/home/erum/solarbot_ws/install/solarbot_hardware/bin'
[1.205s] INFO:colcon.colcon_core.shell:Creating package script '/home/erum/solarbot_ws/install/solarbot_hardware/share/solarbot_hardware/package.ps1'
[1.205s] INFO:colcon.colcon_core.shell:Creating package descriptor '/home/erum/solarbot_ws/install/solarbot_hardware/share/solarbot_hardware/package.dsv'
[1.206s] INFO:colcon.colcon_core.shell:Creating package script '/home/erum/solarbot_ws/install/solarbot_hardware/share/solarbot_hardware/package.sh'
[1.207s] INFO:colcon.colcon_core.shell:Creating package script '/home/erum/solarbot_ws/install/solarbot_hardware/share/solarbot_hardware/package.bash'
[1.207s] INFO:colcon.colcon_core.shell:Creating package script '/home/erum/solarbot_ws/install/solarbot_hardware/share/solarbot_hardware/package.zsh'
[1.208s] Level 1:colcon.colcon_core.environment:create_file_with_runtime_dependencies(/home/erum/solarbot_ws/install/solarbot_hardware/share/colcon-core/packages/solarbot_hardware)
[1.210s] INFO:colcon.colcon_ros.task.ament_cmake.build:Building ROS package in '/home/erum/solarbot_ws/src/solarbot_navigation' with build type 'ament_cmake'
[1.210s] INFO:colcon.colcon_cmake.task.cmake.build:Building CMake package in '/home/erum/solarbot_ws/src/solarbot_navigation'
[1.211s] INFO:colcon.colcon_core.shell:Skip shell extension 'powershell' for command environment: Not usable outside of PowerShell
[1.211s] DEBUG:colcon.colcon_core.shell:Skip shell extension 'dsv' for command environment
[1.226s] DEBUG:colcon.colcon_core.event_handler.log_command:Invoking command in '/home/erum/solarbot_ws/build/solarbot_msgs': CMAKE_PREFIX_PATH=${CMAKE_PREFIX_PATH}:/opt/ros/jazzy DEBUGINFOD_URLS=https://debuginfod.ubuntu.com /usr/bin/cmake --build /home/erum/solarbot_ws/build/solarbot_msgs -- -j2 -l2
[1.236s] DEBUG:colcon.colcon_core.event_handler.log_command:Invoking command in '/home/erum/solarbot_ws/build/solarbot_navigation': CMAKE_PREFIX_PATH=${CMAKE_PREFIX_PATH}:/opt/ros/jazzy DEBUGINFOD_URLS=https://debuginfod.ubuntu.com /usr/bin/cmake --build /home/erum/solarbot_ws/build/solarbot_navigation -- -j2 -l2
[1.300s] DEBUG:colcon.colcon_core.event_handler.log_command:Invoked command in '/home/erum/solarbot_ws/build/solarbot_msgs' returned '0': CMAKE_PREFIX_PATH=${CMAKE_PREFIX_PATH}:/opt/ros/jazzy DEBUGINFOD_URLS=https://debuginfod.ubuntu.com /usr/bin/cmake --build /home/erum/solarbot_ws/build/solarbot_msgs -- -j2 -l2
[1.301s] DEBUG:colcon.colcon_core.event_handler.log_command:Invoking command in '/home/erum/solarbot_ws/build/solarbot_msgs': CMAKE_PREFIX_PATH=${CMAKE_PREFIX_PATH}:/opt/ros/jazzy DEBUGINFOD_URLS=https://debuginfod.ubuntu.com /usr/bin/cmake --install /home/erum/solarbot_ws/build/solarbot_msgs
[1.309s] DEBUG:colcon.colcon_core.event_handler.log_command:Invoked command in '/home/erum/solarbot_ws/build/solarbot_navigation' returned '0': CMAKE_PREFIX_PATH=${CMAKE_PREFIX_PATH}:/opt/ros/jazzy DEBUGINFOD_URLS=https://debuginfod.ubuntu.com /usr/bin/cmake --build /home/erum/solarbot_ws/build/solarbot_navigation -- -j2 -l2
[1.309s] DEBUG:colcon.colcon_core.event_handler.log_command:Invoking command in '/home/erum/solarbot_ws/build/solarbot_navigation': CMAKE_PREFIX_PATH=${CMAKE_PREFIX_PATH}:/opt/ros/jazzy DEBUGINFOD_URLS=https://debuginfod.ubuntu.com /usr/bin/cmake --install /home/erum/solarbot_ws/build/solarbot_navigation
[1.348s] Level 1:colcon.colcon_core.environment:create_environment_scripts_only(solarbot_msgs)
[1.349s] Level 1:colcon.colcon_core.environment:checking '/home/erum/solarbot_ws/install/solarbot_msgs' for CMake module files
[1.349s] DEBUG:colcon.colcon_core.event_handler.log_command:Invoked command in '/home/erum/solarbot_ws/build/solarbot_msgs' returned '0': CMAKE_PREFIX_PATH=${CMAKE_PREFIX_PATH}:/opt/ros/jazzy DEBUGINFOD_URLS=https://debuginfod.ubuntu.com /usr/bin/cmake --install /home/erum/solarbot_ws/build/solarbot_msgs
[1.350s] Level 1:colcon.colcon_core.environment:checking '/home/erum/solarbot_ws/install/solarbot_msgs' for CMake config files
[1.350s] Level 1:colcon.colcon_core.shell:create_environment_hook('solarbot_msgs', 'cmake_prefix_path')
[1.351s] INFO:colcon.colcon_core.shell:Creating environment hook '/home/erum/solarbot_ws/install/solarbot_msgs/share/solarbot_msgs/hook/cmake_prefix_path.ps1'
[1.353s] INFO:colcon.colcon_core.shell:Creating environment descriptor '/home/erum/solarbot_ws/install/solarbot_msgs/share/solarbot_msgs/hook/cmake_prefix_path.dsv'
[1.354s] INFO:colcon.colcon_core.shell:Creating environment hook '/home/erum/solarbot_ws/install/solarbot_msgs/share/solarbot_msgs/hook/cmake_prefix_path.sh'
[1.355s] Level 1:colcon.colcon_core.environment:checking '/home/erum/solarbot_ws/install/solarbot_msgs/bin'
[1.356s] Level 1:colcon.colcon_core.environment:checking '/home/erum/solarbot_ws/install/solarbot_msgs/lib/pkgconfig/solarbot_msgs.pc'
[1.356s] Level 1:colcon.colcon_core.environment:checking '/home/erum/solarbot_ws/install/solarbot_msgs/lib/python3.12/site-packages'
[1.356s] Level 1:colcon.colcon_core.environment:checking '/home/erum/solarbot_ws/install/solarbot_msgs/bin'
[1.357s] INFO:colcon.colcon_core.shell:Creating package script '/home/erum/solarbot_ws/install/solarbot_msgs/share/solarbot_msgs/package.ps1'
[1.358s] INFO:colcon.colcon_core.shell:Creating package descriptor '/home/erum/solarbot_ws/install/solarbot_msgs/share/solarbot_msgs/package.dsv'
[1.359s] INFO:colcon.colcon_core.shell:Creating package script '/home/erum/solarbot_ws/install/solarbot_msgs/share/solarbot_msgs/package.sh'
[1.361s] INFO:colcon.colcon_core.shell:Creating package script '/home/erum/solarbot_ws/install/solarbot_msgs/share/solarbot_msgs/package.bash'
[1.362s] INFO:colcon.colcon_core.shell:Creating package script '/home/erum/solarbot_ws/install/solarbot_msgs/share/solarbot_msgs/package.zsh'
[1.363s] Level 1:colcon.colcon_core.environment:create_file_with_runtime_dependencies(/home/erum/solarbot_ws/install/solarbot_msgs/share/colcon-core/packages/solarbot_msgs)
[1.363s] Level 1:colcon.colcon_core.environment:create_environment_scripts_only(solarbot_msgs)
[1.364s] Level 1:colcon.colcon_core.environment:checking '/home/erum/solarbot_ws/install/solarbot_msgs' for CMake module files
[1.365s] Level 1:colcon.colcon_core.environment:checking '/home/erum/solarbot_ws/install/solarbot_msgs' for CMake config files
[1.365s] Level 1:colcon.colcon_core.shell:create_environment_hook('solarbot_msgs', 'cmake_prefix_path')
[1.365s] INFO:colcon.colcon_core.shell:Creating environment hook '/home/erum/solarbot_ws/install/solarbot_msgs/share/solarbot_msgs/hook/cmake_prefix_path.ps1'
[1.366s] INFO:colcon.colcon_core.shell:Creating environment descriptor '/home/erum/solarbot_ws/install/solarbot_msgs/share/solarbot_msgs/hook/cmake_prefix_path.dsv'
[1.367s] INFO:colcon.colcon_core.shell:Creating environment hook '/home/erum/solarbot_ws/install/solarbot_msgs/share/solarbot_msgs/hook/cmake_prefix_path.sh'
[1.369s] Level 1:colcon.colcon_core.environment:checking '/home/erum/solarbot_ws/install/solarbot_msgs/bin'
[1.369s] Level 1:colcon.colcon_core.environment:checking '/home/erum/solarbot_ws/install/solarbot_msgs/lib/pkgconfig/solarbot_msgs.pc'
[1.369s] Level 1:colcon.colcon_core.environment:checking '/home/erum/solarbot_ws/install/solarbot_msgs/lib/python3.12/site-packages'
[1.370s] Level 1:colcon.colcon_core.environment:checking '/home/erum/solarbot_ws/install/solarbot_msgs/bin'
[1.370s] INFO:colcon.colcon_core.shell:Creating package script '/home/erum/solarbot_ws/install/solarbot_msgs/share/solarbot_msgs/package.ps1'
[1.371s] INFO:colcon.colcon_core.shell:Creating package descriptor '/home/erum/solarbot_ws/install/solarbot_msgs/share/solarbot_msgs/package.dsv'
[1.373s] INFO:colcon.colcon_core.shell:Creating package script '/home/erum/solarbot_ws/install/solarbot_msgs/share/solarbot_msgs/package.sh'
[1.374s] INFO:colcon.colcon_core.shell:Creating package script '/home/erum/solarbot_ws/install/solarbot_msgs/share/solarbot_msgs/package.bash'
[1.375s] INFO:colcon.colcon_core.shell:Creating package script '/home/erum/solarbot_ws/install/solarbot_msgs/share/solarbot_msgs/package.zsh'
[1.376s] Level 1:colcon.colcon_core.environment:create_file_with_runtime_dependencies(/home/erum/solarbot_ws/install/solarbot_msgs/share/colcon-core/packages/solarbot_msgs)
[1.381s] Level 1:colcon.colcon_core.environment:create_environment_scripts_only(solarbot_navigation)
[1.381s] Level 1:colcon.colcon_core.environment:checking '/home/erum/solarbot_ws/install/solarbot_navigation' for CMake module files
[1.382s] DEBUG:colcon.colcon_core.event_handler.log_command:Invoked command in '/home/erum/solarbot_ws/build/solarbot_navigation' returned '0': CMAKE_PREFIX_PATH=${CMAKE_PREFIX_PATH}:/opt/ros/jazzy DEBUGINFOD_URLS=https://debuginfod.ubuntu.com /usr/bin/cmake --install /home/erum/solarbot_ws/build/solarbot_navigation
[1.382s] Level 1:colcon.colcon_core.environment:checking '/home/erum/solarbot_ws/install/solarbot_navigation' for CMake config files
[1.383s] Level 1:colcon.colcon_core.shell:create_environment_hook('solarbot_navigation', 'cmake_prefix_path')
[1.383s] INFO:colcon.colcon_core.shell:Creating environment hook '/home/erum/solarbot_ws/install/solarbot_navigation/share/solarbot_navigation/hook/cmake_prefix_path.ps1'
[1.384s] INFO:colcon.colcon_core.shell:Creating environment descriptor '/home/erum/solarbot_ws/install/solarbot_navigation/share/solarbot_navigation/hook/cmake_prefix_path.dsv'
[1.385s] INFO:colcon.colcon_core.shell:Creating environment hook '/home/erum/solarbot_ws/install/solarbot_navigation/share/solarbot_navigation/hook/cmake_prefix_path.sh'
[1.387s] Level 1:colcon.colcon_core.environment:checking '/home/erum/solarbot_ws/install/solarbot_navigation/bin'
[1.387s] Level 1:colcon.colcon_core.environment:checking '/home/erum/solarbot_ws/install/solarbot_navigation/lib/pkgconfig/solarbot_navigation.pc'
[1.387s] Level 1:colcon.colcon_core.environment:checking '/home/erum/solarbot_ws/install/solarbot_navigation/lib/python3.12/site-packages'
[1.388s] Level 1:colcon.colcon_core.environment:checking '/home/erum/solarbot_ws/install/solarbot_navigation/bin'
[1.388s] INFO:colcon.colcon_core.shell:Creating package script '/home/erum/solarbot_ws/install/solarbot_navigation/share/solarbot_navigation/package.ps1'
[1.389s] INFO:colcon.colcon_core.shell:Creating package descriptor '/home/erum/solarbot_ws/install/solarbot_navigation/share/solarbot_navigation/package.dsv'
[1.390s] INFO:colcon.colcon_core.shell:Creating package script '/home/erum/solarbot_ws/install/solarbot_navigation/share/solarbot_navigation/package.sh'
[1.391s] INFO:colcon.colcon_core.shell:Creating package script '/home/erum/solarbot_ws/install/solarbot_navigation/share/solarbot_navigation/package.bash'
[1.392s] INFO:colcon.colcon_core.shell:Creating package script '/home/erum/solarbot_ws/install/solarbot_navigation/share/solarbot_navigation/package.zsh'
[1.392s] Level 1:colcon.colcon_core.environment:create_file_with_runtime_dependencies(/home/erum/solarbot_ws/install/solarbot_navigation/share/colcon-core/packages/solarbot_navigation)
[1.394s] Level 1:colcon.colcon_core.environment:create_environment_scripts_only(solarbot_navigation)
[1.394s] Level 1:colcon.colcon_core.environment:checking '/home/erum/solarbot_ws/install/solarbot_navigation' for CMake module files
[1.395s] Level 1:colcon.colcon_core.environment:checking '/home/erum/solarbot_ws/install/solarbot_navigation' for CMake config files
[1.395s] Level 1:colcon.colcon_core.shell:create_environment_hook('solarbot_navigation', 'cmake_prefix_path')
[1.395s] INFO:colcon.colcon_core.shell:Creating environment hook '/home/erum/solarbot_ws/install/solarbot_navigation/share/solarbot_navigation/hook/cmake_prefix_path.ps1'
[1.396s] INFO:colcon.colcon_core.shell:Creating environment descriptor '/home/erum/solarbot_ws/install/solarbot_navigation/share/solarbot_navigation/hook/cmake_prefix_path.dsv'
[1.397s] INFO:colcon.colcon_core.shell:Creating environment hook '/home/erum/solarbot_ws/install/solarbot_navigation/share/solarbot_navigation/hook/cmake_prefix_path.sh'
[1.398s] Level 1:colcon.colcon_core.environment:checking '/home/erum/solarbot_ws/install/solarbot_navigation/bin'
[1.399s] Level 1:colcon.colcon_core.environment:checking '/home/erum/solarbot_ws/install/solarbot_navigation/lib/pkgconfig/solarbot_navigation.pc'
[1.399s] Level 1:colcon.colcon_core.environment:checking '/home/erum/solarbot_ws/install/solarbot_navigation/lib/python3.12/site-packages'
[1.399s] Level 1:colcon.colcon_core.environment:checking '/home/erum/solarbot_ws/install/solarbot_navigation/bin'
[1.400s] INFO:colcon.colcon_core.shell:Creating package script '/home/erum/solarbot_ws/install/solarbot_navigation/share/solarbot_navigation/package.ps1'
[1.400s] INFO:colcon.colcon_core.shell:Creating package descriptor '/home/erum/solarbot_ws/install/solarbot_navigation/share/solarbot_navigation/package.dsv'
[1.401s] INFO:colcon.colcon_core.shell:Creating package script '/home/erum/solarbot_ws/install/solarbot_navigation/share/solarbot_navigation/package.sh'
[1.402s] INFO:colcon.colcon_core.shell:Creating package script '/home/erum/solarbot_ws/install/solarbot_navigation/share/solarbot_navigation/package.bash'
[1.403s] INFO:colcon.colcon_core.shell:Creating package script '/home/erum/solarbot_ws/install/solarbot_navigation/share/solarbot_navigation/package.zsh'
[1.404s] Level 1:colcon.colcon_core.environment:create_file_with_runtime_dependencies(/home/erum/solarbot_ws/install/solarbot_navigation/share/colcon-core/packages/solarbot_navigation)
[1.405s] DEBUG:colcon.colcon_parallel_executor.executor.parallel:closing loop
[1.405s] DEBUG:colcon.colcon_parallel_executor.executor.parallel:loop closed
[1.405s] DEBUG:colcon.colcon_parallel_executor.executor.parallel:run_until_complete finished with '0'
[1.405s] DEBUG:colcon.colcon_core.event_reactor:joining thread
[1.416s] INFO:colcon.colcon_core.plugin_system:Skipping extension 'colcon_notification.desktop_notification.terminal_notifier': Not used on non-Darwin systems
[1.416s] INFO:colcon.colcon_core.plugin_system:Skipping extension 'colcon_notification.desktop_notification.win32': Not used on non-Windows systems
[1.417s] INFO:colcon.colcon_notification.desktop_notification:Sending desktop notification using 'notify2'
[1.446s] DEBUG:colcon.colcon_core.event_reactor:joined thread
[1.447s] INFO:colcon.colcon_core.shell:Creating prefix script '/home/erum/solarbot_ws/install/local_setup.ps1'
[1.448s] INFO:colcon.colcon_core.shell:Creating prefix util module '/home/erum/solarbot_ws/install/_local_setup_util_ps1.py'
[1.451s] INFO:colcon.colcon_core.shell:Creating prefix chain script '/home/erum/solarbot_ws/install/setup.ps1'
[1.453s] INFO:colcon.colcon_core.shell:Creating prefix script '/home/erum/solarbot_ws/install/local_setup.sh'
[1.454s] INFO:colcon.colcon_core.shell:Creating prefix util module '/home/erum/solarbot_ws/install/_local_setup_util_sh.py'
[1.455s] INFO:colcon.colcon_core.shell:Creating prefix chain script '/home/erum/solarbot_ws/install/setup.sh'
[1.457s] INFO:colcon.colcon_core.shell:Creating prefix script '/home/erum/solarbot_ws/install/local_setup.bash'
[1.458s] INFO:colcon.colcon_core.shell:Creating prefix chain script '/home/erum/solarbot_ws/install/setup.bash'
[1.460s] INFO:colcon.colcon_core.shell:Creating prefix script '/home/erum/solarbot_ws/install/local_setup.zsh'
[1.462s] INFO:colcon.colcon_core.shell:Creating prefix chain script '/home/erum/solarbot_ws/install/setup.zsh'
