[0.230s] Invoking command in '/home/erum_ifti/solarbot_ws-1/src/build/solarbot_msgs': CMAKE_PREFIX_PATH=${CMAKE_PREFIX_PATH}:/home/erum_ifti/solarbot_ws-1/src/install/solarbot_safety:/home/erum_ifti/solarbot_ws-1/src/install/solarbot_localization:/home/erum_ifti/solarbot_ws-1/install/solarbot_safety:/home/erum_ifti/solarbot_ws-1/install/solarbot_mapping:/home/erum_ifti/solarbot_ws-1/install/solarbot_localization:/opt/ros/jazzy /usr/bin/cmake /home/erum_ifti/solarbot_ws-1/src/solarbot_msgs -DAMENT_CMAKE_SYMLINK_INSTALL=1 -DCMAKE_INSTALL_PREFIX=/home/erum_ifti/solarbot_ws-1/src/install/solarbot_msgs
[0.398s] -- The C compiler identification is GNU 13.3.0
[1.667s] -- The CXX compiler identification is GNU 13.3.0
[2.970s] -- Detecting C compiler ABI info
[3.283s] -- Detecting C compiler ABI info - done
[3.294s] -- Check for working C compiler: /usr/bin/cc - skipped
[3.295s] -- Detecting C compile features
[3.295s] -- Detecting C compile features - done
[3.403s] -- Detecting CXX compiler ABI info
[3.711s] -- Detecting CXX compiler ABI info - done
[3.720s] -- Check for working CXX compiler: /usr/bin/c++ - skipped
[3.720s] -- Detecting CXX compile features
[3.721s] -- Detecting CXX compile features - done
[3.749s] -- Found ament_cmake: 2.5.6 (/opt/ros/jazzy/share/ament_cmake/cmake)
[3.911s] -- Found Python3: /usr/bin/python3 (found version "3.12.3") found components: Interpreter 
[3.999s] -- Override CMake install command with custom implementation using symlinks instead of copying resources
[4.062s] -- Found ament_lint_auto: 0.17.5 (/opt/ros/jazzy/share/ament_lint_auto/cmake)
[4.197s] -- Added test 'lint_cmake' to check CMake code style
[4.199s] -- Added test 'xmllint' to check XML markup files
[4.203s] -- Configuring done (4.0s)
[4.208s] -- Generating done (0.0s)
[4.212s] -- Build files have been written to: /home/erum_ifti/solarbot_ws-1/src/build/solarbot_msgs
[4.231s] Invoked command in '/home/erum_ifti/solarbot_ws-1/src/build/solarbot_msgs' returned '0': CMAKE_PREFIX_PATH=${CMAKE_PREFIX_PATH}:/home/erum_ifti/solarbot_ws-1/src/install/solarbot_safety:/home/erum_ifti/solarbot_ws-1/src/install/solarbot_localization:/home/erum_ifti/solarbot_ws-1/install/solarbot_safety:/home/erum_ifti/solarbot_ws-1/install/solarbot_mapping:/home/erum_ifti/solarbot_ws-1/install/solarbot_localization:/opt/ros/jazzy /usr/bin/cmake /home/erum_ifti/solarbot_ws-1/src/solarbot_msgs -DAMENT_CMAKE_SYMLINK_INSTALL=1 -DCMAKE_INSTALL_PREFIX=/home/erum_ifti/solarbot_ws-1/src/install/solarbot_msgs
[4.234s] Invoking command in '/home/erum_ifti/solarbot_ws-1/src/build/solarbot_msgs': CMAKE_PREFIX_PATH=${CMAKE_PREFIX_PATH}:/home/erum_ifti/solarbot_ws-1/src/install/solarbot_safety:/home/erum_ifti/solarbot_ws-1/src/install/solarbot_localization:/home/erum_ifti/solarbot_ws-1/install/solarbot_safety:/home/erum_ifti/solarbot_ws-1/install/solarbot_mapping:/home/erum_ifti/solarbot_ws-1/install/solarbot_localization:/opt/ros/jazzy /usr/bin/cmake --build /home/erum_ifti/solarbot_ws-1/src/build/solarbot_msgs -- -j16 -l16
[4.285s] Invoked command in '/home/erum_ifti/solarbot_ws-1/src/build/solarbot_msgs' returned '0': CMAKE_PREFIX_PATH=${CMAKE_PREFIX_PATH}:/home/erum_ifti/solarbot_ws-1/src/install/solarbot_safety:/home/erum_ifti/solarbot_ws-1/src/install/solarbot_localization:/home/erum_ifti/solarbot_ws-1/install/solarbot_safety:/home/erum_ifti/solarbot_ws-1/install/solarbot_mapping:/home/erum_ifti/solarbot_ws-1/install/solarbot_localization:/opt/ros/jazzy /usr/bin/cmake --build /home/erum_ifti/solarbot_ws-1/src/build/solarbot_msgs -- -j16 -l16
[4.289s] Invoking command in '/home/erum_ifti/solarbot_ws-1/src/build/solarbot_msgs': CMAKE_PREFIX_PATH=${CMAKE_PREFIX_PATH}:/home/erum_ifti/solarbot_ws-1/src/install/solarbot_safety:/home/erum_ifti/solarbot_ws-1/src/install/solarbot_localization:/home/erum_ifti/solarbot_ws-1/install/solarbot_safety:/home/erum_ifti/solarbot_ws-1/install/solarbot_mapping:/home/erum_ifti/solarbot_ws-1/install/solarbot_localization:/opt/ros/jazzy /usr/bin/cmake --install /home/erum_ifti/solarbot_ws-1/src/build/solarbot_msgs
[4.299s] -- Install configuration: ""
[4.299s] -- Execute custom install script
[4.300s] -- Symlinking: /home/erum_ifti/solarbot_ws-1/src/install/solarbot_msgs/share/ament_index/resource_index/package_run_dependencies/solarbot_msgs
[4.312s] -- Symlinking: /home/erum_ifti/solarbot_ws-1/src/install/solarbot_msgs/share/ament_index/resource_index/parent_prefix_path/solarbot_msgs
[4.322s] -- Symlinking: /home/erum_ifti/solarbot_ws-1/src/install/solarbot_msgs/share/solarbot_msgs/environment/ament_prefix_path.sh
[4.332s] -- Symlinking: /home/erum_ifti/solarbot_ws-1/src/install/solarbot_msgs/share/solarbot_msgs/environment/ament_prefix_path.dsv
[4.339s] -- Symlinking: /home/erum_ifti/solarbot_ws-1/src/install/solarbot_msgs/share/solarbot_msgs/environment/path.sh
[4.347s] -- Symlinking: /home/erum_ifti/solarbot_ws-1/src/install/solarbot_msgs/share/solarbot_msgs/environment/path.dsv
[4.358s] -- Symlinking: /home/erum_ifti/solarbot_ws-1/src/install/solarbot_msgs/share/solarbot_msgs/local_setup.bash
[4.365s] -- Symlinking: /home/erum_ifti/solarbot_ws-1/src/install/solarbot_msgs/share/solarbot_msgs/local_setup.sh
[4.375s] -- Symlinking: /home/erum_ifti/solarbot_ws-1/src/install/solarbot_msgs/share/solarbot_msgs/local_setup.zsh
[4.387s] -- Symlinking: /home/erum_ifti/solarbot_ws-1/src/install/solarbot_msgs/share/solarbot_msgs/local_setup.dsv
[4.396s] -- Symlinking: /home/erum_ifti/solarbot_ws-1/src/install/solarbot_msgs/share/solarbot_msgs/package.dsv
[4.413s] -- Symlinking: /home/erum_ifti/solarbot_ws-1/src/install/solarbot_msgs/share/ament_index/resource_index/packages/solarbot_msgs
[4.424s] -- Symlinking: /home/erum_ifti/solarbot_ws-1/src/install/solarbot_msgs/share/solarbot_msgs/cmake/solarbot_msgsConfig.cmake
[4.434s] -- Symlinking: /home/erum_ifti/solarbot_ws-1/src/install/solarbot_msgs/share/solarbot_msgs/cmake/solarbot_msgsConfig-version.cmake
[4.441s] -- Symlinking: /home/erum_ifti/solarbot_ws-1/src/install/solarbot_msgs/share/solarbot_msgs/package.xml
[4.469s] Invoked command in '/home/erum_ifti/solarbot_ws-1/src/build/solarbot_msgs' returned '0': CMAKE_PREFIX_PATH=${CMAKE_PREFIX_PATH}:/home/erum_ifti/solarbot_ws-1/src/install/solarbot_safety:/home/erum_ifti/solarbot_ws-1/src/install/solarbot_localization:/home/erum_ifti/solarbot_ws-1/install/solarbot_safety:/home/erum_ifti/solarbot_ws-1/install/solarbot_mapping:/home/erum_ifti/solarbot_ws-1/install/solarbot_localization:/opt/ros/jazzy /usr/bin/cmake --install /home/erum_ifti/solarbot_ws-1/src/build/solarbot_msgs
