[0.331s] Invoking command in '/home/erum_ifti/solarbot_ws-1/src/build/solarbot_navigation': CMAKE_PREFIX_PATH=${CMAKE_PREFIX_PATH}:/home/erum_ifti/solarbot_ws-1/src/install/solarbot_safety:/home/erum_ifti/solarbot_ws-1/src/install/solarbot_localization:/home/erum_ifti/solarbot_ws-1/install/solarbot_safety:/home/erum_ifti/solarbot_ws-1/install/solarbot_mapping:/home/erum_ifti/solarbot_ws-1/install/solarbot_localization:/opt/ros/jazzy /usr/bin/cmake --build /home/erum_ifti/solarbot_ws-1/src/build/solarbot_navigation -- -j16 -l16
[0.636s] Invoked command in '/home/erum_ifti/solarbot_ws-1/src/build/solarbot_navigation' returned '0': CMAKE_PREFIX_PATH=${CMAKE_PREFIX_PATH}:/home/erum_ifti/solarbot_ws-1/src/install/solarbot_safety:/home/erum_ifti/solarbot_ws-1/src/install/solarbot_localization:/home/erum_ifti/solarbot_ws-1/install/solarbot_safety:/home/erum_ifti/solarbot_ws-1/install/solarbot_mapping:/home/erum_ifti/solarbot_ws-1/install/solarbot_localization:/opt/ros/jazzy /usr/bin/cmake --build /home/erum_ifti/solarbot_ws-1/src/build/solarbot_navigation -- -j16 -l16
[0.639s] Invoking command in '/home/erum_ifti/solarbot_ws-1/src/build/solarbot_navigation': CMAKE_PREFIX_PATH=${CMAKE_PREFIX_PATH}:/home/erum_ifti/solarbot_ws-1/src/install/solarbot_safety:/home/erum_ifti/solarbot_ws-1/src/install/solarbot_localization:/home/erum_ifti/solarbot_ws-1/install/solarbot_safety:/home/erum_ifti/solarbot_ws-1/install/solarbot_mapping:/home/erum_ifti/solarbot_ws-1/install/solarbot_localization:/opt/ros/jazzy /usr/bin/cmake --install /home/erum_ifti/solarbot_ws-1/src/build/solarbot_navigation
[0.698s] -- Install configuration: ""
[0.698s] -- Execute custom install script
[0.699s] -- Up-to-date symlink: /home/erum_ifti/solarbot_ws-1/src/install/solarbot_navigation/share/ament_index/resource_index/package_run_dependencies/solarbot_navigation
[0.699s] -- Up-to-date symlink: /home/erum_ifti/solarbot_ws-1/src/install/solarbot_navigation/share/ament_index/resource_index/parent_prefix_path/solarbot_navigation
[0.699s] -- Up-to-date symlink: /home/erum_ifti/solarbot_ws-1/src/install/solarbot_navigation/share/solarbot_navigation/environment/ament_prefix_path.sh
[0.699s] -- Up-to-date symlink: /home/erum_ifti/solarbot_ws-1/src/install/solarbot_navigation/share/solarbot_navigation/environment/ament_prefix_path.dsv
[0.699s] -- Up-to-date symlink: /home/erum_ifti/solarbot_ws-1/src/install/solarbot_navigation/share/solarbot_navigation/environment/path.sh
[0.699s] -- Up-to-date symlink: /home/erum_ifti/solarbot_ws-1/src/install/solarbot_navigation/share/solarbot_navigation/environment/path.dsv
[0.699s] -- Up-to-date symlink: /home/erum_ifti/solarbot_ws-1/src/install/solarbot_navigation/share/solarbot_navigation/local_setup.bash
[0.699s] -- Up-to-date symlink: /home/erum_ifti/solarbot_ws-1/src/install/solarbot_navigation/share/solarbot_navigation/local_setup.sh
[0.699s] -- Up-to-date symlink: /home/erum_ifti/solarbot_ws-1/src/install/solarbot_navigation/share/solarbot_navigation/local_setup.zsh
[0.700s] -- Up-to-date symlink: /home/erum_ifti/solarbot_ws-1/src/install/solarbot_navigation/share/solarbot_navigation/local_setup.dsv
[0.700s] -- Symlinking: /home/erum_ifti/solarbot_ws-1/src/install/solarbot_navigation/share/solarbot_navigation/package.dsv
[0.700s] -- Up-to-date symlink: /home/erum_ifti/solarbot_ws-1/src/install/solarbot_navigation/share/ament_index/resource_index/packages/solarbot_navigation
[0.700s] -- Up-to-date symlink: /home/erum_ifti/solarbot_ws-1/src/install/solarbot_navigation/share/solarbot_navigation/cmake/solarbot_navigationConfig.cmake
[0.700s] -- Up-to-date symlink: /home/erum_ifti/solarbot_ws-1/src/install/solarbot_navigation/share/solarbot_navigation/cmake/solarbot_navigationConfig-version.cmake
[0.701s] -- Up-to-date symlink: /home/erum_ifti/solarbot_ws-1/src/install/solarbot_navigation/share/solarbot_navigation/package.xml
[0.797s] Invoked command in '/home/erum_ifti/solarbot_ws-1/src/build/solarbot_navigation' returned '0': CMAKE_PREFIX_PATH=${CMAKE_PREFIX_PATH}:/home/erum_ifti/solarbot_ws-1/src/install/solarbot_safety:/home/erum_ifti/solarbot_ws-1/src/install/solarbot_localization:/home/erum_ifti/solarbot_ws-1/install/solarbot_safety:/home/erum_ifti/solarbot_ws-1/install/solarbot_mapping:/home/erum_ifti/solarbot_ws-1/install/solarbot_localization:/opt/ros/jazzy /usr/bin/cmake --install /home/erum_ifti/solarbot_ws-1/src/build/solarbot_navigation
