[0.047s] Invoking command in '/home/erum_ifti/solarbot_ws-1/src/build/solarbot_bringup': CMAKE_PREFIX_PATH=${CMAKE_PREFIX_PATH}:/home/erum_ifti/solarbot_ws-1/src/install/solarbot_safety:/home/erum_ifti/solarbot_ws-1/src/install/solarbot_localization:/home/erum_ifti/solarbot_ws-1/install/solarbot_safety:/home/erum_ifti/solarbot_ws-1/install/solarbot_mapping:/home/erum_ifti/solarbot_ws-1/install/solarbot_localization:/opt/ros/jazzy /usr/bin/cmake --build /home/erum_ifti/solarbot_ws-1/src/build/solarbot_bringup -- -j16 -l16
[0.267s] Invoked command in '/home/erum_ifti/solarbot_ws-1/src/build/solarbot_bringup' returned '0': CMAKE_PREFIX_PATH=${CMAKE_PREFIX_PATH}:/home/erum_ifti/solarbot_ws-1/src/install/solarbot_safety:/home/erum_ifti/solarbot_ws-1/src/install/solarbot_localization:/home/erum_ifti/solarbot_ws-1/install/solarbot_safety:/home/erum_ifti/solarbot_ws-1/install/solarbot_mapping:/home/erum_ifti/solarbot_ws-1/install/solarbot_localization:/opt/ros/jazzy /usr/bin/cmake --build /home/erum_ifti/solarbot_ws-1/src/build/solarbot_bringup -- -j16 -l16
[0.269s] Invoking command in '/home/erum_ifti/solarbot_ws-1/src/build/solarbot_bringup': CMAKE_PREFIX_PATH=${CMAKE_PREFIX_PATH}:/home/erum_ifti/solarbot_ws-1/src/install/solarbot_safety:/home/erum_ifti/solarbot_ws-1/src/install/solarbot_localization:/home/erum_ifti/solarbot_ws-1/install/solarbot_safety:/home/erum_ifti/solarbot_ws-1/install/solarbot_mapping:/home/erum_ifti/solarbot_ws-1/install/solarbot_localization:/opt/ros/jazzy /usr/bin/cmake --install /home/erum_ifti/solarbot_ws-1/src/build/solarbot_bringup
[0.437s] -- Install configuration: ""
[0.438s] -- Execute custom install script
[0.438s] -- Up-to-date symlink: /home/erum_ifti/solarbot_ws-1/src/install/solarbot_bringup/share/ament_index/resource_index/package_run_dependencies/solarbot_bringup
[0.438s] -- Up-to-date symlink: /home/erum_ifti/solarbot_ws-1/src/install/solarbot_bringup/share/ament_index/resource_index/parent_prefix_path/solarbot_bringup
[0.438s] -- Up-to-date symlink: /home/erum_ifti/solarbot_ws-1/src/install/solarbot_bringup/share/solarbot_bringup/environment/ament_prefix_path.sh
[0.438s] -- Up-to-date symlink: /home/erum_ifti/solarbot_ws-1/src/install/solarbot_bringup/share/solarbot_bringup/environment/ament_prefix_path.dsv
[0.438s] -- Up-to-date symlink: /home/erum_ifti/solarbot_ws-1/src/install/solarbot_bringup/share/solarbot_bringup/environment/path.sh
[0.438s] -- Up-to-date symlink: /home/erum_ifti/solarbot_ws-1/src/install/solarbot_bringup/share/solarbot_bringup/environment/path.dsv
[0.439s] -- Up-to-date symlink: /home/erum_ifti/solarbot_ws-1/src/install/solarbot_bringup/share/solarbot_bringup/local_setup.bash
[0.439s] -- Up-to-date symlink: /home/erum_ifti/solarbot_ws-1/src/install/solarbot_bringup/share/solarbot_bringup/local_setup.sh
[0.439s] -- Up-to-date symlink: /home/erum_ifti/solarbot_ws-1/src/install/solarbot_bringup/share/solarbot_bringup/local_setup.zsh
[0.439s] -- Up-to-date symlink: /home/erum_ifti/solarbot_ws-1/src/install/solarbot_bringup/share/solarbot_bringup/local_setup.dsv
[0.439s] -- Symlinking: /home/erum_ifti/solarbot_ws-1/src/install/solarbot_bringup/share/solarbot_bringup/package.dsv
[0.439s] -- Up-to-date symlink: /home/erum_ifti/solarbot_ws-1/src/install/solarbot_bringup/share/ament_index/resource_index/packages/solarbot_bringup
[0.439s] -- Up-to-date symlink: /home/erum_ifti/solarbot_ws-1/src/install/solarbot_bringup/share/solarbot_bringup/cmake/solarbot_bringupConfig.cmake
[0.439s] -- Up-to-date symlink: /home/erum_ifti/solarbot_ws-1/src/install/solarbot_bringup/share/solarbot_bringup/cmake/solarbot_bringupConfig-version.cmake
[0.439s] -- Up-to-date symlink: /home/erum_ifti/solarbot_ws-1/src/install/solarbot_bringup/share/solarbot_bringup/package.xml
[0.470s] Invoked command in '/home/erum_ifti/solarbot_ws-1/src/build/solarbot_bringup' returned '0': CMAKE_PREFIX_PATH=${CMAKE_PREFIX_PATH}:/home/erum_ifti/solarbot_ws-1/src/install/solarbot_safety:/home/erum_ifti/solarbot_ws-1/src/install/solarbot_localization:/home/erum_ifti/solarbot_ws-1/install/solarbot_safety:/home/erum_ifti/solarbot_ws-1/install/solarbot_mapping:/home/erum_ifti/solarbot_ws-1/install/solarbot_localization:/opt/ros/jazzy /usr/bin/cmake --install /home/erum_ifti/solarbot_ws-1/src/build/solarbot_bringup
