[0.069s] Invoking command in '/home/erum/solarbot_ws/build/solarbot_navigation': CMAKE_PREFIX_PATH=${CMAKE_PREFIX_PATH}:/opt/ros/jazzy DEBUGINFOD_URLS=https://debuginfod.ubuntu.com /usr/bin/cmake /home/erum/solarbot_ws/src/solarbot_navigation -DAMENT_CMAKE_SYMLINK_INSTALL=1 -DCMAKE_INSTALL_PREFIX=/home/erum/solarbot_ws/install/solarbot_navigation
[0.990s] -- The C compiler identification is GNU 13.3.0
[1.451s] -- The CXX compiler identification is GNU 13.3.0
[1.595s] -- Detecting C compiler ABI info
[2.713s] -- Detecting C compiler ABI info - done
[2.801s] -- Check for working C compiler: /usr/bin/cc - skipped
[2.801s] -- Detecting C compile features
[2.801s] -- Detecting C compile features - done
[2.877s] -- Detecting CXX compiler ABI info
[3.797s] -- Detecting CXX compiler ABI info - done
[3.858s] -- Check for working CXX compiler: /usr/bin/c++ - skipped
[3.870s] -- Detecting CXX compile features
[3.870s] -- Detecting CXX compile features - done
[3.883s] -- Found ament_cmake: 2.5.4 (/opt/ros/jazzy/share/ament_cmake/cmake)
[4.725s] -- Found Python3: /usr/bin/python3 (found version "3.12.3") found components: Interpreter 
[5.349s] -- Override CMake install command with custom implementation using symlinks instead of copying resources
[5.961s] -- Found ament_lint_auto: 0.17.3 (/opt/ros/jazzy/share/ament_lint_auto/cmake)
[7.203s] -- Added test 'lint_cmake' to check CMake code style
[7.215s] -- Added test 'xmllint' to check XML markup files
[7.231s] -- Configuring done (7.0s)
[7.269s] -- Generating done (0.0s)
[7.282s] -- Build files have been written to: /home/erum/solarbot_ws/build/solarbot_navigation
[7.320s] Invoked command in '/home/erum/solarbot_ws/build/solarbot_navigation' returned '0': CMAKE_PREFIX_PATH=${CMAKE_PREFIX_PATH}:/opt/ros/jazzy DEBUGINFOD_URLS=https://debuginfod.ubuntu.com /usr/bin/cmake /home/erum/solarbot_ws/src/solarbot_navigation -DAMENT_CMAKE_SYMLINK_INSTALL=1 -DCMAKE_INSTALL_PREFIX=/home/erum/solarbot_ws/install/solarbot_navigation
[7.320s] Invoking command in '/home/erum/solarbot_ws/build/solarbot_navigation': CMAKE_PREFIX_PATH=${CMAKE_PREFIX_PATH}:/opt/ros/jazzy DEBUGINFOD_URLS=https://debuginfod.ubuntu.com /usr/bin/cmake --build /home/erum/solarbot_ws/build/solarbot_navigation -- -j2 -l2
[7.656s] Invoked command in '/home/erum/solarbot_ws/build/solarbot_navigation' returned '0': CMAKE_PREFIX_PATH=${CMAKE_PREFIX_PATH}:/opt/ros/jazzy DEBUGINFOD_URLS=https://debuginfod.ubuntu.com /usr/bin/cmake --build /home/erum/solarbot_ws/build/solarbot_navigation -- -j2 -l2
[7.656s] Invoking command in '/home/erum/solarbot_ws/build/solarbot_navigation': CMAKE_PREFIX_PATH=${CMAKE_PREFIX_PATH}:/opt/ros/jazzy DEBUGINFOD_URLS=https://debuginfod.ubuntu.com /usr/bin/cmake --install /home/erum/solarbot_ws/build/solarbot_navigation
[7.723s] -- Install configuration: ""
[7.727s] -- Execute custom install script
[7.743s] -- Symlinking: /home/erum/solarbot_ws/install/solarbot_navigation/share/ament_index/resource_index/package_run_dependencies/solarbot_navigation
[7.861s] -- Symlinking: /home/erum/solarbot_ws/install/solarbot_navigation/share/ament_index/resource_index/parent_prefix_path/solarbot_navigation
[7.941s] -- Symlinking: /home/erum/solarbot_ws/install/solarbot_navigation/share/solarbot_navigation/environment/ament_prefix_path.sh
[8.029s] -- Symlinking: /home/erum/solarbot_ws/install/solarbot_navigation/share/solarbot_navigation/environment/ament_prefix_path.dsv
[8.092s] -- Symlinking: /home/erum/solarbot_ws/install/solarbot_navigation/share/solarbot_navigation/environment/path.sh
[8.162s] -- Symlinking: /home/erum/solarbot_ws/install/solarbot_navigation/share/solarbot_navigation/environment/path.dsv
[8.237s] -- Symlinking: /home/erum/solarbot_ws/install/solarbot_navigation/share/solarbot_navigation/local_setup.bash
[8.339s] -- Symlinking: /home/erum/solarbot_ws/install/solarbot_navigation/share/solarbot_navigation/local_setup.sh
[8.397s] -- Symlinking: /home/erum/solarbot_ws/install/solarbot_navigation/share/solarbot_navigation/local_setup.zsh
[8.413s] -- Symlinking: /home/erum/solarbot_ws/install/solarbot_navigation/share/solarbot_navigation/local_setup.dsv
[8.430s] -- Symlinking: /home/erum/solarbot_ws/install/solarbot_navigation/share/solarbot_navigation/package.dsv
[8.459s] -- Symlinking: /home/erum/solarbot_ws/install/solarbot_navigation/share/ament_index/resource_index/packages/solarbot_navigation
[8.479s] -- Symlinking: /home/erum/solarbot_ws/install/solarbot_navigation/share/solarbot_navigation/cmake/solarbot_navigationConfig.cmake
[8.510s] -- Symlinking: /home/erum/solarbot_ws/install/solarbot_navigation/share/solarbot_navigation/cmake/solarbot_navigationConfig-version.cmake
[8.528s] -- Symlinking: /home/erum/solarbot_ws/install/solarbot_navigation/share/solarbot_navigation/package.xml
[8.545s] Invoked command in '/home/erum/solarbot_ws/build/solarbot_navigation' returned '0': CMAKE_PREFIX_PATH=${CMAKE_PREFIX_PATH}:/opt/ros/jazzy DEBUGINFOD_URLS=https://debuginfod.ubuntu.com /usr/bin/cmake --install /home/erum/solarbot_ws/build/solarbot_navigation
