-- The C compiler identification is GNU 13.3.0
-- The CXX compiler identification is GNU 13.3.0
-- Detecting C compiler ABI info
-- Detecting C compiler ABI info - done
-- Check for working C compiler: /usr/bin/cc - skipped
-- Detecting C compile features
-- Detecting C compile features - done
-- Detecting CXX compiler ABI info
-- Detecting CXX compiler ABI info - done
-- Check for working CXX compiler: /usr/bin/c++ - skipped
-- Detecting CXX compile features
-- Detecting CXX compile features - done
-- Found ament_cmake: 2.5.6 (/opt/ros/jazzy/share/ament_cmake/cmake)
-- Found Python3: /usr/bin/python3 (found version "3.12.3") found components: Interpreter 
-- Override CMake install command with custom implementation using symlinks instead of copying resources
-- Configuring done (5.8s)
-- Generating done (0.0s)
-- Build files have been written to: /home/erum_ifti/solarbot_ws-1/src/build/solarbot_gazebo
-- Install configuration: ""
-- Execute custom install script
-- Symlinking: /home/erum_ifti/solarbot_ws-1/src/install/solarbot_gazebo/share/solarbot_gazebo/launch/full_sim.launch.py
-- Symlinking: /home/erum_ifti/solarbot_ws-1/src/install/solarbot_gazebo/share/solarbot_gazebo/launch/gazebo.launch.py
-- Symlinking: /home/erum_ifti/solarbot_ws-1/src/install/solarbot_gazebo/share/solarbot_gazebo/launch/rsp.launch.py
-- Symlinking: /home/erum_ifti/solarbot_ws-1/src/install/solarbot_gazebo/share/solarbot_gazebo/launch/sensors.launch.py
-- Symlinking: /home/erum_ifti/solarbot_ws-1/src/install/solarbot_gazebo/share/solarbot_gazebo/worlds/warehouse_rooftop.sdf
-- Symlinking: /home/erum_ifti/solarbot_ws-1/src/install/solarbot_gazebo/share/solarbot_gazebo/materials/textures/solar_panel_00_dust.png
-- Symlinking: /home/erum_ifti/solarbot_ws-1/src/install/solarbot_gazebo/share/solarbot_gazebo/materials/textures/solar_panel_01_dust.png
-- Symlinking: /home/erum_ifti/solarbot_ws-1/src/install/solarbot_gazebo/share/solarbot_gazebo/materials/textures/solar_panel_02_dust.png
-- Symlinking: /home/erum_ifti/solarbot_ws-1/src/install/solarbot_gazebo/share/solarbot_gazebo/materials/textures/solar_panel_03_dust.png
-- Symlinking: /home/erum_ifti/solarbot_ws-1/src/install/solarbot_gazebo/share/solarbot_gazebo/materials/textures/solar_panel_04_dust.png
-- Symlinking: /home/erum_ifti/solarbot_ws-1/src/install/solarbot_gazebo/share/solarbot_gazebo/materials/textures/solar_panel_05_dust.png
-- Symlinking: /home/erum_ifti/solarbot_ws-1/src/install/solarbot_gazebo/share/solarbot_gazebo/materials/textures/solar_panel_06_dust.png
-- Symlinking: /home/erum_ifti/solarbot_ws-1/src/install/solarbot_gazebo/share/solarbot_gazebo/materials/textures/solar_panel_07_dust.png
-- Symlinking: /home/erum_ifti/solarbot_ws-1/src/install/solarbot_gazebo/share/solarbot_gazebo/materials/textures/solar_panel_08_dust.png
-- Symlinking: /home/erum_ifti/solarbot_ws-1/src/install/solarbot_gazebo/share/solarbot_gazebo/materials/textures/solar_panel_09_dust.png
-- Symlinking: /home/erum_ifti/solarbot_ws-1/src/install/solarbot_gazebo/share/solarbot_gazebo/materials/textures/solar_panel_10_dust.png
-- Symlinking: /home/erum_ifti/solarbot_ws-1/src/install/solarbot_gazebo/share/solarbot_gazebo/scripts/make_texture.py
-- Symlinking: /home/erum_ifti/solarbot_ws-1/src/install/solarbot_gazebo/share/solarbot_gazebo/config/controllers.yaml
-- Symlinking: /home/erum_ifti/solarbot_ws-1/src/install/solarbot_gazebo/share/ament_index/resource_index/package_run_dependencies/solarbot_gazebo
-- Symlinking: /home/erum_ifti/solarbot_ws-1/src/install/solarbot_gazebo/share/ament_index/resource_index/parent_prefix_path/solarbot_gazebo
-- Symlinking: /home/erum_ifti/solarbot_ws-1/src/install/solarbot_gazebo/share/solarbot_gazebo/environment/ament_prefix_path.sh
-- Symlinking: /home/erum_ifti/solarbot_ws-1/src/install/solarbot_gazebo/share/solarbot_gazebo/environment/ament_prefix_path.dsv
-- Symlinking: /home/erum_ifti/solarbot_ws-1/src/install/solarbot_gazebo/share/solarbot_gazebo/environment/path.sh
-- Symlinking: /home/erum_ifti/solarbot_ws-1/src/install/solarbot_gazebo/share/solarbot_gazebo/environment/path.dsv
-- Symlinking: /home/erum_ifti/solarbot_ws-1/src/install/solarbot_gazebo/share/solarbot_gazebo/local_setup.bash
-- Symlinking: /home/erum_ifti/solarbot_ws-1/src/install/solarbot_gazebo/share/solarbot_gazebo/local_setup.sh
-- Symlinking: /home/erum_ifti/solarbot_ws-1/src/install/solarbot_gazebo/share/solarbot_gazebo/local_setup.zsh
-- Symlinking: /home/erum_ifti/solarbot_ws-1/src/install/solarbot_gazebo/share/solarbot_gazebo/local_setup.dsv
-- Symlinking: /home/erum_ifti/solarbot_ws-1/src/install/solarbot_gazebo/share/solarbot_gazebo/package.dsv
-- Symlinking: /home/erum_ifti/solarbot_ws-1/src/install/solarbot_gazebo/share/ament_index/resource_index/packages/solarbot_gazebo
-- Symlinking: /home/erum_ifti/solarbot_ws-1/src/install/solarbot_gazebo/share/solarbot_gazebo/cmake/solarbot_gazeboConfig.cmake
-- Symlinking: /home/erum_ifti/solarbot_ws-1/src/install/solarbot_gazebo/share/solarbot_gazebo/cmake/solarbot_gazeboConfig-version.cmake
-- Symlinking: /home/erum_ifti/solarbot_ws-1/src/install/solarbot_gazebo/share/solarbot_gazebo/package.xml
