[0.064s] Invoking command in '/home/erum/solarbot_ws/build/solarbot_msgs': CMAKE_PREFIX_PATH=${CMAKE_PREFIX_PATH}:/opt/ros/jazzy DEBUGINFOD_URLS=https://debuginfod.ubuntu.com /usr/bin/cmake --build /home/erum/solarbot_ws/build/solarbot_msgs -- -j2 -l2
[0.377s] Invoked command in '/home/erum/solarbot_ws/build/solarbot_msgs' returned '0': CMAKE_PREFIX_PATH=${CMAKE_PREFIX_PATH}:/opt/ros/jazzy DEBUGINFOD_URLS=https://debuginfod.ubuntu.com /usr/bin/cmake --build /home/erum/solarbot_ws/build/solarbot_msgs -- -j2 -l2
[0.386s] Invoking command in '/home/erum/solarbot_ws/build/solarbot_msgs': CMAKE_PREFIX_PATH=${CMAKE_PREFIX_PATH}:/opt/ros/jazzy DEBUGINFOD_URLS=https://debuginfod.ubuntu.com /usr/bin/cmake --install /home/erum/solarbot_ws/build/solarbot_msgs
[0.451s] -- Install configuration: ""
[0.457s] -- Execute custom install script
[0.461s] -- Up-to-date symlink: /home/erum/solarbot_ws/install/solarbot_msgs/share/ament_index/resource_index/package_run_dependencies/solarbot_msgs
[0.463s] -- Up-to-date symlink: /home/erum/solarbot_ws/install/solarbot_msgs/share/ament_index/resource_index/parent_prefix_path/solarbot_msgs
[0.465s] -- Up-to-date symlink: /home/erum/solarbot_ws/install/solarbot_msgs/share/solarbot_msgs/environment/ament_prefix_path.sh
[0.470s] -- Up-to-date symlink: /home/erum/solarbot_ws/install/solarbot_msgs/share/solarbot_msgs/environment/ament_prefix_path.dsv
[0.470s] -- Up-to-date symlink: /home/erum/solarbot_ws/install/solarbot_msgs/share/solarbot_msgs/environment/path.sh
[0.496s] -- Up-to-date symlink: /home/erum/solarbot_ws/install/solarbot_msgs/share/solarbot_msgs/environment/path.dsv
[0.496s] -- Up-to-date symlink: /home/erum/solarbot_ws/install/solarbot_msgs/share/solarbot_msgs/local_setup.bash
[0.496s] -- Up-to-date symlink: /home/erum/solarbot_ws/install/solarbot_msgs/share/solarbot_msgs/local_setup.sh
[0.504s] -- Up-to-date symlink: /home/erum/solarbot_ws/install/solarbot_msgs/share/solarbot_msgs/local_setup.zsh
[0.504s] -- Up-to-date symlink: /home/erum/solarbot_ws/install/solarbot_msgs/share/solarbot_msgs/local_setup.dsv
[0.515s] -- Symlinking: /home/erum/solarbot_ws/install/solarbot_msgs/share/solarbot_msgs/package.dsv
[0.594s] -- Up-to-date symlink: /home/erum/solarbot_ws/install/solarbot_msgs/share/ament_index/resource_index/packages/solarbot_msgs
[0.596s] -- Up-to-date symlink: /home/erum/solarbot_ws/install/solarbot_msgs/share/solarbot_msgs/cmake/solarbot_msgsConfig.cmake
[0.605s] -- Up-to-date symlink: /home/erum/solarbot_ws/install/solarbot_msgs/share/solarbot_msgs/cmake/solarbot_msgsConfig-version.cmake
[0.617s] -- Up-to-date symlink: /home/erum/solarbot_ws/install/solarbot_msgs/share/solarbot_msgs/package.xml
[0.638s] Invoked command in '/home/erum/solarbot_ws/build/solarbot_msgs' returned '0': CMAKE_PREFIX_PATH=${CMAKE_PREFIX_PATH}:/opt/ros/jazzy DEBUGINFOD_URLS=https://debuginfod.ubuntu.com /usr/bin/cmake --install /home/erum/solarbot_ws/build/solarbot_msgs
