[0.673s] DEBUG:colcon:Command line arguments: ['/usr/bin/colcon', 'build', '--packages-select', 'solarbot_localization', 'solarbot_safety', '--symlink-install']
[0.673s] DEBUG:colcon:Parsed command line arguments: Namespace(log_base=None, log_level=None, verb_name='build', build_base='build', install_base='install', merge_install=False, symlink_install=True, test_result_base=None, continue_on_error=False, executor='parallel', parallel_workers=16, event_handlers=None, ignore_user_meta=False, metas=['./colcon.meta'], base_paths=['.'], packages_ignore=None, packages_ignore_regex=None, paths=None, packages_up_to=None, packages_up_to_regex=None, packages_above=None, packages_above_and_dependencies=None, packages_above_depth=None, packages_select_by_dep=None, packages_skip_by_dep=None, packages_skip_up_to=None, packages_select_build_failed=False, packages_skip_build_finished=False, packages_select_test_failures=False, packages_skip_test_passed=False, packages_select=['solarbot_localization', 'solarbot_safety'], packages_skip=None, packages_select_regex=None, packages_skip_regex=None, packages_start=None, packages_end=None, allow_overriding=[], cmake_args=None, cmake_target=None, cmake_target_skip_unavailable=False, cmake_clean_cache=False, cmake_clean_first=False, cmake_force_configure=False, ament_cmake_args=None, catkin_cmake_args=None, catkin_skip_building_tests=False, verb_parser=<colcon_defaults.argument_parser.defaults.DefaultArgumentsDecorator object at 0x7e06ae291340>, verb_extension=<colcon_core.verb.build.BuildVerb object at 0x7e06ae2911f0>, main=<bound method BuildVerb.main of <colcon_core.verb.build.BuildVerb object at 0x7e06ae2911f0>>)
[0.772s] Level 1:colcon.colcon_core.package_discovery:discover_packages(colcon_meta) check parameters
[0.772s] Level 1:colcon.colcon_core.package_discovery:discover_packages(recursive) check parameters
[0.773s] Level 1:colcon.colcon_core.package_discovery:discover_packages(ignore) check parameters
[0.773s] Level 1:colcon.colcon_core.package_discovery:discover_packages(path) check parameters
[0.773s] Level 1:colcon.colcon_core.package_discovery:discover_packages(colcon_meta) discover
[0.773s] Level 1:colcon.colcon_core.package_discovery:discover_packages(recursive) discover
[0.773s] INFO:colcon.colcon_core.package_discovery:Crawling recursively for packages in '/home/erum_ifti/solarbot_ws-1/src'
[0.773s] Level 1:colcon.colcon_core.package_identification:_identify(.) by extensions ['ignore', 'ignore_ament_install']
[0.773s] Level 1:colcon.colcon_core.package_identification:_identify(.) by extension 'ignore'
[0.774s] Level 1:colcon.colcon_core.package_identification:_identify(.) by extension 'ignore_ament_install'
[0.774s] Level 1:colcon.colcon_core.package_identification:_identify(.) by extensions ['colcon_pkg']
[0.774s] Level 1:colcon.colcon_core.package_identification:_identify(.) by extension 'colcon_pkg'
[0.774s] Level 1:colcon.colcon_core.package_identification:_identify(.) by extensions ['colcon_meta']
[0.774s] Level 1:colcon.colcon_core.package_identification:_identify(.) by extension 'colcon_meta'
[0.774s] Level 1:colcon.colcon_core.package_identification:_identify(.) by extensions ['ros']
[0.774s] Level 1:colcon.colcon_core.package_identification:_identify(.) by extension 'ros'
[0.834s] Level 1:colcon.colcon_core.package_identification:_identify(.) by extensions ['cmake', 'python']
[0.834s] Level 1:colcon.colcon_core.package_identification:_identify(.) by extension 'cmake'
[0.834s] Level 1:colcon.colcon_core.package_identification:_identify(.) by extension 'python'
[0.834s] Level 1:colcon.colcon_core.package_identification:_identify(.) by extensions ['python_setup_py']
[0.834s] Level 1:colcon.colcon_core.package_identification:_identify(.) by extension 'python_setup_py'
[0.835s] Level 1:colcon.colcon_core.package_identification:_identify(build) by extensions ['ignore', 'ignore_ament_install']
[0.835s] Level 1:colcon.colcon_core.package_identification:_identify(build) by extension 'ignore'
[0.835s] Level 1:colcon.colcon_core.package_identification:_identify(build) ignored
[0.835s] Level 1:colcon.colcon_core.package_identification:_identify(install) by extensions ['ignore', 'ignore_ament_install']
[0.835s] Level 1:colcon.colcon_core.package_identification:_identify(install) by extension 'ignore'
[0.835s] Level 1:colcon.colcon_core.package_identification:_identify(install) ignored
[0.835s] Level 1:colcon.colcon_core.package_identification:_identify(log) by extensions ['ignore', 'ignore_ament_install']
[0.835s] Level 1:colcon.colcon_core.package_identification:_identify(log) by extension 'ignore'
[0.835s] Level 1:colcon.colcon_core.package_identification:_identify(log) ignored
[0.835s] Level 1:colcon.colcon_core.package_identification:_identify(solarbot_bringup) by extensions ['ignore', 'ignore_ament_install']
[0.835s] Level 1:colcon.colcon_core.package_identification:_identify(solarbot_bringup) by extension 'ignore'
[0.836s] Level 1:colcon.colcon_core.package_identification:_identify(solarbot_bringup) by extension 'ignore_ament_install'
[0.836s] Level 1:colcon.colcon_core.package_identification:_identify(solarbot_bringup) by extensions ['colcon_pkg']
[0.836s] Level 1:colcon.colcon_core.package_identification:_identify(solarbot_bringup) by extension 'colcon_pkg'
[0.836s] Level 1:colcon.colcon_core.package_identification:_identify(solarbot_bringup) by extensions ['colcon_meta']
[0.836s] Level 1:colcon.colcon_core.package_identification:_identify(solarbot_bringup) by extension 'colcon_meta'
[0.836s] Level 1:colcon.colcon_core.package_identification:_identify(solarbot_bringup) by extensions ['ros']
[0.836s] Level 1:colcon.colcon_core.package_identification:_identify(solarbot_bringup) by extension 'ros'
[0.841s] DEBUG:colcon.colcon_core.package_identification:Package 'solarbot_bringup' with type 'ros.ament_cmake' and name 'solarbot_bringup'
[0.842s] Level 1:colcon.colcon_core.package_identification:_identify(solarbot_cleaning) by extensions ['ignore', 'ignore_ament_install']
[0.842s] Level 1:colcon.colcon_core.package_identification:_identify(solarbot_cleaning) by extension 'ignore'
[0.842s] Level 1:colcon.colcon_core.package_identification:_identify(solarbot_cleaning) by extension 'ignore_ament_install'
[0.842s] Level 1:colcon.colcon_core.package_identification:_identify(solarbot_cleaning) by extensions ['colcon_pkg']
[0.842s] Level 1:colcon.colcon_core.package_identification:_identify(solarbot_cleaning) by extension 'colcon_pkg'
[0.842s] Level 1:colcon.colcon_core.package_identification:_identify(solarbot_cleaning) by extensions ['colcon_meta']
[0.842s] Level 1:colcon.colcon_core.package_identification:_identify(solarbot_cleaning) by extension 'colcon_meta'
[0.842s] Level 1:colcon.colcon_core.package_identification:_identify(solarbot_cleaning) by extensions ['ros']
[0.842s] Level 1:colcon.colcon_core.package_identification:_identify(solarbot_cleaning) by extension 'ros'
[0.843s] DEBUG:colcon.colcon_core.package_identification:Package 'solarbot_cleaning' with type 'ros.ament_cmake' and name 'solarbot_cleaning'
[0.843s] Level 1:colcon.colcon_core.package_identification:_identify(solarbot_description) by extensions ['ignore', 'ignore_ament_install']
[0.844s] Level 1:colcon.colcon_core.package_identification:_identify(solarbot_description) by extension 'ignore'
[0.844s] Level 1:colcon.colcon_core.package_identification:_identify(solarbot_description) by extension 'ignore_ament_install'
[0.844s] Level 1:colcon.colcon_core.package_identification:_identify(solarbot_description) by extensions ['colcon_pkg']
[0.844s] Level 1:colcon.colcon_core.package_identification:_identify(solarbot_description) by extension 'colcon_pkg'
[0.844s] Level 1:colcon.colcon_core.package_identification:_identify(solarbot_description) by extensions ['colcon_meta']
[0.844s] Level 1:colcon.colcon_core.package_identification:_identify(solarbot_description) by extension 'colcon_meta'
[0.844s] Level 1:colcon.colcon_core.package_identification:_identify(solarbot_description) by extensions ['ros']
[0.844s] Level 1:colcon.colcon_core.package_identification:_identify(solarbot_description) by extension 'ros'
[0.844s] DEBUG:colcon.colcon_core.package_identification:Package 'solarbot_description' with type 'ros.ament_cmake' and name 'solarbot_description'
[0.845s] Level 1:colcon.colcon_core.package_identification:_identify(solarbot_gazebo) by extensions ['ignore', 'ignore_ament_install']
[0.845s] Level 1:colcon.colcon_core.package_identification:_identify(solarbot_gazebo) by extension 'ignore'
[0.845s] Level 1:colcon.colcon_core.package_identification:_identify(solarbot_gazebo) by extension 'ignore_ament_install'
[0.845s] Level 1:colcon.colcon_core.package_identification:_identify(solarbot_gazebo) by extensions ['colcon_pkg']
[0.845s] Level 1:colcon.colcon_core.package_identification:_identify(solarbot_gazebo) by extension 'colcon_pkg'
[0.845s] Level 1:colcon.colcon_core.package_identification:_identify(solarbot_gazebo) by extensions ['colcon_meta']
[0.845s] Level 1:colcon.colcon_core.package_identification:_identify(solarbot_gazebo) by extension 'colcon_meta'
[0.845s] Level 1:colcon.colcon_core.package_identification:_identify(solarbot_gazebo) by extensions ['ros']
[0.845s] Level 1:colcon.colcon_core.package_identification:_identify(solarbot_gazebo) by extension 'ros'
[0.846s] DEBUG:colcon.colcon_core.package_identification:Package 'solarbot_gazebo' with type 'ros.ament_cmake' and name 'solarbot_gazebo'
[0.846s] Level 1:colcon.colcon_core.package_identification:_identify(solarbot_hardware) by extensions ['ignore', 'ignore_ament_install']
[0.846s] Level 1:colcon.colcon_core.package_identification:_identify(solarbot_hardware) by extension 'ignore'
[0.846s] Level 1:colcon.colcon_core.package_identification:_identify(solarbot_hardware) by extension 'ignore_ament_install'
[0.847s] Level 1:colcon.colcon_core.package_identification:_identify(solarbot_hardware) by extensions ['colcon_pkg']
[0.847s] Level 1:colcon.colcon_core.package_identification:_identify(solarbot_hardware) by extension 'colcon_pkg'
[0.847s] Level 1:colcon.colcon_core.package_identification:_identify(solarbot_hardware) by extensions ['colcon_meta']
[0.847s] Level 1:colcon.colcon_core.package_identification:_identify(solarbot_hardware) by extension 'colcon_meta'
[0.847s] Level 1:colcon.colcon_core.package_identification:_identify(solarbot_hardware) by extensions ['ros']
[0.847s] Level 1:colcon.colcon_core.package_identification:_identify(solarbot_hardware) by extension 'ros'
[0.848s] DEBUG:colcon.colcon_core.package_identification:Package 'solarbot_hardware' with type 'ros.ament_cmake' and name 'solarbot_hardware'
[0.848s] Level 1:colcon.colcon_core.package_identification:_identify(solarbot_localization) by extensions ['ignore', 'ignore_ament_install']
[0.848s] Level 1:colcon.colcon_core.package_identification:_identify(solarbot_localization) by extension 'ignore'
[0.848s] Level 1:colcon.colcon_core.package_identification:_identify(solarbot_localization) by extension 'ignore_ament_install'
[0.848s] Level 1:colcon.colcon_core.package_identification:_identify(solarbot_localization) by extensions ['colcon_pkg']
[0.848s] Level 1:colcon.colcon_core.package_identification:_identify(solarbot_localization) by extension 'colcon_pkg'
[0.848s] Level 1:colcon.colcon_core.package_identification:_identify(solarbot_localization) by extensions ['colcon_meta']
[0.848s] Level 1:colcon.colcon_core.package_identification:_identify(solarbot_localization) by extension 'colcon_meta'
[0.848s] Level 1:colcon.colcon_core.package_identification:_identify(solarbot_localization) by extensions ['ros']
[0.848s] Level 1:colcon.colcon_core.package_identification:_identify(solarbot_localization) by extension 'ros'
[0.849s] DEBUG:colcon.colcon_core.package_identification:Package 'solarbot_localization' with type 'ros.ament_python' and name 'solarbot_localization'
[0.849s] Level 1:colcon.colcon_core.package_identification:_identify(solarbot_msgs) by extensions ['ignore', 'ignore_ament_install']
[0.849s] Level 1:colcon.colcon_core.package_identification:_identify(solarbot_msgs) by extension 'ignore'
[0.849s] Level 1:colcon.colcon_core.package_identification:_identify(solarbot_msgs) by extension 'ignore_ament_install'
[0.849s] Level 1:colcon.colcon_core.package_identification:_identify(solarbot_msgs) by extensions ['colcon_pkg']
[0.849s] Level 1:colcon.colcon_core.package_identification:_identify(solarbot_msgs) by extension 'colcon_pkg'
[0.849s] Level 1:colcon.colcon_core.package_identification:_identify(solarbot_msgs) by extensions ['colcon_meta']
[0.849s] Level 1:colcon.colcon_core.package_identification:_identify(solarbot_msgs) by extension 'colcon_meta'
[0.849s] Level 1:colcon.colcon_core.package_identification:_identify(solarbot_msgs) by extensions ['ros']
[0.849s] Level 1:colcon.colcon_core.package_identification:_identify(solarbot_msgs) by extension 'ros'
[0.850s] DEBUG:colcon.colcon_core.package_identification:Package 'solarbot_msgs' with type 'ros.ament_cmake' and name 'solarbot_msgs'
[0.850s] Level 1:colcon.colcon_core.package_identification:_identify(solarbot_navigation) by extensions ['ignore', 'ignore_ament_install']
[0.851s] Level 1:colcon.colcon_core.package_identification:_identify(solarbot_navigation) by extension 'ignore'
[0.851s] Level 1:colcon.colcon_core.package_identification:_identify(solarbot_navigation) by extension 'ignore_ament_install'
[0.851s] Level 1:colcon.colcon_core.package_identification:_identify(solarbot_navigation) by extensions ['colcon_pkg']
[0.851s] Level 1:colcon.colcon_core.package_identification:_identify(solarbot_navigation) by extension 'colcon_pkg'
[0.851s] Level 1:colcon.colcon_core.package_identification:_identify(solarbot_navigation) by extensions ['colcon_meta']
[0.851s] Level 1:colcon.colcon_core.package_identification:_identify(solarbot_navigation) by extension 'colcon_meta'
[0.851s] Level 1:colcon.colcon_core.package_identification:_identify(solarbot_navigation) by extensions ['ros']
[0.851s] Level 1:colcon.colcon_core.package_identification:_identify(solarbot_navigation) by extension 'ros'
[0.851s] DEBUG:colcon.colcon_core.package_identification:Package 'solarbot_navigation' with type 'ros.ament_cmake' and name 'solarbot_navigation'
[0.852s] Level 1:colcon.colcon_core.package_identification:_identify(solarbot_safety) by extensions ['ignore', 'ignore_ament_install']
[0.852s] Level 1:colcon.colcon_core.package_identification:_identify(solarbot_safety) by extension 'ignore'
[0.852s] Level 1:colcon.colcon_core.package_identification:_identify(solarbot_safety) by extension 'ignore_ament_install'
[0.852s] Level 1:colcon.colcon_core.package_identification:_identify(solarbot_safety) by extensions ['colcon_pkg']
[0.852s] Level 1:colcon.colcon_core.package_identification:_identify(solarbot_safety) by extension 'colcon_pkg'
[0.852s] Level 1:colcon.colcon_core.package_identification:_identify(solarbot_safety) by extensions ['colcon_meta']
[0.852s] Level 1:colcon.colcon_core.package_identification:_identify(solarbot_safety) by extension 'colcon_meta'
[0.852s] Level 1:colcon.colcon_core.package_identification:_identify(solarbot_safety) by extensions ['ros']
[0.852s] Level 1:colcon.colcon_core.package_identification:_identify(solarbot_safety) by extension 'ros'
[0.853s] DEBUG:colcon.colcon_core.package_identification:Package 'solarbot_safety' with type 'ros.ament_python' and name 'solarbot_safety'
[0.853s] Level 1:colcon.colcon_core.package_discovery:discover_packages(recursive) using defaults
[0.853s] Level 1:colcon.colcon_core.package_discovery:discover_packages(ignore) discover
[0.853s] Level 1:colcon.colcon_core.package_discovery:discover_packages(ignore) using defaults
[0.853s] Level 1:colcon.colcon_core.package_discovery:discover_packages(path) discover
[0.853s] Level 1:colcon.colcon_core.package_discovery:discover_packages(path) using defaults
[0.895s] INFO:colcon.colcon_core.package_selection:Skipping not selected package 'solarbot_bringup' in 'solarbot_bringup'
[0.895s] INFO:colcon.colcon_core.package_selection:Skipping not selected package 'solarbot_cleaning' in 'solarbot_cleaning'
[0.895s] INFO:colcon.colcon_core.package_selection:Skipping not selected package 'solarbot_description' in 'solarbot_description'
[0.895s] INFO:colcon.colcon_core.package_selection:Skipping not selected package 'solarbot_hardware' in 'solarbot_hardware'
[0.895s] INFO:colcon.colcon_core.package_selection:Skipping not selected package 'solarbot_msgs' in 'solarbot_msgs'
[0.895s] INFO:colcon.colcon_core.package_selection:Skipping not selected package 'solarbot_navigation' in 'solarbot_navigation'
[0.895s] INFO:colcon.colcon_core.package_selection:Skipping not selected package 'solarbot_gazebo' in 'solarbot_gazebo'
[0.895s] Level 1:colcon.colcon_core.package_discovery:discover_packages(prefix_path) check parameters
[0.896s] Level 1:colcon.colcon_core.package_discovery:discover_packages(prefix_path) discover
[0.904s] DEBUG:colcon.colcon_installed_package_information.package_discovery:Found 11 installed packages in /home/erum_ifti/solarbot_ws-1/install
[0.907s] DEBUG:colcon.colcon_installed_package_information.package_discovery:Found 426 installed packages in /opt/ros/jazzy
[0.910s] Level 1:colcon.colcon_core.package_discovery:discover_packages(prefix_path) using defaults
[1.040s] Level 5:colcon.colcon_core.verb:set package 'solarbot_localization' build argument 'cmake_args' from command line to 'None'
[1.041s] Level 5:colcon.colcon_core.verb:set package 'solarbot_localization' build argument 'cmake_target' from command line to 'None'
[1.041s] Level 5:colcon.colcon_core.verb:set package 'solarbot_localization' build argument 'cmake_target_skip_unavailable' from command line to 'False'
[1.041s] Level 5:colcon.colcon_core.verb:set package 'solarbot_localization' build argument 'cmake_clean_cache' from command line to 'False'
[1.041s] Level 5:colcon.colcon_core.verb:set package 'solarbot_localization' build argument 'cmake_clean_first' from command line to 'False'
[1.041s] Level 5:colcon.colcon_core.verb:set package 'solarbot_localization' build argument 'cmake_force_configure' from command line to 'False'
[1.041s] Level 5:colcon.colcon_core.verb:set package 'solarbot_localization' build argument 'ament_cmake_args' from command line to 'None'
[1.041s] Level 5:colcon.colcon_core.verb:set package 'solarbot_localization' build argument 'catkin_cmake_args' from command line to 'None'
[1.041s] Level 5:colcon.colcon_core.verb:set package 'solarbot_localization' build argument 'catkin_skip_building_tests' from command line to 'False'
[1.041s] DEBUG:colcon.colcon_core.verb:Building package 'solarbot_localization' with the following arguments: {'ament_cmake_args': None, 'build_base': '/home/erum_ifti/solarbot_ws-1/src/build/solarbot_localization', 'catkin_cmake_args': None, 'catkin_skip_building_tests': False, 'cmake_args': None, 'cmake_clean_cache': False, 'cmake_clean_first': False, 'cmake_force_configure': False, 'cmake_target': None, 'cmake_target_skip_unavailable': False, 'install_base': '/home/erum_ifti/solarbot_ws-1/src/install/solarbot_localization', 'merge_install': False, 'path': '/home/erum_ifti/solarbot_ws-1/src/solarbot_localization', 'symlink_install': True, 'test_result_base': None}
[1.041s] Level 5:colcon.colcon_core.verb:set package 'solarbot_safety' build argument 'cmake_args' from command line to 'None'
[1.041s] Level 5:colcon.colcon_core.verb:set package 'solarbot_safety' build argument 'cmake_target' from command line to 'None'
[1.041s] Level 5:colcon.colcon_core.verb:set package 'solarbot_safety' build argument 'cmake_target_skip_unavailable' from command line to 'False'
[1.041s] Level 5:colcon.colcon_core.verb:set package 'solarbot_safety' build argument 'cmake_clean_cache' from command line to 'False'
[1.041s] Level 5:colcon.colcon_core.verb:set package 'solarbot_safety' build argument 'cmake_clean_first' from command line to 'False'
[1.041s] Level 5:colcon.colcon_core.verb:set package 'solarbot_safety' build argument 'cmake_force_configure' from command line to 'False'
[1.041s] Level 5:colcon.colcon_core.verb:set package 'solarbot_safety' build argument 'ament_cmake_args' from command line to 'None'
[1.041s] Level 5:colcon.colcon_core.verb:set package 'solarbot_safety' build argument 'catkin_cmake_args' from command line to 'None'
[1.041s] Level 5:colcon.colcon_core.verb:set package 'solarbot_safety' build argument 'catkin_skip_building_tests' from command line to 'False'
[1.041s] DEBUG:colcon.colcon_core.verb:Building package 'solarbot_safety' with the following arguments: {'ament_cmake_args': None, 'build_base': '/home/erum_ifti/solarbot_ws-1/src/build/solarbot_safety', 'catkin_cmake_args': None, 'catkin_skip_building_tests': False, 'cmake_args': None, 'cmake_clean_cache': False, 'cmake_clean_first': False, 'cmake_force_configure': False, 'cmake_target': None, 'cmake_target_skip_unavailable': False, 'install_base': '/home/erum_ifti/solarbot_ws-1/src/install/solarbot_safety', 'merge_install': False, 'path': '/home/erum_ifti/solarbot_ws-1/src/solarbot_safety', 'symlink_install': True, 'test_result_base': None}
[1.041s] INFO:colcon.colcon_core.executor:Executing jobs using 'parallel' executor
[1.043s] DEBUG:colcon.colcon_parallel_executor.executor.parallel:run_until_complete
[1.043s] INFO:colcon.colcon_ros.task.ament_python.build:Building ROS package in '/home/erum_ifti/solarbot_ws-1/src/solarbot_localization' with build type 'ament_python'
[1.043s] Level 1:colcon.colcon_core.shell:create_environment_hook('solarbot_localization', 'ament_prefix_path')
[1.049s] INFO:colcon.colcon_core.plugin_system:Skipping extension 'colcon_core.shell.bat': Not used on non-Windows systems
[1.049s] INFO:colcon.colcon_core.shell:Creating environment hook '/home/erum_ifti/solarbot_ws-1/src/install/solarbot_localization/share/solarbot_localization/hook/ament_prefix_path.ps1'
[1.052s] INFO:colcon.colcon_core.shell:Creating environment descriptor '/home/erum_ifti/solarbot_ws-1/src/install/solarbot_localization/share/solarbot_localization/hook/ament_prefix_path.dsv'
[1.052s] INFO:colcon.colcon_core.shell:Creating environment hook '/home/erum_ifti/solarbot_ws-1/src/install/solarbot_localization/share/solarbot_localization/hook/ament_prefix_path.sh'
[1.053s] INFO:colcon.colcon_core.shell:Skip shell extension 'powershell' for command environment: Not usable outside of PowerShell
[1.053s] DEBUG:colcon.colcon_core.shell:Skip shell extension 'dsv' for command environment
[1.058s] INFO:colcon.colcon_ros.task.ament_python.build:Building ROS package in '/home/erum_ifti/solarbot_ws-1/src/solarbot_safety' with build type 'ament_python'
[1.058s] Level 1:colcon.colcon_core.shell:create_environment_hook('solarbot_safety', 'ament_prefix_path')
[1.058s] INFO:colcon.colcon_core.shell:Creating environment hook '/home/erum_ifti/solarbot_ws-1/src/install/solarbot_safety/share/solarbot_safety/hook/ament_prefix_path.ps1'
[1.060s] INFO:colcon.colcon_core.shell:Creating environment descriptor '/home/erum_ifti/solarbot_ws-1/src/install/solarbot_safety/share/solarbot_safety/hook/ament_prefix_path.dsv'
[1.063s] INFO:colcon.colcon_core.shell:Creating environment hook '/home/erum_ifti/solarbot_ws-1/src/install/solarbot_safety/share/solarbot_safety/hook/ament_prefix_path.sh'
[1.063s] INFO:colcon.colcon_core.shell:Skip shell extension 'powershell' for command environment: Not usable outside of PowerShell
[1.063s] DEBUG:colcon.colcon_core.shell:Skip shell extension 'dsv' for command environment
[1.235s] INFO:colcon.colcon_core.task.python.build:Building Python package in '/home/erum_ifti/solarbot_ws-1/src/solarbot_localization'
[1.235s] INFO:colcon.colcon_core.shell:Skip shell extension 'powershell' for command environment: Not usable outside of PowerShell
[1.235s] DEBUG:colcon.colcon_core.shell:Skip shell extension 'dsv' for command environment
[1.394s] INFO:colcon.colcon_core.task.python.build:Building Python package in '/home/erum_ifti/solarbot_ws-1/src/solarbot_safety'
[1.394s] INFO:colcon.colcon_core.shell:Skip shell extension 'powershell' for command environment: Not usable outside of PowerShell
[1.394s] DEBUG:colcon.colcon_core.shell:Skip shell extension 'dsv' for command environment
[2.076s] DEBUG:colcon.colcon_core.event_handler.log_command:Invoking command in '/home/erum_ifti/solarbot_ws-1/src/build/solarbot_localization': PYTHONPATH=/home/erum_ifti/solarbot_ws-1/src/build/solarbot_localization/prefix_override:/usr/lib/python3/dist-packages/colcon_core/task/python/colcon_distutils_commands:/home/erum_ifti/solarbot_ws-1/src/install/solarbot_localization/lib/python3.12/site-packages:${PYTHONPATH} /usr/bin/python3 -W ignore:setup.py install is deprecated -W ignore:easy_install command is deprecated setup.py develop --editable --build-directory /home/erum_ifti/solarbot_ws-1/src/build/solarbot_localization/build --no-deps symlink_data
[2.091s] DEBUG:colcon.colcon_core.event_handler.log_command:Invoking command in '/home/erum_ifti/solarbot_ws-1/src/build/solarbot_safety': PYTHONPATH=/home/erum_ifti/solarbot_ws-1/src/build/solarbot_safety/prefix_override:/usr/lib/python3/dist-packages/colcon_core/task/python/colcon_distutils_commands:/home/erum_ifti/solarbot_ws-1/src/install/solarbot_safety/lib/python3.12/site-packages:${PYTHONPATH} /usr/bin/python3 -W ignore:setup.py install is deprecated -W ignore:easy_install command is deprecated setup.py develop --editable --build-directory /home/erum_ifti/solarbot_ws-1/src/build/solarbot_safety/build --no-deps symlink_data
[2.507s] Level 1:colcon.colcon_core.shell:create_environment_hook('solarbot_safety', 'pythonpath_develop')
[2.507s] DEBUG:colcon.colcon_core.event_handler.log_command:Invoked command in '/home/erum_ifti/solarbot_ws-1/src/build/solarbot_safety' returned '0': PYTHONPATH=/home/erum_ifti/solarbot_ws-1/src/build/solarbot_safety/prefix_override:/usr/lib/python3/dist-packages/colcon_core/task/python/colcon_distutils_commands:/home/erum_ifti/solarbot_ws-1/src/install/solarbot_safety/lib/python3.12/site-packages:${PYTHONPATH} /usr/bin/python3 -W ignore:setup.py install is deprecated -W ignore:easy_install command is deprecated setup.py develop --editable --build-directory /home/erum_ifti/solarbot_ws-1/src/build/solarbot_safety/build --no-deps symlink_data
[2.507s] INFO:colcon.colcon_core.shell:Creating environment hook '/home/erum_ifti/solarbot_ws-1/src/build/solarbot_safety/share/solarbot_safety/hook/pythonpath_develop.ps1'
[2.508s] INFO:colcon.colcon_core.shell:Creating environment descriptor '/home/erum_ifti/solarbot_ws-1/src/build/solarbot_safety/share/solarbot_safety/hook/pythonpath_develop.dsv'
[2.509s] INFO:colcon.colcon_core.shell:Creating environment hook '/home/erum_ifti/solarbot_ws-1/src/build/solarbot_safety/share/solarbot_safety/hook/pythonpath_develop.sh'
[2.515s] Level 1:colcon.colcon_core.environment:checking '/home/erum_ifti/solarbot_ws-1/src/install/solarbot_safety' for CMake module files
[2.516s] Level 1:colcon.colcon_core.environment:checking '/home/erum_ifti/solarbot_ws-1/src/install/solarbot_safety' for CMake config files
[2.516s] Level 1:colcon.colcon_core.environment:checking '/home/erum_ifti/solarbot_ws-1/src/install/solarbot_safety/lib'
[2.517s] Level 1:colcon.colcon_core.environment:checking '/home/erum_ifti/solarbot_ws-1/src/install/solarbot_safety/bin'
[2.517s] Level 1:colcon.colcon_core.environment:checking '/home/erum_ifti/solarbot_ws-1/src/install/solarbot_safety/lib/pkgconfig/solarbot_safety.pc'
[2.517s] Level 1:colcon.colcon_core.environment:checking '/home/erum_ifti/solarbot_ws-1/src/install/solarbot_safety/lib/python3.12/site-packages'
[2.517s] Level 1:colcon.colcon_core.shell:create_environment_hook('solarbot_safety', 'pythonpath')
[2.517s] INFO:colcon.colcon_core.shell:Creating environment hook '/home/erum_ifti/solarbot_ws-1/src/install/solarbot_safety/share/solarbot_safety/hook/pythonpath.ps1'
[2.517s] INFO:colcon.colcon_core.shell:Creating environment descriptor '/home/erum_ifti/solarbot_ws-1/src/install/solarbot_safety/share/solarbot_safety/hook/pythonpath.dsv'
[2.518s] INFO:colcon.colcon_core.shell:Creating environment hook '/home/erum_ifti/solarbot_ws-1/src/install/solarbot_safety/share/solarbot_safety/hook/pythonpath.sh'
[2.518s] Level 1:colcon.colcon_core.environment:checking '/home/erum_ifti/solarbot_ws-1/src/install/solarbot_safety/bin'
[2.518s] Level 1:colcon.colcon_core.environment:create_environment_scripts_only(solarbot_safety)
[2.518s] INFO:colcon.colcon_core.shell:Creating package script '/home/erum_ifti/solarbot_ws-1/src/install/solarbot_safety/share/solarbot_safety/package.ps1'
[2.519s] INFO:colcon.colcon_core.shell:Creating package descriptor '/home/erum_ifti/solarbot_ws-1/src/install/solarbot_safety/share/solarbot_safety/package.dsv'
[2.520s] INFO:colcon.colcon_core.shell:Creating package script '/home/erum_ifti/solarbot_ws-1/src/install/solarbot_safety/share/solarbot_safety/package.sh'
[2.520s] INFO:colcon.colcon_core.shell:Creating package script '/home/erum_ifti/solarbot_ws-1/src/install/solarbot_safety/share/solarbot_safety/package.bash'
[2.521s] INFO:colcon.colcon_core.shell:Creating package script '/home/erum_ifti/solarbot_ws-1/src/install/solarbot_safety/share/solarbot_safety/package.zsh'
[2.522s] Level 1:colcon.colcon_core.environment:create_file_with_runtime_dependencies(/home/erum_ifti/solarbot_ws-1/src/install/solarbot_safety/share/colcon-core/packages/solarbot_safety)
[2.523s] Level 1:colcon.colcon_core.shell:create_environment_hook('solarbot_localization', 'pythonpath_develop')
[2.523s] INFO:colcon.colcon_core.shell:Creating environment hook '/home/erum_ifti/solarbot_ws-1/src/build/solarbot_localization/share/solarbot_localization/hook/pythonpath_develop.ps1'
[2.524s] DEBUG:colcon.colcon_core.event_handler.log_command:Invoked command in '/home/erum_ifti/solarbot_ws-1/src/build/solarbot_localization' returned '0': PYTHONPATH=/home/erum_ifti/solarbot_ws-1/src/build/solarbot_localization/prefix_override:/usr/lib/python3/dist-packages/colcon_core/task/python/colcon_distutils_commands:/home/erum_ifti/solarbot_ws-1/src/install/solarbot_localization/lib/python3.12/site-packages:${PYTHONPATH} /usr/bin/python3 -W ignore:setup.py install is deprecated -W ignore:easy_install command is deprecated setup.py develop --editable --build-directory /home/erum_ifti/solarbot_ws-1/src/build/solarbot_localization/build --no-deps symlink_data
[2.525s] INFO:colcon.colcon_core.shell:Creating environment descriptor '/home/erum_ifti/solarbot_ws-1/src/build/solarbot_localization/share/solarbot_localization/hook/pythonpath_develop.dsv'
[2.525s] INFO:colcon.colcon_core.shell:Creating environment hook '/home/erum_ifti/solarbot_ws-1/src/build/solarbot_localization/share/solarbot_localization/hook/pythonpath_develop.sh'
[2.526s] Level 1:colcon.colcon_core.environment:checking '/home/erum_ifti/solarbot_ws-1/src/install/solarbot_localization' for CMake module files
[2.526s] Level 1:colcon.colcon_core.environment:checking '/home/erum_ifti/solarbot_ws-1/src/install/solarbot_localization' for CMake config files
[2.526s] Level 1:colcon.colcon_core.environment:checking '/home/erum_ifti/solarbot_ws-1/src/install/solarbot_localization/lib'
[2.526s] Level 1:colcon.colcon_core.environment:checking '/home/erum_ifti/solarbot_ws-1/src/install/solarbot_localization/bin'
[2.526s] Level 1:colcon.colcon_core.environment:checking '/home/erum_ifti/solarbot_ws-1/src/install/solarbot_localization/lib/pkgconfig/solarbot_localization.pc'
[2.527s] Level 1:colcon.colcon_core.environment:checking '/home/erum_ifti/solarbot_ws-1/src/install/solarbot_localization/lib/python3.12/site-packages'
[2.527s] Level 1:colcon.colcon_core.shell:create_environment_hook('solarbot_localization', 'pythonpath')
[2.527s] INFO:colcon.colcon_core.shell:Creating environment hook '/home/erum_ifti/solarbot_ws-1/src/install/solarbot_localization/share/solarbot_localization/hook/pythonpath.ps1'
[2.527s] INFO:colcon.colcon_core.shell:Creating environment descriptor '/home/erum_ifti/solarbot_ws-1/src/install/solarbot_localization/share/solarbot_localization/hook/pythonpath.dsv'
[2.527s] INFO:colcon.colcon_core.shell:Creating environment hook '/home/erum_ifti/solarbot_ws-1/src/install/solarbot_localization/share/solarbot_localization/hook/pythonpath.sh'
[2.528s] Level 1:colcon.colcon_core.environment:checking '/home/erum_ifti/solarbot_ws-1/src/install/solarbot_localization/bin'
[2.528s] Level 1:colcon.colcon_core.environment:create_environment_scripts_only(solarbot_localization)
[2.528s] INFO:colcon.colcon_core.shell:Creating package script '/home/erum_ifti/solarbot_ws-1/src/install/solarbot_localization/share/solarbot_localization/package.ps1'
[2.529s] INFO:colcon.colcon_core.shell:Creating package descriptor '/home/erum_ifti/solarbot_ws-1/src/install/solarbot_localization/share/solarbot_localization/package.dsv'
[2.529s] INFO:colcon.colcon_core.shell:Creating package script '/home/erum_ifti/solarbot_ws-1/src/install/solarbot_localization/share/solarbot_localization/package.sh'
[2.529s] INFO:colcon.colcon_core.shell:Creating package script '/home/erum_ifti/solarbot_ws-1/src/install/solarbot_localization/share/solarbot_localization/package.bash'
[2.530s] INFO:colcon.colcon_core.shell:Creating package script '/home/erum_ifti/solarbot_ws-1/src/install/solarbot_localization/share/solarbot_localization/package.zsh'
[2.530s] Level 1:colcon.colcon_core.environment:create_file_with_runtime_dependencies(/home/erum_ifti/solarbot_ws-1/src/install/solarbot_localization/share/colcon-core/packages/solarbot_localization)
[2.531s] DEBUG:colcon.colcon_parallel_executor.executor.parallel:closing loop
[2.531s] DEBUG:colcon.colcon_parallel_executor.executor.parallel:loop closed
[2.531s] DEBUG:colcon.colcon_parallel_executor.executor.parallel:run_until_complete finished with '0'
[2.531s] DEBUG:colcon.colcon_core.event_reactor:joining thread
[2.723s] INFO:colcon.colcon_core.plugin_system:Skipping extension 'colcon_notification.desktop_notification.notify_send': Could not find 'notify-send'
[2.723s] INFO:colcon.colcon_core.plugin_system:Skipping extension 'colcon_notification.desktop_notification.terminal_notifier': Not used on non-Darwin systems
[2.723s] INFO:colcon.colcon_core.plugin_system:Skipping extension 'colcon_notification.desktop_notification.win32': Not used on non-Windows systems
[2.723s] INFO:colcon.colcon_notification.desktop_notification:Sending desktop notification using 'notify2'
[2.740s] DEBUG:colcon.colcon_notification.desktop_notification.notify2:Failed to initialize notify2: org.freedesktop.DBus.Error.ServiceUnknown: The name org.freedesktop.Notifications was not provided by any .service files
[2.740s] DEBUG:colcon.colcon_core.event_reactor:joined thread
[2.740s] INFO:colcon.colcon_core.shell:Creating prefix script '/home/erum_ifti/solarbot_ws-1/src/install/local_setup.ps1'
[2.742s] INFO:colcon.colcon_core.shell:Creating prefix util module '/home/erum_ifti/solarbot_ws-1/src/install/_local_setup_util_ps1.py'
[2.743s] INFO:colcon.colcon_core.shell:Creating prefix chain script '/home/erum_ifti/solarbot_ws-1/src/install/setup.ps1'
[2.746s] INFO:colcon.colcon_core.shell:Creating prefix script '/home/erum_ifti/solarbot_ws-1/src/install/local_setup.sh'
[2.747s] INFO:colcon.colcon_core.shell:Creating prefix util module '/home/erum_ifti/solarbot_ws-1/src/install/_local_setup_util_sh.py'
[2.748s] INFO:colcon.colcon_core.shell:Creating prefix chain script '/home/erum_ifti/solarbot_ws-1/src/install/setup.sh'
[2.750s] INFO:colcon.colcon_core.shell:Creating prefix script '/home/erum_ifti/solarbot_ws-1/src/install/local_setup.bash'
[2.752s] INFO:colcon.colcon_core.shell:Creating prefix chain script '/home/erum_ifti/solarbot_ws-1/src/install/setup.bash'
[2.754s] INFO:colcon.colcon_core.shell:Creating prefix script '/home/erum_ifti/solarbot_ws-1/src/install/local_setup.zsh'
[2.756s] INFO:colcon.colcon_core.shell:Creating prefix chain script '/home/erum_ifti/solarbot_ws-1/src/install/setup.zsh'
