[0.118s] Invoking command in '/home/erum/solarbot_ws/build/solarbot_bringup': CMAKE_PREFIX_PATH=${CMAKE_PREFIX_PATH}:/opt/ros/jazzy DEBUGINFOD_URLS=https://debuginfod.ubuntu.com /usr/bin/cmake --build /home/erum/solarbot_ws/build/solarbot_bringup -- -j2 -l2
[1.075s] Invoked command in '/home/erum/solarbot_ws/build/solarbot_bringup' returned '0': CMAKE_PREFIX_PATH=${CMAKE_PREFIX_PATH}:/opt/ros/jazzy DEBUGINFOD_URLS=https://debuginfod.ubuntu.com /usr/bin/cmake --build /home/erum/solarbot_ws/build/solarbot_bringup -- -j2 -l2
[1.116s] Invoking command in '/home/erum/solarbot_ws/build/solarbot_bringup': CMAKE_PREFIX_PATH=${CMAKE_PREFIX_PATH}:/opt/ros/jazzy DEBUGINFOD_URLS=https://debuginfod.ubuntu.com /usr/bin/cmake --install /home/erum/solarbot_ws/build/solarbot_bringup
[1.166s] -- Install configuration: ""
[1.180s] -- Execute custom install script
[1.188s] -- Up-to-date symlink: /home/erum/solarbot_ws/install/solarbot_bringup/share/ament_index/resource_index/package_run_dependencies/solarbot_bringup
[1.188s] -- Up-to-date symlink: /home/erum/solarbot_ws/install/solarbot_bringup/share/ament_index/resource_index/parent_prefix_path/solarbot_bringup
[1.190s] -- Up-to-date symlink: /home/erum/solarbot_ws/install/solarbot_bringup/share/solarbot_bringup/environment/ament_prefix_path.sh
[1.196s] -- Up-to-date symlink: /home/erum/solarbot_ws/install/solarbot_bringup/share/solarbot_bringup/environment/ament_prefix_path.dsv
[1.196s] -- Up-to-date symlink: /home/erum/solarbot_ws/install/solarbot_bringup/share/solarbot_bringup/environment/path.sh
[1.198s] -- Up-to-date symlink: /home/erum/solarbot_ws/install/solarbot_bringup/share/solarbot_bringup/environment/path.dsv
[1.205s] -- Up-to-date symlink: /home/erum/solarbot_ws/install/solarbot_bringup/share/solarbot_bringup/local_setup.bash
[1.205s] -- Up-to-date symlink: /home/erum/solarbot_ws/install/solarbot_bringup/share/solarbot_bringup/local_setup.sh
[1.207s] -- Up-to-date symlink: /home/erum/solarbot_ws/install/solarbot_bringup/share/solarbot_bringup/local_setup.zsh
[1.211s] -- Up-to-date symlink: /home/erum/solarbot_ws/install/solarbot_bringup/share/solarbot_bringup/local_setup.dsv
[1.211s] -- Symlinking: /home/erum/solarbot_ws/install/solarbot_bringup/share/solarbot_bringup/package.dsv
[1.282s] -- Up-to-date symlink: /home/erum/solarbot_ws/install/solarbot_bringup/share/ament_index/resource_index/packages/solarbot_bringup
[1.282s] -- Up-to-date symlink: /home/erum/solarbot_ws/install/solarbot_bringup/share/solarbot_bringup/cmake/solarbot_bringupConfig.cmake
[1.282s] -- Up-to-date symlink: /home/erum/solarbot_ws/install/solarbot_bringup/share/solarbot_bringup/cmake/solarbot_bringupConfig-version.cmake
[1.287s] -- Up-to-date symlink: /home/erum/solarbot_ws/install/solarbot_bringup/share/solarbot_bringup/package.xml
[1.293s] Invoked command in '/home/erum/solarbot_ws/build/solarbot_bringup' returned '0': CMAKE_PREFIX_PATH=${CMAKE_PREFIX_PATH}:/opt/ros/jazzy DEBUGINFOD_URLS=https://debuginfod.ubuntu.com /usr/bin/cmake --install /home/erum/solarbot_ws/build/solarbot_bringup
