[0.028s] Invoking command in '/home/erum/solarbot_ws/build/solarbot_hardware': CMAKE_PREFIX_PATH=${CMAKE_PREFIX_PATH}:/opt/ros/jazzy DEBUGINFOD_URLS=https://debuginfod.ubuntu.com /usr/bin/cmake --build /home/erum/solarbot_ws/build/solarbot_hardware -- -j2 -l2
[0.169s] Invoked command in '/home/erum/solarbot_ws/build/solarbot_hardware' returned '0': CMAKE_PREFIX_PATH=${CMAKE_PREFIX_PATH}:/opt/ros/jazzy DEBUGINFOD_URLS=https://debuginfod.ubuntu.com /usr/bin/cmake --build /home/erum/solarbot_ws/build/solarbot_hardware -- -j2 -l2
[0.169s] Invoking command in '/home/erum/solarbot_ws/build/solarbot_hardware': CMAKE_PREFIX_PATH=${CMAKE_PREFIX_PATH}:/opt/ros/jazzy DEBUGINFOD_URLS=https://debuginfod.ubuntu.com /usr/bin/cmake --install /home/erum/solarbot_ws/build/solarbot_hardware
[0.203s] -- Install configuration: ""
[0.204s] -- Execute custom install script
[0.206s] -- Up-to-date symlink: /home/erum/solarbot_ws/install/solarbot_hardware/share/ament_index/resource_index/package_run_dependencies/solarbot_hardware
[0.207s] -- Up-to-date symlink: /home/erum/solarbot_ws/install/solarbot_hardware/share/ament_index/resource_index/parent_prefix_path/solarbot_hardware
[0.208s] -- Up-to-date symlink: /home/erum/solarbot_ws/install/solarbot_hardware/share/solarbot_hardware/environment/ament_prefix_path.sh
[0.210s] -- Up-to-date symlink: /home/erum/solarbot_ws/install/solarbot_hardware/share/solarbot_hardware/environment/ament_prefix_path.dsv
[0.211s] -- Up-to-date symlink: /home/erum/solarbot_ws/install/solarbot_hardware/share/solarbot_hardware/environment/path.sh
[0.216s] -- Up-to-date symlink: /home/erum/solarbot_ws/install/solarbot_hardware/share/solarbot_hardware/environment/path.dsv
[0.220s] -- Up-to-date symlink: /home/erum/solarbot_ws/install/solarbot_hardware/share/solarbot_hardware/local_setup.bash
[0.223s] -- Up-to-date symlink: /home/erum/solarbot_ws/install/solarbot_hardware/share/solarbot_hardware/local_setup.sh
[0.223s] -- Up-to-date symlink: /home/erum/solarbot_ws/install/solarbot_hardware/share/solarbot_hardware/local_setup.zsh
[0.225s] -- Up-to-date symlink: /home/erum/solarbot_ws/install/solarbot_hardware/share/solarbot_hardware/local_setup.dsv
[0.225s] -- Symlinking: /home/erum/solarbot_ws/install/solarbot_hardware/share/solarbot_hardware/package.dsv
[0.262s] -- Up-to-date symlink: /home/erum/solarbot_ws/install/solarbot_hardware/share/ament_index/resource_index/packages/solarbot_hardware
[0.262s] -- Up-to-date symlink: /home/erum/solarbot_ws/install/solarbot_hardware/share/solarbot_hardware/cmake/solarbot_hardwareConfig.cmake
[0.262s] -- Up-to-date symlink: /home/erum/solarbot_ws/install/solarbot_hardware/share/solarbot_hardware/cmake/solarbot_hardwareConfig-version.cmake
[0.262s] -- Up-to-date symlink: /home/erum/solarbot_ws/install/solarbot_hardware/share/solarbot_hardware/package.xml
[0.307s] Invoked command in '/home/erum/solarbot_ws/build/solarbot_hardware' returned '0': CMAKE_PREFIX_PATH=${CMAKE_PREFIX_PATH}:/opt/ros/jazzy DEBUGINFOD_URLS=https://debuginfod.ubuntu.com /usr/bin/cmake --install /home/erum/solarbot_ws/build/solarbot_hardware
