[0.777s] Invoking command in '/home/erum_ifti/solarbot_ws-1/src/build/solarbot_navigation': CMAKE_PREFIX_PATH=${CMAKE_PREFIX_PATH}:/home/erum_ifti/solarbot_ws-1/src/install/solarbot_safety:/home/erum_ifti/solarbot_ws-1/src/install/solarbot_localization:/home/erum_ifti/solarbot_ws-1/install/solarbot_safety:/home/erum_ifti/solarbot_ws-1/install/solarbot_mapping:/home/erum_ifti/solarbot_ws-1/install/solarbot_localization:/opt/ros/jazzy /usr/bin/cmake --build /home/erum_ifti/solarbot_ws-1/src/build/solarbot_navigation -- -j16 -l16
[1.148s] Invoked command in '/home/erum_ifti/solarbot_ws-1/src/build/solarbot_navigation' returned '0': CMAKE_PREFIX_PATH=${CMAKE_PREFIX_PATH}:/home/erum_ifti/solarbot_ws-1/src/install/solarbot_safety:/home/erum_ifti/solarbot_ws-1/src/install/solarbot_localization:/home/erum_ifti/solarbot_ws-1/install/solarbot_safety:/home/erum_ifti/solarbot_ws-1/install/solarbot_mapping:/home/erum_ifti/solarbot_ws-1/install/solarbot_localization:/opt/ros/jazzy /usr/bin/cmake --build /home/erum_ifti/solarbot_ws-1/src/build/solarbot_navigation -- -j16 -l16
[1.174s] Invoking command in '/home/erum_ifti/solarbot_ws-1/src/build/solarbot_navigation': CMAKE_PREFIX_PATH=${CMAKE_PREFIX_PATH}:/home/erum_ifti/solarbot_ws-1/src/install/solarbot_safety:/home/erum_ifti/solarbot_ws-1/src/install/solarbot_localization:/home/erum_ifti/solarbot_ws-1/install/solarbot_safety:/home/erum_ifti/solarbot_ws-1/install/solarbot_mapping:/home/erum_ifti/solarbot_ws-1/install/solarbot_localization:/opt/ros/jazzy /usr/bin/cmake --install /home/erum_ifti/solarbot_ws-1/src/build/solarbot_navigation
[1.202s] -- Install configuration: ""
[1.202s] -- Execute custom install script
[1.204s] -- Up-to-date symlink: /home/erum_ifti/solarbot_ws-1/src/install/solarbot_navigation/share/ament_index/resource_index/package_run_dependencies/solarbot_navigation
[1.204s] -- Up-to-date symlink: /home/erum_ifti/solarbot_ws-1/src/install/solarbot_navigation/share/ament_index/resource_index/parent_prefix_path/solarbot_navigation
[1.205s] -- Up-to-date symlink: /home/erum_ifti/solarbot_ws-1/src/install/solarbot_navigation/share/solarbot_navigation/environment/ament_prefix_path.sh
[1.206s] -- Up-to-date symlink: /home/erum_ifti/solarbot_ws-1/src/install/solarbot_navigation/share/solarbot_navigation/environment/ament_prefix_path.dsv
[1.207s] -- Up-to-date symlink: /home/erum_ifti/solarbot_ws-1/src/install/solarbot_navigation/share/solarbot_navigation/environment/path.sh
[1.209s] -- Up-to-date symlink: /home/erum_ifti/solarbot_ws-1/src/install/solarbot_navigation/share/solarbot_navigation/environment/path.dsv
[1.211s] -- Up-to-date symlink: /home/erum_ifti/solarbot_ws-1/src/install/solarbot_navigation/share/solarbot_navigation/local_setup.bash
[1.212s] -- Up-to-date symlink: /home/erum_ifti/solarbot_ws-1/src/install/solarbot_navigation/share/solarbot_navigation/local_setup.sh
[1.212s] -- Up-to-date symlink: /home/erum_ifti/solarbot_ws-1/src/install/solarbot_navigation/share/solarbot_navigation/local_setup.zsh
[1.212s] -- Up-to-date symlink: /home/erum_ifti/solarbot_ws-1/src/install/solarbot_navigation/share/solarbot_navigation/local_setup.dsv
[1.213s] -- Symlinking: /home/erum_ifti/solarbot_ws-1/src/install/solarbot_navigation/share/solarbot_navigation/package.dsv
[1.215s] -- Up-to-date symlink: /home/erum_ifti/solarbot_ws-1/src/install/solarbot_navigation/share/ament_index/resource_index/packages/solarbot_navigation
[1.216s] -- Up-to-date symlink: /home/erum_ifti/solarbot_ws-1/src/install/solarbot_navigation/share/solarbot_navigation/cmake/solarbot_navigationConfig.cmake
[1.217s] -- Up-to-date symlink: /home/erum_ifti/solarbot_ws-1/src/install/solarbot_navigation/share/solarbot_navigation/cmake/solarbot_navigationConfig-version.cmake
[1.217s] -- Up-to-date symlink: /home/erum_ifti/solarbot_ws-1/src/install/solarbot_navigation/share/solarbot_navigation/package.xml
[1.363s] Invoked command in '/home/erum_ifti/solarbot_ws-1/src/build/solarbot_navigation' returned '0': CMAKE_PREFIX_PATH=${CMAKE_PREFIX_PATH}:/home/erum_ifti/solarbot_ws-1/src/install/solarbot_safety:/home/erum_ifti/solarbot_ws-1/src/install/solarbot_localization:/home/erum_ifti/solarbot_ws-1/install/solarbot_safety:/home/erum_ifti/solarbot_ws-1/install/solarbot_mapping:/home/erum_ifti/solarbot_ws-1/install/solarbot_localization:/opt/ros/jazzy /usr/bin/cmake --install /home/erum_ifti/solarbot_ws-1/src/build/solarbot_navigation
