[0.047s] Invoking command in '/home/erum_ifti/solarbot_ws-1/src/build/solarbot_hardware': CMAKE_PREFIX_PATH=${CMAKE_PREFIX_PATH}:/home/erum_ifti/solarbot_ws-1/src/install/solarbot_safety:/home/erum_ifti/solarbot_ws-1/src/install/solarbot_localization:/home/erum_ifti/solarbot_ws-1/install/solarbot_safety:/home/erum_ifti/solarbot_ws-1/install/solarbot_mapping:/home/erum_ifti/solarbot_ws-1/install/solarbot_localization:/opt/ros/jazzy /usr/bin/cmake /home/erum_ifti/solarbot_ws-1/src/solarbot_hardware -DAMENT_CMAKE_SYMLINK_INSTALL=1 -DCMAKE_INSTALL_PREFIX=/home/erum_ifti/solarbot_ws-1/src/install/solarbot_hardware
[0.409s] -- The C compiler identification is GNU 13.3.0
[1.551s] -- The CXX compiler identification is GNU 13.3.0
[2.845s] -- Detecting C compiler ABI info
[3.240s] -- Detecting C compiler ABI info - done
[3.247s] -- Check for working C compiler: /usr/bin/cc - skipped
[3.248s] -- Detecting C compile features
[3.248s] -- Detecting C compile features - done
[3.417s] -- Detecting CXX compiler ABI info
[3.723s] -- Detecting CXX compiler ABI info - done
[3.730s] -- Check for working CXX compiler: /usr/bin/c++ - skipped
[3.730s] -- Detecting CXX compile features
[3.731s] -- Detecting CXX compile features - done
[3.760s] -- Found ament_cmake: 2.5.6 (/opt/ros/jazzy/share/ament_cmake/cmake)
[3.930s] -- Found Python3: /usr/bin/python3 (found version "3.12.3") found components: Interpreter 
[4.017s] -- Override CMake install command with custom implementation using symlinks instead of copying resources
[4.072s] -- Found ament_lint_auto: 0.17.5 (/opt/ros/jazzy/share/ament_lint_auto/cmake)
[4.207s] -- Added test 'lint_cmake' to check CMake code style
[4.210s] -- Added test 'xmllint' to check XML markup files
[4.213s] -- Configuring done (4.1s)
[4.220s] -- Generating done (0.0s)
[4.224s] -- Build files have been written to: /home/erum_ifti/solarbot_ws-1/src/build/solarbot_hardware
[4.238s] Invoked command in '/home/erum_ifti/solarbot_ws-1/src/build/solarbot_hardware' returned '0': CMAKE_PREFIX_PATH=${CMAKE_PREFIX_PATH}:/home/erum_ifti/solarbot_ws-1/src/install/solarbot_safety:/home/erum_ifti/solarbot_ws-1/src/install/solarbot_localization:/home/erum_ifti/solarbot_ws-1/install/solarbot_safety:/home/erum_ifti/solarbot_ws-1/install/solarbot_mapping:/home/erum_ifti/solarbot_ws-1/install/solarbot_localization:/opt/ros/jazzy /usr/bin/cmake /home/erum_ifti/solarbot_ws-1/src/solarbot_hardware -DAMENT_CMAKE_SYMLINK_INSTALL=1 -DCMAKE_INSTALL_PREFIX=/home/erum_ifti/solarbot_ws-1/src/install/solarbot_hardware
[4.241s] Invoking command in '/home/erum_ifti/solarbot_ws-1/src/build/solarbot_hardware': CMAKE_PREFIX_PATH=${CMAKE_PREFIX_PATH}:/home/erum_ifti/solarbot_ws-1/src/install/solarbot_safety:/home/erum_ifti/solarbot_ws-1/src/install/solarbot_localization:/home/erum_ifti/solarbot_ws-1/install/solarbot_safety:/home/erum_ifti/solarbot_ws-1/install/solarbot_mapping:/home/erum_ifti/solarbot_ws-1/install/solarbot_localization:/opt/ros/jazzy /usr/bin/cmake --build /home/erum_ifti/solarbot_ws-1/src/build/solarbot_hardware -- -j16 -l16
[4.284s] Invoked command in '/home/erum_ifti/solarbot_ws-1/src/build/solarbot_hardware' returned '0': CMAKE_PREFIX_PATH=${CMAKE_PREFIX_PATH}:/home/erum_ifti/solarbot_ws-1/src/install/solarbot_safety:/home/erum_ifti/solarbot_ws-1/src/install/solarbot_localization:/home/erum_ifti/solarbot_ws-1/install/solarbot_safety:/home/erum_ifti/solarbot_ws-1/install/solarbot_mapping:/home/erum_ifti/solarbot_ws-1/install/solarbot_localization:/opt/ros/jazzy /usr/bin/cmake --build /home/erum_ifti/solarbot_ws-1/src/build/solarbot_hardware -- -j16 -l16
[4.287s] Invoking command in '/home/erum_ifti/solarbot_ws-1/src/build/solarbot_hardware': CMAKE_PREFIX_PATH=${CMAKE_PREFIX_PATH}:/home/erum_ifti/solarbot_ws-1/src/install/solarbot_safety:/home/erum_ifti/solarbot_ws-1/src/install/solarbot_localization:/home/erum_ifti/solarbot_ws-1/install/solarbot_safety:/home/erum_ifti/solarbot_ws-1/install/solarbot_mapping:/home/erum_ifti/solarbot_ws-1/install/solarbot_localization:/opt/ros/jazzy /usr/bin/cmake --install /home/erum_ifti/solarbot_ws-1/src/build/solarbot_hardware
[4.297s] -- Install configuration: ""
[4.298s] -- Execute custom install script
[4.301s] -- Symlinking: /home/erum_ifti/solarbot_ws-1/src/install/solarbot_hardware/share/ament_index/resource_index/package_run_dependencies/solarbot_hardware
[4.311s] -- Symlinking: /home/erum_ifti/solarbot_ws-1/src/install/solarbot_hardware/share/ament_index/resource_index/parent_prefix_path/solarbot_hardware
[4.323s] -- Symlinking: /home/erum_ifti/solarbot_ws-1/src/install/solarbot_hardware/share/solarbot_hardware/environment/ament_prefix_path.sh
[4.334s] -- Symlinking: /home/erum_ifti/solarbot_ws-1/src/install/solarbot_hardware/share/solarbot_hardware/environment/ament_prefix_path.dsv
[4.346s] -- Symlinking: /home/erum_ifti/solarbot_ws-1/src/install/solarbot_hardware/share/solarbot_hardware/environment/path.sh
[4.356s] -- Symlinking: /home/erum_ifti/solarbot_ws-1/src/install/solarbot_hardware/share/solarbot_hardware/environment/path.dsv
[4.369s] -- Symlinking: /home/erum_ifti/solarbot_ws-1/src/install/solarbot_hardware/share/solarbot_hardware/local_setup.bash
[4.381s] -- Symlinking: /home/erum_ifti/solarbot_ws-1/src/install/solarbot_hardware/share/solarbot_hardware/local_setup.sh
[4.391s] -- Symlinking: /home/erum_ifti/solarbot_ws-1/src/install/solarbot_hardware/share/solarbot_hardware/local_setup.zsh
[4.402s] -- Symlinking: /home/erum_ifti/solarbot_ws-1/src/install/solarbot_hardware/share/solarbot_hardware/local_setup.dsv
[4.415s] -- Symlinking: /home/erum_ifti/solarbot_ws-1/src/install/solarbot_hardware/share/solarbot_hardware/package.dsv
[4.425s] -- Symlinking: /home/erum_ifti/solarbot_ws-1/src/install/solarbot_hardware/share/ament_index/resource_index/packages/solarbot_hardware
[4.438s] -- Symlinking: /home/erum_ifti/solarbot_ws-1/src/install/solarbot_hardware/share/solarbot_hardware/cmake/solarbot_hardwareConfig.cmake
[4.455s] -- Symlinking: /home/erum_ifti/solarbot_ws-1/src/install/solarbot_hardware/share/solarbot_hardware/cmake/solarbot_hardwareConfig-version.cmake
[4.474s] -- Symlinking: /home/erum_ifti/solarbot_ws-1/src/install/solarbot_hardware/share/solarbot_hardware/package.xml
[4.495s] Invoked command in '/home/erum_ifti/solarbot_ws-1/src/build/solarbot_hardware' returned '0': CMAKE_PREFIX_PATH=${CMAKE_PREFIX_PATH}:/home/erum_ifti/solarbot_ws-1/src/install/solarbot_safety:/home/erum_ifti/solarbot_ws-1/src/install/solarbot_localization:/home/erum_ifti/solarbot_ws-1/install/solarbot_safety:/home/erum_ifti/solarbot_ws-1/install/solarbot_mapping:/home/erum_ifti/solarbot_ws-1/install/solarbot_localization:/opt/ros/jazzy /usr/bin/cmake --install /home/erum_ifti/solarbot_ws-1/src/build/solarbot_hardware
