[0.026s] Invoking command in '/home/erum/solarbot_ws/build/solarbot_navigation': CMAKE_PREFIX_PATH=${CMAKE_PREFIX_PATH}:/opt/ros/jazzy DEBUGINFOD_URLS=https://debuginfod.ubuntu.com /usr/bin/cmake --build /home/erum/solarbot_ws/build/solarbot_navigation -- -j2 -l2
[0.099s] Invoked command in '/home/erum/solarbot_ws/build/solarbot_navigation' returned '0': CMAKE_PREFIX_PATH=${CMAKE_PREFIX_PATH}:/opt/ros/jazzy DEBUGINFOD_URLS=https://debuginfod.ubuntu.com /usr/bin/cmake --build /home/erum/solarbot_ws/build/solarbot_navigation -- -j2 -l2
[0.099s] Invoking command in '/home/erum/solarbot_ws/build/solarbot_navigation': CMAKE_PREFIX_PATH=${CMAKE_PREFIX_PATH}:/opt/ros/jazzy DEBUGINFOD_URLS=https://debuginfod.ubuntu.com /usr/bin/cmake --install /home/erum/solarbot_ws/build/solarbot_navigation
[0.124s] -- Install configuration: ""
[0.125s] -- Execute custom install script
[0.126s] -- Up-to-date symlink: /home/erum/solarbot_ws/install/solarbot_navigation/share/ament_index/resource_index/package_run_dependencies/solarbot_navigation
[0.126s] -- Up-to-date symlink: /home/erum/solarbot_ws/install/solarbot_navigation/share/ament_index/resource_index/parent_prefix_path/solarbot_navigation
[0.127s] -- Up-to-date symlink: /home/erum/solarbot_ws/install/solarbot_navigation/share/solarbot_navigation/environment/ament_prefix_path.sh
[0.127s] -- Up-to-date symlink: /home/erum/solarbot_ws/install/solarbot_navigation/share/solarbot_navigation/environment/ament_prefix_path.dsv
[0.128s] -- Up-to-date symlink: /home/erum/solarbot_ws/install/solarbot_navigation/share/solarbot_navigation/environment/path.sh
[0.128s] -- Up-to-date symlink: /home/erum/solarbot_ws/install/solarbot_navigation/share/solarbot_navigation/environment/path.dsv
[0.129s] -- Up-to-date symlink: /home/erum/solarbot_ws/install/solarbot_navigation/share/solarbot_navigation/local_setup.bash
[0.129s] -- Up-to-date symlink: /home/erum/solarbot_ws/install/solarbot_navigation/share/solarbot_navigation/local_setup.sh
[0.130s] -- Up-to-date symlink: /home/erum/solarbot_ws/install/solarbot_navigation/share/solarbot_navigation/local_setup.zsh
[0.130s] -- Up-to-date symlink: /home/erum/solarbot_ws/install/solarbot_navigation/share/solarbot_navigation/local_setup.dsv
[0.130s] -- Symlinking: /home/erum/solarbot_ws/install/solarbot_navigation/share/solarbot_navigation/package.dsv
[0.149s] -- Up-to-date symlink: /home/erum/solarbot_ws/install/solarbot_navigation/share/ament_index/resource_index/packages/solarbot_navigation
[0.150s] -- Up-to-date symlink: /home/erum/solarbot_ws/install/solarbot_navigation/share/solarbot_navigation/cmake/solarbot_navigationConfig.cmake
[0.150s] -- Up-to-date symlink: /home/erum/solarbot_ws/install/solarbot_navigation/share/solarbot_navigation/cmake/solarbot_navigationConfig-version.cmake
[0.150s] -- Up-to-date symlink: /home/erum/solarbot_ws/install/solarbot_navigation/share/solarbot_navigation/package.xml
[0.172s] Invoked command in '/home/erum/solarbot_ws/build/solarbot_navigation' returned '0': CMAKE_PREFIX_PATH=${CMAKE_PREFIX_PATH}:/opt/ros/jazzy DEBUGINFOD_URLS=https://debuginfod.ubuntu.com /usr/bin/cmake --install /home/erum/solarbot_ws/build/solarbot_navigation
