[2.625s] Invoking command in '/home/erum_ifti/solarbot_ws-1/src/build/solarbot_localization': PYTHONPATH=/home/erum_ifti/solarbot_ws-1/src/build/solarbot_localization/prefix_override:/usr/lib/python3/dist-packages/colcon_core/task/python/colcon_distutils_commands:/home/erum_ifti/solarbot_ws-1/src/install/solarbot_localization/lib/python3.12/site-packages:${PYTHONPATH} /usr/bin/python3 -W ignore:setup.py install is deprecated -W ignore:easy_install command is deprecated setup.py develop --editable --build-directory /home/erum_ifti/solarbot_ws-1/src/build/solarbot_localization/build --no-deps symlink_data
[3.061s] running develop
[3.309s] running egg_info
[3.332s] writing solarbot_localization.egg-info/PKG-INFO
[3.333s] writing dependency_links to solarbot_localization.egg-info/dependency_links.txt
[3.333s] writing entry points to solarbot_localization.egg-info/entry_points.txt
[3.333s] writing requirements to solarbot_localization.egg-info/requires.txt
[3.334s] writing top-level names to solarbot_localization.egg-info/top_level.txt
[3.379s] reading manifest file 'solarbot_localization.egg-info/SOURCES.txt'
[3.380s] writing manifest file 'solarbot_localization.egg-info/SOURCES.txt'
[3.406s] running build_ext
[3.407s] Creating /home/erum_ifti/solarbot_ws-1/src/install/solarbot_localization/lib/python3.12/site-packages/solarbot-localization.egg-link (link to .)
[3.409s] Installing odom_logger script to /home/erum_ifti/solarbot_ws-1/src/install/solarbot_localization/lib/solarbot_localization
[3.410s] Installing odom_mapper script to /home/erum_ifti/solarbot_ws-1/src/install/solarbot_localization/lib/solarbot_localization
[3.411s] Installing real_odo script to /home/erum_ifti/solarbot_ws-1/src/install/solarbot_localization/lib/solarbot_localization
[3.412s] Installing transform_detector script to /home/erum_ifti/solarbot_ws-1/src/install/solarbot_localization/lib/solarbot_localization
[3.413s] 
[3.413s] Installed /home/erum_ifti/solarbot_ws-1/src/build/solarbot_localization
[3.413s] running symlink_data
[3.473s] Invoked command in '/home/erum_ifti/solarbot_ws-1/src/build/solarbot_localization' returned '0': PYTHONPATH=/home/erum_ifti/solarbot_ws-1/src/build/solarbot_localization/prefix_override:/usr/lib/python3/dist-packages/colcon_core/task/python/colcon_distutils_commands:/home/erum_ifti/solarbot_ws-1/src/install/solarbot_localization/lib/python3.12/site-packages:${PYTHONPATH} /usr/bin/python3 -W ignore:setup.py install is deprecated -W ignore:easy_install command is deprecated setup.py develop --editable --build-directory /home/erum_ifti/solarbot_ws-1/src/build/solarbot_localization/build --no-deps symlink_data
