[0.032s] Invoking command in '/home/erum/solarbot_ws/build/solarbot_hardware': CMAKE_PREFIX_PATH=${CMAKE_PREFIX_PATH}:/opt/ros/jazzy DEBUGINFOD_URLS=https://debuginfod.ubuntu.com /usr/bin/cmake --build /home/erum/solarbot_ws/build/solarbot_hardware -- -j2 -l2
[0.107s] Invoked command in '/home/erum/solarbot_ws/build/solarbot_hardware' returned '0': CMAKE_PREFIX_PATH=${CMAKE_PREFIX_PATH}:/opt/ros/jazzy DEBUGINFOD_URLS=https://debuginfod.ubuntu.com /usr/bin/cmake --build /home/erum/solarbot_ws/build/solarbot_hardware -- -j2 -l2
[0.111s] Invoking command in '/home/erum/solarbot_ws/build/solarbot_hardware': CMAKE_PREFIX_PATH=${CMAKE_PREFIX_PATH}:/opt/ros/jazzy DEBUGINFOD_URLS=https://debuginfod.ubuntu.com /usr/bin/cmake --install /home/erum/solarbot_ws/build/solarbot_hardware
[0.129s] -- Install configuration: ""
[0.131s] -- Execute custom install script
[0.132s] -- Up-to-date symlink: /home/erum/solarbot_ws/install/solarbot_hardware/share/ament_index/resource_index/package_run_dependencies/solarbot_hardware
[0.134s] -- Up-to-date symlink: /home/erum/solarbot_ws/install/solarbot_hardware/share/ament_index/resource_index/parent_prefix_path/solarbot_hardware
[0.135s] -- Up-to-date symlink: /home/erum/solarbot_ws/install/solarbot_hardware/share/solarbot_hardware/environment/ament_prefix_path.sh
[0.135s] -- Up-to-date symlink: /home/erum/solarbot_ws/install/solarbot_hardware/share/solarbot_hardware/environment/ament_prefix_path.dsv
[0.137s] -- Up-to-date symlink: /home/erum/solarbot_ws/install/solarbot_hardware/share/solarbot_hardware/environment/path.sh
[0.138s] -- Up-to-date symlink: /home/erum/solarbot_ws/install/solarbot_hardware/share/solarbot_hardware/environment/path.dsv
[0.139s] -- Up-to-date symlink: /home/erum/solarbot_ws/install/solarbot_hardware/share/solarbot_hardware/local_setup.bash
[0.142s] -- Up-to-date symlink: /home/erum/solarbot_ws/install/solarbot_hardware/share/solarbot_hardware/local_setup.sh
[0.150s] -- Up-to-date symlink: /home/erum/solarbot_ws/install/solarbot_hardware/share/solarbot_hardware/local_setup.zsh
[0.151s] -- Up-to-date symlink: /home/erum/solarbot_ws/install/solarbot_hardware/share/solarbot_hardware/local_setup.dsv
[0.152s] -- Symlinking: /home/erum/solarbot_ws/install/solarbot_hardware/share/solarbot_hardware/package.dsv
[0.170s] -- Up-to-date symlink: /home/erum/solarbot_ws/install/solarbot_hardware/share/ament_index/resource_index/packages/solarbot_hardware
[0.172s] -- Up-to-date symlink: /home/erum/solarbot_ws/install/solarbot_hardware/share/solarbot_hardware/cmake/solarbot_hardwareConfig.cmake
[0.174s] -- Up-to-date symlink: /home/erum/solarbot_ws/install/solarbot_hardware/share/solarbot_hardware/cmake/solarbot_hardwareConfig-version.cmake
[0.175s] -- Up-to-date symlink: /home/erum/solarbot_ws/install/solarbot_hardware/share/solarbot_hardware/package.xml
[0.177s] Invoked command in '/home/erum/solarbot_ws/build/solarbot_hardware' returned '0': CMAKE_PREFIX_PATH=${CMAKE_PREFIX_PATH}:/opt/ros/jazzy DEBUGINFOD_URLS=https://debuginfod.ubuntu.com /usr/bin/cmake --install /home/erum/solarbot_ws/build/solarbot_hardware
