[0.182s] DEBUG:colcon:Command line arguments: ['/usr/bin/colcon', 'build', '--symlink-install']
[0.182s] DEBUG:colcon:Parsed command line arguments: Namespace(log_base=None, log_level=None, verb_name='build', build_base='build', install_base='install', merge_install=False, symlink_install=True, test_result_base=None, continue_on_error=False, executor='parallel', parallel_workers=2, event_handlers=None, ignore_user_meta=False, metas=['./colcon.meta'], base_paths=['.'], packages_ignore=None, packages_ignore_regex=None, paths=None, packages_up_to=None, packages_up_to_regex=None, packages_above=None, packages_above_and_dependencies=None, packages_above_depth=None, packages_select_by_dep=None, packages_skip_by_dep=None, packages_skip_up_to=None, packages_select_build_failed=False, packages_skip_build_finished=False, packages_select_test_failures=False, packages_skip_test_passed=False, packages_select=None, packages_skip=None, packages_select_regex=None, packages_skip_regex=None, packages_start=None, packages_end=None, allow_overriding=[], cmake_args=None, cmake_target=None, cmake_target_skip_unavailable=False, cmake_clean_cache=False, cmake_clean_first=False, cmake_force_configure=False, ament_cmake_args=None, catkin_cmake_args=None, catkin_skip_building_tests=False, mixin_files=None, mixin=None, verb_parser=<colcon_mixin.mixin.mixin_argument.MixinArgumentDecorator object at 0x77180a5a1370>, verb_extension=<colcon_core.verb.build.BuildVerb object at 0x77180a6c1d00>, main=<bound method BuildVerb.main of <colcon_core.verb.build.BuildVerb object at 0x77180a6c1d00>>, mixin_verb=('build',))
[0.246s] Level 1:colcon.colcon_core.package_discovery:discover_packages(colcon_meta) check parameters
[0.246s] Level 1:colcon.colcon_core.package_discovery:discover_packages(recursive) check parameters
[0.246s] Level 1:colcon.colcon_core.package_discovery:discover_packages(ignore) check parameters
[0.246s] Level 1:colcon.colcon_core.package_discovery:discover_packages(path) check parameters
[0.246s] Level 1:colcon.colcon_core.package_discovery:discover_packages(colcon_meta) discover
[0.246s] Level 1:colcon.colcon_core.package_discovery:discover_packages(recursive) discover
[0.246s] INFO:colcon.colcon_core.package_discovery:Crawling recursively for packages in '/home/erum/solarbot_ws'
[0.247s] Level 1:colcon.colcon_core.package_identification:_identify(.) by extensions ['ignore', 'ignore_ament_install']
[0.247s] Level 1:colcon.colcon_core.package_identification:_identify(.) by extension 'ignore'
[0.248s] Level 1:colcon.colcon_core.package_identification:_identify(.) by extension 'ignore_ament_install'
[0.248s] Level 1:colcon.colcon_core.package_identification:_identify(.) by extensions ['colcon_pkg']
[0.248s] Level 1:colcon.colcon_core.package_identification:_identify(.) by extension 'colcon_pkg'
[0.248s] Level 1:colcon.colcon_core.package_identification:_identify(.) by extensions ['colcon_meta']
[0.248s] Level 1:colcon.colcon_core.package_identification:_identify(.) by extension 'colcon_meta'
[0.249s] Level 1:colcon.colcon_core.package_identification:_identify(.) by extensions ['ros']
[0.249s] Level 1:colcon.colcon_core.package_identification:_identify(.) by extension 'ros'
[0.293s] Level 1:colcon.colcon_core.package_identification:_identify(.) by extensions ['cmake', 'python']
[0.293s] Level 1:colcon.colcon_core.package_identification:_identify(.) by extension 'cmake'
[0.294s] Level 1:colcon.colcon_core.package_identification:_identify(.) by extension 'python'
[0.294s] Level 1:colcon.colcon_core.package_identification:_identify(.) by extensions ['python_setup_py']
[0.294s] Level 1:colcon.colcon_core.package_identification:_identify(.) by extension 'python_setup_py'
[0.294s] Level 1:colcon.colcon_core.package_identification:_identify(build) by extensions ['ignore', 'ignore_ament_install']
[0.295s] Level 1:colcon.colcon_core.package_identification:_identify(build) by extension 'ignore'
[0.295s] Level 1:colcon.colcon_core.package_identification:_identify(build) ignored
[0.295s] Level 1:colcon.colcon_core.package_identification:_identify(install) by extensions ['ignore', 'ignore_ament_install']
[0.296s] Level 1:colcon.colcon_core.package_identification:_identify(install) by extension 'ignore'
[0.296s] Level 1:colcon.colcon_core.package_identification:_identify(install) ignored
[0.296s] Level 1:colcon.colcon_core.package_identification:_identify(log) by extensions ['ignore', 'ignore_ament_install']
[0.297s] Level 1:colcon.colcon_core.package_identification:_identify(log) by extension 'ignore'
[0.297s] Level 1:colcon.colcon_core.package_identification:_identify(log) ignored
[0.297s] Level 1:colcon.colcon_core.package_identification:_identify(src) by extensions ['ignore', 'ignore_ament_install']
[0.298s] Level 1:colcon.colcon_core.package_identification:_identify(src) by extension 'ignore'
[0.298s] Level 1:colcon.colcon_core.package_identification:_identify(src) by extension 'ignore_ament_install'
[0.298s] Level 1:colcon.colcon_core.package_identification:_identify(src) by extensions ['colcon_pkg']
[0.299s] Level 1:colcon.colcon_core.package_identification:_identify(src) by extension 'colcon_pkg'
[0.299s] Level 1:colcon.colcon_core.package_identification:_identify(src) by extensions ['colcon_meta']
[0.299s] Level 1:colcon.colcon_core.package_identification:_identify(src) by extension 'colcon_meta'
[0.299s] Level 1:colcon.colcon_core.package_identification:_identify(src) by extensions ['ros']
[0.299s] Level 1:colcon.colcon_core.package_identification:_identify(src) by extension 'ros'
[0.299s] Level 1:colcon.colcon_core.package_identification:_identify(src) by extensions ['cmake', 'python']
[0.299s] Level 1:colcon.colcon_core.package_identification:_identify(src) by extension 'cmake'
[0.300s] Level 1:colcon.colcon_core.package_identification:_identify(src) by extension 'python'
[0.300s] Level 1:colcon.colcon_core.package_identification:_identify(src) by extensions ['python_setup_py']
[0.300s] Level 1:colcon.colcon_core.package_identification:_identify(src) by extension 'python_setup_py'
[0.300s] Level 1:colcon.colcon_core.package_identification:_identify(src/solarbot_bringup) by extensions ['ignore', 'ignore_ament_install']
[0.300s] Level 1:colcon.colcon_core.package_identification:_identify(src/solarbot_bringup) by extension 'ignore'
[0.300s] Level 1:colcon.colcon_core.package_identification:_identify(src/solarbot_bringup) by extension 'ignore_ament_install'
[0.300s] Level 1:colcon.colcon_core.package_identification:_identify(src/solarbot_bringup) by extensions ['colcon_pkg']
[0.300s] Level 1:colcon.colcon_core.package_identification:_identify(src/solarbot_bringup) by extension 'colcon_pkg'
[0.300s] Level 1:colcon.colcon_core.package_identification:_identify(src/solarbot_bringup) by extensions ['colcon_meta']
[0.300s] Level 1:colcon.colcon_core.package_identification:_identify(src/solarbot_bringup) by extension 'colcon_meta'
[0.300s] Level 1:colcon.colcon_core.package_identification:_identify(src/solarbot_bringup) by extensions ['ros']
[0.300s] Level 1:colcon.colcon_core.package_identification:_identify(src/solarbot_bringup) by extension 'ros'
[0.304s] DEBUG:colcon.colcon_core.package_identification:Package 'src/solarbot_bringup' with type 'ros.ament_cmake' and name 'solarbot_bringup'
[0.305s] Level 1:colcon.colcon_core.package_identification:_identify(src/solarbot_cleaning) by extensions ['ignore', 'ignore_ament_install']
[0.305s] Level 1:colcon.colcon_core.package_identification:_identify(src/solarbot_cleaning) by extension 'ignore'
[0.305s] Level 1:colcon.colcon_core.package_identification:_identify(src/solarbot_cleaning) by extension 'ignore_ament_install'
[0.306s] Level 1:colcon.colcon_core.package_identification:_identify(src/solarbot_cleaning) by extensions ['colcon_pkg']
[0.306s] Level 1:colcon.colcon_core.package_identification:_identify(src/solarbot_cleaning) by extension 'colcon_pkg'
[0.306s] Level 1:colcon.colcon_core.package_identification:_identify(src/solarbot_cleaning) by extensions ['colcon_meta']
[0.306s] Level 1:colcon.colcon_core.package_identification:_identify(src/solarbot_cleaning) by extension 'colcon_meta'
[0.306s] Level 1:colcon.colcon_core.package_identification:_identify(src/solarbot_cleaning) by extensions ['ros']
[0.307s] Level 1:colcon.colcon_core.package_identification:_identify(src/solarbot_cleaning) by extension 'ros'
[0.308s] DEBUG:colcon.colcon_core.package_identification:Package 'src/solarbot_cleaning' with type 'ros.ament_cmake' and name 'solarbot_cleaning'
[0.308s] Level 1:colcon.colcon_core.package_identification:_identify(src/solarbot_description) by extensions ['ignore', 'ignore_ament_install']
[0.308s] Level 1:colcon.colcon_core.package_identification:_identify(src/solarbot_description) by extension 'ignore'
[0.308s] Level 1:colcon.colcon_core.package_identification:_identify(src/solarbot_description) by extension 'ignore_ament_install'
[0.308s] Level 1:colcon.colcon_core.package_identification:_identify(src/solarbot_description) by extensions ['colcon_pkg']
[0.308s] Level 1:colcon.colcon_core.package_identification:_identify(src/solarbot_description) by extension 'colcon_pkg'
[0.308s] Level 1:colcon.colcon_core.package_identification:_identify(src/solarbot_description) by extensions ['colcon_meta']
[0.308s] Level 1:colcon.colcon_core.package_identification:_identify(src/solarbot_description) by extension 'colcon_meta'
[0.308s] Level 1:colcon.colcon_core.package_identification:_identify(src/solarbot_description) by extensions ['ros']
[0.308s] Level 1:colcon.colcon_core.package_identification:_identify(src/solarbot_description) by extension 'ros'
[0.309s] DEBUG:colcon.colcon_core.package_identification:Package 'src/solarbot_description' with type 'ros.ament_cmake' and name 'solarbot_description'
[0.309s] Level 1:colcon.colcon_core.package_identification:_identify(src/solarbot_hardware) by extensions ['ignore', 'ignore_ament_install']
[0.310s] Level 1:colcon.colcon_core.package_identification:_identify(src/solarbot_hardware) by extension 'ignore'
[0.310s] Level 1:colcon.colcon_core.package_identification:_identify(src/solarbot_hardware) by extension 'ignore_ament_install'
[0.310s] Level 1:colcon.colcon_core.package_identification:_identify(src/solarbot_hardware) by extensions ['colcon_pkg']
[0.310s] Level 1:colcon.colcon_core.package_identification:_identify(src/solarbot_hardware) by extension 'colcon_pkg'
[0.311s] Level 1:colcon.colcon_core.package_identification:_identify(src/solarbot_hardware) by extensions ['colcon_meta']
[0.311s] Level 1:colcon.colcon_core.package_identification:_identify(src/solarbot_hardware) by extension 'colcon_meta'
[0.311s] Level 1:colcon.colcon_core.package_identification:_identify(src/solarbot_hardware) by extensions ['ros']
[0.311s] Level 1:colcon.colcon_core.package_identification:_identify(src/solarbot_hardware) by extension 'ros'
[0.312s] DEBUG:colcon.colcon_core.package_identification:Package 'src/solarbot_hardware' with type 'ros.ament_cmake' and name 'solarbot_hardware'
[0.312s] Level 1:colcon.colcon_core.package_identification:_identify(src/solarbot_msgs) by extensions ['ignore', 'ignore_ament_install']
[0.312s] Level 1:colcon.colcon_core.package_identification:_identify(src/solarbot_msgs) by extension 'ignore'
[0.312s] Level 1:colcon.colcon_core.package_identification:_identify(src/solarbot_msgs) by extension 'ignore_ament_install'
[0.313s] Level 1:colcon.colcon_core.package_identification:_identify(src/solarbot_msgs) by extensions ['colcon_pkg']
[0.313s] Level 1:colcon.colcon_core.package_identification:_identify(src/solarbot_msgs) by extension 'colcon_pkg'
[0.313s] Level 1:colcon.colcon_core.package_identification:_identify(src/solarbot_msgs) by extensions ['colcon_meta']
[0.313s] Level 1:colcon.colcon_core.package_identification:_identify(src/solarbot_msgs) by extension 'colcon_meta'
[0.313s] Level 1:colcon.colcon_core.package_identification:_identify(src/solarbot_msgs) by extensions ['ros']
[0.313s] Level 1:colcon.colcon_core.package_identification:_identify(src/solarbot_msgs) by extension 'ros'
[0.314s] DEBUG:colcon.colcon_core.package_identification:Package 'src/solarbot_msgs' with type 'ros.ament_cmake' and name 'solarbot_msgs'
[0.314s] Level 1:colcon.colcon_core.package_identification:_identify(src/solarbot_navigation) by extensions ['ignore', 'ignore_ament_install']
[0.314s] Level 1:colcon.colcon_core.package_identification:_identify(src/solarbot_navigation) by extension 'ignore'
[0.314s] Level 1:colcon.colcon_core.package_identification:_identify(src/solarbot_navigation) by extension 'ignore_ament_install'
[0.314s] Level 1:colcon.colcon_core.package_identification:_identify(src/solarbot_navigation) by extensions ['colcon_pkg']
[0.314s] Level 1:colcon.colcon_core.package_identification:_identify(src/solarbot_navigation) by extension 'colcon_pkg'
[0.314s] Level 1:colcon.colcon_core.package_identification:_identify(src/solarbot_navigation) by extensions ['colcon_meta']
[0.314s] Level 1:colcon.colcon_core.package_identification:_identify(src/solarbot_navigation) by extension 'colcon_meta'
[0.314s] Level 1:colcon.colcon_core.package_identification:_identify(src/solarbot_navigation) by extensions ['ros']
[0.314s] Level 1:colcon.colcon_core.package_identification:_identify(src/solarbot_navigation) by extension 'ros'
[0.315s] DEBUG:colcon.colcon_core.package_identification:Package 'src/solarbot_navigation' with type 'ros.ament_cmake' and name 'solarbot_navigation'
[0.315s] Level 1:colcon.colcon_core.package_discovery:discover_packages(recursive) using defaults
[0.315s] Level 1:colcon.colcon_core.package_discovery:discover_packages(ignore) discover
[0.315s] Level 1:colcon.colcon_core.package_discovery:discover_packages(ignore) using defaults
[0.315s] Level 1:colcon.colcon_core.package_discovery:discover_packages(path) discover
[0.315s] Level 1:colcon.colcon_core.package_discovery:discover_packages(path) using defaults
[0.339s] Level 1:colcon.colcon_core.package_discovery:discover_packages(prefix_path) check parameters
[0.340s] Level 1:colcon.colcon_core.package_discovery:discover_packages(prefix_path) discover
[0.343s] DEBUG:colcon.colcon_installed_package_information.package_discovery:Found 6 installed packages in /home/erum/solarbot_ws/install
[0.346s] DEBUG:colcon.colcon_installed_package_information.package_discovery:Found 532 installed packages in /opt/ros/jazzy
[0.349s] Level 1:colcon.colcon_core.package_discovery:discover_packages(prefix_path) using defaults
[0.472s] Level 5:colcon.colcon_core.verb:set package 'solarbot_bringup' build argument 'cmake_args' from command line to 'None'
[0.473s] Level 5:colcon.colcon_core.verb:set package 'solarbot_bringup' build argument 'cmake_target' from command line to 'None'
[0.473s] Level 5:colcon.colcon_core.verb:set package 'solarbot_bringup' build argument 'cmake_target_skip_unavailable' from command line to 'False'
[0.473s] Level 5:colcon.colcon_core.verb:set package 'solarbot_bringup' build argument 'cmake_clean_cache' from command line to 'False'
[0.473s] Level 5:colcon.colcon_core.verb:set package 'solarbot_bringup' build argument 'cmake_clean_first' from command line to 'False'
[0.473s] Level 5:colcon.colcon_core.verb:set package 'solarbot_bringup' build argument 'cmake_force_configure' from command line to 'False'
[0.473s] Level 5:colcon.colcon_core.verb:set package 'solarbot_bringup' build argument 'ament_cmake_args' from command line to 'None'
[0.473s] Level 5:colcon.colcon_core.verb:set package 'solarbot_bringup' build argument 'catkin_cmake_args' from command line to 'None'
[0.473s] Level 5:colcon.colcon_core.verb:set package 'solarbot_bringup' build argument 'catkin_skip_building_tests' from command line to 'False'
[0.473s] DEBUG:colcon.colcon_core.verb:Building package 'solarbot_bringup' with the following arguments: {'ament_cmake_args': None, 'build_base': '/home/erum/solarbot_ws/build/solarbot_bringup', 'catkin_cmake_args': None, 'catkin_skip_building_tests': False, 'cmake_args': None, 'cmake_clean_cache': False, 'cmake_clean_first': False, 'cmake_force_configure': False, 'cmake_target': None, 'cmake_target_skip_unavailable': False, 'install_base': '/home/erum/solarbot_ws/install/solarbot_bringup', 'merge_install': False, 'path': '/home/erum/solarbot_ws/src/solarbot_bringup', 'symlink_install': True, 'test_result_base': None}
[0.473s] Level 5:colcon.colcon_core.verb:set package 'solarbot_cleaning' build argument 'cmake_args' from command line to 'None'
[0.473s] Level 5:colcon.colcon_core.verb:set package 'solarbot_cleaning' build argument 'cmake_target' from command line to 'None'
[0.473s] Level 5:colcon.colcon_core.verb:set package 'solarbot_cleaning' build argument 'cmake_target_skip_unavailable' from command line to 'False'
[0.473s] Level 5:colcon.colcon_core.verb:set package 'solarbot_cleaning' build argument 'cmake_clean_cache' from command line to 'False'
[0.473s] Level 5:colcon.colcon_core.verb:set package 'solarbot_cleaning' build argument 'cmake_clean_first' from command line to 'False'
[0.473s] Level 5:colcon.colcon_core.verb:set package 'solarbot_cleaning' build argument 'cmake_force_configure' from command line to 'False'
[0.473s] Level 5:colcon.colcon_core.verb:set package 'solarbot_cleaning' build argument 'ament_cmake_args' from command line to 'None'
[0.473s] Level 5:colcon.colcon_core.verb:set package 'solarbot_cleaning' build argument 'catkin_cmake_args' from command line to 'None'
[0.473s] Level 5:colcon.colcon_core.verb:set package 'solarbot_cleaning' build argument 'catkin_skip_building_tests' from command line to 'False'
[0.474s] DEBUG:colcon.colcon_core.verb:Building package 'solarbot_cleaning' with the following arguments: {'ament_cmake_args': None, 'build_base': '/home/erum/solarbot_ws/build/solarbot_cleaning', 'catkin_cmake_args': None, 'catkin_skip_building_tests': False, 'cmake_args': None, 'cmake_clean_cache': False, 'cmake_clean_first': False, 'cmake_force_configure': False, 'cmake_target': None, 'cmake_target_skip_unavailable': False, 'install_base': '/home/erum/solarbot_ws/install/solarbot_cleaning', 'merge_install': False, 'path': '/home/erum/solarbot_ws/src/solarbot_cleaning', 'symlink_install': True, 'test_result_base': None}
[0.474s] Level 5:colcon.colcon_core.verb:set package 'solarbot_description' build argument 'cmake_args' from command line to 'None'
[0.474s] Level 5:colcon.colcon_core.verb:set package 'solarbot_description' build argument 'cmake_target' from command line to 'None'
[0.474s] Level 5:colcon.colcon_core.verb:set package 'solarbot_description' build argument 'cmake_target_skip_unavailable' from command line to 'False'
[0.474s] Level 5:colcon.colcon_core.verb:set package 'solarbot_description' build argument 'cmake_clean_cache' from command line to 'False'
[0.474s] Level 5:colcon.colcon_core.verb:set package 'solarbot_description' build argument 'cmake_clean_first' from command line to 'False'
[0.474s] Level 5:colcon.colcon_core.verb:set package 'solarbot_description' build argument 'cmake_force_configure' from command line to 'False'
[0.474s] Level 5:colcon.colcon_core.verb:set package 'solarbot_description' build argument 'ament_cmake_args' from command line to 'None'
[0.474s] Level 5:colcon.colcon_core.verb:set package 'solarbot_description' build argument 'catkin_cmake_args' from command line to 'None'
[0.474s] Level 5:colcon.colcon_core.verb:set package 'solarbot_description' build argument 'catkin_skip_building_tests' from command line to 'False'
[0.474s] DEBUG:colcon.colcon_core.verb:Building package 'solarbot_description' with the following arguments: {'ament_cmake_args': None, 'build_base': '/home/erum/solarbot_ws/build/solarbot_description', 'catkin_cmake_args': None, 'catkin_skip_building_tests': False, 'cmake_args': None, 'cmake_clean_cache': False, 'cmake_clean_first': False, 'cmake_force_configure': False, 'cmake_target': None, 'cmake_target_skip_unavailable': False, 'install_base': '/home/erum/solarbot_ws/install/solarbot_description', 'merge_install': False, 'path': '/home/erum/solarbot_ws/src/solarbot_description', 'symlink_install': True, 'test_result_base': None}
[0.474s] Level 5:colcon.colcon_core.verb:set package 'solarbot_hardware' build argument 'cmake_args' from command line to 'None'
[0.474s] Level 5:colcon.colcon_core.verb:set package 'solarbot_hardware' build argument 'cmake_target' from command line to 'None'
[0.474s] Level 5:colcon.colcon_core.verb:set package 'solarbot_hardware' build argument 'cmake_target_skip_unavailable' from command line to 'False'
[0.474s] Level 5:colcon.colcon_core.verb:set package 'solarbot_hardware' build argument 'cmake_clean_cache' from command line to 'False'
[0.474s] Level 5:colcon.colcon_core.verb:set package 'solarbot_hardware' build argument 'cmake_clean_first' from command line to 'False'
[0.474s] Level 5:colcon.colcon_core.verb:set package 'solarbot_hardware' build argument 'cmake_force_configure' from command line to 'False'
[0.475s] Level 5:colcon.colcon_core.verb:set package 'solarbot_hardware' build argument 'ament_cmake_args' from command line to 'None'
[0.475s] Level 5:colcon.colcon_core.verb:set package 'solarbot_hardware' build argument 'catkin_cmake_args' from command line to 'None'
[0.475s] Level 5:colcon.colcon_core.verb:set package 'solarbot_hardware' build argument 'catkin_skip_building_tests' from command line to 'False'
[0.475s] DEBUG:colcon.colcon_core.verb:Building package 'solarbot_hardware' with the following arguments: {'ament_cmake_args': None, 'build_base': '/home/erum/solarbot_ws/build/solarbot_hardware', 'catkin_cmake_args': None, 'catkin_skip_building_tests': False, 'cmake_args': None, 'cmake_clean_cache': False, 'cmake_clean_first': False, 'cmake_force_configure': False, 'cmake_target': None, 'cmake_target_skip_unavailable': False, 'install_base': '/home/erum/solarbot_ws/install/solarbot_hardware', 'merge_install': False, 'path': '/home/erum/solarbot_ws/src/solarbot_hardware', 'symlink_install': True, 'test_result_base': None}
[0.475s] Level 5:colcon.colcon_core.verb:set package 'solarbot_msgs' build argument 'cmake_args' from command line to 'None'
[0.475s] Level 5:colcon.colcon_core.verb:set package 'solarbot_msgs' build argument 'cmake_target' from command line to 'None'
[0.475s] Level 5:colcon.colcon_core.verb:set package 'solarbot_msgs' build argument 'cmake_target_skip_unavailable' from command line to 'False'
[0.475s] Level 5:colcon.colcon_core.verb:set package 'solarbot_msgs' build argument 'cmake_clean_cache' from command line to 'False'
[0.475s] Level 5:colcon.colcon_core.verb:set package 'solarbot_msgs' build argument 'cmake_clean_first' from command line to 'False'
[0.475s] Level 5:colcon.colcon_core.verb:set package 'solarbot_msgs' build argument 'cmake_force_configure' from command line to 'False'
[0.475s] Level 5:colcon.colcon_core.verb:set package 'solarbot_msgs' build argument 'ament_cmake_args' from command line to 'None'
[0.475s] Level 5:colcon.colcon_core.verb:set package 'solarbot_msgs' build argument 'catkin_cmake_args' from command line to 'None'
[0.475s] Level 5:colcon.colcon_core.verb:set package 'solarbot_msgs' build argument 'catkin_skip_building_tests' from command line to 'False'
[0.475s] DEBUG:colcon.colcon_core.verb:Building package 'solarbot_msgs' with the following arguments: {'ament_cmake_args': None, 'build_base': '/home/erum/solarbot_ws/build/solarbot_msgs', 'catkin_cmake_args': None, 'catkin_skip_building_tests': False, 'cmake_args': None, 'cmake_clean_cache': False, 'cmake_clean_first': False, 'cmake_force_configure': False, 'cmake_target': None, 'cmake_target_skip_unavailable': False, 'install_base': '/home/erum/solarbot_ws/install/solarbot_msgs', 'merge_install': False, 'path': '/home/erum/solarbot_ws/src/solarbot_msgs', 'symlink_install': True, 'test_result_base': None}
[0.475s] Level 5:colcon.colcon_core.verb:set package 'solarbot_navigation' build argument 'cmake_args' from command line to 'None'
[0.475s] Level 5:colcon.colcon_core.verb:set package 'solarbot_navigation' build argument 'cmake_target' from command line to 'None'
[0.475s] Level 5:colcon.colcon_core.verb:set package 'solarbot_navigation' build argument 'cmake_target_skip_unavailable' from command line to 'False'
[0.475s] Level 5:colcon.colcon_core.verb:set package 'solarbot_navigation' build argument 'cmake_clean_cache' from command line to 'False'
[0.475s] Level 5:colcon.colcon_core.verb:set package 'solarbot_navigation' build argument 'cmake_clean_first' from command line to 'False'
[0.475s] Level 5:colcon.colcon_core.verb:set package 'solarbot_navigation' build argument 'cmake_force_configure' from command line to 'False'
[0.475s] Level 5:colcon.colcon_core.verb:set package 'solarbot_navigation' build argument 'ament_cmake_args' from command line to 'None'
[0.475s] Level 5:colcon.colcon_core.verb:set package 'solarbot_navigation' build argument 'catkin_cmake_args' from command line to 'None'
[0.476s] Level 5:colcon.colcon_core.verb:set package 'solarbot_navigation' build argument 'catkin_skip_building_tests' from command line to 'False'
[0.476s] DEBUG:colcon.colcon_core.verb:Building package 'solarbot_navigation' with the following arguments: {'ament_cmake_args': None, 'build_base': '/home/erum/solarbot_ws/build/solarbot_navigation', 'catkin_cmake_args': None, 'catkin_skip_building_tests': False, 'cmake_args': None, 'cmake_clean_cache': False, 'cmake_clean_first': False, 'cmake_force_configure': False, 'cmake_target': None, 'cmake_target_skip_unavailable': False, 'install_base': '/home/erum/solarbot_ws/install/solarbot_navigation', 'merge_install': False, 'path': '/home/erum/solarbot_ws/src/solarbot_navigation', 'symlink_install': True, 'test_result_base': None}
[0.476s] INFO:colcon.colcon_core.executor:Executing jobs using 'parallel' executor
[0.477s] DEBUG:colcon.colcon_parallel_executor.executor.parallel:run_until_complete
[0.477s] INFO:colcon.colcon_ros.task.ament_cmake.build:Building ROS package in '/home/erum/solarbot_ws/src/solarbot_bringup' with build type 'ament_cmake'
[0.477s] INFO:colcon.colcon_cmake.task.cmake.build:Building CMake package in '/home/erum/solarbot_ws/src/solarbot_bringup'
[0.488s] INFO:colcon.colcon_core.plugin_system:Skipping extension 'colcon_core.shell.bat': Not used on non-Windows systems
[0.489s] INFO:colcon.colcon_core.shell:Skip shell extension 'powershell' for command environment: Not usable outside of PowerShell
[0.489s] DEBUG:colcon.colcon_core.shell:Skip shell extension 'dsv' for command environment
[0.504s] INFO:colcon.colcon_ros.task.ament_cmake.build:Building ROS package in '/home/erum/solarbot_ws/src/solarbot_cleaning' with build type 'ament_cmake'
[0.504s] INFO:colcon.colcon_cmake.task.cmake.build:Building CMake package in '/home/erum/solarbot_ws/src/solarbot_cleaning'
[0.504s] INFO:colcon.colcon_core.shell:Skip shell extension 'powershell' for command environment: Not usable outside of PowerShell
[0.504s] DEBUG:colcon.colcon_core.shell:Skip shell extension 'dsv' for command environment
[0.523s] DEBUG:colcon.colcon_core.event_handler.log_command:Invoking command in '/home/erum/solarbot_ws/build/solarbot_bringup': CMAKE_PREFIX_PATH=${CMAKE_PREFIX_PATH}:/opt/ros/jazzy DEBUGINFOD_URLS=https://debuginfod.ubuntu.com /usr/bin/cmake --build /home/erum/solarbot_ws/build/solarbot_bringup -- -j2 -l2
[0.551s] DEBUG:colcon.colcon_core.event_handler.log_command:Invoking command in '/home/erum/solarbot_ws/build/solarbot_cleaning': CMAKE_PREFIX_PATH=${CMAKE_PREFIX_PATH}:/opt/ros/jazzy DEBUGINFOD_URLS=https://debuginfod.ubuntu.com /usr/bin/cmake --build /home/erum/solarbot_ws/build/solarbot_cleaning -- -j2 -l2
[0.635s] DEBUG:colcon.colcon_core.event_handler.log_command:Invoked command in '/home/erum/solarbot_ws/build/solarbot_bringup' returned '0': CMAKE_PREFIX_PATH=${CMAKE_PREFIX_PATH}:/opt/ros/jazzy DEBUGINFOD_URLS=https://debuginfod.ubuntu.com /usr/bin/cmake --build /home/erum/solarbot_ws/build/solarbot_bringup -- -j2 -l2
[0.657s] DEBUG:colcon.colcon_core.event_handler.log_command:Invoking command in '/home/erum/solarbot_ws/build/solarbot_bringup': CMAKE_PREFIX_PATH=${CMAKE_PREFIX_PATH}:/opt/ros/jazzy DEBUGINFOD_URLS=https://debuginfod.ubuntu.com /usr/bin/cmake --install /home/erum/solarbot_ws/build/solarbot_bringup
[0.663s] DEBUG:colcon.colcon_core.event_handler.log_command:Invoked command in '/home/erum/solarbot_ws/build/solarbot_cleaning' returned '0': CMAKE_PREFIX_PATH=${CMAKE_PREFIX_PATH}:/opt/ros/jazzy DEBUGINFOD_URLS=https://debuginfod.ubuntu.com /usr/bin/cmake --build /home/erum/solarbot_ws/build/solarbot_cleaning -- -j2 -l2
[0.664s] DEBUG:colcon.colcon_core.event_handler.log_command:Invoking command in '/home/erum/solarbot_ws/build/solarbot_cleaning': CMAKE_PREFIX_PATH=${CMAKE_PREFIX_PATH}:/opt/ros/jazzy DEBUGINFOD_URLS=https://debuginfod.ubuntu.com /usr/bin/cmake --install /home/erum/solarbot_ws/build/solarbot_cleaning
[0.741s] Level 1:colcon.colcon_core.environment:create_environment_scripts_only(solarbot_bringup)
[0.744s] DEBUG:colcon.colcon_core.event_handler.log_command:Invoked command in '/home/erum/solarbot_ws/build/solarbot_bringup' returned '0': CMAKE_PREFIX_PATH=${CMAKE_PREFIX_PATH}:/opt/ros/jazzy DEBUGINFOD_URLS=https://debuginfod.ubuntu.com /usr/bin/cmake --install /home/erum/solarbot_ws/build/solarbot_bringup
[0.747s] Level 1:colcon.colcon_core.environment:checking '/home/erum/solarbot_ws/install/solarbot_bringup' for CMake module files
[0.748s] Level 1:colcon.colcon_core.environment:checking '/home/erum/solarbot_ws/install/solarbot_bringup' for CMake config files
[0.749s] Level 1:colcon.colcon_core.shell:create_environment_hook('solarbot_bringup', 'cmake_prefix_path')
[0.749s] INFO:colcon.colcon_core.shell:Creating environment hook '/home/erum/solarbot_ws/install/solarbot_bringup/share/solarbot_bringup/hook/cmake_prefix_path.ps1'
[0.751s] INFO:colcon.colcon_core.shell:Creating environment descriptor '/home/erum/solarbot_ws/install/solarbot_bringup/share/solarbot_bringup/hook/cmake_prefix_path.dsv'
[0.753s] INFO:colcon.colcon_core.shell:Creating environment hook '/home/erum/solarbot_ws/install/solarbot_bringup/share/solarbot_bringup/hook/cmake_prefix_path.sh'
[0.754s] Level 1:colcon.colcon_core.environment:checking '/home/erum/solarbot_ws/install/solarbot_bringup/bin'
[0.754s] Level 1:colcon.colcon_core.environment:checking '/home/erum/solarbot_ws/install/solarbot_bringup/lib/pkgconfig/solarbot_bringup.pc'
[0.755s] Level 1:colcon.colcon_core.environment:checking '/home/erum/solarbot_ws/install/solarbot_bringup/lib/python3.12/site-packages'
[0.755s] Level 1:colcon.colcon_core.environment:checking '/home/erum/solarbot_ws/install/solarbot_bringup/bin'
[0.756s] INFO:colcon.colcon_core.shell:Creating package script '/home/erum/solarbot_ws/install/solarbot_bringup/share/solarbot_bringup/package.ps1'
[0.758s] INFO:colcon.colcon_core.shell:Creating package descriptor '/home/erum/solarbot_ws/install/solarbot_bringup/share/solarbot_bringup/package.dsv'
[0.758s] INFO:colcon.colcon_core.shell:Creating package script '/home/erum/solarbot_ws/install/solarbot_bringup/share/solarbot_bringup/package.sh'
[0.761s] INFO:colcon.colcon_core.shell:Creating package script '/home/erum/solarbot_ws/install/solarbot_bringup/share/solarbot_bringup/package.bash'
[0.763s] INFO:colcon.colcon_core.shell:Creating package script '/home/erum/solarbot_ws/install/solarbot_bringup/share/solarbot_bringup/package.zsh'
[0.764s] Level 1:colcon.colcon_core.environment:create_file_with_runtime_dependencies(/home/erum/solarbot_ws/install/solarbot_bringup/share/colcon-core/packages/solarbot_bringup)
[0.765s] Level 1:colcon.colcon_core.environment:create_environment_scripts_only(solarbot_bringup)
[0.766s] Level 1:colcon.colcon_core.environment:checking '/home/erum/solarbot_ws/install/solarbot_bringup' for CMake module files
[0.767s] Level 1:colcon.colcon_core.environment:checking '/home/erum/solarbot_ws/install/solarbot_bringup' for CMake config files
[0.767s] Level 1:colcon.colcon_core.shell:create_environment_hook('solarbot_bringup', 'cmake_prefix_path')
[0.767s] INFO:colcon.colcon_core.shell:Creating environment hook '/home/erum/solarbot_ws/install/solarbot_bringup/share/solarbot_bringup/hook/cmake_prefix_path.ps1'
[0.768s] INFO:colcon.colcon_core.shell:Creating environment descriptor '/home/erum/solarbot_ws/install/solarbot_bringup/share/solarbot_bringup/hook/cmake_prefix_path.dsv'
[0.770s] INFO:colcon.colcon_core.shell:Creating environment hook '/home/erum/solarbot_ws/install/solarbot_bringup/share/solarbot_bringup/hook/cmake_prefix_path.sh'
[0.771s] Level 1:colcon.colcon_core.environment:checking '/home/erum/solarbot_ws/install/solarbot_bringup/bin'
[0.771s] Level 1:colcon.colcon_core.environment:checking '/home/erum/solarbot_ws/install/solarbot_bringup/lib/pkgconfig/solarbot_bringup.pc'
[0.772s] Level 1:colcon.colcon_core.environment:checking '/home/erum/solarbot_ws/install/solarbot_bringup/lib/python3.12/site-packages'
[0.772s] Level 1:colcon.colcon_core.environment:checking '/home/erum/solarbot_ws/install/solarbot_bringup/bin'
[0.773s] INFO:colcon.colcon_core.shell:Creating package script '/home/erum/solarbot_ws/install/solarbot_bringup/share/solarbot_bringup/package.ps1'
[0.774s] INFO:colcon.colcon_core.shell:Creating package descriptor '/home/erum/solarbot_ws/install/solarbot_bringup/share/solarbot_bringup/package.dsv'
[0.776s] INFO:colcon.colcon_core.shell:Creating package script '/home/erum/solarbot_ws/install/solarbot_bringup/share/solarbot_bringup/package.sh'
[0.777s] INFO:colcon.colcon_core.shell:Creating package script '/home/erum/solarbot_ws/install/solarbot_bringup/share/solarbot_bringup/package.bash'
[0.781s] INFO:colcon.colcon_core.shell:Creating package script '/home/erum/solarbot_ws/install/solarbot_bringup/share/solarbot_bringup/package.zsh'
[0.783s] Level 1:colcon.colcon_core.environment:create_file_with_runtime_dependencies(/home/erum/solarbot_ws/install/solarbot_bringup/share/colcon-core/packages/solarbot_bringup)
[0.784s] INFO:colcon.colcon_ros.task.ament_cmake.build:Building ROS package in '/home/erum/solarbot_ws/src/solarbot_description' with build type 'ament_cmake'
[0.784s] INFO:colcon.colcon_cmake.task.cmake.build:Building CMake package in '/home/erum/solarbot_ws/src/solarbot_description'
[0.784s] INFO:colcon.colcon_core.shell:Skip shell extension 'powershell' for command environment: Not usable outside of PowerShell
[0.784s] DEBUG:colcon.colcon_core.shell:Skip shell extension 'dsv' for command environment
[0.796s] Level 1:colcon.colcon_core.environment:create_environment_scripts_only(solarbot_cleaning)
[0.797s] Level 1:colcon.colcon_core.environment:checking '/home/erum/solarbot_ws/install/solarbot_cleaning' for CMake module files
[0.796s] DEBUG:colcon.colcon_core.event_handler.log_command:Invoked command in '/home/erum/solarbot_ws/build/solarbot_cleaning' returned '0': CMAKE_PREFIX_PATH=${CMAKE_PREFIX_PATH}:/opt/ros/jazzy DEBUGINFOD_URLS=https://debuginfod.ubuntu.com /usr/bin/cmake --install /home/erum/solarbot_ws/build/solarbot_cleaning
[0.799s] Level 1:colcon.colcon_core.environment:checking '/home/erum/solarbot_ws/install/solarbot_cleaning' for CMake config files
[0.800s] Level 1:colcon.colcon_core.shell:create_environment_hook('solarbot_cleaning', 'cmake_prefix_path')
[0.801s] INFO:colcon.colcon_core.shell:Creating environment hook '/home/erum/solarbot_ws/install/solarbot_cleaning/share/solarbot_cleaning/hook/cmake_prefix_path.ps1'
[0.803s] INFO:colcon.colcon_core.shell:Creating environment descriptor '/home/erum/solarbot_ws/install/solarbot_cleaning/share/solarbot_cleaning/hook/cmake_prefix_path.dsv'
[0.805s] INFO:colcon.colcon_core.shell:Creating environment hook '/home/erum/solarbot_ws/install/solarbot_cleaning/share/solarbot_cleaning/hook/cmake_prefix_path.sh'
[0.807s] Level 1:colcon.colcon_core.environment:checking '/home/erum/solarbot_ws/install/solarbot_cleaning/bin'
[0.807s] Level 1:colcon.colcon_core.environment:checking '/home/erum/solarbot_ws/install/solarbot_cleaning/lib/pkgconfig/solarbot_cleaning.pc'
[0.808s] Level 1:colcon.colcon_core.environment:checking '/home/erum/solarbot_ws/install/solarbot_cleaning/lib/python3.12/site-packages'
[0.809s] Level 1:colcon.colcon_core.environment:checking '/home/erum/solarbot_ws/install/solarbot_cleaning/bin'
[0.809s] INFO:colcon.colcon_core.shell:Creating package script '/home/erum/solarbot_ws/install/solarbot_cleaning/share/solarbot_cleaning/package.ps1'
[0.811s] INFO:colcon.colcon_core.shell:Creating package descriptor '/home/erum/solarbot_ws/install/solarbot_cleaning/share/solarbot_cleaning/package.dsv'
[0.812s] INFO:colcon.colcon_core.shell:Creating package script '/home/erum/solarbot_ws/install/solarbot_cleaning/share/solarbot_cleaning/package.sh'
[0.814s] INFO:colcon.colcon_core.shell:Creating package script '/home/erum/solarbot_ws/install/solarbot_cleaning/share/solarbot_cleaning/package.bash'
[0.815s] INFO:colcon.colcon_core.shell:Creating package script '/home/erum/solarbot_ws/install/solarbot_cleaning/share/solarbot_cleaning/package.zsh'
[0.817s] Level 1:colcon.colcon_core.environment:create_file_with_runtime_dependencies(/home/erum/solarbot_ws/install/solarbot_cleaning/share/colcon-core/packages/solarbot_cleaning)
[0.817s] Level 1:colcon.colcon_core.environment:create_environment_scripts_only(solarbot_cleaning)
[0.818s] Level 1:colcon.colcon_core.environment:checking '/home/erum/solarbot_ws/install/solarbot_cleaning' for CMake module files
[0.819s] Level 1:colcon.colcon_core.environment:checking '/home/erum/solarbot_ws/install/solarbot_cleaning' for CMake config files
[0.819s] Level 1:colcon.colcon_core.shell:create_environment_hook('solarbot_cleaning', 'cmake_prefix_path')
[0.820s] INFO:colcon.colcon_core.shell:Creating environment hook '/home/erum/solarbot_ws/install/solarbot_cleaning/share/solarbot_cleaning/hook/cmake_prefix_path.ps1'
[0.822s] INFO:colcon.colcon_core.shell:Creating environment descriptor '/home/erum/solarbot_ws/install/solarbot_cleaning/share/solarbot_cleaning/hook/cmake_prefix_path.dsv'
[0.823s] INFO:colcon.colcon_core.shell:Creating environment hook '/home/erum/solarbot_ws/install/solarbot_cleaning/share/solarbot_cleaning/hook/cmake_prefix_path.sh'
[0.825s] Level 1:colcon.colcon_core.environment:checking '/home/erum/solarbot_ws/install/solarbot_cleaning/bin'
[0.825s] Level 1:colcon.colcon_core.environment:checking '/home/erum/solarbot_ws/install/solarbot_cleaning/lib/pkgconfig/solarbot_cleaning.pc'
[0.826s] Level 1:colcon.colcon_core.environment:checking '/home/erum/solarbot_ws/install/solarbot_cleaning/lib/python3.12/site-packages'
[0.827s] Level 1:colcon.colcon_core.environment:checking '/home/erum/solarbot_ws/install/solarbot_cleaning/bin'
[0.827s] INFO:colcon.colcon_core.shell:Creating package script '/home/erum/solarbot_ws/install/solarbot_cleaning/share/solarbot_cleaning/package.ps1'
[0.829s] INFO:colcon.colcon_core.shell:Creating package descriptor '/home/erum/solarbot_ws/install/solarbot_cleaning/share/solarbot_cleaning/package.dsv'
[0.831s] INFO:colcon.colcon_core.shell:Creating package script '/home/erum/solarbot_ws/install/solarbot_cleaning/share/solarbot_cleaning/package.sh'
[0.832s] INFO:colcon.colcon_core.shell:Creating package script '/home/erum/solarbot_ws/install/solarbot_cleaning/share/solarbot_cleaning/package.bash'
[0.834s] INFO:colcon.colcon_core.shell:Creating package script '/home/erum/solarbot_ws/install/solarbot_cleaning/share/solarbot_cleaning/package.zsh'
[0.835s] Level 1:colcon.colcon_core.environment:create_file_with_runtime_dependencies(/home/erum/solarbot_ws/install/solarbot_cleaning/share/colcon-core/packages/solarbot_cleaning)
[0.838s] INFO:colcon.colcon_ros.task.ament_cmake.build:Building ROS package in '/home/erum/solarbot_ws/src/solarbot_hardware' with build type 'ament_cmake'
[0.839s] INFO:colcon.colcon_cmake.task.cmake.build:Building CMake package in '/home/erum/solarbot_ws/src/solarbot_hardware'
[0.839s] INFO:colcon.colcon_core.shell:Skip shell extension 'powershell' for command environment: Not usable outside of PowerShell
[0.840s] DEBUG:colcon.colcon_core.shell:Skip shell extension 'dsv' for command environment
[0.888s] DEBUG:colcon.colcon_core.event_handler.log_command:Invoking command in '/home/erum/solarbot_ws/build/solarbot_description': CMAKE_PREFIX_PATH=${CMAKE_PREFIX_PATH}:/opt/ros/jazzy DEBUGINFOD_URLS=https://debuginfod.ubuntu.com /usr/bin/cmake --build /home/erum/solarbot_ws/build/solarbot_description -- -j2 -l2
[0.924s] DEBUG:colcon.colcon_core.event_handler.log_command:Invoking command in '/home/erum/solarbot_ws/build/solarbot_hardware': CMAKE_PREFIX_PATH=${CMAKE_PREFIX_PATH}:/opt/ros/jazzy DEBUGINFOD_URLS=https://debuginfod.ubuntu.com /usr/bin/cmake --build /home/erum/solarbot_ws/build/solarbot_hardware -- -j2 -l2
[1.136s] DEBUG:colcon.colcon_core.event_handler.log_command:Invoked command in '/home/erum/solarbot_ws/build/solarbot_description' returned '0': CMAKE_PREFIX_PATH=${CMAKE_PREFIX_PATH}:/opt/ros/jazzy DEBUGINFOD_URLS=https://debuginfod.ubuntu.com /usr/bin/cmake --build /home/erum/solarbot_ws/build/solarbot_description -- -j2 -l2
[1.141s] DEBUG:colcon.colcon_core.event_handler.log_command:Invoking command in '/home/erum/solarbot_ws/build/solarbot_description': CMAKE_PREFIX_PATH=${CMAKE_PREFIX_PATH}:/opt/ros/jazzy DEBUGINFOD_URLS=https://debuginfod.ubuntu.com /usr/bin/cmake --install /home/erum/solarbot_ws/build/solarbot_description
[1.159s] DEBUG:colcon.colcon_core.event_handler.log_command:Invoked command in '/home/erum/solarbot_ws/build/solarbot_hardware' returned '0': CMAKE_PREFIX_PATH=${CMAKE_PREFIX_PATH}:/opt/ros/jazzy DEBUGINFOD_URLS=https://debuginfod.ubuntu.com /usr/bin/cmake --build /home/erum/solarbot_ws/build/solarbot_hardware -- -j2 -l2
[1.164s] DEBUG:colcon.colcon_core.event_handler.log_command:Invoking command in '/home/erum/solarbot_ws/build/solarbot_hardware': CMAKE_PREFIX_PATH=${CMAKE_PREFIX_PATH}:/opt/ros/jazzy DEBUGINFOD_URLS=https://debuginfod.ubuntu.com /usr/bin/cmake --install /home/erum/solarbot_ws/build/solarbot_hardware
[1.187s] Level 1:colcon.colcon_core.environment:create_environment_scripts_only(solarbot_description)
[1.188s] Level 1:colcon.colcon_core.environment:checking '/home/erum/solarbot_ws/install/solarbot_description' for CMake module files
[1.189s] DEBUG:colcon.colcon_core.event_handler.log_command:Invoked command in '/home/erum/solarbot_ws/build/solarbot_description' returned '0': CMAKE_PREFIX_PATH=${CMAKE_PREFIX_PATH}:/opt/ros/jazzy DEBUGINFOD_URLS=https://debuginfod.ubuntu.com /usr/bin/cmake --install /home/erum/solarbot_ws/build/solarbot_description
[1.190s] Level 1:colcon.colcon_core.environment:checking '/home/erum/solarbot_ws/install/solarbot_description' for CMake config files
[1.191s] Level 1:colcon.colcon_core.shell:create_environment_hook('solarbot_description', 'cmake_prefix_path')
[1.191s] INFO:colcon.colcon_core.shell:Creating environment hook '/home/erum/solarbot_ws/install/solarbot_description/share/solarbot_description/hook/cmake_prefix_path.ps1'
[1.193s] INFO:colcon.colcon_core.shell:Creating environment descriptor '/home/erum/solarbot_ws/install/solarbot_description/share/solarbot_description/hook/cmake_prefix_path.dsv'
[1.194s] INFO:colcon.colcon_core.shell:Creating environment hook '/home/erum/solarbot_ws/install/solarbot_description/share/solarbot_description/hook/cmake_prefix_path.sh'
[1.195s] Level 1:colcon.colcon_core.environment:checking '/home/erum/solarbot_ws/install/solarbot_description/bin'
[1.195s] Level 1:colcon.colcon_core.environment:checking '/home/erum/solarbot_ws/install/solarbot_description/lib/pkgconfig/solarbot_description.pc'
[1.195s] Level 1:colcon.colcon_core.environment:checking '/home/erum/solarbot_ws/install/solarbot_description/lib/python3.12/site-packages'
[1.196s] Level 1:colcon.colcon_core.environment:checking '/home/erum/solarbot_ws/install/solarbot_description/bin'
[1.197s] INFO:colcon.colcon_core.shell:Creating package script '/home/erum/solarbot_ws/install/solarbot_description/share/solarbot_description/package.ps1'
[1.201s] INFO:colcon.colcon_core.shell:Creating package descriptor '/home/erum/solarbot_ws/install/solarbot_description/share/solarbot_description/package.dsv'
[1.203s] INFO:colcon.colcon_core.shell:Creating package script '/home/erum/solarbot_ws/install/solarbot_description/share/solarbot_description/package.sh'
[1.208s] INFO:colcon.colcon_core.shell:Creating package script '/home/erum/solarbot_ws/install/solarbot_description/share/solarbot_description/package.bash'
[1.216s] INFO:colcon.colcon_core.shell:Creating package script '/home/erum/solarbot_ws/install/solarbot_description/share/solarbot_description/package.zsh'
[1.217s] Level 1:colcon.colcon_core.environment:create_file_with_runtime_dependencies(/home/erum/solarbot_ws/install/solarbot_description/share/colcon-core/packages/solarbot_description)
[1.219s] Level 1:colcon.colcon_core.environment:create_environment_scripts_only(solarbot_description)
[1.220s] Level 1:colcon.colcon_core.environment:checking '/home/erum/solarbot_ws/install/solarbot_description' for CMake module files
[1.223s] Level 1:colcon.colcon_core.environment:checking '/home/erum/solarbot_ws/install/solarbot_description' for CMake config files
[1.223s] Level 1:colcon.colcon_core.shell:create_environment_hook('solarbot_description', 'cmake_prefix_path')
[1.224s] INFO:colcon.colcon_core.shell:Creating environment hook '/home/erum/solarbot_ws/install/solarbot_description/share/solarbot_description/hook/cmake_prefix_path.ps1'
[1.225s] INFO:colcon.colcon_core.shell:Creating environment descriptor '/home/erum/solarbot_ws/install/solarbot_description/share/solarbot_description/hook/cmake_prefix_path.dsv'
[1.226s] INFO:colcon.colcon_core.shell:Creating environment hook '/home/erum/solarbot_ws/install/solarbot_description/share/solarbot_description/hook/cmake_prefix_path.sh'
[1.227s] Level 1:colcon.colcon_core.environment:checking '/home/erum/solarbot_ws/install/solarbot_description/bin'
[1.227s] Level 1:colcon.colcon_core.environment:checking '/home/erum/solarbot_ws/install/solarbot_description/lib/pkgconfig/solarbot_description.pc'
[1.228s] Level 1:colcon.colcon_core.environment:checking '/home/erum/solarbot_ws/install/solarbot_description/lib/python3.12/site-packages'
[1.228s] Level 1:colcon.colcon_core.environment:checking '/home/erum/solarbot_ws/install/solarbot_description/bin'
[1.228s] INFO:colcon.colcon_core.shell:Creating package script '/home/erum/solarbot_ws/install/solarbot_description/share/solarbot_description/package.ps1'
[1.230s] INFO:colcon.colcon_core.shell:Creating package descriptor '/home/erum/solarbot_ws/install/solarbot_description/share/solarbot_description/package.dsv'
[1.232s] INFO:colcon.colcon_core.shell:Creating package script '/home/erum/solarbot_ws/install/solarbot_description/share/solarbot_description/package.sh'
[1.234s] INFO:colcon.colcon_core.shell:Creating package script '/home/erum/solarbot_ws/install/solarbot_description/share/solarbot_description/package.bash'
[1.235s] INFO:colcon.colcon_core.shell:Creating package script '/home/erum/solarbot_ws/install/solarbot_description/share/solarbot_description/package.zsh'
[1.236s] Level 1:colcon.colcon_core.environment:create_file_with_runtime_dependencies(/home/erum/solarbot_ws/install/solarbot_description/share/colcon-core/packages/solarbot_description)
[1.238s] INFO:colcon.colcon_ros.task.ament_cmake.build:Building ROS package in '/home/erum/solarbot_ws/src/solarbot_msgs' with build type 'ament_cmake'
[1.238s] INFO:colcon.colcon_cmake.task.cmake.build:Building CMake package in '/home/erum/solarbot_ws/src/solarbot_msgs'
[1.238s] INFO:colcon.colcon_core.shell:Skip shell extension 'powershell' for command environment: Not usable outside of PowerShell
[1.238s] DEBUG:colcon.colcon_core.shell:Skip shell extension 'dsv' for command environment
[1.262s] Level 1:colcon.colcon_core.environment:create_environment_scripts_only(solarbot_hardware)
[1.263s] Level 1:colcon.colcon_core.environment:checking '/home/erum/solarbot_ws/install/solarbot_hardware' for CMake module files
[1.263s] DEBUG:colcon.colcon_core.event_handler.log_command:Invoked command in '/home/erum/solarbot_ws/build/solarbot_hardware' returned '0': CMAKE_PREFIX_PATH=${CMAKE_PREFIX_PATH}:/opt/ros/jazzy DEBUGINFOD_URLS=https://debuginfod.ubuntu.com /usr/bin/cmake --install /home/erum/solarbot_ws/build/solarbot_hardware
[1.264s] Level 1:colcon.colcon_core.environment:checking '/home/erum/solarbot_ws/install/solarbot_hardware' for CMake config files
[1.265s] Level 1:colcon.colcon_core.shell:create_environment_hook('solarbot_hardware', 'cmake_prefix_path')
[1.265s] INFO:colcon.colcon_core.shell:Creating environment hook '/home/erum/solarbot_ws/install/solarbot_hardware/share/solarbot_hardware/hook/cmake_prefix_path.ps1'
[1.265s] INFO:colcon.colcon_core.shell:Creating environment descriptor '/home/erum/solarbot_ws/install/solarbot_hardware/share/solarbot_hardware/hook/cmake_prefix_path.dsv'
[1.266s] INFO:colcon.colcon_core.shell:Creating environment hook '/home/erum/solarbot_ws/install/solarbot_hardware/share/solarbot_hardware/hook/cmake_prefix_path.sh'
[1.267s] Level 1:colcon.colcon_core.environment:checking '/home/erum/solarbot_ws/install/solarbot_hardware/bin'
[1.267s] Level 1:colcon.colcon_core.environment:checking '/home/erum/solarbot_ws/install/solarbot_hardware/lib/pkgconfig/solarbot_hardware.pc'
[1.267s] Level 1:colcon.colcon_core.environment:checking '/home/erum/solarbot_ws/install/solarbot_hardware/lib/python3.12/site-packages'
[1.268s] Level 1:colcon.colcon_core.environment:checking '/home/erum/solarbot_ws/install/solarbot_hardware/bin'
[1.268s] INFO:colcon.colcon_core.shell:Creating package script '/home/erum/solarbot_ws/install/solarbot_hardware/share/solarbot_hardware/package.ps1'
[1.269s] INFO:colcon.colcon_core.shell:Creating package descriptor '/home/erum/solarbot_ws/install/solarbot_hardware/share/solarbot_hardware/package.dsv'
[1.270s] INFO:colcon.colcon_core.shell:Creating package script '/home/erum/solarbot_ws/install/solarbot_hardware/share/solarbot_hardware/package.sh'
[1.270s] INFO:colcon.colcon_core.shell:Creating package script '/home/erum/solarbot_ws/install/solarbot_hardware/share/solarbot_hardware/package.bash'
[1.271s] INFO:colcon.colcon_core.shell:Creating package script '/home/erum/solarbot_ws/install/solarbot_hardware/share/solarbot_hardware/package.zsh'
[1.271s] Level 1:colcon.colcon_core.environment:create_file_with_runtime_dependencies(/home/erum/solarbot_ws/install/solarbot_hardware/share/colcon-core/packages/solarbot_hardware)
[1.272s] Level 1:colcon.colcon_core.environment:create_environment_scripts_only(solarbot_hardware)
[1.272s] Level 1:colcon.colcon_core.environment:checking '/home/erum/solarbot_ws/install/solarbot_hardware' for CMake module files
[1.273s] Level 1:colcon.colcon_core.environment:checking '/home/erum/solarbot_ws/install/solarbot_hardware' for CMake config files
[1.273s] Level 1:colcon.colcon_core.shell:create_environment_hook('solarbot_hardware', 'cmake_prefix_path')
[1.273s] INFO:colcon.colcon_core.shell:Creating environment hook '/home/erum/solarbot_ws/install/solarbot_hardware/share/solarbot_hardware/hook/cmake_prefix_path.ps1'
[1.274s] INFO:colcon.colcon_core.shell:Creating environment descriptor '/home/erum/solarbot_ws/install/solarbot_hardware/share/solarbot_hardware/hook/cmake_prefix_path.dsv'
[1.275s] INFO:colcon.colcon_core.shell:Creating environment hook '/home/erum/solarbot_ws/install/solarbot_hardware/share/solarbot_hardware/hook/cmake_prefix_path.sh'
[1.276s] Level 1:colcon.colcon_core.environment:checking '/home/erum/solarbot_ws/install/solarbot_hardware/bin'
[1.276s] Level 1:colcon.colcon_core.environment:checking '/home/erum/solarbot_ws/install/solarbot_hardware/lib/pkgconfig/solarbot_hardware.pc'
[1.276s] Level 1:colcon.colcon_core.environment:checking '/home/erum/solarbot_ws/install/solarbot_hardware/lib/python3.12/site-packages'
[1.276s] Level 1:colcon.colcon_core.environment:checking '/home/erum/solarbot_ws/install/solarbot_hardware/bin'
[1.277s] INFO:colcon.colcon_core.shell:Creating package script '/home/erum/solarbot_ws/install/solarbot_hardware/share/solarbot_hardware/package.ps1'
[1.277s] INFO:colcon.colcon_core.shell:Creating package descriptor '/home/erum/solarbot_ws/install/solarbot_hardware/share/solarbot_hardware/package.dsv'
[1.278s] INFO:colcon.colcon_core.shell:Creating package script '/home/erum/solarbot_ws/install/solarbot_hardware/share/solarbot_hardware/package.sh'
[1.279s] INFO:colcon.colcon_core.shell:Creating package script '/home/erum/solarbot_ws/install/solarbot_hardware/share/solarbot_hardware/package.bash'
[1.279s] INFO:colcon.colcon_core.shell:Creating package script '/home/erum/solarbot_ws/install/solarbot_hardware/share/solarbot_hardware/package.zsh'
[1.280s] Level 1:colcon.colcon_core.environment:create_file_with_runtime_dependencies(/home/erum/solarbot_ws/install/solarbot_hardware/share/colcon-core/packages/solarbot_hardware)
[1.281s] INFO:colcon.colcon_ros.task.ament_cmake.build:Building ROS package in '/home/erum/solarbot_ws/src/solarbot_navigation' with build type 'ament_cmake'
[1.281s] INFO:colcon.colcon_cmake.task.cmake.build:Building CMake package in '/home/erum/solarbot_ws/src/solarbot_navigation'
[1.281s] INFO:colcon.colcon_core.shell:Skip shell extension 'powershell' for command environment: Not usable outside of PowerShell
[1.281s] DEBUG:colcon.colcon_core.shell:Skip shell extension 'dsv' for command environment
[1.323s] DEBUG:colcon.colcon_core.event_handler.log_command:Invoking command in '/home/erum/solarbot_ws/build/solarbot_msgs': CMAKE_PREFIX_PATH=${CMAKE_PREFIX_PATH}:/opt/ros/jazzy DEBUGINFOD_URLS=https://debuginfod.ubuntu.com /usr/bin/cmake --build /home/erum/solarbot_ws/build/solarbot_msgs -- -j2 -l2
[1.329s] DEBUG:colcon.colcon_core.event_handler.log_command:Invoking command in '/home/erum/solarbot_ws/build/solarbot_navigation': CMAKE_PREFIX_PATH=${CMAKE_PREFIX_PATH}:/opt/ros/jazzy DEBUGINFOD_URLS=https://debuginfod.ubuntu.com /usr/bin/cmake --build /home/erum/solarbot_ws/build/solarbot_navigation -- -j2 -l2
[1.393s] DEBUG:colcon.colcon_core.event_handler.log_command:Invoked command in '/home/erum/solarbot_ws/build/solarbot_navigation' returned '0': CMAKE_PREFIX_PATH=${CMAKE_PREFIX_PATH}:/opt/ros/jazzy DEBUGINFOD_URLS=https://debuginfod.ubuntu.com /usr/bin/cmake --build /home/erum/solarbot_ws/build/solarbot_navigation -- -j2 -l2
[1.394s] DEBUG:colcon.colcon_core.event_handler.log_command:Invoking command in '/home/erum/solarbot_ws/build/solarbot_navigation': CMAKE_PREFIX_PATH=${CMAKE_PREFIX_PATH}:/opt/ros/jazzy DEBUGINFOD_URLS=https://debuginfod.ubuntu.com /usr/bin/cmake --install /home/erum/solarbot_ws/build/solarbot_navigation
[1.410s] DEBUG:colcon.colcon_core.event_handler.log_command:Invoked command in '/home/erum/solarbot_ws/build/solarbot_msgs' returned '0': CMAKE_PREFIX_PATH=${CMAKE_PREFIX_PATH}:/opt/ros/jazzy DEBUGINFOD_URLS=https://debuginfod.ubuntu.com /usr/bin/cmake --build /home/erum/solarbot_ws/build/solarbot_msgs -- -j2 -l2
[1.412s] DEBUG:colcon.colcon_core.event_handler.log_command:Invoking command in '/home/erum/solarbot_ws/build/solarbot_msgs': CMAKE_PREFIX_PATH=${CMAKE_PREFIX_PATH}:/opt/ros/jazzy DEBUGINFOD_URLS=https://debuginfod.ubuntu.com /usr/bin/cmake --install /home/erum/solarbot_ws/build/solarbot_msgs
[1.436s] Level 1:colcon.colcon_core.environment:create_environment_scripts_only(solarbot_navigation)
[1.437s] Level 1:colcon.colcon_core.environment:checking '/home/erum/solarbot_ws/install/solarbot_navigation' for CMake module files
[1.437s] DEBUG:colcon.colcon_core.event_handler.log_command:Invoked command in '/home/erum/solarbot_ws/build/solarbot_navigation' returned '0': CMAKE_PREFIX_PATH=${CMAKE_PREFIX_PATH}:/opt/ros/jazzy DEBUGINFOD_URLS=https://debuginfod.ubuntu.com /usr/bin/cmake --install /home/erum/solarbot_ws/build/solarbot_navigation
[1.439s] Level 1:colcon.colcon_core.environment:checking '/home/erum/solarbot_ws/install/solarbot_navigation' for CMake config files
[1.440s] Level 1:colcon.colcon_core.shell:create_environment_hook('solarbot_navigation', 'cmake_prefix_path')
[1.440s] INFO:colcon.colcon_core.shell:Creating environment hook '/home/erum/solarbot_ws/install/solarbot_navigation/share/solarbot_navigation/hook/cmake_prefix_path.ps1'
[1.441s] INFO:colcon.colcon_core.shell:Creating environment descriptor '/home/erum/solarbot_ws/install/solarbot_navigation/share/solarbot_navigation/hook/cmake_prefix_path.dsv'
[1.444s] INFO:colcon.colcon_core.shell:Creating environment hook '/home/erum/solarbot_ws/install/solarbot_navigation/share/solarbot_navigation/hook/cmake_prefix_path.sh'
[1.447s] Level 1:colcon.colcon_core.environment:checking '/home/erum/solarbot_ws/install/solarbot_navigation/bin'
[1.447s] Level 1:colcon.colcon_core.environment:checking '/home/erum/solarbot_ws/install/solarbot_navigation/lib/pkgconfig/solarbot_navigation.pc'
[1.447s] Level 1:colcon.colcon_core.environment:checking '/home/erum/solarbot_ws/install/solarbot_navigation/lib/python3.12/site-packages'
[1.447s] Level 1:colcon.colcon_core.environment:checking '/home/erum/solarbot_ws/install/solarbot_navigation/bin'
[1.447s] INFO:colcon.colcon_core.shell:Creating package script '/home/erum/solarbot_ws/install/solarbot_navigation/share/solarbot_navigation/package.ps1'
[1.448s] INFO:colcon.colcon_core.shell:Creating package descriptor '/home/erum/solarbot_ws/install/solarbot_navigation/share/solarbot_navigation/package.dsv'
[1.449s] INFO:colcon.colcon_core.shell:Creating package script '/home/erum/solarbot_ws/install/solarbot_navigation/share/solarbot_navigation/package.sh'
[1.450s] INFO:colcon.colcon_core.shell:Creating package script '/home/erum/solarbot_ws/install/solarbot_navigation/share/solarbot_navigation/package.bash'
[1.451s] INFO:colcon.colcon_core.shell:Creating package script '/home/erum/solarbot_ws/install/solarbot_navigation/share/solarbot_navigation/package.zsh'
[1.451s] Level 1:colcon.colcon_core.environment:create_file_with_runtime_dependencies(/home/erum/solarbot_ws/install/solarbot_navigation/share/colcon-core/packages/solarbot_navigation)
[1.452s] Level 1:colcon.colcon_core.environment:create_environment_scripts_only(solarbot_navigation)
[1.453s] Level 1:colcon.colcon_core.environment:checking '/home/erum/solarbot_ws/install/solarbot_navigation' for CMake module files
[1.453s] Level 1:colcon.colcon_core.environment:checking '/home/erum/solarbot_ws/install/solarbot_navigation' for CMake config files
[1.454s] Level 1:colcon.colcon_core.shell:create_environment_hook('solarbot_navigation', 'cmake_prefix_path')
[1.454s] INFO:colcon.colcon_core.shell:Creating environment hook '/home/erum/solarbot_ws/install/solarbot_navigation/share/solarbot_navigation/hook/cmake_prefix_path.ps1'
[1.455s] INFO:colcon.colcon_core.shell:Creating environment descriptor '/home/erum/solarbot_ws/install/solarbot_navigation/share/solarbot_navigation/hook/cmake_prefix_path.dsv'
[1.455s] INFO:colcon.colcon_core.shell:Creating environment hook '/home/erum/solarbot_ws/install/solarbot_navigation/share/solarbot_navigation/hook/cmake_prefix_path.sh'
[1.457s] Level 1:colcon.colcon_core.environment:checking '/home/erum/solarbot_ws/install/solarbot_navigation/bin'
[1.457s] Level 1:colcon.colcon_core.environment:checking '/home/erum/solarbot_ws/install/solarbot_navigation/lib/pkgconfig/solarbot_navigation.pc'
[1.457s] Level 1:colcon.colcon_core.environment:checking '/home/erum/solarbot_ws/install/solarbot_navigation/lib/python3.12/site-packages'
[1.458s] Level 1:colcon.colcon_core.environment:checking '/home/erum/solarbot_ws/install/solarbot_navigation/bin'
[1.458s] INFO:colcon.colcon_core.shell:Creating package script '/home/erum/solarbot_ws/install/solarbot_navigation/share/solarbot_navigation/package.ps1'
[1.460s] INFO:colcon.colcon_core.shell:Creating package descriptor '/home/erum/solarbot_ws/install/solarbot_navigation/share/solarbot_navigation/package.dsv'
[1.463s] INFO:colcon.colcon_core.shell:Creating package script '/home/erum/solarbot_ws/install/solarbot_navigation/share/solarbot_navigation/package.sh'
[1.464s] INFO:colcon.colcon_core.shell:Creating package script '/home/erum/solarbot_ws/install/solarbot_navigation/share/solarbot_navigation/package.bash'
[1.465s] INFO:colcon.colcon_core.shell:Creating package script '/home/erum/solarbot_ws/install/solarbot_navigation/share/solarbot_navigation/package.zsh'
[1.466s] Level 1:colcon.colcon_core.environment:create_file_with_runtime_dependencies(/home/erum/solarbot_ws/install/solarbot_navigation/share/colcon-core/packages/solarbot_navigation)
[1.468s] Level 1:colcon.colcon_core.environment:create_environment_scripts_only(solarbot_msgs)
[1.468s] Level 1:colcon.colcon_core.environment:checking '/home/erum/solarbot_ws/install/solarbot_msgs' for CMake module files
[1.469s] Level 1:colcon.colcon_core.environment:checking '/home/erum/solarbot_ws/install/solarbot_msgs' for CMake config files
[1.469s] Level 1:colcon.colcon_core.shell:create_environment_hook('solarbot_msgs', 'cmake_prefix_path')
[1.474s] INFO:colcon.colcon_core.shell:Creating environment hook '/home/erum/solarbot_ws/install/solarbot_msgs/share/solarbot_msgs/hook/cmake_prefix_path.ps1'
[1.476s] INFO:colcon.colcon_core.shell:Creating environment descriptor '/home/erum/solarbot_ws/install/solarbot_msgs/share/solarbot_msgs/hook/cmake_prefix_path.dsv'
[1.477s] DEBUG:colcon.colcon_core.event_handler.log_command:Invoked command in '/home/erum/solarbot_ws/build/solarbot_msgs' returned '0': CMAKE_PREFIX_PATH=${CMAKE_PREFIX_PATH}:/opt/ros/jazzy DEBUGINFOD_URLS=https://debuginfod.ubuntu.com /usr/bin/cmake --install /home/erum/solarbot_ws/build/solarbot_msgs
[1.479s] INFO:colcon.colcon_core.shell:Creating environment hook '/home/erum/solarbot_ws/install/solarbot_msgs/share/solarbot_msgs/hook/cmake_prefix_path.sh'
[1.480s] Level 1:colcon.colcon_core.environment:checking '/home/erum/solarbot_ws/install/solarbot_msgs/bin'
[1.480s] Level 1:colcon.colcon_core.environment:checking '/home/erum/solarbot_ws/install/solarbot_msgs/lib/pkgconfig/solarbot_msgs.pc'
[1.481s] Level 1:colcon.colcon_core.environment:checking '/home/erum/solarbot_ws/install/solarbot_msgs/lib/python3.12/site-packages'
[1.481s] Level 1:colcon.colcon_core.environment:checking '/home/erum/solarbot_ws/install/solarbot_msgs/bin'
[1.481s] INFO:colcon.colcon_core.shell:Creating package script '/home/erum/solarbot_ws/install/solarbot_msgs/share/solarbot_msgs/package.ps1'
[1.484s] INFO:colcon.colcon_core.shell:Creating package descriptor '/home/erum/solarbot_ws/install/solarbot_msgs/share/solarbot_msgs/package.dsv'
[1.484s] INFO:colcon.colcon_core.shell:Creating package script '/home/erum/solarbot_ws/install/solarbot_msgs/share/solarbot_msgs/package.sh'
[1.485s] INFO:colcon.colcon_core.shell:Creating package script '/home/erum/solarbot_ws/install/solarbot_msgs/share/solarbot_msgs/package.bash'
[1.486s] INFO:colcon.colcon_core.shell:Creating package script '/home/erum/solarbot_ws/install/solarbot_msgs/share/solarbot_msgs/package.zsh'
[1.486s] Level 1:colcon.colcon_core.environment:create_file_with_runtime_dependencies(/home/erum/solarbot_ws/install/solarbot_msgs/share/colcon-core/packages/solarbot_msgs)
[1.487s] Level 1:colcon.colcon_core.environment:create_environment_scripts_only(solarbot_msgs)
[1.487s] Level 1:colcon.colcon_core.environment:checking '/home/erum/solarbot_ws/install/solarbot_msgs' for CMake module files
[1.488s] Level 1:colcon.colcon_core.environment:checking '/home/erum/solarbot_ws/install/solarbot_msgs' for CMake config files
[1.488s] Level 1:colcon.colcon_core.shell:create_environment_hook('solarbot_msgs', 'cmake_prefix_path')
[1.488s] INFO:colcon.colcon_core.shell:Creating environment hook '/home/erum/solarbot_ws/install/solarbot_msgs/share/solarbot_msgs/hook/cmake_prefix_path.ps1'
[1.489s] INFO:colcon.colcon_core.shell:Creating environment descriptor '/home/erum/solarbot_ws/install/solarbot_msgs/share/solarbot_msgs/hook/cmake_prefix_path.dsv'
[1.490s] INFO:colcon.colcon_core.shell:Creating environment hook '/home/erum/solarbot_ws/install/solarbot_msgs/share/solarbot_msgs/hook/cmake_prefix_path.sh'
[1.491s] Level 1:colcon.colcon_core.environment:checking '/home/erum/solarbot_ws/install/solarbot_msgs/bin'
[1.491s] Level 1:colcon.colcon_core.environment:checking '/home/erum/solarbot_ws/install/solarbot_msgs/lib/pkgconfig/solarbot_msgs.pc'
[1.491s] Level 1:colcon.colcon_core.environment:checking '/home/erum/solarbot_ws/install/solarbot_msgs/lib/python3.12/site-packages'
[1.491s] Level 1:colcon.colcon_core.environment:checking '/home/erum/solarbot_ws/install/solarbot_msgs/bin'
[1.492s] INFO:colcon.colcon_core.shell:Creating package script '/home/erum/solarbot_ws/install/solarbot_msgs/share/solarbot_msgs/package.ps1'
[1.492s] INFO:colcon.colcon_core.shell:Creating package descriptor '/home/erum/solarbot_ws/install/solarbot_msgs/share/solarbot_msgs/package.dsv'
[1.493s] INFO:colcon.colcon_core.shell:Creating package script '/home/erum/solarbot_ws/install/solarbot_msgs/share/solarbot_msgs/package.sh'
[1.494s] INFO:colcon.colcon_core.shell:Creating package script '/home/erum/solarbot_ws/install/solarbot_msgs/share/solarbot_msgs/package.bash'
[1.494s] INFO:colcon.colcon_core.shell:Creating package script '/home/erum/solarbot_ws/install/solarbot_msgs/share/solarbot_msgs/package.zsh'
[1.495s] Level 1:colcon.colcon_core.environment:create_file_with_runtime_dependencies(/home/erum/solarbot_ws/install/solarbot_msgs/share/colcon-core/packages/solarbot_msgs)
[1.496s] DEBUG:colcon.colcon_parallel_executor.executor.parallel:closing loop
[1.496s] DEBUG:colcon.colcon_parallel_executor.executor.parallel:loop closed
[1.499s] DEBUG:colcon.colcon_parallel_executor.executor.parallel:run_until_complete finished with '0'
[1.499s] DEBUG:colcon.colcon_core.event_reactor:joining thread
[1.511s] INFO:colcon.colcon_core.plugin_system:Skipping extension 'colcon_notification.desktop_notification.terminal_notifier': Not used on non-Darwin systems
[1.511s] INFO:colcon.colcon_core.plugin_system:Skipping extension 'colcon_notification.desktop_notification.win32': Not used on non-Windows systems
[1.511s] INFO:colcon.colcon_notification.desktop_notification:Sending desktop notification using 'notify2'
[1.575s] DEBUG:colcon.colcon_core.event_reactor:joined thread
[1.575s] INFO:colcon.colcon_core.shell:Creating prefix script '/home/erum/solarbot_ws/install/local_setup.ps1'
[1.577s] INFO:colcon.colcon_core.shell:Creating prefix util module '/home/erum/solarbot_ws/install/_local_setup_util_ps1.py'
[1.580s] INFO:colcon.colcon_core.shell:Creating prefix chain script '/home/erum/solarbot_ws/install/setup.ps1'
[1.583s] INFO:colcon.colcon_core.shell:Creating prefix script '/home/erum/solarbot_ws/install/local_setup.sh'
[1.585s] INFO:colcon.colcon_core.shell:Creating prefix util module '/home/erum/solarbot_ws/install/_local_setup_util_sh.py'
[1.587s] INFO:colcon.colcon_core.shell:Creating prefix chain script '/home/erum/solarbot_ws/install/setup.sh'
[1.591s] INFO:colcon.colcon_core.shell:Creating prefix script '/home/erum/solarbot_ws/install/local_setup.bash'
[1.594s] INFO:colcon.colcon_core.shell:Creating prefix chain script '/home/erum/solarbot_ws/install/setup.bash'
[1.597s] INFO:colcon.colcon_core.shell:Creating prefix script '/home/erum/solarbot_ws/install/local_setup.zsh'
[1.599s] INFO:colcon.colcon_core.shell:Creating prefix chain script '/home/erum/solarbot_ws/install/setup.zsh'
