[0.530s] DEBUG:colcon:Command line arguments: ['/usr/bin/colcon', 'build', '--symlink-install']
[0.531s] DEBUG:colcon:Parsed command line arguments: Namespace(log_base=None, log_level=None, verb_name='build', build_base='build', install_base='install', merge_install=False, symlink_install=True, test_result_base=None, continue_on_error=False, executor='parallel', parallel_workers=2, event_handlers=None, ignore_user_meta=False, metas=['./colcon.meta'], base_paths=['.'], packages_ignore=None, packages_ignore_regex=None, paths=None, packages_up_to=None, packages_up_to_regex=None, packages_above=None, packages_above_and_dependencies=None, packages_above_depth=None, packages_select_by_dep=None, packages_skip_by_dep=None, packages_skip_up_to=None, packages_select_build_failed=False, packages_skip_build_finished=False, packages_select_test_failures=False, packages_skip_test_passed=False, packages_select=None, packages_skip=None, packages_select_regex=None, packages_skip_regex=None, packages_start=None, packages_end=None, allow_overriding=[], cmake_args=None, cmake_target=None, cmake_target_skip_unavailable=False, cmake_clean_cache=False, cmake_clean_first=False, cmake_force_configure=False, ament_cmake_args=None, catkin_cmake_args=None, catkin_skip_building_tests=False, mixin_files=None, mixin=None, verb_parser=<colcon_mixin.mixin.mixin_argument.MixinArgumentDecorator object at 0x741a15fb1580>, verb_extension=<colcon_core.verb.build.BuildVerb object at 0x741a160cdc40>, main=<bound method BuildVerb.main of <colcon_core.verb.build.BuildVerb object at 0x741a160cdc40>>, mixin_verb=('build',))
[0.689s] Level 1:colcon.colcon_core.package_discovery:discover_packages(colcon_meta) check parameters
[0.689s] Level 1:colcon.colcon_core.package_discovery:discover_packages(recursive) check parameters
[0.689s] Level 1:colcon.colcon_core.package_discovery:discover_packages(ignore) check parameters
[0.689s] Level 1:colcon.colcon_core.package_discovery:discover_packages(path) check parameters
[0.689s] Level 1:colcon.colcon_core.package_discovery:discover_packages(colcon_meta) discover
[0.689s] Level 1:colcon.colcon_core.package_discovery:discover_packages(recursive) discover
[0.690s] INFO:colcon.colcon_core.package_discovery:Crawling recursively for packages in '/home/erum/solarbot_ws'
[0.690s] Level 1:colcon.colcon_core.package_identification:_identify(.) by extensions ['ignore', 'ignore_ament_install']
[0.691s] Level 1:colcon.colcon_core.package_identification:_identify(.) by extension 'ignore'
[0.691s] Level 1:colcon.colcon_core.package_identification:_identify(.) by extension 'ignore_ament_install'
[0.691s] Level 1:colcon.colcon_core.package_identification:_identify(.) by extensions ['colcon_pkg']
[0.691s] Level 1:colcon.colcon_core.package_identification:_identify(.) by extension 'colcon_pkg'
[0.691s] Level 1:colcon.colcon_core.package_identification:_identify(.) by extensions ['colcon_meta']
[0.691s] Level 1:colcon.colcon_core.package_identification:_identify(.) by extension 'colcon_meta'
[0.691s] Level 1:colcon.colcon_core.package_identification:_identify(.) by extensions ['ros']
[0.691s] Level 1:colcon.colcon_core.package_identification:_identify(.) by extension 'ros'
[0.798s] Level 1:colcon.colcon_core.package_identification:_identify(.) by extensions ['cmake', 'python']
[0.798s] Level 1:colcon.colcon_core.package_identification:_identify(.) by extension 'cmake'
[0.798s] Level 1:colcon.colcon_core.package_identification:_identify(.) by extension 'python'
[0.799s] Level 1:colcon.colcon_core.package_identification:_identify(.) by extensions ['python_setup_py']
[0.799s] Level 1:colcon.colcon_core.package_identification:_identify(.) by extension 'python_setup_py'
[0.799s] Level 1:colcon.colcon_core.package_identification:_identify(build) by extensions ['ignore', 'ignore_ament_install']
[0.799s] Level 1:colcon.colcon_core.package_identification:_identify(build) by extension 'ignore'
[0.799s] Level 1:colcon.colcon_core.package_identification:_identify(build) ignored
[0.800s] Level 1:colcon.colcon_core.package_identification:_identify(install) by extensions ['ignore', 'ignore_ament_install']
[0.800s] Level 1:colcon.colcon_core.package_identification:_identify(install) by extension 'ignore'
[0.800s] Level 1:colcon.colcon_core.package_identification:_identify(install) ignored
[0.801s] Level 1:colcon.colcon_core.package_identification:_identify(log) by extensions ['ignore', 'ignore_ament_install']
[0.801s] Level 1:colcon.colcon_core.package_identification:_identify(log) by extension 'ignore'
[0.801s] Level 1:colcon.colcon_core.package_identification:_identify(log) ignored
[0.801s] Level 1:colcon.colcon_core.package_identification:_identify(src) by extensions ['ignore', 'ignore_ament_install']
[0.801s] Level 1:colcon.colcon_core.package_identification:_identify(src) by extension 'ignore'
[0.802s] Level 1:colcon.colcon_core.package_identification:_identify(src) by extension 'ignore_ament_install'
[0.802s] Level 1:colcon.colcon_core.package_identification:_identify(src) by extensions ['colcon_pkg']
[0.802s] Level 1:colcon.colcon_core.package_identification:_identify(src) by extension 'colcon_pkg'
[0.802s] Level 1:colcon.colcon_core.package_identification:_identify(src) by extensions ['colcon_meta']
[0.802s] Level 1:colcon.colcon_core.package_identification:_identify(src) by extension 'colcon_meta'
[0.802s] Level 1:colcon.colcon_core.package_identification:_identify(src) by extensions ['ros']
[0.802s] Level 1:colcon.colcon_core.package_identification:_identify(src) by extension 'ros'
[0.802s] Level 1:colcon.colcon_core.package_identification:_identify(src) by extensions ['cmake', 'python']
[0.802s] Level 1:colcon.colcon_core.package_identification:_identify(src) by extension 'cmake'
[0.802s] Level 1:colcon.colcon_core.package_identification:_identify(src) by extension 'python'
[0.802s] Level 1:colcon.colcon_core.package_identification:_identify(src) by extensions ['python_setup_py']
[0.802s] Level 1:colcon.colcon_core.package_identification:_identify(src) by extension 'python_setup_py'
[0.803s] Level 1:colcon.colcon_core.package_identification:_identify(src/solarbot_bringup) by extensions ['ignore', 'ignore_ament_install']
[0.803s] Level 1:colcon.colcon_core.package_identification:_identify(src/solarbot_bringup) by extension 'ignore'
[0.803s] Level 1:colcon.colcon_core.package_identification:_identify(src/solarbot_bringup) by extension 'ignore_ament_install'
[0.803s] Level 1:colcon.colcon_core.package_identification:_identify(src/solarbot_bringup) by extensions ['colcon_pkg']
[0.803s] Level 1:colcon.colcon_core.package_identification:_identify(src/solarbot_bringup) by extension 'colcon_pkg'
[0.803s] Level 1:colcon.colcon_core.package_identification:_identify(src/solarbot_bringup) by extensions ['colcon_meta']
[0.803s] Level 1:colcon.colcon_core.package_identification:_identify(src/solarbot_bringup) by extension 'colcon_meta'
[0.803s] Level 1:colcon.colcon_core.package_identification:_identify(src/solarbot_bringup) by extensions ['ros']
[0.803s] Level 1:colcon.colcon_core.package_identification:_identify(src/solarbot_bringup) by extension 'ros'
[0.814s] DEBUG:colcon.colcon_core.package_identification:Package 'src/solarbot_bringup' with type 'ros.ament_cmake' and name 'solarbot_bringup'
[0.815s] Level 1:colcon.colcon_core.package_identification:_identify(src/solarbot_cleaning) by extensions ['ignore', 'ignore_ament_install']
[0.815s] Level 1:colcon.colcon_core.package_identification:_identify(src/solarbot_cleaning) by extension 'ignore'
[0.815s] Level 1:colcon.colcon_core.package_identification:_identify(src/solarbot_cleaning) by extension 'ignore_ament_install'
[0.815s] Level 1:colcon.colcon_core.package_identification:_identify(src/solarbot_cleaning) by extensions ['colcon_pkg']
[0.816s] Level 1:colcon.colcon_core.package_identification:_identify(src/solarbot_cleaning) by extension 'colcon_pkg'
[0.816s] Level 1:colcon.colcon_core.package_identification:_identify(src/solarbot_cleaning) by extensions ['colcon_meta']
[0.816s] Level 1:colcon.colcon_core.package_identification:_identify(src/solarbot_cleaning) by extension 'colcon_meta'
[0.816s] Level 1:colcon.colcon_core.package_identification:_identify(src/solarbot_cleaning) by extensions ['ros']
[0.816s] Level 1:colcon.colcon_core.package_identification:_identify(src/solarbot_cleaning) by extension 'ros'
[0.817s] DEBUG:colcon.colcon_core.package_identification:Package 'src/solarbot_cleaning' with type 'ros.ament_cmake' and name 'solarbot_cleaning'
[0.818s] Level 1:colcon.colcon_core.package_identification:_identify(src/solarbot_description) by extensions ['ignore', 'ignore_ament_install']
[0.818s] Level 1:colcon.colcon_core.package_identification:_identify(src/solarbot_description) by extension 'ignore'
[0.818s] Level 1:colcon.colcon_core.package_identification:_identify(src/solarbot_description) by extension 'ignore_ament_install'
[0.818s] Level 1:colcon.colcon_core.package_identification:_identify(src/solarbot_description) by extensions ['colcon_pkg']
[0.818s] Level 1:colcon.colcon_core.package_identification:_identify(src/solarbot_description) by extension 'colcon_pkg'
[0.818s] Level 1:colcon.colcon_core.package_identification:_identify(src/solarbot_description) by extensions ['colcon_meta']
[0.818s] Level 1:colcon.colcon_core.package_identification:_identify(src/solarbot_description) by extension 'colcon_meta'
[0.818s] Level 1:colcon.colcon_core.package_identification:_identify(src/solarbot_description) by extensions ['ros']
[0.818s] Level 1:colcon.colcon_core.package_identification:_identify(src/solarbot_description) by extension 'ros'
[0.820s] DEBUG:colcon.colcon_core.package_identification:Package 'src/solarbot_description' with type 'ros.ament_cmake' and name 'solarbot_description'
[0.820s] Level 1:colcon.colcon_core.package_identification:_identify(src/solarbot_hardware) by extensions ['ignore', 'ignore_ament_install']
[0.820s] Level 1:colcon.colcon_core.package_identification:_identify(src/solarbot_hardware) by extension 'ignore'
[0.821s] Level 1:colcon.colcon_core.package_identification:_identify(src/solarbot_hardware) by extension 'ignore_ament_install'
[0.821s] Level 1:colcon.colcon_core.package_identification:_identify(src/solarbot_hardware) by extensions ['colcon_pkg']
[0.821s] Level 1:colcon.colcon_core.package_identification:_identify(src/solarbot_hardware) by extension 'colcon_pkg'
[0.821s] Level 1:colcon.colcon_core.package_identification:_identify(src/solarbot_hardware) by extensions ['colcon_meta']
[0.821s] Level 1:colcon.colcon_core.package_identification:_identify(src/solarbot_hardware) by extension 'colcon_meta'
[0.821s] Level 1:colcon.colcon_core.package_identification:_identify(src/solarbot_hardware) by extensions ['ros']
[0.821s] Level 1:colcon.colcon_core.package_identification:_identify(src/solarbot_hardware) by extension 'ros'
[0.822s] DEBUG:colcon.colcon_core.package_identification:Package 'src/solarbot_hardware' with type 'ros.ament_cmake' and name 'solarbot_hardware'
[0.823s] Level 1:colcon.colcon_core.package_identification:_identify(src/solarbot_msgs) by extensions ['ignore', 'ignore_ament_install']
[0.823s] Level 1:colcon.colcon_core.package_identification:_identify(src/solarbot_msgs) by extension 'ignore'
[0.823s] Level 1:colcon.colcon_core.package_identification:_identify(src/solarbot_msgs) by extension 'ignore_ament_install'
[0.823s] Level 1:colcon.colcon_core.package_identification:_identify(src/solarbot_msgs) by extensions ['colcon_pkg']
[0.823s] Level 1:colcon.colcon_core.package_identification:_identify(src/solarbot_msgs) by extension 'colcon_pkg'
[0.823s] Level 1:colcon.colcon_core.package_identification:_identify(src/solarbot_msgs) by extensions ['colcon_meta']
[0.823s] Level 1:colcon.colcon_core.package_identification:_identify(src/solarbot_msgs) by extension 'colcon_meta'
[0.823s] Level 1:colcon.colcon_core.package_identification:_identify(src/solarbot_msgs) by extensions ['ros']
[0.823s] Level 1:colcon.colcon_core.package_identification:_identify(src/solarbot_msgs) by extension 'ros'
[0.825s] DEBUG:colcon.colcon_core.package_identification:Package 'src/solarbot_msgs' with type 'ros.ament_cmake' and name 'solarbot_msgs'
[0.826s] Level 1:colcon.colcon_core.package_identification:_identify(src/solarbot_navigation) by extensions ['ignore', 'ignore_ament_install']
[0.826s] Level 1:colcon.colcon_core.package_identification:_identify(src/solarbot_navigation) by extension 'ignore'
[0.826s] Level 1:colcon.colcon_core.package_identification:_identify(src/solarbot_navigation) by extension 'ignore_ament_install'
[0.827s] Level 1:colcon.colcon_core.package_identification:_identify(src/solarbot_navigation) by extensions ['colcon_pkg']
[0.827s] Level 1:colcon.colcon_core.package_identification:_identify(src/solarbot_navigation) by extension 'colcon_pkg'
[0.827s] Level 1:colcon.colcon_core.package_identification:_identify(src/solarbot_navigation) by extensions ['colcon_meta']
[0.827s] Level 1:colcon.colcon_core.package_identification:_identify(src/solarbot_navigation) by extension 'colcon_meta'
[0.827s] Level 1:colcon.colcon_core.package_identification:_identify(src/solarbot_navigation) by extensions ['ros']
[0.827s] Level 1:colcon.colcon_core.package_identification:_identify(src/solarbot_navigation) by extension 'ros'
[0.828s] DEBUG:colcon.colcon_core.package_identification:Package 'src/solarbot_navigation' with type 'ros.ament_cmake' and name 'solarbot_navigation'
[0.828s] Level 1:colcon.colcon_core.package_discovery:discover_packages(recursive) using defaults
[0.828s] Level 1:colcon.colcon_core.package_discovery:discover_packages(ignore) discover
[0.828s] Level 1:colcon.colcon_core.package_discovery:discover_packages(ignore) using defaults
[0.828s] Level 1:colcon.colcon_core.package_discovery:discover_packages(path) discover
[0.828s] Level 1:colcon.colcon_core.package_discovery:discover_packages(path) using defaults
[0.897s] Level 1:colcon.colcon_core.package_discovery:discover_packages(prefix_path) check parameters
[0.897s] Level 1:colcon.colcon_core.package_discovery:discover_packages(prefix_path) discover
[0.912s] DEBUG:colcon.colcon_installed_package_information.package_discovery:Found 6 installed packages in /home/erum/solarbot_ws/install
[0.916s] DEBUG:colcon.colcon_installed_package_information.package_discovery:Found 532 installed packages in /opt/ros/jazzy
[0.920s] Level 1:colcon.colcon_core.package_discovery:discover_packages(prefix_path) using defaults
[1.194s] Level 5:colcon.colcon_core.verb:set package 'solarbot_bringup' build argument 'cmake_args' from command line to 'None'
[1.194s] Level 5:colcon.colcon_core.verb:set package 'solarbot_bringup' build argument 'cmake_target' from command line to 'None'
[1.194s] Level 5:colcon.colcon_core.verb:set package 'solarbot_bringup' build argument 'cmake_target_skip_unavailable' from command line to 'False'
[1.194s] Level 5:colcon.colcon_core.verb:set package 'solarbot_bringup' build argument 'cmake_clean_cache' from command line to 'False'
[1.194s] Level 5:colcon.colcon_core.verb:set package 'solarbot_bringup' build argument 'cmake_clean_first' from command line to 'False'
[1.194s] Level 5:colcon.colcon_core.verb:set package 'solarbot_bringup' build argument 'cmake_force_configure' from command line to 'False'
[1.194s] Level 5:colcon.colcon_core.verb:set package 'solarbot_bringup' build argument 'ament_cmake_args' from command line to 'None'
[1.194s] Level 5:colcon.colcon_core.verb:set package 'solarbot_bringup' build argument 'catkin_cmake_args' from command line to 'None'
[1.194s] Level 5:colcon.colcon_core.verb:set package 'solarbot_bringup' build argument 'catkin_skip_building_tests' from command line to 'False'
[1.194s] DEBUG:colcon.colcon_core.verb:Building package 'solarbot_bringup' with the following arguments: {'ament_cmake_args': None, 'build_base': '/home/erum/solarbot_ws/build/solarbot_bringup', 'catkin_cmake_args': None, 'catkin_skip_building_tests': False, 'cmake_args': None, 'cmake_clean_cache': False, 'cmake_clean_first': False, 'cmake_force_configure': False, 'cmake_target': None, 'cmake_target_skip_unavailable': False, 'install_base': '/home/erum/solarbot_ws/install/solarbot_bringup', 'merge_install': False, 'path': '/home/erum/solarbot_ws/src/solarbot_bringup', 'symlink_install': True, 'test_result_base': None}
[1.195s] Level 5:colcon.colcon_core.verb:set package 'solarbot_cleaning' build argument 'cmake_args' from command line to 'None'
[1.195s] Level 5:colcon.colcon_core.verb:set package 'solarbot_cleaning' build argument 'cmake_target' from command line to 'None'
[1.195s] Level 5:colcon.colcon_core.verb:set package 'solarbot_cleaning' build argument 'cmake_target_skip_unavailable' from command line to 'False'
[1.195s] Level 5:colcon.colcon_core.verb:set package 'solarbot_cleaning' build argument 'cmake_clean_cache' from command line to 'False'
[1.195s] Level 5:colcon.colcon_core.verb:set package 'solarbot_cleaning' build argument 'cmake_clean_first' from command line to 'False'
[1.195s] Level 5:colcon.colcon_core.verb:set package 'solarbot_cleaning' build argument 'cmake_force_configure' from command line to 'False'
[1.195s] Level 5:colcon.colcon_core.verb:set package 'solarbot_cleaning' build argument 'ament_cmake_args' from command line to 'None'
[1.195s] Level 5:colcon.colcon_core.verb:set package 'solarbot_cleaning' build argument 'catkin_cmake_args' from command line to 'None'
[1.195s] Level 5:colcon.colcon_core.verb:set package 'solarbot_cleaning' build argument 'catkin_skip_building_tests' from command line to 'False'
[1.195s] DEBUG:colcon.colcon_core.verb:Building package 'solarbot_cleaning' with the following arguments: {'ament_cmake_args': None, 'build_base': '/home/erum/solarbot_ws/build/solarbot_cleaning', 'catkin_cmake_args': None, 'catkin_skip_building_tests': False, 'cmake_args': None, 'cmake_clean_cache': False, 'cmake_clean_first': False, 'cmake_force_configure': False, 'cmake_target': None, 'cmake_target_skip_unavailable': False, 'install_base': '/home/erum/solarbot_ws/install/solarbot_cleaning', 'merge_install': False, 'path': '/home/erum/solarbot_ws/src/solarbot_cleaning', 'symlink_install': True, 'test_result_base': None}
[1.195s] Level 5:colcon.colcon_core.verb:set package 'solarbot_description' build argument 'cmake_args' from command line to 'None'
[1.195s] Level 5:colcon.colcon_core.verb:set package 'solarbot_description' build argument 'cmake_target' from command line to 'None'
[1.195s] Level 5:colcon.colcon_core.verb:set package 'solarbot_description' build argument 'cmake_target_skip_unavailable' from command line to 'False'
[1.195s] Level 5:colcon.colcon_core.verb:set package 'solarbot_description' build argument 'cmake_clean_cache' from command line to 'False'
[1.195s] Level 5:colcon.colcon_core.verb:set package 'solarbot_description' build argument 'cmake_clean_first' from command line to 'False'
[1.195s] Level 5:colcon.colcon_core.verb:set package 'solarbot_description' build argument 'cmake_force_configure' from command line to 'False'
[1.195s] Level 5:colcon.colcon_core.verb:set package 'solarbot_description' build argument 'ament_cmake_args' from command line to 'None'
[1.195s] Level 5:colcon.colcon_core.verb:set package 'solarbot_description' build argument 'catkin_cmake_args' from command line to 'None'
[1.195s] Level 5:colcon.colcon_core.verb:set package 'solarbot_description' build argument 'catkin_skip_building_tests' from command line to 'False'
[1.195s] DEBUG:colcon.colcon_core.verb:Building package 'solarbot_description' with the following arguments: {'ament_cmake_args': None, 'build_base': '/home/erum/solarbot_ws/build/solarbot_description', 'catkin_cmake_args': None, 'catkin_skip_building_tests': False, 'cmake_args': None, 'cmake_clean_cache': False, 'cmake_clean_first': False, 'cmake_force_configure': False, 'cmake_target': None, 'cmake_target_skip_unavailable': False, 'install_base': '/home/erum/solarbot_ws/install/solarbot_description', 'merge_install': False, 'path': '/home/erum/solarbot_ws/src/solarbot_description', 'symlink_install': True, 'test_result_base': None}
[1.196s] Level 5:colcon.colcon_core.verb:set package 'solarbot_hardware' build argument 'cmake_args' from command line to 'None'
[1.196s] Level 5:colcon.colcon_core.verb:set package 'solarbot_hardware' build argument 'cmake_target' from command line to 'None'
[1.196s] Level 5:colcon.colcon_core.verb:set package 'solarbot_hardware' build argument 'cmake_target_skip_unavailable' from command line to 'False'
[1.196s] Level 5:colcon.colcon_core.verb:set package 'solarbot_hardware' build argument 'cmake_clean_cache' from command line to 'False'
[1.196s] Level 5:colcon.colcon_core.verb:set package 'solarbot_hardware' build argument 'cmake_clean_first' from command line to 'False'
[1.196s] Level 5:colcon.colcon_core.verb:set package 'solarbot_hardware' build argument 'cmake_force_configure' from command line to 'False'
[1.196s] Level 5:colcon.colcon_core.verb:set package 'solarbot_hardware' build argument 'ament_cmake_args' from command line to 'None'
[1.196s] Level 5:colcon.colcon_core.verb:set package 'solarbot_hardware' build argument 'catkin_cmake_args' from command line to 'None'
[1.196s] Level 5:colcon.colcon_core.verb:set package 'solarbot_hardware' build argument 'catkin_skip_building_tests' from command line to 'False'
[1.196s] DEBUG:colcon.colcon_core.verb:Building package 'solarbot_hardware' with the following arguments: {'ament_cmake_args': None, 'build_base': '/home/erum/solarbot_ws/build/solarbot_hardware', 'catkin_cmake_args': None, 'catkin_skip_building_tests': False, 'cmake_args': None, 'cmake_clean_cache': False, 'cmake_clean_first': False, 'cmake_force_configure': False, 'cmake_target': None, 'cmake_target_skip_unavailable': False, 'install_base': '/home/erum/solarbot_ws/install/solarbot_hardware', 'merge_install': False, 'path': '/home/erum/solarbot_ws/src/solarbot_hardware', 'symlink_install': True, 'test_result_base': None}
[1.196s] Level 5:colcon.colcon_core.verb:set package 'solarbot_msgs' build argument 'cmake_args' from command line to 'None'
[1.196s] Level 5:colcon.colcon_core.verb:set package 'solarbot_msgs' build argument 'cmake_target' from command line to 'None'
[1.196s] Level 5:colcon.colcon_core.verb:set package 'solarbot_msgs' build argument 'cmake_target_skip_unavailable' from command line to 'False'
[1.196s] Level 5:colcon.colcon_core.verb:set package 'solarbot_msgs' build argument 'cmake_clean_cache' from command line to 'False'
[1.196s] Level 5:colcon.colcon_core.verb:set package 'solarbot_msgs' build argument 'cmake_clean_first' from command line to 'False'
[1.196s] Level 5:colcon.colcon_core.verb:set package 'solarbot_msgs' build argument 'cmake_force_configure' from command line to 'False'
[1.196s] Level 5:colcon.colcon_core.verb:set package 'solarbot_msgs' build argument 'ament_cmake_args' from command line to 'None'
[1.196s] Level 5:colcon.colcon_core.verb:set package 'solarbot_msgs' build argument 'catkin_cmake_args' from command line to 'None'
[1.196s] Level 5:colcon.colcon_core.verb:set package 'solarbot_msgs' build argument 'catkin_skip_building_tests' from command line to 'False'
[1.196s] DEBUG:colcon.colcon_core.verb:Building package 'solarbot_msgs' with the following arguments: {'ament_cmake_args': None, 'build_base': '/home/erum/solarbot_ws/build/solarbot_msgs', 'catkin_cmake_args': None, 'catkin_skip_building_tests': False, 'cmake_args': None, 'cmake_clean_cache': False, 'cmake_clean_first': False, 'cmake_force_configure': False, 'cmake_target': None, 'cmake_target_skip_unavailable': False, 'install_base': '/home/erum/solarbot_ws/install/solarbot_msgs', 'merge_install': False, 'path': '/home/erum/solarbot_ws/src/solarbot_msgs', 'symlink_install': True, 'test_result_base': None}
[1.197s] Level 5:colcon.colcon_core.verb:set package 'solarbot_navigation' build argument 'cmake_args' from command line to 'None'
[1.197s] Level 5:colcon.colcon_core.verb:set package 'solarbot_navigation' build argument 'cmake_target' from command line to 'None'
[1.197s] Level 5:colcon.colcon_core.verb:set package 'solarbot_navigation' build argument 'cmake_target_skip_unavailable' from command line to 'False'
[1.197s] Level 5:colcon.colcon_core.verb:set package 'solarbot_navigation' build argument 'cmake_clean_cache' from command line to 'False'
[1.197s] Level 5:colcon.colcon_core.verb:set package 'solarbot_navigation' build argument 'cmake_clean_first' from command line to 'False'
[1.197s] Level 5:colcon.colcon_core.verb:set package 'solarbot_navigation' build argument 'cmake_force_configure' from command line to 'False'
[1.197s] Level 5:colcon.colcon_core.verb:set package 'solarbot_navigation' build argument 'ament_cmake_args' from command line to 'None'
[1.197s] Level 5:colcon.colcon_core.verb:set package 'solarbot_navigation' build argument 'catkin_cmake_args' from command line to 'None'
[1.197s] Level 5:colcon.colcon_core.verb:set package 'solarbot_navigation' build argument 'catkin_skip_building_tests' from command line to 'False'
[1.197s] DEBUG:colcon.colcon_core.verb:Building package 'solarbot_navigation' with the following arguments: {'ament_cmake_args': None, 'build_base': '/home/erum/solarbot_ws/build/solarbot_navigation', 'catkin_cmake_args': None, 'catkin_skip_building_tests': False, 'cmake_args': None, 'cmake_clean_cache': False, 'cmake_clean_first': False, 'cmake_force_configure': False, 'cmake_target': None, 'cmake_target_skip_unavailable': False, 'install_base': '/home/erum/solarbot_ws/install/solarbot_navigation', 'merge_install': False, 'path': '/home/erum/solarbot_ws/src/solarbot_navigation', 'symlink_install': True, 'test_result_base': None}
[1.197s] INFO:colcon.colcon_core.executor:Executing jobs using 'parallel' executor
[1.199s] DEBUG:colcon.colcon_parallel_executor.executor.parallel:run_until_complete
[1.199s] INFO:colcon.colcon_ros.task.ament_cmake.build:Building ROS package in '/home/erum/solarbot_ws/src/solarbot_bringup' with build type 'ament_cmake'
[1.199s] INFO:colcon.colcon_cmake.task.cmake.build:Building CMake package in '/home/erum/solarbot_ws/src/solarbot_bringup'
[1.207s] INFO:colcon.colcon_core.plugin_system:Skipping extension 'colcon_core.shell.bat': Not used on non-Windows systems
[1.208s] INFO:colcon.colcon_core.shell:Skip shell extension 'powershell' for command environment: Not usable outside of PowerShell
[1.208s] DEBUG:colcon.colcon_core.shell:Skip shell extension 'dsv' for command environment
[1.217s] INFO:colcon.colcon_ros.task.ament_cmake.build:Building ROS package in '/home/erum/solarbot_ws/src/solarbot_cleaning' with build type 'ament_cmake'
[1.218s] INFO:colcon.colcon_cmake.task.cmake.build:Building CMake package in '/home/erum/solarbot_ws/src/solarbot_cleaning'
[1.219s] INFO:colcon.colcon_core.shell:Skip shell extension 'powershell' for command environment: Not usable outside of PowerShell
[1.219s] DEBUG:colcon.colcon_core.shell:Skip shell extension 'dsv' for command environment
[1.253s] DEBUG:colcon.colcon_core.event_handler.log_command:Invoking command in '/home/erum/solarbot_ws/build/solarbot_bringup': CMAKE_PREFIX_PATH=${CMAKE_PREFIX_PATH}:/opt/ros/jazzy DEBUGINFOD_URLS=https://debuginfod.ubuntu.com /usr/bin/cmake --build /home/erum/solarbot_ws/build/solarbot_bringup -- -j2 -l2
[1.268s] DEBUG:colcon.colcon_core.event_handler.log_command:Invoking command in '/home/erum/solarbot_ws/build/solarbot_cleaning': CMAKE_PREFIX_PATH=${CMAKE_PREFIX_PATH}:/opt/ros/jazzy DEBUGINFOD_URLS=https://debuginfod.ubuntu.com /usr/bin/cmake --build /home/erum/solarbot_ws/build/solarbot_cleaning -- -j2 -l2
[1.499s] DEBUG:colcon.colcon_core.event_handler.log_command:Invoked command in '/home/erum/solarbot_ws/build/solarbot_cleaning' returned '0': CMAKE_PREFIX_PATH=${CMAKE_PREFIX_PATH}:/opt/ros/jazzy DEBUGINFOD_URLS=https://debuginfod.ubuntu.com /usr/bin/cmake --build /home/erum/solarbot_ws/build/solarbot_cleaning -- -j2 -l2
[1.518s] DEBUG:colcon.colcon_core.event_handler.log_command:Invoking command in '/home/erum/solarbot_ws/build/solarbot_cleaning': CMAKE_PREFIX_PATH=${CMAKE_PREFIX_PATH}:/opt/ros/jazzy DEBUGINFOD_URLS=https://debuginfod.ubuntu.com /usr/bin/cmake --install /home/erum/solarbot_ws/build/solarbot_cleaning
[1.522s] DEBUG:colcon.colcon_core.event_handler.log_command:Invoked command in '/home/erum/solarbot_ws/build/solarbot_bringup' returned '0': CMAKE_PREFIX_PATH=${CMAKE_PREFIX_PATH}:/opt/ros/jazzy DEBUGINFOD_URLS=https://debuginfod.ubuntu.com /usr/bin/cmake --build /home/erum/solarbot_ws/build/solarbot_bringup -- -j2 -l2
[1.523s] DEBUG:colcon.colcon_core.event_handler.log_command:Invoking command in '/home/erum/solarbot_ws/build/solarbot_bringup': CMAKE_PREFIX_PATH=${CMAKE_PREFIX_PATH}:/opt/ros/jazzy DEBUGINFOD_URLS=https://debuginfod.ubuntu.com /usr/bin/cmake --install /home/erum/solarbot_ws/build/solarbot_bringup
[1.581s] Level 1:colcon.colcon_core.environment:create_environment_scripts_only(solarbot_bringup)
[1.583s] DEBUG:colcon.colcon_core.event_handler.log_command:Invoked command in '/home/erum/solarbot_ws/build/solarbot_bringup' returned '0': CMAKE_PREFIX_PATH=${CMAKE_PREFIX_PATH}:/opt/ros/jazzy DEBUGINFOD_URLS=https://debuginfod.ubuntu.com /usr/bin/cmake --install /home/erum/solarbot_ws/build/solarbot_bringup
[1.589s] Level 1:colcon.colcon_core.environment:checking '/home/erum/solarbot_ws/install/solarbot_bringup' for CMake module files
[1.590s] Level 1:colcon.colcon_core.environment:checking '/home/erum/solarbot_ws/install/solarbot_bringup' for CMake config files
[1.590s] Level 1:colcon.colcon_core.shell:create_environment_hook('solarbot_bringup', 'cmake_prefix_path')
[1.591s] INFO:colcon.colcon_core.shell:Creating environment hook '/home/erum/solarbot_ws/install/solarbot_bringup/share/solarbot_bringup/hook/cmake_prefix_path.ps1'
[1.592s] INFO:colcon.colcon_core.shell:Creating environment descriptor '/home/erum/solarbot_ws/install/solarbot_bringup/share/solarbot_bringup/hook/cmake_prefix_path.dsv'
[1.593s] INFO:colcon.colcon_core.shell:Creating environment hook '/home/erum/solarbot_ws/install/solarbot_bringup/share/solarbot_bringup/hook/cmake_prefix_path.sh'
[1.595s] Level 1:colcon.colcon_core.environment:checking '/home/erum/solarbot_ws/install/solarbot_bringup/bin'
[1.595s] Level 1:colcon.colcon_core.environment:checking '/home/erum/solarbot_ws/install/solarbot_bringup/lib/pkgconfig/solarbot_bringup.pc'
[1.595s] Level 1:colcon.colcon_core.environment:checking '/home/erum/solarbot_ws/install/solarbot_bringup/lib/python3.12/site-packages'
[1.596s] Level 1:colcon.colcon_core.environment:checking '/home/erum/solarbot_ws/install/solarbot_bringup/bin'
[1.596s] INFO:colcon.colcon_core.shell:Creating package script '/home/erum/solarbot_ws/install/solarbot_bringup/share/solarbot_bringup/package.ps1'
[1.597s] INFO:colcon.colcon_core.shell:Creating package descriptor '/home/erum/solarbot_ws/install/solarbot_bringup/share/solarbot_bringup/package.dsv'
[1.598s] INFO:colcon.colcon_core.shell:Creating package script '/home/erum/solarbot_ws/install/solarbot_bringup/share/solarbot_bringup/package.sh'
[1.600s] INFO:colcon.colcon_core.shell:Creating package script '/home/erum/solarbot_ws/install/solarbot_bringup/share/solarbot_bringup/package.bash'
[1.601s] INFO:colcon.colcon_core.shell:Creating package script '/home/erum/solarbot_ws/install/solarbot_bringup/share/solarbot_bringup/package.zsh'
[1.602s] Level 1:colcon.colcon_core.environment:create_file_with_runtime_dependencies(/home/erum/solarbot_ws/install/solarbot_bringup/share/colcon-core/packages/solarbot_bringup)
[1.603s] Level 1:colcon.colcon_core.environment:create_environment_scripts_only(solarbot_bringup)
[1.603s] Level 1:colcon.colcon_core.environment:checking '/home/erum/solarbot_ws/install/solarbot_bringup' for CMake module files
[1.604s] Level 1:colcon.colcon_core.environment:checking '/home/erum/solarbot_ws/install/solarbot_bringup' for CMake config files
[1.605s] Level 1:colcon.colcon_core.shell:create_environment_hook('solarbot_bringup', 'cmake_prefix_path')
[1.605s] INFO:colcon.colcon_core.shell:Creating environment hook '/home/erum/solarbot_ws/install/solarbot_bringup/share/solarbot_bringup/hook/cmake_prefix_path.ps1'
[1.606s] INFO:colcon.colcon_core.shell:Creating environment descriptor '/home/erum/solarbot_ws/install/solarbot_bringup/share/solarbot_bringup/hook/cmake_prefix_path.dsv'
[1.606s] INFO:colcon.colcon_core.shell:Creating environment hook '/home/erum/solarbot_ws/install/solarbot_bringup/share/solarbot_bringup/hook/cmake_prefix_path.sh'
[1.607s] Level 1:colcon.colcon_core.environment:checking '/home/erum/solarbot_ws/install/solarbot_bringup/bin'
[1.607s] Level 1:colcon.colcon_core.environment:checking '/home/erum/solarbot_ws/install/solarbot_bringup/lib/pkgconfig/solarbot_bringup.pc'
[1.608s] Level 1:colcon.colcon_core.environment:checking '/home/erum/solarbot_ws/install/solarbot_bringup/lib/python3.12/site-packages'
[1.608s] Level 1:colcon.colcon_core.environment:checking '/home/erum/solarbot_ws/install/solarbot_bringup/bin'
[1.608s] INFO:colcon.colcon_core.shell:Creating package script '/home/erum/solarbot_ws/install/solarbot_bringup/share/solarbot_bringup/package.ps1'
[1.609s] INFO:colcon.colcon_core.shell:Creating package descriptor '/home/erum/solarbot_ws/install/solarbot_bringup/share/solarbot_bringup/package.dsv'
[1.610s] INFO:colcon.colcon_core.shell:Creating package script '/home/erum/solarbot_ws/install/solarbot_bringup/share/solarbot_bringup/package.sh'
[1.611s] INFO:colcon.colcon_core.shell:Creating package script '/home/erum/solarbot_ws/install/solarbot_bringup/share/solarbot_bringup/package.bash'
[1.611s] INFO:colcon.colcon_core.shell:Creating package script '/home/erum/solarbot_ws/install/solarbot_bringup/share/solarbot_bringup/package.zsh'
[1.612s] Level 1:colcon.colcon_core.environment:create_file_with_runtime_dependencies(/home/erum/solarbot_ws/install/solarbot_bringup/share/colcon-core/packages/solarbot_bringup)
[1.614s] INFO:colcon.colcon_ros.task.ament_cmake.build:Building ROS package in '/home/erum/solarbot_ws/src/solarbot_description' with build type 'ament_cmake'
[1.614s] INFO:colcon.colcon_cmake.task.cmake.build:Building CMake package in '/home/erum/solarbot_ws/src/solarbot_description'
[1.614s] INFO:colcon.colcon_core.shell:Skip shell extension 'powershell' for command environment: Not usable outside of PowerShell
[1.614s] DEBUG:colcon.colcon_core.shell:Skip shell extension 'dsv' for command environment
[1.622s] Level 1:colcon.colcon_core.environment:create_environment_scripts_only(solarbot_cleaning)
[1.623s] Level 1:colcon.colcon_core.environment:checking '/home/erum/solarbot_ws/install/solarbot_cleaning' for CMake module files
[1.624s] DEBUG:colcon.colcon_core.event_handler.log_command:Invoked command in '/home/erum/solarbot_ws/build/solarbot_cleaning' returned '0': CMAKE_PREFIX_PATH=${CMAKE_PREFIX_PATH}:/opt/ros/jazzy DEBUGINFOD_URLS=https://debuginfod.ubuntu.com /usr/bin/cmake --install /home/erum/solarbot_ws/build/solarbot_cleaning
[1.624s] Level 1:colcon.colcon_core.environment:checking '/home/erum/solarbot_ws/install/solarbot_cleaning' for CMake config files
[1.625s] Level 1:colcon.colcon_core.shell:create_environment_hook('solarbot_cleaning', 'cmake_prefix_path')
[1.625s] INFO:colcon.colcon_core.shell:Creating environment hook '/home/erum/solarbot_ws/install/solarbot_cleaning/share/solarbot_cleaning/hook/cmake_prefix_path.ps1'
[1.626s] INFO:colcon.colcon_core.shell:Creating environment descriptor '/home/erum/solarbot_ws/install/solarbot_cleaning/share/solarbot_cleaning/hook/cmake_prefix_path.dsv'
[1.627s] INFO:colcon.colcon_core.shell:Creating environment hook '/home/erum/solarbot_ws/install/solarbot_cleaning/share/solarbot_cleaning/hook/cmake_prefix_path.sh'
[1.629s] Level 1:colcon.colcon_core.environment:checking '/home/erum/solarbot_ws/install/solarbot_cleaning/bin'
[1.631s] Level 1:colcon.colcon_core.environment:checking '/home/erum/solarbot_ws/install/solarbot_cleaning/lib/pkgconfig/solarbot_cleaning.pc'
[1.632s] Level 1:colcon.colcon_core.environment:checking '/home/erum/solarbot_ws/install/solarbot_cleaning/lib/python3.12/site-packages'
[1.632s] Level 1:colcon.colcon_core.environment:checking '/home/erum/solarbot_ws/install/solarbot_cleaning/bin'
[1.633s] INFO:colcon.colcon_core.shell:Creating package script '/home/erum/solarbot_ws/install/solarbot_cleaning/share/solarbot_cleaning/package.ps1'
[1.634s] INFO:colcon.colcon_core.shell:Creating package descriptor '/home/erum/solarbot_ws/install/solarbot_cleaning/share/solarbot_cleaning/package.dsv'
[1.635s] INFO:colcon.colcon_core.shell:Creating package script '/home/erum/solarbot_ws/install/solarbot_cleaning/share/solarbot_cleaning/package.sh'
[1.636s] INFO:colcon.colcon_core.shell:Creating package script '/home/erum/solarbot_ws/install/solarbot_cleaning/share/solarbot_cleaning/package.bash'
[1.636s] INFO:colcon.colcon_core.shell:Creating package script '/home/erum/solarbot_ws/install/solarbot_cleaning/share/solarbot_cleaning/package.zsh'
[1.638s] Level 1:colcon.colcon_core.environment:create_file_with_runtime_dependencies(/home/erum/solarbot_ws/install/solarbot_cleaning/share/colcon-core/packages/solarbot_cleaning)
[1.640s] Level 1:colcon.colcon_core.environment:create_environment_scripts_only(solarbot_cleaning)
[1.641s] Level 1:colcon.colcon_core.environment:checking '/home/erum/solarbot_ws/install/solarbot_cleaning' for CMake module files
[1.644s] Level 1:colcon.colcon_core.environment:checking '/home/erum/solarbot_ws/install/solarbot_cleaning' for CMake config files
[1.644s] Level 1:colcon.colcon_core.shell:create_environment_hook('solarbot_cleaning', 'cmake_prefix_path')
[1.644s] INFO:colcon.colcon_core.shell:Creating environment hook '/home/erum/solarbot_ws/install/solarbot_cleaning/share/solarbot_cleaning/hook/cmake_prefix_path.ps1'
[1.646s] INFO:colcon.colcon_core.shell:Creating environment descriptor '/home/erum/solarbot_ws/install/solarbot_cleaning/share/solarbot_cleaning/hook/cmake_prefix_path.dsv'
[1.649s] INFO:colcon.colcon_core.shell:Creating environment hook '/home/erum/solarbot_ws/install/solarbot_cleaning/share/solarbot_cleaning/hook/cmake_prefix_path.sh'
[1.651s] Level 1:colcon.colcon_core.environment:checking '/home/erum/solarbot_ws/install/solarbot_cleaning/bin'
[1.651s] Level 1:colcon.colcon_core.environment:checking '/home/erum/solarbot_ws/install/solarbot_cleaning/lib/pkgconfig/solarbot_cleaning.pc'
[1.651s] Level 1:colcon.colcon_core.environment:checking '/home/erum/solarbot_ws/install/solarbot_cleaning/lib/python3.12/site-packages'
[1.652s] Level 1:colcon.colcon_core.environment:checking '/home/erum/solarbot_ws/install/solarbot_cleaning/bin'
[1.652s] INFO:colcon.colcon_core.shell:Creating package script '/home/erum/solarbot_ws/install/solarbot_cleaning/share/solarbot_cleaning/package.ps1'
[1.653s] INFO:colcon.colcon_core.shell:Creating package descriptor '/home/erum/solarbot_ws/install/solarbot_cleaning/share/solarbot_cleaning/package.dsv'
[1.655s] INFO:colcon.colcon_core.shell:Creating package script '/home/erum/solarbot_ws/install/solarbot_cleaning/share/solarbot_cleaning/package.sh'
[1.656s] INFO:colcon.colcon_core.shell:Creating package script '/home/erum/solarbot_ws/install/solarbot_cleaning/share/solarbot_cleaning/package.bash'
[1.656s] INFO:colcon.colcon_core.shell:Creating package script '/home/erum/solarbot_ws/install/solarbot_cleaning/share/solarbot_cleaning/package.zsh'
[1.657s] Level 1:colcon.colcon_core.environment:create_file_with_runtime_dependencies(/home/erum/solarbot_ws/install/solarbot_cleaning/share/colcon-core/packages/solarbot_cleaning)
[1.658s] INFO:colcon.colcon_ros.task.ament_cmake.build:Building ROS package in '/home/erum/solarbot_ws/src/solarbot_hardware' with build type 'ament_cmake'
[1.659s] INFO:colcon.colcon_cmake.task.cmake.build:Building CMake package in '/home/erum/solarbot_ws/src/solarbot_hardware'
[1.660s] INFO:colcon.colcon_core.shell:Skip shell extension 'powershell' for command environment: Not usable outside of PowerShell
[1.660s] DEBUG:colcon.colcon_core.shell:Skip shell extension 'dsv' for command environment
[1.690s] DEBUG:colcon.colcon_core.event_handler.log_command:Invoking command in '/home/erum/solarbot_ws/build/solarbot_description': CMAKE_PREFIX_PATH=${CMAKE_PREFIX_PATH}:/opt/ros/jazzy DEBUGINFOD_URLS=https://debuginfod.ubuntu.com /usr/bin/cmake --build /home/erum/solarbot_ws/build/solarbot_description -- -j2 -l2
[1.691s] DEBUG:colcon.colcon_core.event_handler.log_command:Invoking command in '/home/erum/solarbot_ws/build/solarbot_hardware': CMAKE_PREFIX_PATH=${CMAKE_PREFIX_PATH}:/opt/ros/jazzy DEBUGINFOD_URLS=https://debuginfod.ubuntu.com /usr/bin/cmake --build /home/erum/solarbot_ws/build/solarbot_hardware -- -j2 -l2
[1.762s] DEBUG:colcon.colcon_core.event_handler.log_command:Invoked command in '/home/erum/solarbot_ws/build/solarbot_description' returned '0': CMAKE_PREFIX_PATH=${CMAKE_PREFIX_PATH}:/opt/ros/jazzy DEBUGINFOD_URLS=https://debuginfod.ubuntu.com /usr/bin/cmake --build /home/erum/solarbot_ws/build/solarbot_description -- -j2 -l2
[1.765s] DEBUG:colcon.colcon_core.event_handler.log_command:Invoking command in '/home/erum/solarbot_ws/build/solarbot_description': CMAKE_PREFIX_PATH=${CMAKE_PREFIX_PATH}:/opt/ros/jazzy DEBUGINFOD_URLS=https://debuginfod.ubuntu.com /usr/bin/cmake --install /home/erum/solarbot_ws/build/solarbot_description
[1.766s] DEBUG:colcon.colcon_core.event_handler.log_command:Invoked command in '/home/erum/solarbot_ws/build/solarbot_hardware' returned '0': CMAKE_PREFIX_PATH=${CMAKE_PREFIX_PATH}:/opt/ros/jazzy DEBUGINFOD_URLS=https://debuginfod.ubuntu.com /usr/bin/cmake --build /home/erum/solarbot_ws/build/solarbot_hardware -- -j2 -l2
[1.770s] DEBUG:colcon.colcon_core.event_handler.log_command:Invoking command in '/home/erum/solarbot_ws/build/solarbot_hardware': CMAKE_PREFIX_PATH=${CMAKE_PREFIX_PATH}:/opt/ros/jazzy DEBUGINFOD_URLS=https://debuginfod.ubuntu.com /usr/bin/cmake --install /home/erum/solarbot_ws/build/solarbot_hardware
[1.836s] Level 1:colcon.colcon_core.environment:create_environment_scripts_only(solarbot_hardware)
[1.837s] Level 1:colcon.colcon_core.environment:checking '/home/erum/solarbot_ws/install/solarbot_hardware' for CMake module files
[1.838s] Level 1:colcon.colcon_core.environment:checking '/home/erum/solarbot_ws/install/solarbot_hardware' for CMake config files
[1.837s] DEBUG:colcon.colcon_core.event_handler.log_command:Invoked command in '/home/erum/solarbot_ws/build/solarbot_hardware' returned '0': CMAKE_PREFIX_PATH=${CMAKE_PREFIX_PATH}:/opt/ros/jazzy DEBUGINFOD_URLS=https://debuginfod.ubuntu.com /usr/bin/cmake --install /home/erum/solarbot_ws/build/solarbot_hardware
[1.839s] Level 1:colcon.colcon_core.shell:create_environment_hook('solarbot_hardware', 'cmake_prefix_path')
[1.839s] INFO:colcon.colcon_core.shell:Creating environment hook '/home/erum/solarbot_ws/install/solarbot_hardware/share/solarbot_hardware/hook/cmake_prefix_path.ps1'
[1.841s] INFO:colcon.colcon_core.shell:Creating environment descriptor '/home/erum/solarbot_ws/install/solarbot_hardware/share/solarbot_hardware/hook/cmake_prefix_path.dsv'
[1.842s] INFO:colcon.colcon_core.shell:Creating environment hook '/home/erum/solarbot_ws/install/solarbot_hardware/share/solarbot_hardware/hook/cmake_prefix_path.sh'
[1.844s] Level 1:colcon.colcon_core.environment:checking '/home/erum/solarbot_ws/install/solarbot_hardware/bin'
[1.844s] Level 1:colcon.colcon_core.environment:checking '/home/erum/solarbot_ws/install/solarbot_hardware/lib/pkgconfig/solarbot_hardware.pc'
[1.844s] Level 1:colcon.colcon_core.environment:checking '/home/erum/solarbot_ws/install/solarbot_hardware/lib/python3.12/site-packages'
[1.845s] Level 1:colcon.colcon_core.environment:checking '/home/erum/solarbot_ws/install/solarbot_hardware/bin'
[1.845s] INFO:colcon.colcon_core.shell:Creating package script '/home/erum/solarbot_ws/install/solarbot_hardware/share/solarbot_hardware/package.ps1'
[1.848s] INFO:colcon.colcon_core.shell:Creating package descriptor '/home/erum/solarbot_ws/install/solarbot_hardware/share/solarbot_hardware/package.dsv'
[1.848s] INFO:colcon.colcon_core.shell:Creating package script '/home/erum/solarbot_ws/install/solarbot_hardware/share/solarbot_hardware/package.sh'
[1.849s] INFO:colcon.colcon_core.shell:Creating package script '/home/erum/solarbot_ws/install/solarbot_hardware/share/solarbot_hardware/package.bash'
[1.850s] INFO:colcon.colcon_core.shell:Creating package script '/home/erum/solarbot_ws/install/solarbot_hardware/share/solarbot_hardware/package.zsh'
[1.852s] Level 1:colcon.colcon_core.environment:create_file_with_runtime_dependencies(/home/erum/solarbot_ws/install/solarbot_hardware/share/colcon-core/packages/solarbot_hardware)
[1.853s] Level 1:colcon.colcon_core.environment:create_environment_scripts_only(solarbot_hardware)
[1.853s] Level 1:colcon.colcon_core.environment:checking '/home/erum/solarbot_ws/install/solarbot_hardware' for CMake module files
[1.854s] Level 1:colcon.colcon_core.environment:checking '/home/erum/solarbot_ws/install/solarbot_hardware' for CMake config files
[1.855s] Level 1:colcon.colcon_core.shell:create_environment_hook('solarbot_hardware', 'cmake_prefix_path')
[1.855s] INFO:colcon.colcon_core.shell:Creating environment hook '/home/erum/solarbot_ws/install/solarbot_hardware/share/solarbot_hardware/hook/cmake_prefix_path.ps1'
[1.857s] INFO:colcon.colcon_core.shell:Creating environment descriptor '/home/erum/solarbot_ws/install/solarbot_hardware/share/solarbot_hardware/hook/cmake_prefix_path.dsv'
[1.858s] INFO:colcon.colcon_core.shell:Creating environment hook '/home/erum/solarbot_ws/install/solarbot_hardware/share/solarbot_hardware/hook/cmake_prefix_path.sh'
[1.859s] Level 1:colcon.colcon_core.environment:checking '/home/erum/solarbot_ws/install/solarbot_hardware/bin'
[1.859s] Level 1:colcon.colcon_core.environment:checking '/home/erum/solarbot_ws/install/solarbot_hardware/lib/pkgconfig/solarbot_hardware.pc'
[1.859s] Level 1:colcon.colcon_core.environment:checking '/home/erum/solarbot_ws/install/solarbot_hardware/lib/python3.12/site-packages'
[1.860s] Level 1:colcon.colcon_core.environment:checking '/home/erum/solarbot_ws/install/solarbot_hardware/bin'
[1.860s] INFO:colcon.colcon_core.shell:Creating package script '/home/erum/solarbot_ws/install/solarbot_hardware/share/solarbot_hardware/package.ps1'
[1.861s] INFO:colcon.colcon_core.shell:Creating package descriptor '/home/erum/solarbot_ws/install/solarbot_hardware/share/solarbot_hardware/package.dsv'
[1.862s] INFO:colcon.colcon_core.shell:Creating package script '/home/erum/solarbot_ws/install/solarbot_hardware/share/solarbot_hardware/package.sh'
[1.863s] INFO:colcon.colcon_core.shell:Creating package script '/home/erum/solarbot_ws/install/solarbot_hardware/share/solarbot_hardware/package.bash'
[1.864s] INFO:colcon.colcon_core.shell:Creating package script '/home/erum/solarbot_ws/install/solarbot_hardware/share/solarbot_hardware/package.zsh'
[1.865s] Level 1:colcon.colcon_core.environment:create_file_with_runtime_dependencies(/home/erum/solarbot_ws/install/solarbot_hardware/share/colcon-core/packages/solarbot_hardware)
[1.865s] INFO:colcon.colcon_ros.task.ament_cmake.build:Building ROS package in '/home/erum/solarbot_ws/src/solarbot_msgs' with build type 'ament_cmake'
[1.865s] INFO:colcon.colcon_cmake.task.cmake.build:Building CMake package in '/home/erum/solarbot_ws/src/solarbot_msgs'
[1.866s] INFO:colcon.colcon_core.shell:Skip shell extension 'powershell' for command environment: Not usable outside of PowerShell
[1.866s] DEBUG:colcon.colcon_core.shell:Skip shell extension 'dsv' for command environment
[1.902s] Level 1:colcon.colcon_core.environment:create_environment_scripts_only(solarbot_description)
[1.903s] Level 1:colcon.colcon_core.environment:checking '/home/erum/solarbot_ws/install/solarbot_description' for CMake module files
[1.906s] Level 1:colcon.colcon_core.environment:checking '/home/erum/solarbot_ws/install/solarbot_description' for CMake config files
[1.913s] DEBUG:colcon.colcon_core.event_handler.log_command:Invoking command in '/home/erum/solarbot_ws/build/solarbot_msgs': CMAKE_PREFIX_PATH=${CMAKE_PREFIX_PATH}:/opt/ros/jazzy DEBUGINFOD_URLS=https://debuginfod.ubuntu.com /usr/bin/cmake --build /home/erum/solarbot_ws/build/solarbot_msgs -- -j2 -l2
[1.913s] Level 1:colcon.colcon_core.shell:create_environment_hook('solarbot_description', 'cmake_prefix_path')
[1.914s] INFO:colcon.colcon_core.shell:Creating environment hook '/home/erum/solarbot_ws/install/solarbot_description/share/solarbot_description/hook/cmake_prefix_path.ps1'
[1.916s] DEBUG:colcon.colcon_core.event_handler.log_command:Invoked command in '/home/erum/solarbot_ws/build/solarbot_description' returned '0': CMAKE_PREFIX_PATH=${CMAKE_PREFIX_PATH}:/opt/ros/jazzy DEBUGINFOD_URLS=https://debuginfod.ubuntu.com /usr/bin/cmake --install /home/erum/solarbot_ws/build/solarbot_description
[1.917s] INFO:colcon.colcon_core.shell:Creating environment descriptor '/home/erum/solarbot_ws/install/solarbot_description/share/solarbot_description/hook/cmake_prefix_path.dsv'
[1.918s] INFO:colcon.colcon_core.shell:Creating environment hook '/home/erum/solarbot_ws/install/solarbot_description/share/solarbot_description/hook/cmake_prefix_path.sh'
[1.920s] Level 1:colcon.colcon_core.environment:checking '/home/erum/solarbot_ws/install/solarbot_description/bin'
[1.920s] Level 1:colcon.colcon_core.environment:checking '/home/erum/solarbot_ws/install/solarbot_description/lib/pkgconfig/solarbot_description.pc'
[1.920s] Level 1:colcon.colcon_core.environment:checking '/home/erum/solarbot_ws/install/solarbot_description/lib/python3.12/site-packages'
[1.921s] Level 1:colcon.colcon_core.environment:checking '/home/erum/solarbot_ws/install/solarbot_description/bin'
[1.921s] INFO:colcon.colcon_core.shell:Creating package script '/home/erum/solarbot_ws/install/solarbot_description/share/solarbot_description/package.ps1'
[1.922s] INFO:colcon.colcon_core.shell:Creating package descriptor '/home/erum/solarbot_ws/install/solarbot_description/share/solarbot_description/package.dsv'
[1.923s] INFO:colcon.colcon_core.shell:Creating package script '/home/erum/solarbot_ws/install/solarbot_description/share/solarbot_description/package.sh'
[1.923s] INFO:colcon.colcon_core.shell:Creating package script '/home/erum/solarbot_ws/install/solarbot_description/share/solarbot_description/package.bash'
[1.925s] INFO:colcon.colcon_core.shell:Creating package script '/home/erum/solarbot_ws/install/solarbot_description/share/solarbot_description/package.zsh'
[1.926s] Level 1:colcon.colcon_core.environment:create_file_with_runtime_dependencies(/home/erum/solarbot_ws/install/solarbot_description/share/colcon-core/packages/solarbot_description)
[1.928s] Level 1:colcon.colcon_core.environment:create_environment_scripts_only(solarbot_description)
[1.929s] Level 1:colcon.colcon_core.environment:checking '/home/erum/solarbot_ws/install/solarbot_description' for CMake module files
[1.929s] Level 1:colcon.colcon_core.environment:checking '/home/erum/solarbot_ws/install/solarbot_description' for CMake config files
[1.930s] Level 1:colcon.colcon_core.shell:create_environment_hook('solarbot_description', 'cmake_prefix_path')
[1.930s] INFO:colcon.colcon_core.shell:Creating environment hook '/home/erum/solarbot_ws/install/solarbot_description/share/solarbot_description/hook/cmake_prefix_path.ps1'
[1.931s] INFO:colcon.colcon_core.shell:Creating environment descriptor '/home/erum/solarbot_ws/install/solarbot_description/share/solarbot_description/hook/cmake_prefix_path.dsv'
[1.933s] INFO:colcon.colcon_core.shell:Creating environment hook '/home/erum/solarbot_ws/install/solarbot_description/share/solarbot_description/hook/cmake_prefix_path.sh'
[1.935s] Level 1:colcon.colcon_core.environment:checking '/home/erum/solarbot_ws/install/solarbot_description/bin'
[1.935s] Level 1:colcon.colcon_core.environment:checking '/home/erum/solarbot_ws/install/solarbot_description/lib/pkgconfig/solarbot_description.pc'
[1.936s] Level 1:colcon.colcon_core.environment:checking '/home/erum/solarbot_ws/install/solarbot_description/lib/python3.12/site-packages'
[1.936s] Level 1:colcon.colcon_core.environment:checking '/home/erum/solarbot_ws/install/solarbot_description/bin'
[1.937s] INFO:colcon.colcon_core.shell:Creating package script '/home/erum/solarbot_ws/install/solarbot_description/share/solarbot_description/package.ps1'
[1.938s] INFO:colcon.colcon_core.shell:Creating package descriptor '/home/erum/solarbot_ws/install/solarbot_description/share/solarbot_description/package.dsv'
[1.940s] INFO:colcon.colcon_core.shell:Creating package script '/home/erum/solarbot_ws/install/solarbot_description/share/solarbot_description/package.sh'
[1.941s] INFO:colcon.colcon_core.shell:Creating package script '/home/erum/solarbot_ws/install/solarbot_description/share/solarbot_description/package.bash'
[1.943s] INFO:colcon.colcon_core.shell:Creating package script '/home/erum/solarbot_ws/install/solarbot_description/share/solarbot_description/package.zsh'
[1.944s] Level 1:colcon.colcon_core.environment:create_file_with_runtime_dependencies(/home/erum/solarbot_ws/install/solarbot_description/share/colcon-core/packages/solarbot_description)
[1.945s] INFO:colcon.colcon_ros.task.ament_cmake.build:Building ROS package in '/home/erum/solarbot_ws/src/solarbot_navigation' with build type 'ament_cmake'
[1.946s] INFO:colcon.colcon_cmake.task.cmake.build:Building CMake package in '/home/erum/solarbot_ws/src/solarbot_navigation'
[1.947s] INFO:colcon.colcon_core.shell:Skip shell extension 'powershell' for command environment: Not usable outside of PowerShell
[1.947s] DEBUG:colcon.colcon_core.shell:Skip shell extension 'dsv' for command environment
[1.969s] DEBUG:colcon.colcon_core.event_handler.log_command:Invoking command in '/home/erum/solarbot_ws/build/solarbot_navigation': CMAKE_PREFIX_PATH=${CMAKE_PREFIX_PATH}:/opt/ros/jazzy DEBUGINFOD_URLS=https://debuginfod.ubuntu.com /usr/bin/cmake --build /home/erum/solarbot_ws/build/solarbot_navigation -- -j2 -l2
[1.997s] DEBUG:colcon.colcon_core.event_handler.log_command:Invoked command in '/home/erum/solarbot_ws/build/solarbot_msgs' returned '0': CMAKE_PREFIX_PATH=${CMAKE_PREFIX_PATH}:/opt/ros/jazzy DEBUGINFOD_URLS=https://debuginfod.ubuntu.com /usr/bin/cmake --build /home/erum/solarbot_ws/build/solarbot_msgs -- -j2 -l2
[1.998s] DEBUG:colcon.colcon_core.event_handler.log_command:Invoking command in '/home/erum/solarbot_ws/build/solarbot_msgs': CMAKE_PREFIX_PATH=${CMAKE_PREFIX_PATH}:/opt/ros/jazzy DEBUGINFOD_URLS=https://debuginfod.ubuntu.com /usr/bin/cmake --install /home/erum/solarbot_ws/build/solarbot_msgs
[2.046s] DEBUG:colcon.colcon_core.event_handler.log_command:Invoked command in '/home/erum/solarbot_ws/build/solarbot_navigation' returned '0': CMAKE_PREFIX_PATH=${CMAKE_PREFIX_PATH}:/opt/ros/jazzy DEBUGINFOD_URLS=https://debuginfod.ubuntu.com /usr/bin/cmake --build /home/erum/solarbot_ws/build/solarbot_navigation -- -j2 -l2
[2.047s] DEBUG:colcon.colcon_core.event_handler.log_command:Invoking command in '/home/erum/solarbot_ws/build/solarbot_navigation': CMAKE_PREFIX_PATH=${CMAKE_PREFIX_PATH}:/opt/ros/jazzy DEBUGINFOD_URLS=https://debuginfod.ubuntu.com /usr/bin/cmake --install /home/erum/solarbot_ws/build/solarbot_navigation
[2.060s] Level 1:colcon.colcon_core.environment:create_environment_scripts_only(solarbot_msgs)
[2.060s] Level 1:colcon.colcon_core.environment:checking '/home/erum/solarbot_ws/install/solarbot_msgs' for CMake module files
[2.061s] Level 1:colcon.colcon_core.environment:checking '/home/erum/solarbot_ws/install/solarbot_msgs' for CMake config files
[2.062s] DEBUG:colcon.colcon_core.event_handler.log_command:Invoked command in '/home/erum/solarbot_ws/build/solarbot_msgs' returned '0': CMAKE_PREFIX_PATH=${CMAKE_PREFIX_PATH}:/opt/ros/jazzy DEBUGINFOD_URLS=https://debuginfod.ubuntu.com /usr/bin/cmake --install /home/erum/solarbot_ws/build/solarbot_msgs
[2.062s] Level 1:colcon.colcon_core.shell:create_environment_hook('solarbot_msgs', 'cmake_prefix_path')
[2.062s] INFO:colcon.colcon_core.shell:Creating environment hook '/home/erum/solarbot_ws/install/solarbot_msgs/share/solarbot_msgs/hook/cmake_prefix_path.ps1'
[2.063s] INFO:colcon.colcon_core.shell:Creating environment descriptor '/home/erum/solarbot_ws/install/solarbot_msgs/share/solarbot_msgs/hook/cmake_prefix_path.dsv'
[2.064s] INFO:colcon.colcon_core.shell:Creating environment hook '/home/erum/solarbot_ws/install/solarbot_msgs/share/solarbot_msgs/hook/cmake_prefix_path.sh'
[2.065s] Level 1:colcon.colcon_core.environment:checking '/home/erum/solarbot_ws/install/solarbot_msgs/bin'
[2.065s] Level 1:colcon.colcon_core.environment:checking '/home/erum/solarbot_ws/install/solarbot_msgs/lib/pkgconfig/solarbot_msgs.pc'
[2.065s] Level 1:colcon.colcon_core.environment:checking '/home/erum/solarbot_ws/install/solarbot_msgs/lib/python3.12/site-packages'
[2.065s] Level 1:colcon.colcon_core.environment:checking '/home/erum/solarbot_ws/install/solarbot_msgs/bin'
[2.066s] INFO:colcon.colcon_core.shell:Creating package script '/home/erum/solarbot_ws/install/solarbot_msgs/share/solarbot_msgs/package.ps1'
[2.066s] INFO:colcon.colcon_core.shell:Creating package descriptor '/home/erum/solarbot_ws/install/solarbot_msgs/share/solarbot_msgs/package.dsv'
[2.067s] INFO:colcon.colcon_core.shell:Creating package script '/home/erum/solarbot_ws/install/solarbot_msgs/share/solarbot_msgs/package.sh'
[2.067s] INFO:colcon.colcon_core.shell:Creating package script '/home/erum/solarbot_ws/install/solarbot_msgs/share/solarbot_msgs/package.bash'
[2.068s] INFO:colcon.colcon_core.shell:Creating package script '/home/erum/solarbot_ws/install/solarbot_msgs/share/solarbot_msgs/package.zsh'
[2.069s] Level 1:colcon.colcon_core.environment:create_file_with_runtime_dependencies(/home/erum/solarbot_ws/install/solarbot_msgs/share/colcon-core/packages/solarbot_msgs)
[2.069s] Level 1:colcon.colcon_core.environment:create_environment_scripts_only(solarbot_msgs)
[2.069s] Level 1:colcon.colcon_core.environment:checking '/home/erum/solarbot_ws/install/solarbot_msgs' for CMake module files
[2.070s] Level 1:colcon.colcon_core.environment:checking '/home/erum/solarbot_ws/install/solarbot_msgs' for CMake config files
[2.070s] Level 1:colcon.colcon_core.shell:create_environment_hook('solarbot_msgs', 'cmake_prefix_path')
[2.070s] INFO:colcon.colcon_core.shell:Creating environment hook '/home/erum/solarbot_ws/install/solarbot_msgs/share/solarbot_msgs/hook/cmake_prefix_path.ps1'
[2.071s] INFO:colcon.colcon_core.shell:Creating environment descriptor '/home/erum/solarbot_ws/install/solarbot_msgs/share/solarbot_msgs/hook/cmake_prefix_path.dsv'
[2.072s] INFO:colcon.colcon_core.shell:Creating environment hook '/home/erum/solarbot_ws/install/solarbot_msgs/share/solarbot_msgs/hook/cmake_prefix_path.sh'
[2.073s] Level 1:colcon.colcon_core.environment:checking '/home/erum/solarbot_ws/install/solarbot_msgs/bin'
[2.073s] Level 1:colcon.colcon_core.environment:checking '/home/erum/solarbot_ws/install/solarbot_msgs/lib/pkgconfig/solarbot_msgs.pc'
[2.073s] Level 1:colcon.colcon_core.environment:checking '/home/erum/solarbot_ws/install/solarbot_msgs/lib/python3.12/site-packages'
[2.074s] Level 1:colcon.colcon_core.environment:checking '/home/erum/solarbot_ws/install/solarbot_msgs/bin'
[2.074s] INFO:colcon.colcon_core.shell:Creating package script '/home/erum/solarbot_ws/install/solarbot_msgs/share/solarbot_msgs/package.ps1'
[2.075s] INFO:colcon.colcon_core.shell:Creating package descriptor '/home/erum/solarbot_ws/install/solarbot_msgs/share/solarbot_msgs/package.dsv'
[2.076s] INFO:colcon.colcon_core.shell:Creating package script '/home/erum/solarbot_ws/install/solarbot_msgs/share/solarbot_msgs/package.sh'
[2.077s] INFO:colcon.colcon_core.shell:Creating package script '/home/erum/solarbot_ws/install/solarbot_msgs/share/solarbot_msgs/package.bash'
[2.078s] INFO:colcon.colcon_core.shell:Creating package script '/home/erum/solarbot_ws/install/solarbot_msgs/share/solarbot_msgs/package.zsh'
[2.079s] Level 1:colcon.colcon_core.environment:create_file_with_runtime_dependencies(/home/erum/solarbot_ws/install/solarbot_msgs/share/colcon-core/packages/solarbot_msgs)
[2.120s] Level 1:colcon.colcon_core.environment:create_environment_scripts_only(solarbot_navigation)
[2.121s] Level 1:colcon.colcon_core.environment:checking '/home/erum/solarbot_ws/install/solarbot_navigation' for CMake module files
[2.121s] DEBUG:colcon.colcon_core.event_handler.log_command:Invoked command in '/home/erum/solarbot_ws/build/solarbot_navigation' returned '0': CMAKE_PREFIX_PATH=${CMAKE_PREFIX_PATH}:/opt/ros/jazzy DEBUGINFOD_URLS=https://debuginfod.ubuntu.com /usr/bin/cmake --install /home/erum/solarbot_ws/build/solarbot_navigation
[2.124s] Level 1:colcon.colcon_core.environment:checking '/home/erum/solarbot_ws/install/solarbot_navigation' for CMake config files
[2.125s] Level 1:colcon.colcon_core.shell:create_environment_hook('solarbot_navigation', 'cmake_prefix_path')
[2.126s] INFO:colcon.colcon_core.shell:Creating environment hook '/home/erum/solarbot_ws/install/solarbot_navigation/share/solarbot_navigation/hook/cmake_prefix_path.ps1'
[2.127s] INFO:colcon.colcon_core.shell:Creating environment descriptor '/home/erum/solarbot_ws/install/solarbot_navigation/share/solarbot_navigation/hook/cmake_prefix_path.dsv'
[2.127s] INFO:colcon.colcon_core.shell:Creating environment hook '/home/erum/solarbot_ws/install/solarbot_navigation/share/solarbot_navigation/hook/cmake_prefix_path.sh'
[2.129s] Level 1:colcon.colcon_core.environment:checking '/home/erum/solarbot_ws/install/solarbot_navigation/bin'
[2.129s] Level 1:colcon.colcon_core.environment:checking '/home/erum/solarbot_ws/install/solarbot_navigation/lib/pkgconfig/solarbot_navigation.pc'
[2.129s] Level 1:colcon.colcon_core.environment:checking '/home/erum/solarbot_ws/install/solarbot_navigation/lib/python3.12/site-packages'
[2.129s] Level 1:colcon.colcon_core.environment:checking '/home/erum/solarbot_ws/install/solarbot_navigation/bin'
[2.130s] INFO:colcon.colcon_core.shell:Creating package script '/home/erum/solarbot_ws/install/solarbot_navigation/share/solarbot_navigation/package.ps1'
[2.130s] INFO:colcon.colcon_core.shell:Creating package descriptor '/home/erum/solarbot_ws/install/solarbot_navigation/share/solarbot_navigation/package.dsv'
[2.131s] INFO:colcon.colcon_core.shell:Creating package script '/home/erum/solarbot_ws/install/solarbot_navigation/share/solarbot_navigation/package.sh'
[2.131s] INFO:colcon.colcon_core.shell:Creating package script '/home/erum/solarbot_ws/install/solarbot_navigation/share/solarbot_navigation/package.bash'
[2.132s] INFO:colcon.colcon_core.shell:Creating package script '/home/erum/solarbot_ws/install/solarbot_navigation/share/solarbot_navigation/package.zsh'
[2.133s] Level 1:colcon.colcon_core.environment:create_file_with_runtime_dependencies(/home/erum/solarbot_ws/install/solarbot_navigation/share/colcon-core/packages/solarbot_navigation)
[2.134s] Level 1:colcon.colcon_core.environment:create_environment_scripts_only(solarbot_navigation)
[2.134s] Level 1:colcon.colcon_core.environment:checking '/home/erum/solarbot_ws/install/solarbot_navigation' for CMake module files
[2.136s] Level 1:colcon.colcon_core.environment:checking '/home/erum/solarbot_ws/install/solarbot_navigation' for CMake config files
[2.137s] Level 1:colcon.colcon_core.shell:create_environment_hook('solarbot_navigation', 'cmake_prefix_path')
[2.137s] INFO:colcon.colcon_core.shell:Creating environment hook '/home/erum/solarbot_ws/install/solarbot_navigation/share/solarbot_navigation/hook/cmake_prefix_path.ps1'
[2.138s] INFO:colcon.colcon_core.shell:Creating environment descriptor '/home/erum/solarbot_ws/install/solarbot_navigation/share/solarbot_navigation/hook/cmake_prefix_path.dsv'
[2.139s] INFO:colcon.colcon_core.shell:Creating environment hook '/home/erum/solarbot_ws/install/solarbot_navigation/share/solarbot_navigation/hook/cmake_prefix_path.sh'
[2.140s] Level 1:colcon.colcon_core.environment:checking '/home/erum/solarbot_ws/install/solarbot_navigation/bin'
[2.140s] Level 1:colcon.colcon_core.environment:checking '/home/erum/solarbot_ws/install/solarbot_navigation/lib/pkgconfig/solarbot_navigation.pc'
[2.140s] Level 1:colcon.colcon_core.environment:checking '/home/erum/solarbot_ws/install/solarbot_navigation/lib/python3.12/site-packages'
[2.141s] Level 1:colcon.colcon_core.environment:checking '/home/erum/solarbot_ws/install/solarbot_navigation/bin'
[2.141s] INFO:colcon.colcon_core.shell:Creating package script '/home/erum/solarbot_ws/install/solarbot_navigation/share/solarbot_navigation/package.ps1'
[2.142s] INFO:colcon.colcon_core.shell:Creating package descriptor '/home/erum/solarbot_ws/install/solarbot_navigation/share/solarbot_navigation/package.dsv'
[2.143s] INFO:colcon.colcon_core.shell:Creating package script '/home/erum/solarbot_ws/install/solarbot_navigation/share/solarbot_navigation/package.sh'
[2.144s] INFO:colcon.colcon_core.shell:Creating package script '/home/erum/solarbot_ws/install/solarbot_navigation/share/solarbot_navigation/package.bash'
[2.144s] INFO:colcon.colcon_core.shell:Creating package script '/home/erum/solarbot_ws/install/solarbot_navigation/share/solarbot_navigation/package.zsh'
[2.145s] Level 1:colcon.colcon_core.environment:create_file_with_runtime_dependencies(/home/erum/solarbot_ws/install/solarbot_navigation/share/colcon-core/packages/solarbot_navigation)
[2.145s] DEBUG:colcon.colcon_parallel_executor.executor.parallel:closing loop
[2.146s] DEBUG:colcon.colcon_parallel_executor.executor.parallel:loop closed
[2.147s] DEBUG:colcon.colcon_parallel_executor.executor.parallel:run_until_complete finished with '0'
[2.147s] DEBUG:colcon.colcon_core.event_reactor:joining thread
[2.198s] INFO:colcon.colcon_core.plugin_system:Skipping extension 'colcon_notification.desktop_notification.terminal_notifier': Not used on non-Darwin systems
[2.199s] INFO:colcon.colcon_core.plugin_system:Skipping extension 'colcon_notification.desktop_notification.win32': Not used on non-Windows systems
[2.199s] INFO:colcon.colcon_notification.desktop_notification:Sending desktop notification using 'notify2'
[2.388s] DEBUG:colcon.colcon_core.event_reactor:joined thread
[2.388s] INFO:colcon.colcon_core.shell:Creating prefix script '/home/erum/solarbot_ws/install/local_setup.ps1'
[2.393s] INFO:colcon.colcon_core.shell:Creating prefix util module '/home/erum/solarbot_ws/install/_local_setup_util_ps1.py'
[2.397s] INFO:colcon.colcon_core.shell:Creating prefix chain script '/home/erum/solarbot_ws/install/setup.ps1'
[2.406s] INFO:colcon.colcon_core.shell:Creating prefix script '/home/erum/solarbot_ws/install/local_setup.sh'
[2.407s] INFO:colcon.colcon_core.shell:Creating prefix util module '/home/erum/solarbot_ws/install/_local_setup_util_sh.py'
[2.409s] INFO:colcon.colcon_core.shell:Creating prefix chain script '/home/erum/solarbot_ws/install/setup.sh'
[2.411s] INFO:colcon.colcon_core.shell:Creating prefix script '/home/erum/solarbot_ws/install/local_setup.bash'
[2.413s] INFO:colcon.colcon_core.shell:Creating prefix chain script '/home/erum/solarbot_ws/install/setup.bash'
[2.416s] INFO:colcon.colcon_core.shell:Creating prefix script '/home/erum/solarbot_ws/install/local_setup.zsh'
[2.417s] INFO:colcon.colcon_core.shell:Creating prefix chain script '/home/erum/solarbot_ws/install/setup.zsh'
