[0.158s] Invoking command in '/home/erum/solarbot_ws/build/solarbot_bringup': CMAKE_PREFIX_PATH=${CMAKE_PREFIX_PATH}:/opt/ros/jazzy DEBUGINFOD_URLS=https://debuginfod.ubuntu.com /usr/bin/cmake --build /home/erum/solarbot_ws/build/solarbot_bringup -- -j2 -l2
[1.664s] Invoked command in '/home/erum/solarbot_ws/build/solarbot_bringup' returned '0': CMAKE_PREFIX_PATH=${CMAKE_PREFIX_PATH}:/opt/ros/jazzy DEBUGINFOD_URLS=https://debuginfod.ubuntu.com /usr/bin/cmake --build /home/erum/solarbot_ws/build/solarbot_bringup -- -j2 -l2
[1.670s] Invoking command in '/home/erum/solarbot_ws/build/solarbot_bringup': CMAKE_PREFIX_PATH=${CMAKE_PREFIX_PATH}:/opt/ros/jazzy DEBUGINFOD_URLS=https://debuginfod.ubuntu.com /usr/bin/cmake --install /home/erum/solarbot_ws/build/solarbot_bringup
[1.726s] -- Install configuration: ""
[1.735s] -- Execute custom install script
[1.736s] -- Up-to-date symlink: /home/erum/solarbot_ws/install/solarbot_bringup/share/ament_index/resource_index/package_run_dependencies/solarbot_bringup
[1.740s] -- Up-to-date symlink: /home/erum/solarbot_ws/install/solarbot_bringup/share/ament_index/resource_index/parent_prefix_path/solarbot_bringup
[1.742s] -- Up-to-date symlink: /home/erum/solarbot_ws/install/solarbot_bringup/share/solarbot_bringup/environment/ament_prefix_path.sh
[1.743s] -- Up-to-date symlink: /home/erum/solarbot_ws/install/solarbot_bringup/share/solarbot_bringup/environment/ament_prefix_path.dsv
[1.746s] -- Up-to-date symlink: /home/erum/solarbot_ws/install/solarbot_bringup/share/solarbot_bringup/environment/path.sh
[1.749s] -- Up-to-date symlink: /home/erum/solarbot_ws/install/solarbot_bringup/share/solarbot_bringup/environment/path.dsv
[1.753s] -- Up-to-date symlink: /home/erum/solarbot_ws/install/solarbot_bringup/share/solarbot_bringup/local_setup.bash
[1.755s] -- Up-to-date symlink: /home/erum/solarbot_ws/install/solarbot_bringup/share/solarbot_bringup/local_setup.sh
[1.756s] -- Up-to-date symlink: /home/erum/solarbot_ws/install/solarbot_bringup/share/solarbot_bringup/local_setup.zsh
[1.759s] -- Up-to-date symlink: /home/erum/solarbot_ws/install/solarbot_bringup/share/solarbot_bringup/local_setup.dsv
[1.760s] -- Symlinking: /home/erum/solarbot_ws/install/solarbot_bringup/share/solarbot_bringup/package.dsv
[1.834s] -- Up-to-date symlink: /home/erum/solarbot_ws/install/solarbot_bringup/share/ament_index/resource_index/packages/solarbot_bringup
[1.837s] -- Up-to-date symlink: /home/erum/solarbot_ws/install/solarbot_bringup/share/solarbot_bringup/cmake/solarbot_bringupConfig.cmake
[1.839s] -- Up-to-date symlink: /home/erum/solarbot_ws/install/solarbot_bringup/share/solarbot_bringup/cmake/solarbot_bringupConfig-version.cmake
[1.842s] -- Up-to-date symlink: /home/erum/solarbot_ws/install/solarbot_bringup/share/solarbot_bringup/package.xml
[1.849s] Invoked command in '/home/erum/solarbot_ws/build/solarbot_bringup' returned '0': CMAKE_PREFIX_PATH=${CMAKE_PREFIX_PATH}:/opt/ros/jazzy DEBUGINFOD_URLS=https://debuginfod.ubuntu.com /usr/bin/cmake --install /home/erum/solarbot_ws/build/solarbot_bringup
