[0.229s] Invoking command in '/home/erum_ifti/solarbot_ws-1/src/build/solarbot_navigation': CMAKE_PREFIX_PATH=${CMAKE_PREFIX_PATH}:/home/erum_ifti/solarbot_ws-1/src/install/solarbot_safety:/home/erum_ifti/solarbot_ws-1/src/install/solarbot_localization:/home/erum_ifti/solarbot_ws-1/install/solarbot_safety:/home/erum_ifti/solarbot_ws-1/install/solarbot_mapping:/home/erum_ifti/solarbot_ws-1/install/solarbot_localization:/opt/ros/jazzy /usr/bin/cmake /home/erum_ifti/solarbot_ws-1/src/solarbot_navigation -DAMENT_CMAKE_SYMLINK_INSTALL=1 -DCMAKE_INSTALL_PREFIX=/home/erum_ifti/solarbot_ws-1/src/install/solarbot_navigation
[0.396s] -- The C compiler identification is GNU 13.3.0
[1.469s] -- The CXX compiler identification is GNU 13.3.0
[2.823s] -- Detecting C compiler ABI info
[3.187s] -- Detecting C compiler ABI info - done
[3.199s] -- Check for working C compiler: /usr/bin/cc - skipped
[3.200s] -- Detecting C compile features
[3.201s] -- Detecting C compile features - done
[3.350s] -- Detecting CXX compiler ABI info
[3.706s] -- Detecting CXX compiler ABI info - done
[3.714s] -- Check for working CXX compiler: /usr/bin/c++ - skipped
[3.714s] -- Detecting CXX compile features
[3.714s] -- Detecting CXX compile features - done
[3.745s] -- Found ament_cmake: 2.5.6 (/opt/ros/jazzy/share/ament_cmake/cmake)
[3.908s] -- Found Python3: /usr/bin/python3 (found version "3.12.3") found components: Interpreter 
[4.001s] -- Override CMake install command with custom implementation using symlinks instead of copying resources
[4.058s] -- Found ament_lint_auto: 0.17.5 (/opt/ros/jazzy/share/ament_lint_auto/cmake)
[4.193s] -- Added test 'lint_cmake' to check CMake code style
[4.195s] -- Added test 'xmllint' to check XML markup files
[4.199s] -- Configuring done (4.0s)
[4.207s] -- Generating done (0.0s)
[4.209s] -- Build files have been written to: /home/erum_ifti/solarbot_ws-1/src/build/solarbot_navigation
[4.218s] Invoked command in '/home/erum_ifti/solarbot_ws-1/src/build/solarbot_navigation' returned '0': CMAKE_PREFIX_PATH=${CMAKE_PREFIX_PATH}:/home/erum_ifti/solarbot_ws-1/src/install/solarbot_safety:/home/erum_ifti/solarbot_ws-1/src/install/solarbot_localization:/home/erum_ifti/solarbot_ws-1/install/solarbot_safety:/home/erum_ifti/solarbot_ws-1/install/solarbot_mapping:/home/erum_ifti/solarbot_ws-1/install/solarbot_localization:/opt/ros/jazzy /usr/bin/cmake /home/erum_ifti/solarbot_ws-1/src/solarbot_navigation -DAMENT_CMAKE_SYMLINK_INSTALL=1 -DCMAKE_INSTALL_PREFIX=/home/erum_ifti/solarbot_ws-1/src/install/solarbot_navigation
[4.220s] Invoking command in '/home/erum_ifti/solarbot_ws-1/src/build/solarbot_navigation': CMAKE_PREFIX_PATH=${CMAKE_PREFIX_PATH}:/home/erum_ifti/solarbot_ws-1/src/install/solarbot_safety:/home/erum_ifti/solarbot_ws-1/src/install/solarbot_localization:/home/erum_ifti/solarbot_ws-1/install/solarbot_safety:/home/erum_ifti/solarbot_ws-1/install/solarbot_mapping:/home/erum_ifti/solarbot_ws-1/install/solarbot_localization:/opt/ros/jazzy /usr/bin/cmake --build /home/erum_ifti/solarbot_ws-1/src/build/solarbot_navigation -- -j16 -l16
[4.276s] Invoked command in '/home/erum_ifti/solarbot_ws-1/src/build/solarbot_navigation' returned '0': CMAKE_PREFIX_PATH=${CMAKE_PREFIX_PATH}:/home/erum_ifti/solarbot_ws-1/src/install/solarbot_safety:/home/erum_ifti/solarbot_ws-1/src/install/solarbot_localization:/home/erum_ifti/solarbot_ws-1/install/solarbot_safety:/home/erum_ifti/solarbot_ws-1/install/solarbot_mapping:/home/erum_ifti/solarbot_ws-1/install/solarbot_localization:/opt/ros/jazzy /usr/bin/cmake --build /home/erum_ifti/solarbot_ws-1/src/build/solarbot_navigation -- -j16 -l16
[4.279s] Invoking command in '/home/erum_ifti/solarbot_ws-1/src/build/solarbot_navigation': CMAKE_PREFIX_PATH=${CMAKE_PREFIX_PATH}:/home/erum_ifti/solarbot_ws-1/src/install/solarbot_safety:/home/erum_ifti/solarbot_ws-1/src/install/solarbot_localization:/home/erum_ifti/solarbot_ws-1/install/solarbot_safety:/home/erum_ifti/solarbot_ws-1/install/solarbot_mapping:/home/erum_ifti/solarbot_ws-1/install/solarbot_localization:/opt/ros/jazzy /usr/bin/cmake --install /home/erum_ifti/solarbot_ws-1/src/build/solarbot_navigation
[4.288s] -- Install configuration: ""
[4.289s] -- Execute custom install script
[4.291s] -- Symlinking: /home/erum_ifti/solarbot_ws-1/src/install/solarbot_navigation/share/ament_index/resource_index/package_run_dependencies/solarbot_navigation
[4.304s] -- Symlinking: /home/erum_ifti/solarbot_ws-1/src/install/solarbot_navigation/share/ament_index/resource_index/parent_prefix_path/solarbot_navigation
[4.314s] -- Symlinking: /home/erum_ifti/solarbot_ws-1/src/install/solarbot_navigation/share/solarbot_navigation/environment/ament_prefix_path.sh
[4.325s] -- Symlinking: /home/erum_ifti/solarbot_ws-1/src/install/solarbot_navigation/share/solarbot_navigation/environment/ament_prefix_path.dsv
[4.335s] -- Symlinking: /home/erum_ifti/solarbot_ws-1/src/install/solarbot_navigation/share/solarbot_navigation/environment/path.sh
[4.344s] -- Symlinking: /home/erum_ifti/solarbot_ws-1/src/install/solarbot_navigation/share/solarbot_navigation/environment/path.dsv
[4.354s] -- Symlinking: /home/erum_ifti/solarbot_ws-1/src/install/solarbot_navigation/share/solarbot_navigation/local_setup.bash
[4.361s] -- Symlinking: /home/erum_ifti/solarbot_ws-1/src/install/solarbot_navigation/share/solarbot_navigation/local_setup.sh
[4.371s] -- Symlinking: /home/erum_ifti/solarbot_ws-1/src/install/solarbot_navigation/share/solarbot_navigation/local_setup.zsh
[4.380s] -- Symlinking: /home/erum_ifti/solarbot_ws-1/src/install/solarbot_navigation/share/solarbot_navigation/local_setup.dsv
[4.389s] -- Symlinking: /home/erum_ifti/solarbot_ws-1/src/install/solarbot_navigation/share/solarbot_navigation/package.dsv
[4.399s] -- Symlinking: /home/erum_ifti/solarbot_ws-1/src/install/solarbot_navigation/share/ament_index/resource_index/packages/solarbot_navigation
[4.408s] -- Symlinking: /home/erum_ifti/solarbot_ws-1/src/install/solarbot_navigation/share/solarbot_navigation/cmake/solarbot_navigationConfig.cmake
[4.418s] -- Symlinking: /home/erum_ifti/solarbot_ws-1/src/install/solarbot_navigation/share/solarbot_navigation/cmake/solarbot_navigationConfig-version.cmake
[4.426s] -- Symlinking: /home/erum_ifti/solarbot_ws-1/src/install/solarbot_navigation/share/solarbot_navigation/package.xml
[4.439s] Invoked command in '/home/erum_ifti/solarbot_ws-1/src/build/solarbot_navigation' returned '0': CMAKE_PREFIX_PATH=${CMAKE_PREFIX_PATH}:/home/erum_ifti/solarbot_ws-1/src/install/solarbot_safety:/home/erum_ifti/solarbot_ws-1/src/install/solarbot_localization:/home/erum_ifti/solarbot_ws-1/install/solarbot_safety:/home/erum_ifti/solarbot_ws-1/install/solarbot_mapping:/home/erum_ifti/solarbot_ws-1/install/solarbot_localization:/opt/ros/jazzy /usr/bin/cmake --install /home/erum_ifti/solarbot_ws-1/src/build/solarbot_navigation
