[0.051s] Invoking command in '/home/erum/solarbot_ws/build/solarbot_description': CMAKE_PREFIX_PATH=${CMAKE_PREFIX_PATH}:/opt/ros/jazzy DEBUGINFOD_URLS=https://debuginfod.ubuntu.com /usr/bin/cmake --build /home/erum/solarbot_ws/build/solarbot_description -- -j2 -l2
[0.147s] Invoked command in '/home/erum/solarbot_ws/build/solarbot_description' returned '0': CMAKE_PREFIX_PATH=${CMAKE_PREFIX_PATH}:/opt/ros/jazzy DEBUGINFOD_URLS=https://debuginfod.ubuntu.com /usr/bin/cmake --build /home/erum/solarbot_ws/build/solarbot_description -- -j2 -l2
[0.153s] Invoking command in '/home/erum/solarbot_ws/build/solarbot_description': CMAKE_PREFIX_PATH=${CMAKE_PREFIX_PATH}:/opt/ros/jazzy DEBUGINFOD_URLS=https://debuginfod.ubuntu.com /usr/bin/cmake --install /home/erum/solarbot_ws/build/solarbot_description
[0.188s] -- Install configuration: ""
[0.192s] -- Execute custom install script
[0.201s] -- Up-to-date symlink: /home/erum/solarbot_ws/install/solarbot_description/share/solarbot_description/launch/display.launch.py
[0.207s] -- Up-to-date symlink: /home/erum/solarbot_ws/install/solarbot_description/share/solarbot_description/rviz/display.rviz
[0.226s] -- Up-to-date symlink: /home/erum/solarbot_ws/install/solarbot_description/share/solarbot_description/urdf/base/chassis.xacro
[0.226s] -- Up-to-date symlink: /home/erum/solarbot_ws/install/solarbot_description/share/solarbot_description/urdf/base/tracks.xacro
[0.227s] -- Up-to-date symlink: /home/erum/solarbot_ws/install/solarbot_description/share/solarbot_description/urdf/common/materials.xacro
[0.231s] -- Up-to-date symlink: /home/erum/solarbot_ws/install/solarbot_description/share/solarbot_description/urdf/common/properties.xacro
[0.236s] -- Up-to-date symlink: /home/erum/solarbot_ws/install/solarbot_description/share/solarbot_description/urdf/control/ros2_control.xacro
[0.238s] -- Up-to-date symlink: /home/erum/solarbot_ws/install/solarbot_description/share/solarbot_description/urdf/electronics/electronics.xacro
[0.239s] -- Up-to-date symlink: /home/erum/solarbot_ws/install/solarbot_description/share/solarbot_description/urdf/sensors/sensors.xacro
[0.240s] -- Up-to-date symlink: /home/erum/solarbot_ws/install/solarbot_description/share/solarbot_description/urdf/solarbot.urdf.xacro
[0.244s] -- Up-to-date symlink: /home/erum/solarbot_ws/install/solarbot_description/share/ament_index/resource_index/package_run_dependencies/solarbot_description
[0.244s] -- Up-to-date symlink: /home/erum/solarbot_ws/install/solarbot_description/share/ament_index/resource_index/parent_prefix_path/solarbot_description
[0.245s] -- Up-to-date symlink: /home/erum/solarbot_ws/install/solarbot_description/share/solarbot_description/environment/ament_prefix_path.sh
[0.245s] -- Up-to-date symlink: /home/erum/solarbot_ws/install/solarbot_description/share/solarbot_description/environment/ament_prefix_path.dsv
[0.249s] -- Up-to-date symlink: /home/erum/solarbot_ws/install/solarbot_description/share/solarbot_description/environment/path.sh
[0.249s] -- Up-to-date symlink: /home/erum/solarbot_ws/install/solarbot_description/share/solarbot_description/environment/path.dsv
[0.250s] -- Up-to-date symlink: /home/erum/solarbot_ws/install/solarbot_description/share/solarbot_description/local_setup.bash
[0.254s] -- Up-to-date symlink: /home/erum/solarbot_ws/install/solarbot_description/share/solarbot_description/local_setup.sh
[0.255s] -- Up-to-date symlink: /home/erum/solarbot_ws/install/solarbot_description/share/solarbot_description/local_setup.zsh
[0.255s] -- Up-to-date symlink: /home/erum/solarbot_ws/install/solarbot_description/share/solarbot_description/local_setup.dsv
[0.257s] -- Symlinking: /home/erum/solarbot_ws/install/solarbot_description/share/solarbot_description/package.dsv
[0.290s] -- Up-to-date symlink: /home/erum/solarbot_ws/install/solarbot_description/share/ament_index/resource_index/packages/solarbot_description
[0.290s] -- Up-to-date symlink: /home/erum/solarbot_ws/install/solarbot_description/share/solarbot_description/cmake/solarbot_descriptionConfig.cmake
[0.294s] -- Up-to-date symlink: /home/erum/solarbot_ws/install/solarbot_description/share/solarbot_description/cmake/solarbot_descriptionConfig-version.cmake
[0.294s] -- Up-to-date symlink: /home/erum/solarbot_ws/install/solarbot_description/share/solarbot_description/package.xml
[0.300s] Invoked command in '/home/erum/solarbot_ws/build/solarbot_description' returned '0': CMAKE_PREFIX_PATH=${CMAKE_PREFIX_PATH}:/opt/ros/jazzy DEBUGINFOD_URLS=https://debuginfod.ubuntu.com /usr/bin/cmake --install /home/erum/solarbot_ws/build/solarbot_description
